[0.004s][info][gc] Using G1
[0.566s][info][gc] GC(0) Pause Young (Normal) (G1 Evacuation Pause) 17M->2M(24M) 2.649ms
[1.127s][info][gc] GC(1) Pause Young (Normal) (G1 Evacuation Pause) 16M->3M(24M) 2.672ms
[1.776s][info][gc] GC(2) Pause Young (Normal) (G1 Evacuation Pause) 17M->3M(24M) 1.390ms
[2.509s][info][gc] GC(3) Pause Young (Normal) (G1 Evacuation Pause) 18M->2M(24M) 1.191ms
[3.042s][info][gc] GC(4) Pause Young (Normal) (G1 Evacuation Pause) 17M->2M(24M) 1.069ms
[3.746s][info][gc] GC(5) Pause Young (Normal) (G1 Evacuation Pause) 17M->2M(24M) 1.586ms
[4.452s][info][gc] GC(6) Pause Young (Normal) (G1 Evacuation Pause) 17M->2M(24M) 1.275ms
[5.130s][info][gc] GC(7) Pause Young (Normal) (G1 Evacuation Pause) 17M->2M(24M) 1.127ms
[5.816s][info][gc] GC(8) Pause Young (Normal) (G1 Evacuation Pause) 17M->2M(24M) 1.640ms
[6.457s][info][gc] GC(9) Pause Young (Normal) (G1 Evacuation Pause) 17M->2M(24M) 1.189ms
[7.142s][info][gc] GC(10) Pause Young (Normal) (G1 Evacuation Pause) 17M->2M(24M) 1.374ms
[7.851s][info][gc] GC(11) Pause Young (Normal) (G1 Evacuation Pause) 17M->2M(24M) 1.214ms
[8.434s][info][gc] GC(12) Pause Young (Normal) (G1 Evacuation Pause) 17M->2M(24M) 0.966ms
[8.981s][info][gc] GC(13) Pause Young (Normal) (G1 Evacuation Pause) 17M->2M(24M) 1.133ms
[9.510s][info][gc] GC(14) Pause Young (Normal) (G1 Evacuation Pause) 17M->2M(24M) 0.732ms
[10.032s][info][gc] GC(15) Pause Young (Normal) (G1 Evacuation Pause) 17M->2M(24M) 0.474ms
[10.551s][info][gc] GC(16) Pause Young (Normal) (G1 Evacuation Pause) 17M->2M(24M) 0.448ms
[11.244s][info][gc] GC(17) Pause Young (Normal) (G1 Evacuation Pause) 17M->2M(24M) 0.802ms
[11.965s][info][gc] GC(18) Pause Young (Normal) (G1 Evacuation Pause) 17M->2M(24M) 0.541ms
[12.634s][info][gc] GC(19) Pause Young (Normal) (G1 Evacuation Pause) 17M->2M(24M) 1.300ms
[13.327s][info][gc] GC(20) Pause Young (Normal) (G1 Evacuation Pause) 17M->2M(24M) 1.871ms
[13.873s][info][gc] GC(21) Pause Young (Normal) (G1 Evacuation Pause) 17M->2M(24M) 1.109ms
[14.421s][info][gc] GC(22) Pause Young (Normal) (G1 Evacuation Pause) 17M->3M(24M) 0.641ms
[15.040s][info][gc] GC(23) Pause Young (Normal) (G1 Evacuation Pause) 18M->3M(24M) 0.526ms
[15.661s][info][gc] GC(24) Pause Young (Normal) (G1 Evacuation Pause) 18M->2M(24M) 0.561ms
[16.319s][info][gc] GC(25) Pause Young (Normal) (G1 Evacuation Pause) 17M->2M(24M) 0.637ms
[16.981s][info][gc] GC(26) Pause Young (Normal) (G1 Evacuation Pause) 17M->2M(24M) 0.610ms
[17.546s][info][gc] GC(27) Pause Young (Normal) (G1 Evacuation Pause) 17M->2M(24M) 0.559ms
[18.106s][info][gc] GC(28) Pause Young (Normal) (G1 Evacuation Pause) 17M->2M(24M) 0.413ms
[18.631s][info][gc] GC(29) Pause Young (Normal) (G1 Evacuation Pause) 17M->2M(24M) 0.379ms
[19.161s][info][gc] GC(30) Pause Young (Normal) (G1 Evacuation Pause) 17M->2M(24M) 0.459ms
[19.867s][info][gc] GC(31) Pause Young (Normal) (G1 Evacuation Pause) 17M->2M(24M) 0.570ms
[20.550s][info][gc] GC(32) Pause Young (Normal) (G1 Evacuation Pause) 17M->2M(24M) 0.538ms
[21.322s][info][gc] GC(33) Pause Young (Normal) (G1 Evacuation Pause) 17M->2M(24M) 0.643ms
[21.973s][info][gc] GC(34) Pause Young (Normal) (G1 Evacuation Pause) 17M->2M(24M) 0.663ms
[22.563s][info][gc] GC(35) Pause Young (Normal) (G1 Evacuation Pause) 17M->2M(24M) 1.316ms
[23.109s][info][gc] GC(36) Pause Young (Normal) (G1 Evacuation Pause) 17M->2M(24M) 1.355ms
[23.659s][info][gc] GC(37) Pause Young (Normal) (G1 Evacuation Pause) 17M->2M(24M) 1.252ms
[24.195s][info][gc] GC(38) Pause Young (Normal) (G1 Evacuation Pause) 17M->2M(24M) 1.320ms
[24.761s][info][gc] GC(39) Pause Young (Normal) (G1 Evacuation Pause) 17M->2M(24M) 1.092ms
[25.349s][info][gc] GC(40) Pause Young (Normal) (G1 Evacuation Pause) 17M->2M(24M) 1.533ms
[25.898s][info][gc] GC(41) Pause Young (Normal) (G1 Evacuation Pause) 17M->2M(24M) 1.319ms
[26.438s][info][gc] GC(42) Pause Young (Normal) (G1 Evacuation Pause) 17M->2M(24M) 1.403ms
[26.981s][info][gc] GC(43) Pause Young (Normal) (G1 Evacuation Pause) 17M->2M(24M) 1.202ms
[27.592s][info][gc] GC(44) Pause Young (Normal) (G1 Evacuation Pause) 17M->2M(24M) 1.521ms
[28.152s][info][gc] GC(45) Pause Young (Normal) (G1 Evacuation Pause) 17M->2M(24M) 1.409ms
[28.749s][info][gc] GC(46) Pause Young (Normal) (G1 Evacuation Pause) 17M->3M(24M) 1.385ms
[29.297s][info][gc] GC(47) Pause Young (Normal) (G1 Evacuation Pause) 18M->2M(24M) 1.263ms
[29.874s][info][gc] GC(48) Pause Young (Normal) (G1 Evacuation Pause) 17M->2M(24M) 1.278ms
