[0.004s][info][gc] Using G1
[1.172s][info][gc] GC(0) Pause Young (Normal) (G1 Evacuation Pause) 33M->6M(64M) 5.234ms
[2.659s][info][gc] GC(1) Pause Young (Normal) (G1 Evacuation Pause) 40M->12M(64M) 7.732ms
[4.033s][info][gc] GC(2) Pause Young (Normal) (G1 Evacuation Pause) 44M->9M(64M) 4.146ms
[5.862s][info][gc] GC(3) Pause Young (Normal) (G1 Evacuation Pause) 45M->15M(64M) 5.581ms
[7.347s][info][gc] GC(4) Pause Young (Normal) (G1 Evacuation Pause) 45M->19M(64M) 4.722ms
[8.407s][info][gc] GC(5) Pause Young (Normal) (G1 Evacuation Pause) 46M->19M(64M) 3.024ms
[9.391s][info][gc] GC(6) Pause Young (Normal) (G1 Evacuation Pause) 47M->19M(64M) 2.506ms
[10.704s][info][gc] GC(7) Pause Young (Normal) (G1 Evacuation Pause) 48M->19M(64M) 2.738ms
[12.243s][info][gc] GC(8) Pause Young (Normal) (G1 Evacuation Pause) 50M->20M(64M) 3.553ms
[13.603s][info][gc] GC(9) Pause Young (Normal) (G1 Evacuation Pause) 51M->21M(64M) 4.004ms
[15.067s][info][gc] GC(10) Pause Young (Normal) (G1 Evacuation Pause) 51M->21M(64M) 4.115ms
[16.481s][info][gc] GC(11) Pause Young (Normal) (G1 Evacuation Pause) 51M->21M(64M) 3.602ms
[17.776s][info][gc] GC(12) Pause Young (Normal) (G1 Evacuation Pause) 51M->22M(64M) 3.488ms
[19.330s][info][gc] GC(13) Pause Young (Normal) (G1 Evacuation Pause) 51M->22M(64M) 2.964ms
[20.616s][info][gc] GC(14) Pause Young (Normal) (G1 Evacuation Pause) 51M->21M(64M) 3.265ms
[21.944s][info][gc] GC(15) Pause Young (Normal) (G1 Evacuation Pause) 52M->22M(64M) 2.969ms
[23.245s][info][gc] GC(16) Pause Young (Normal) (G1 Evacuation Pause) 52M->22M(64M) 3.195ms
[24.568s][info][gc] GC(17) Pause Young (Normal) (G1 Evacuation Pause) 52M->23M(64M) 4.383ms
[25.771s][info][gc] GC(18) Pause Young (Normal) (G1 Evacuation Pause) 51M->22M(64M) 2.662ms
[27.032s][info][gc] GC(19) Pause Young (Normal) (G1 Evacuation Pause) 52M->22M(64M) 3.300ms
[28.394s][info][gc] GC(20) Pause Young (Normal) (G1 Evacuation Pause) 52M->22M(64M) 3.324ms
[29.693s][info][gc] GC(21) Pause Young (Normal) (G1 Evacuation Pause) 52M->23M(64M) 2.813ms
