[0.004s][info][gc] Using G1
[0.532s][info][gc] GC(0) Pause Young (Normal) (G1 Evacuation Pause) (Evacuation Failure) 17M->12M(24M) 6.196ms
[0.888s][info][gc] GC(1) Pause Young (Concurrent Start) (G1 Evacuation Pause) (Evacuation Failure) 20M->19M(24M) 3.212ms
[0.888s][info][gc] GC(2) Concurrent Mark Cycle
[0.892s][info][gc] GC(2) Pause Remark 19M->10M(24M) 1.001ms
[0.893s][info][gc] GC(2) Pause Cleanup 10M->10M(24M) 0.117ms
[0.894s][info][gc] GC(2) Concurrent Mark Cycle 5.902ms
[0.929s][info][gc] GC(3) Pause Young (Prepare Mixed) (G1 Evacuation Pause) 11M->11M(24M) 1.460ms
[1.314s][info][gc] GC(4) Pause Young (Mixed) (G1 Evacuation Pause) (Evacuation Failure) 20M->21M(24M) 2.555ms
[1.320s][info][gc] GC(5) Pause Full (G1 Compaction Pause) 21M->9M(24M) 5.792ms
[1.913s][info][gc] GC(6) Pause Young (Concurrent Start) (G1 Evacuation Pause) (Evacuation Failure) 21M->20M(24M) 2.310ms
[1.913s][info][gc] GC(7) Concurrent Mark Cycle
[1.918s][info][gc] GC(7) Pause Remark 21M->15M(24M) 0.802ms
[1.920s][info][gc] GC(7) Pause Cleanup 15M->15M(24M) 0.150ms
[1.920s][info][gc] GC(7) Concurrent Mark Cycle 7.173ms
[1.979s][info][gc] GC(8) Pause Young (Prepare Mixed) (G1 Evacuation Pause) 15M->14M(24M) 1.172ms
[2.253s][info][gc] GC(9) Pause Young (Mixed) (G1 Evacuation Pause) (Evacuation Failure) 20M->21M(24M) 2.205ms
[2.261s][info][gc] GC(10) Pause Full (G1 Compaction Pause) 21M->8M(24M) 7.616ms
[2.770s][info][gc] GC(11) Pause Young (Normal) (G1 Evacuation Pause) (Evacuation Failure) 21M->19M(24M) 1.772ms
[2.813s][info][gc] GC(12) Pause Young (Concurrent Start) (G1 Evacuation Pause) 20M->18M(24M) 0.816ms
[2.813s][info][gc] GC(13) Concurrent Mark Cycle
[2.817s][info][gc] GC(13) Pause Remark 18M->4M(22M) 0.794ms
[2.818s][info][gc] GC(13) Pause Cleanup 4M->4M(22M) 0.034ms
[2.818s][info][gc] GC(13) Concurrent Mark Cycle 4.491ms
[2.851s][info][gc] GC(14) Pause Young (Prepare Mixed) (G1 Evacuation Pause) 5M->5M(22M) 0.918ms
[3.340s][info][gc] GC(15) Pause Young (Mixed) (G1 Evacuation Pause) 19M->7M(24M) 3.086ms
[3.839s][info][gc] GC(16) Pause Young (Normal) (G1 Evacuation Pause) (Evacuation Failure) 20M->15M(24M) 2.207ms
[4.040s][info][gc] GC(17) Pause Young (Concurrent Start) (G1 Evacuation Pause) 20M->16M(24M) 2.405ms
[4.040s][info][gc] GC(18) Concurrent Mark Cycle
[4.045s][info][gc] GC(18) Pause Remark 17M->7M(24M) 0.942ms
[4.046s][info][gc] GC(18) Pause Cleanup 7M->7M(24M) 0.060ms
[4.046s][info][gc] GC(18) Concurrent Mark Cycle 6.337ms
[4.239s][info][gc] GC(19) Pause Young (Prepare Mixed) (G1 Evacuation Pause) 11M->11M(24M) 5.065ms
[4.662s][info][gc] GC(20) Pause Young (Mixed) (G1 Evacuation Pause) (Evacuation Failure) 21M->19M(24M) 2.284ms
[4.720s][info][gc] GC(21) Pause Young (Concurrent Start) (G1 Evacuation Pause) 20M->20M(24M) 2.051ms
[4.720s][info][gc] GC(22) Concurrent Mark Cycle
[4.725s][info][gc] GC(22) Pause Remark 20M->15M(24M) 1.365ms
[4.727s][info][gc] GC(22) Pause Cleanup 15M->15M(24M) 0.179ms
[4.728s][info][gc] GC(22) Concurrent Mark Cycle 7.788ms
[4.770s][info][gc] GC(23) Pause Young (Prepare Mixed) (G1 Evacuation Pause) 15M->15M(24M) 2.004ms
[5.043s][info][gc] GC(24) Pause Young (Mixed) (G1 Evacuation Pause) (Evacuation Failure) 21M->20M(24M) 2.613ms
[5.087s][info][gc] GC(25) Pause Young (Mixed) (G1 Evacuation Pause) 21M->20M(24M) 1.649ms
[5.130s][info][gc] GC(26) Pause Young (Concurrent Start) (G1 Evacuation Pause) 21M->21M(24M) 1.119ms
[5.130s][info][gc] GC(27) Concurrent Mark Cycle
[5.133s][info][gc] GC(27) Pause Remark 22M->14M(24M) 0.590ms
[5.135s][info][gc] GC(27) Pause Cleanup 14M->14M(24M) 0.140ms
[5.135s][info][gc] GC(27) Concurrent Mark Cycle 5.078ms
[5.173s][info][gc] GC(28) Pause Young (Prepare Mixed) (G1 Evacuation Pause) 14M->14M(24M) 1.437ms
[5.471s][info][gc] GC(29) Pause Young (Mixed) (G1 Evacuation Pause) (Evacuation Failure) 21M->17M(24M) 2.341ms
[5.610s][info][gc] GC(30) Pause Young (Mixed) (G1 Evacuation Pause) (Evacuation Failure) 21M->21M(24M) 2.221ms
[5.674s][info][gc] GC(31) Pause Young (Concurrent Start) (G1 Evacuation Pause) 22M->21M(24M) 1.315ms
[5.675s][info][gc] GC(32) Concurrent Mark Cycle
[5.679s][info][gc] GC(32) Pause Remark 21M->6M(24M) 0.987ms
[5.680s][info][gc] GC(32) Pause Cleanup 6M->6M(24M) 0.210ms
[5.680s][info][gc] GC(32) Concurrent Mark Cycle 5.721ms
[5.715s][info][gc] GC(33) Pause Young (Prepare Mixed) (G1 Evacuation Pause) 7M->7M(24M) 1.759ms
[6.213s][info][gc] GC(34) Pause Young (Mixed) (G1 Evacuation Pause) (Evacuation Failure) 21M->9M(24M) 1.411ms
[6.645s][info][gc] GC(35) Pause Young (Concurrent Start) (G1 Evacuation Pause) (Evacuation Failure) 21M->16M(24M) 2.014ms
[6.645s][info][gc] GC(36) Concurrent Mark Cycle
[6.649s][info][gc] GC(36) Pause Remark 16M->13M(24M) 0.830ms
[6.650s][info][gc] GC(36) Pause Cleanup 13M->13M(24M) 0.042ms
[6.650s][info][gc] GC(36) Concurrent Mark Cycle 5.317ms
[6.880s][info][gc] GC(37) Pause Young (Prepare Mixed) (G1 Evacuation Pause) 18M->12M(24M) 1.520ms
[7.220s][info][gc] GC(38) Pause Young (Mixed) (G1 Evacuation Pause) 21M->10M(24M) 1.601ms
[7.637s][info][gc] GC(39) Pause Young (Concurrent Start) (G1 Evacuation Pause) 21M->11M(24M) 1.734ms
[7.637s][info][gc] GC(40) Concurrent Mark Cycle
[7.641s][info][gc] GC(40) Pause Remark 11M->5M(22M) 1.086ms
[7.642s][info][gc] GC(40) Pause Cleanup 5M->5M(22M) 0.116ms
[7.643s][info][gc] GC(40) Concurrent Mark Cycle 5.502ms
[7.997s][info][gc] GC(41) Pause Young (Prepare Mixed) (G1 Evacuation Pause) 14M->4M(22M) 1.619ms
[8.452s][info][gc] GC(42) Pause Young (Mixed) (G1 Evacuation Pause) 17M->7M(24M) 2.819ms
[8.937s][info][gc] GC(43) Pause Young (Concurrent Start) (G1 Evacuation Pause) (Evacuation Failure) 20M->15M(24M) 2.810ms
[8.937s][info][gc] GC(44) Concurrent Mark Cycle
[8.941s][info][gc] GC(44) Pause Remark 15M->14M(24M) 0.752ms
[8.943s][info][gc] GC(44) Pause Cleanup 14M->14M(24M) 0.126ms
[8.943s][info][gc] GC(44) Concurrent Mark Cycle 5.654ms
[9.181s][info][gc] GC(45) Pause Young (Prepare Mixed) (G1 Evacuation Pause) 20M->15M(24M) 1.692ms
[9.401s][info][gc] GC(46) Pause Young (Mixed) (G1 Evacuation Pause) (Evacuation Failure) 21M->21M(24M) 2.137ms
[9.446s][info][gc] GC(47) Pause Young (Mixed) (G1 Evacuation Pause) 22M->19M(24M) 0.912ms
[9.479s][info][gc] GC(48) Pause Young (Concurrent Start) (G1 Evacuation Pause) 20M->20M(24M) 1.133ms
[9.479s][info][gc] GC(49) Concurrent Mark Cycle
[9.482s][info][gc] GC(49) Pause Remark 20M->5M(22M) 0.968ms
[9.484s][info][gc] GC(49) Pause Cleanup 5M->5M(22M) 0.123ms
[9.484s][info][gc] GC(49) Concurrent Mark Cycle 5.056ms
[9.515s][info][gc] GC(50) Pause Young (Prepare Mixed) (G1 Evacuation Pause) 6M->6M(22M) 1.278ms
[9.965s][info][gc] GC(51) Pause Young (Mixed) (G1 Evacuation Pause) (Evacuation Failure) 19M->9M(24M) 3.651ms
[10.382s][info][gc] GC(52) Pause Young (Concurrent Start) (G1 Evacuation Pause) (Evacuation Failure) 20M->15M(24M) 2.388ms
[10.382s][info][gc] GC(53) Concurrent Mark Cycle
[10.386s][info][gc] GC(53) Pause Remark 15M->11M(24M) 1.110ms
[10.387s][info][gc] GC(53) Pause Cleanup 11M->11M(24M) 0.155ms
[10.387s][info][gc] GC(53) Concurrent Mark Cycle 4.852ms
[10.581s][info][gc] GC(54) Pause Young (Prepare Mixed) (G1 Evacuation Pause) 16M->10M(24M) 1.150ms
[10.989s][info][gc] GC(55) Pause Young (Mixed) (G1 Evacuation Pause) 21M->7M(24M) 1.351ms
[11.459s][info][gc] GC(56) Pause Young (Mixed) (G1 Evacuation Pause) (Evacuation Failure) 20M->12M(24M) 1.774ms
[11.773s][info][gc] GC(57) Pause Young (Concurrent Start) (G1 Evacuation Pause) 20M->12M(24M) 1.451ms
[11.773s][info][gc] GC(58) Concurrent Mark Cycle
[11.777s][info][gc] GC(58) Pause Remark 13M->6M(24M) 0.917ms
[11.778s][info][gc] GC(58) Pause Cleanup 6M->6M(24M) 0.155ms
[11.778s][info][gc] GC(58) Concurrent Mark Cycle 4.886ms
[12.070s][info][gc] GC(59) Pause Young (Prepare Mixed) (G1 Evacuation Pause) 12M->12M(24M) 3.392ms
[12.342s][info][gc] GC(60) Pause Young (Mixed) (G1 Evacuation Pause) (Evacuation Failure) 19M->19M(24M) 1.769ms
[12.347s][info][gc] GC(61) Pause Full (G1 Compaction Pause) 19M->8M(24M) 5.042ms
[12.802s][info][gc] GC(62) Pause Young (Concurrent Start) (G1 Evacuation Pause) (Evacuation Failure) 21M->19M(24M) 2.172ms
[12.802s][info][gc] GC(63) Concurrent Mark Cycle
[12.807s][info][gc] GC(63) Pause Remark 20M->14M(24M) 1.331ms
[12.808s][info][gc] GC(63) Pause Cleanup 14M->14M(24M) 0.155ms
[12.808s][info][gc] GC(63) Concurrent Mark Cycle 6.495ms
[12.851s][info][gc] GC(64) Pause Young (Prepare Mixed) (G1 Evacuation Pause) 14M->13M(24M) 1.080ms
[13.128s][info][gc] GC(65) Pause Young (Mixed) (G1 Evacuation Pause) (Evacuation Failure) 21M->22M(24M) 2.487ms
[13.133s][info][gc] GC(66) Pause Full (G1 Compaction Pause) 22M->10M(24M) 5.360ms
[13.519s][info][gc] GC(67) Pause Young (Concurrent Start) (G1 Evacuation Pause) (Evacuation Failure) 21M->21M(24M) 2.069ms
[13.519s][info][gc] GC(69) Concurrent Mark Cycle
[13.526s][info][gc] GC(68) Pause Full (G1 Compaction Pause) 21M->11M(24M) 6.111ms
[13.526s][info][gc] GC(69) Concurrent Mark Cycle 6.325ms
[13.916s][info][gc] GC(70) Pause Young (Normal) (G1 Evacuation Pause) (Evacuation Failure) 22M->22M(24M) 2.329ms
[13.921s][info][gc] GC(71) Pause Full (G1 Compaction Pause) 22M->11M(24M) 5.281ms
[14.296s][info][gc] GC(72) Pause Young (Concurrent Start) (G1 Evacuation Pause) (Evacuation Failure) 21M->22M(24M) 2.539ms
[14.296s][info][gc] GC(74) Concurrent Mark Cycle
[14.301s][info][gc] GC(73) Pause Full (G1 Compaction Pause) 22M->11M(24M) 5.708ms
[14.302s][info][gc] GC(74) Concurrent Mark Cycle 5.890ms
[14.659s][info][gc] GC(75) Pause Young (Normal) (G1 Evacuation Pause) (Evacuation Failure) 21M->22M(24M) 2.295ms
[14.664s][info][gc] GC(76) Pause Full (G1 Compaction Pause) 22M->11M(24M) 5.076ms
[15.069s][info][gc] GC(77) Pause Young (Concurrent Start) (G1 Evacuation Pause) 22M->11M(24M) 1.590ms
[15.069s][info][gc] GC(78) Concurrent Mark Cycle
[15.073s][info][gc] GC(78) Pause Remark 11M->3M(22M) 0.836ms
[15.074s][info][gc] GC(78) Pause Cleanup 3M->3M(22M) 0.119ms
[15.074s][info][gc] GC(78) Concurrent Mark Cycle 5.131ms
[15.400s][info][gc] GC(79) Pause Young (Prepare Mixed) (G1 Evacuation Pause) 12M->12M(24M) 3.680ms
[15.674s][info][gc] GC(80) Pause Young (Mixed) (G1 Evacuation Pause) (Evacuation Failure) 19M->20M(24M) 2.601ms
[15.680s][info][gc] GC(81) Pause Full (G1 Compaction Pause) 20M->8M(24M) 5.665ms
[16.145s][info][gc] GC(82) Pause Young (Concurrent Start) (G1 Evacuation Pause) (Evacuation Failure) 21M->19M(24M) 2.615ms
[16.145s][info][gc] GC(83) Concurrent Mark Cycle
[16.149s][info][gc] GC(83) Pause Remark 19M->14M(24M) 0.606ms
[16.150s][info][gc] GC(83) Pause Cleanup 14M->14M(24M) 0.133ms
[16.150s][info][gc] GC(83) Concurrent Mark Cycle 5.362ms
[16.198s][info][gc] GC(84) Pause Young (Prepare Mixed) (G1 Evacuation Pause) 14M->13M(24M) 0.788ms
[16.496s][info][gc] GC(85) Pause Young (Mixed) (G1 Evacuation Pause) (Evacuation Failure) 21M->22M(24M) 2.398ms
[16.501s][info][gc] GC(86) Pause Full (G1 Compaction Pause) 22M->9M(24M) 5.372ms
[16.985s][info][gc] GC(87) Pause Young (Concurrent Start) (G1 Evacuation Pause) (Evacuation Failure) 21M->20M(24M) 2.543ms
[16.986s][info][gc] GC(88) Concurrent Mark Cycle
[16.990s][info][gc] GC(88) Pause Remark 21M->15M(24M) 1.017ms
[16.991s][info][gc] GC(88) Pause Cleanup 15M->15M(24M) 0.101ms
[16.992s][info][gc] GC(88) Concurrent Mark Cycle 5.974ms
[17.035s][info][gc] GC(89) Pause Young (Prepare Mixed) (G1 Evacuation Pause) 15M->14M(24M) 0.791ms
[17.292s][info][gc] GC(90) Pause Young (Mixed) (G1 Evacuation Pause) (Evacuation Failure) 21M->22M(24M) 1.997ms
[17.297s][info][gc] GC(91) Pause Full (G1 Compaction Pause) 22M->9M(24M) 5.475ms
[17.732s][info][gc] GC(92) Pause Young (Concurrent Start) (G1 Evacuation Pause) (Evacuation Failure) 21M->20M(24M) 1.918ms
[17.732s][info][gc] GC(93) Concurrent Mark Cycle
[17.736s][info][gc] GC(93) Pause Remark 20M->15M(24M) 0.707ms
[17.737s][info][gc] GC(93) Pause Cleanup 15M->15M(24M) 0.124ms
[17.738s][info][gc] GC(93) Concurrent Mark Cycle 5.387ms
[17.771s][info][gc] GC(94) Pause Young (Prepare Mixed) (G1 Evacuation Pause) 16M->16M(24M) 1.222ms
[17.913s][info][gc] GC(95) Pause Young (Mixed) (G1 Evacuation Pause) (Evacuation Failure) 20M->18M(24M) 2.133ms
[18.074s][info][gc] GC(96) Pause Young (Mixed) (G1 Evacuation Pause) (Evacuation Failure) 22M->23M(24M) 2.175ms
[18.080s][info][gc] GC(97) Pause Full (G1 Compaction Pause) 23M->9M(24M) 5.262ms
[18.520s][info][gc] GC(98) Pause Young (Concurrent Start) (G1 Evacuation Pause) (Evacuation Failure) 21M->20M(24M) 2.429ms
[18.520s][info][gc] GC(99) Concurrent Mark Cycle
[18.524s][info][gc] GC(99) Pause Remark 21M->15M(24M) 0.753ms
[18.526s][info][gc] GC(99) Pause Cleanup 15M->15M(24M) 0.130ms
[18.526s][info][gc] GC(99) Concurrent Mark Cycle 5.975ms
[18.568s][info][gc] GC(100) Pause Young (Prepare Mixed) (G1 Evacuation Pause) 16M->14M(24M) 0.950ms
[18.812s][info][gc] GC(101) Pause Young (Mixed) (G1 Evacuation Pause) (Evacuation Failure) 21M->22M(24M) 2.194ms
[18.819s][info][gc] GC(102) Pause Full (G1 Compaction Pause) 22M->9M(24M) 6.511ms
[19.246s][info][gc] GC(103) Pause Young (Concurrent Start) (G1 Evacuation Pause) (Evacuation Failure) 21M->20M(24M) 2.555ms
[19.246s][info][gc] GC(104) Concurrent Mark Cycle
[19.250s][info][gc] GC(104) Pause Remark 20M->15M(24M) 0.741ms
[19.251s][info][gc] GC(104) Pause Cleanup 15M->15M(24M) 0.059ms
[19.252s][info][gc] GC(104) Concurrent Mark Cycle 5.466ms
[19.295s][info][gc] GC(105) Pause Young (Prepare Mixed) (G1 Evacuation Pause) 16M->14M(24M) 1.067ms
[19.510s][info][gc] GC(106) Pause Young (Mixed) (G1 Evacuation Pause) (Evacuation Failure) 20M->21M(24M) 2.549ms
[19.516s][info][gc] GC(107) Pause Full (G1 Compaction Pause) 21M->7M(24M) 5.619ms
[19.998s][info][gc] GC(108) Pause Young (Concurrent Start) (G1 Evacuation Pause) (Evacuation Failure) 21M->18M(24M) 2.231ms
[19.998s][info][gc] GC(109) Concurrent Mark Cycle
[20.001s][info][gc] GC(109) Pause Remark 19M->15M(24M) 0.585ms
[20.002s][info][gc] GC(109) Pause Cleanup 15M->15M(24M) 0.042ms
[20.003s][info][gc] GC(109) Concurrent Mark Cycle 4.788ms
[20.078s][info][gc] GC(110) Pause Young (Prepare Mixed) (G1 Evacuation Pause) 17M->16M(24M) 0.623ms
[20.290s][info][gc] GC(111) Pause Young (Mixed) (G1 Evacuation Pause) (Evacuation Failure) 21M->21M(24M) 2.158ms
[20.328s][info][gc] GC(112) Pause Young (Mixed) (G1 Evacuation Pause) (Evacuation Failure) 22M->23M(24M) 1.147ms
[20.333s][info][gc] GC(113) Pause Full (G1 Compaction Pause) 23M->9M(24M) 4.706ms
[20.896s][info][gc] GC(114) Pause Young (Concurrent Start) (G1 Evacuation Pause) (Evacuation Failure) 22M->21M(24M) 1.750ms
[20.896s][info][gc] GC(115) Concurrent Mark Cycle
[20.901s][info][gc] GC(115) Pause Remark 21M->17M(24M) 0.726ms
[20.902s][info][gc] GC(115) Pause Cleanup 17M->17M(24M) 0.048ms
[20.902s][info][gc] GC(115) Concurrent Mark Cycle 6.328ms
[20.951s][info][gc] GC(116) Pause Young (Prepare Mixed) (G1 Evacuation Pause) 17M->16M(24M) 0.599ms
[21.127s][info][gc] GC(117) Pause Young (Mixed) (G1 Evacuation Pause) (Evacuation Failure) 20M->18M(24M) 1.253ms
[21.228s][info][gc] GC(118) Pause Young (Mixed) (G1 Evacuation Pause) (Evacuation Failure) 21M->22M(24M) 0.834ms
[21.232s][info][gc] GC(119) Pause Full (G1 Compaction Pause) 22M->9M(24M) 3.832ms
[21.659s][info][gc] GC(120) Pause Young (Concurrent Start) (G1 Evacuation Pause) (Evacuation Failure) 21M->20M(24M) 1.445ms
[21.660s][info][gc] GC(121) Concurrent Mark Cycle
[21.663s][info][gc] GC(121) Pause Remark 21M->16M(24M) 0.544ms
[21.665s][info][gc] GC(121) Pause Cleanup 16M->16M(24M) 0.057ms
[21.665s][info][gc] GC(121) Concurrent Mark Cycle 5.400ms
[21.711s][info][gc] GC(122) Pause Young (Prepare Mixed) (G1 Evacuation Pause) 16M->15M(24M) 0.603ms
[21.959s][info][gc] GC(123) Pause Young (Mixed) (G1 Evacuation Pause) (Evacuation Failure) 21M->21M(24M) 1.496ms
[21.995s][info][gc] GC(124) Pause Young (Mixed) (G1 Evacuation Pause) (Evacuation Failure) 22M->23M(24M) 0.698ms
[22.000s][info][gc] GC(125) Pause Full (G1 Compaction Pause) 23M->9M(24M) 4.846ms
[22.472s][info][gc] GC(126) Pause Young (Concurrent Start) (G1 Evacuation Pause) (Evacuation Failure) 21M->20M(24M) 1.440ms
[22.472s][info][gc] GC(127) Concurrent Mark Cycle
[22.477s][info][gc] GC(127) Pause Remark 20M->15M(24M) 0.627ms
[22.478s][info][gc] GC(127) Pause Cleanup 15M->15M(24M) 0.034ms
[22.478s][info][gc] GC(127) Concurrent Mark Cycle 5.526ms
[22.512s][info][gc] GC(128) Pause Young (Prepare Mixed) (G1 Evacuation Pause) 16M->16M(24M) 0.697ms
[22.653s][info][gc] GC(129) Pause Young (Mixed) (G1 Evacuation Pause) (Evacuation Failure) 20M->18M(24M) 1.513ms
[22.812s][info][gc] GC(130) Pause Young (Mixed) (G1 Evacuation Pause) (Evacuation Failure) 22M->24M(24M) 1.171ms
[22.817s][info][gc] GC(131) Pause Full (G1 Compaction Pause) 24M->9M(24M) 4.701ms
[23.243s][info][gc] GC(132) Pause Young (Concurrent Start) (G1 Evacuation Pause) (Evacuation Failure) 21M->20M(24M) 1.969ms
[23.243s][info][gc] GC(133) Concurrent Mark Cycle
[23.247s][info][gc] GC(133) Pause Remark 20M->16M(24M) 0.961ms
[23.249s][info][gc] GC(133) Pause Cleanup 16M->16M(24M) 0.183ms
[23.249s][info][gc] GC(133) Concurrent Mark Cycle 5.834ms
[23.292s][info][gc] GC(134) Pause Young (Prepare Mixed) (G1 Evacuation Pause) 17M->16M(24M) 1.125ms
[23.466s][info][gc] GC(135) Pause Young (Mixed) (G1 Evacuation Pause) (Evacuation Failure) 21M->23M(24M) 2.368ms
[23.470s][info][gc] GC(136) Pause Full (G1 Compaction Pause) 23M->7M(24M) 4.733ms
[23.971s][info][gc] GC(137) Pause Young (Concurrent Start) (G1 Evacuation Pause) (Evacuation Failure) 21M->18M(24M) 2.071ms
[23.971s][info][gc] GC(138) Concurrent Mark Cycle
[23.975s][info][gc] GC(138) Pause Remark 18M->15M(24M) 0.903ms
[23.977s][info][gc] GC(138) Pause Cleanup 15M->15M(24M) 0.141ms
[23.977s][info][gc] GC(138) Concurrent Mark Cycle 5.735ms
[24.053s][info][gc] GC(139) Pause Young (Prepare Mixed) (G1 Evacuation Pause) 17M->15M(24M) 1.078ms
[24.245s][info][gc] GC(140) Pause Young (Mixed) (G1 Evacuation Pause) (Evacuation Failure) 20M->21M(24M) 1.965ms
[24.281s][info][gc] GC(141) Pause Young (Mixed) (G1 Evacuation Pause) (Evacuation Failure) 22M->23M(24M) 1.294ms
[24.287s][info][gc] GC(142) Pause Full (G1 Compaction Pause) 23M->8M(24M) 5.986ms
[24.759s][info][gc] GC(143) Pause Young (Concurrent Start) (G1 Evacuation Pause) (Evacuation Failure) 21M->19M(24M) 2.237ms
[24.759s][info][gc] GC(144) Concurrent Mark Cycle
[24.763s][info][gc] GC(144) Pause Remark 20M->16M(24M) 1.149ms
[24.765s][info][gc] GC(144) Pause Cleanup 16M->16M(24M) 0.197ms
[24.765s][info][gc] GC(144) Concurrent Mark Cycle 6.156ms
[24.807s][info][gc] GC(145) Pause Young (Prepare Mixed) (G1 Evacuation Pause) 17M->16M(24M) 1.235ms
[24.982s][info][gc] GC(146) Pause Young (Mixed) (G1 Evacuation Pause) (Evacuation Failure) 21M->20M(24M) 2.323ms
[25.026s][info][gc] GC(147) Pause Young (Mixed) (G1 Evacuation Pause) (Evacuation Failure) 21M->21M(24M) 1.431ms
[25.063s][info][gc] GC(148) Pause Young (Concurrent Start) (G1 Evacuation Pause) (Evacuation Failure) 22M->22M(24M) 1.391ms
[25.063s][info][gc] GC(150) Concurrent Mark Cycle
[25.068s][info][gc] GC(149) Pause Full (G1 Compaction Pause) 22M->9M(24M) 5.374ms
[25.068s][info][gc] GC(150) Concurrent Mark Cycle 5.562ms
[25.526s][info][gc] GC(151) Pause Young (Normal) (G1 Evacuation Pause) (Evacuation Failure) 22M->21M(24M) 2.190ms
[25.571s][info][gc] GC(152) Pause Young (Concurrent Start) (G1 Evacuation Pause) 22M->21M(24M) 0.998ms
[25.571s][info][gc] GC(153) Concurrent Mark Cycle
[25.575s][info][gc] GC(153) Pause Remark 21M->6M(24M) 0.976ms
[25.576s][info][gc] GC(153) Pause Cleanup 6M->6M(24M) 0.174ms
[25.577s][info][gc] GC(153) Concurrent Mark Cycle 5.642ms
[25.609s][info][gc] GC(154) Pause Young (Prepare Mixed) (G1 Evacuation Pause) 7M->7M(24M) 1.081ms
[26.093s][info][gc] GC(155) Pause Young (Mixed) (G1 Evacuation Pause) (Evacuation Failure) 21M->14M(24M) 2.166ms
[26.332s][info][gc] GC(156) Pause Young (Concurrent Start) (G1 Evacuation Pause) 20M->14M(24M) 1.519ms
[26.332s][info][gc] GC(157) Concurrent Mark Cycle
[26.335s][info][gc] GC(157) Pause Remark 14M->8M(24M) 0.880ms
[26.337s][info][gc] GC(157) Pause Cleanup 8M->8M(24M) 0.055ms
[26.337s][info][gc] GC(157) Concurrent Mark Cycle 4.920ms
[26.606s][info][gc] GC(158) Pause Young (Prepare Mixed) (G1 Evacuation Pause) 15M->14M(24M) 3.091ms
[26.884s][info][gc] GC(159) Pause Young (Mixed) (G1 Evacuation Pause) (Evacuation Failure) 20M->17M(24M) 2.120ms
[27.032s][info][gc] GC(160) Pause Young (Mixed) (G1 Evacuation Pause) (Evacuation Failure) 21M->23M(24M) 2.811ms
[27.040s][info][gc] GC(161) Pause Full (G1 Compaction Pause) 23M->10M(24M) 7.338ms
[27.452s][info][gc] GC(162) Pause Young (Concurrent Start) (G1 Evacuation Pause) (Evacuation Failure) 21M->21M(24M) 1.991ms
[27.452s][info][gc] GC(164) Concurrent Mark Cycle
[27.458s][info][gc] GC(163) Pause Full (G1 Compaction Pause) 21M->11M(24M) 5.707ms
[27.458s][info][gc] GC(164) Concurrent Mark Cycle 5.841ms
[27.845s][info][gc] GC(165) Pause Young (Normal) (G1 Evacuation Pause) (Evacuation Failure) 22M->23M(24M) 1.857ms
[27.850s][info][gc] GC(166) Pause Full (G1 Compaction Pause) 23M->12M(24M) 5.600ms
[28.207s][info][gc] GC(167) Pause Young (Concurrent Start) (G1 Evacuation Pause) (Evacuation Failure) 22M->23M(24M) 2.655ms
[28.207s][info][gc] GC(169) Concurrent Mark Cycle
[28.213s][info][gc] GC(168) Pause Full (G1 Compaction Pause) 23M->11M(24M) 6.000ms
[28.213s][info][gc] GC(169) Concurrent Mark Cycle 6.250ms
[28.616s][info][gc] GC(170) Pause Young (Normal) (G1 Evacuation Pause) (Evacuation Failure) 21M->22M(24M) 1.975ms
[28.622s][info][gc] GC(171) Pause Full (G1 Compaction Pause) 22M->11M(24M) 5.964ms
[28.999s][info][gc] GC(172) Pause Young (Concurrent Start) (G1 Evacuation Pause) (Evacuation Failure) 21M->22M(24M) 2.424ms
[28.999s][info][gc] GC(174) Concurrent Mark Cycle
[29.004s][info][gc] GC(173) Pause Full (G1 Compaction Pause) 22M->11M(24M) 5.354ms
[29.005s][info][gc] GC(174) Concurrent Mark Cycle 5.482ms
[29.358s][info][gc] GC(175) Pause Young (Normal) (G1 Evacuation Pause) (Evacuation Failure) 21M->22M(24M) 2.326ms
[29.364s][info][gc] GC(176) Pause Full (G1 Compaction Pause) 22M->11M(24M) 5.897ms
[29.765s][info][gc] GC(177) Pause Young (Concurrent Start) (G1 Evacuation Pause) (Evacuation Failure) 22M->23M(24M) 2.265ms
[29.765s][info][gc] GC(179) Concurrent Mark Cycle
[29.771s][info][gc] GC(178) Pause Full (G1 Compaction Pause) 23M->12M(24M) 6.186ms
[29.771s][info][gc] GC(179) Concurrent Mark Cycle 6.302ms
