[GC (System.gc())  7893K->1720K(22528K), 0.0025115 secs]
[Full GC (System.gc())  1720K->1563K(22528K), 0.0107255 secs]
[GC (Allocation Failure)  13851K->1851K(22528K), 0.0015801 secs]
[GC (Allocation Failure)  14139K->1899K(22528K), 0.0027465 secs]
[GC (Allocation Failure)  14187K->2035K(22528K), 0.0034359 secs]
[GC (Allocation Failure)  14323K->2099K(22528K), 0.0051844 secs]
[GC (Allocation Failure)  14387K->2195K(22528K), 0.0059347 secs]
[GC (Allocation Failure)  14483K->2291K(22528K), 0.0066803 secs]
[GC (Allocation Failure)  14579K->2355K(22528K), 0.0085947 secs]
[GC (Allocation Failure)  14643K->1683K(22528K), 0.0014111 secs]
[GC (Allocation Failure)  13971K->1875K(22528K), 0.0021954 secs]
[GC (Allocation Failure)  14163K->1939K(22528K), 0.0033108 secs]
[GC (Allocation Failure)  14227K->2099K(22528K), 0.0042140 secs]
[GC (Allocation Failure)  14387K->2163K(22528K), 0.0060438 secs]
[GC (Allocation Failure)  14451K->2323K(22528K), 0.0070462 secs]
[GC (Allocation Failure)  14611K->2419K(22528K), 0.0077515 secs]
[GC (Allocation Failure)  14707K->2515K(22528K), 0.0098677 secs]
[GC (Allocation Failure)  14803K->1875K(22528K), 0.0021494 secs]
[GC (Allocation Failure)  14163K->1907K(22528K), 0.0033279 secs]
[GC (Allocation Failure)  14195K->1971K(22528K), 0.0033328 secs]
[GC (Allocation Failure)  14259K->2067K(22528K), 0.0044714 secs]
[GC (Allocation Failure)  14355K->2163K(22528K), 0.0060522 secs]
[GC (Allocation Failure)  14451K->2259K(22528K), 0.0069390 secs]
[GC (Allocation Failure)  14547K->2355K(22528K), 0.0082356 secs]
[GC (Allocation Failure)  14643K->1619K(22528K), 0.0015245 secs]
[GC (Allocation Failure)  13907K->1907K(22528K), 0.0021431 secs]
[GC (Allocation Failure)  14195K->1939K(22528K), 0.0029375 secs]
[GC (Allocation Failure)  14227K->2067K(22528K), 0.0041886 secs]
[GC (Allocation Failure)  14355K->2131K(22528K), 0.0050411 secs]
[GC (Allocation Failure)  14419K->2195K(22528K), 0.0059731 secs]
[GC (Allocation Failure)  14483K->2387K(22528K), 0.0069933 secs]
[GC (Allocation Failure)  14675K->2483K(22528K), 0.0101704 secs]
[GC (Allocation Failure)  14771K->1875K(22528K), 0.0013550 secs]
[GC (Allocation Failure)  14163K->1907K(22528K), 0.0023265 secs]
[GC (Allocation Failure)  14195K->1971K(22528K), 0.0031085 secs]
[GC (Allocation Failure)  14259K->2067K(22528K), 0.0042177 secs]
[GC (Allocation Failure)  14355K->2195K(22528K), 0.0059100 secs]
[GC (Allocation Failure)  14483K->2259K(22528K), 0.0077337 secs]
[GC (Allocation Failure)  14547K->2387K(22528K), 0.0081636 secs]
[GC (Allocation Failure)  14675K->1651K(22528K), 0.0011571 secs]
[GC (Allocation Failure)  13939K->1875K(22528K), 0.0015582 secs]
[GC (Allocation Failure)  14163K->1907K(22528K), 0.0032513 secs]
[GC (Allocation Failure)  14195K->2003K(22528K), 0.0040785 secs]
[GC (Allocation Failure)  14291K->2195K(22528K), 0.0049485 secs]
[GC (Allocation Failure)  14483K->2195K(22528K), 0.0064507 secs]
[GC (Allocation Failure)  14483K->2355K(22528K), 0.0089871 secs]
[GC (Allocation Failure)  14643K->2451K(22528K), 0.0114681 secs]
[GC (Allocation Failure)  14739K->1811K(22528K), 0.0012578 secs]
[GC (Allocation Failure)  14099K->1875K(22528K), 0.0026591 secs]
[GC (Allocation Failure)  14163K->1971K(22528K), 0.0033440 secs]
[GC (Allocation Failure)  14259K->2067K(22528K), 0.0048308 secs]
[GC (Allocation Failure)  14355K->2131K(22528K), 0.0062857 secs]
[GC (Allocation Failure)  14419K->2227K(22528K), 0.0066025 secs]
[GC (Allocation Failure)  14515K->2515K(22528K), 0.0088856 secs]
[GC (Allocation Failure)  14803K->2619K(22528K), 0.0101907 secs]
[GC (Allocation Failure)  14907K->2043K(22528K), 0.0019806 secs]
[GC (Allocation Failure)  14331K->2075K(22528K), 0.0033364 secs]
[GC (Allocation Failure)  14363K->2171K(22528K), 0.0040484 secs]
[GC (Allocation Failure)  14459K->2267K(22528K), 0.0046782 secs]
[GC (Allocation Failure)  14555K->2395K(22528K), 0.0057326 secs]
[GC (Allocation Failure)  14683K->2491K(22528K), 0.0067548 secs]
[GC (Allocation Failure)  14779K->2523K(22528K), 0.0073886 secs]
[GC (Allocation Failure)  14811K->1851K(22528K), 0.0017063 secs]
[GC (Allocation Failure)  14139K->2043K(22528K), 0.0027908 secs]
[GC (Allocation Failure)  14331K->2171K(22528K), 0.0034698 secs]
[GC (Allocation Failure)  14459K->2235K(22528K), 0.0046963 secs]
[GC (Allocation Failure)  14523K->2299K(22528K), 0.0062030 secs]
[GC (Allocation Failure)  14587K->2427K(22528K), 0.0080654 secs]
[GC (Allocation Failure)  14715K->2555K(22528K), 0.0092961 secs]
[GC (Allocation Failure)  14843K->2651K(22528K), 0.0111084 secs]
[GC (Allocation Failure)  14939K->1979K(22528K), 0.0016177 secs]
[GC (Allocation Failure)  14267K->2107K(22528K), 0.0021549 secs]
[GC (Allocation Failure)  14395K->2171K(22528K), 0.0029186 secs]
[GC (Allocation Failure)  14459K->2235K(22528K), 0.0051836 secs]
[GC (Allocation Failure)  14523K->2395K(22528K), 0.0059139 secs]
[GC (Allocation Failure)  14683K->2491K(22528K), 0.0074381 secs]
[GC (Allocation Failure)  14779K->2587K(22528K), 0.0088644 secs]
[GC (Allocation Failure)  14875K->1819K(22528K), 0.0012279 secs]
[GC (Allocation Failure)  14107K->2043K(22528K), 0.0023877 secs]
[GC (Allocation Failure)  14331K->2107K(22528K), 0.0029415 secs]
[GC (Allocation Failure)  14395K->2203K(22528K), 0.0044897 secs]
[GC (Allocation Failure)  14491K->2331K(22528K), 0.0045061 secs]
[GC (Allocation Failure)  14619K->2427K(22528K), 0.0056891 secs]
[GC (Allocation Failure)  14715K->2507K(22528K), 0.0065759 secs]
[GC (Allocation Failure)  14795K->2571K(22528K), 0.0083998 secs]
[GC (Allocation Failure)  14859K->1899K(22528K), 0.0013885 secs]
[GC (Allocation Failure)  14187K->2059K(22528K), 0.0023529 secs]
[GC (Allocation Failure)  14347K->2123K(22528K), 0.0034085 secs]
[GC (Allocation Failure)  14411K->2283K(22528K), 0.0043678 secs]
[GC (Allocation Failure)  14571K->2379K(22528K), 0.0059401 secs]
[GC (Allocation Failure)  14667K->2507K(22528K), 0.0069926 secs]
[GC (Allocation Failure)  14795K->2843K(22528K), 0.0091132 secs]
[GC (Allocation Failure)  15131K->2427K(22528K), 0.0018816 secs]
[GC (Allocation Failure)  14715K->2587K(22528K), 0.0021251 secs]
[GC (Allocation Failure)  14875K->2651K(22528K), 0.0034218 secs]
[GC (Allocation Failure)  14939K->2747K(22528K), 0.0047192 secs]
[GC (Allocation Failure)  15035K->2907K(22528K), 0.0051478 secs]
[GC (Allocation Failure)  15195K->2907K(22528K), 0.0067170 secs]
[GC (Allocation Failure)  15195K->3187K(22528K), 0.0080382 secs]
[GC (Allocation Failure)  15475K->3579K(22528K), 0.0092974 secs]
[GC (Allocation Failure)  15867K->2971K(22528K), 0.0011307 secs]
[GC (Allocation Failure)  15259K->3067K(22528K), 0.0025361 secs]
[GC (Allocation Failure)  15355K->3099K(22528K), 0.0034190 secs]
[GC (Allocation Failure)  15387K->3259K(22528K), 0.0046429 secs]
[GC (Allocation Failure)  15547K->3291K(22528K), 0.0058728 secs]
[GC (Allocation Failure)  15579K->3451K(22528K), 0.0071742 secs]
[GC (Allocation Failure)  15739K->3515K(22528K), 0.0083084 secs]
[GC (Allocation Failure)  15803K->3675K(22528K), 0.0092193 secs]
[GC (Allocation Failure)  15963K->3035K(22528K), 0.0016375 secs]
[GC (Allocation Failure)  15323K->3067K(22528K), 0.0025549 secs]
[GC (Allocation Failure)  15355K->3131K(22528K), 0.0052240 secs]
[GC (Allocation Failure)  15419K->3259K(22528K), 0.0056867 secs]
[GC (Allocation Failure)  15547K->3323K(22528K), 0.0064541 secs]
[GC (Allocation Failure)  15611K->3515K(22528K), 0.0083172 secs]
[GC (Allocation Failure)  15803K->3611K(22528K), 0.0080294 secs]
[GC (Allocation Failure)  15899K->2787K(22528K), 0.0010966 secs]
[GC (Allocation Failure)  15075K->3043K(22528K), 0.0020472 secs]
[GC (Allocation Failure)  15331K->3107K(22528K), 0.0032356 secs]
[GC (Allocation Failure)  15395K->3235K(22528K), 0.0048617 secs]
[GC (Allocation Failure)  15523K->3299K(22528K), 0.0060133 secs]
[GC (Allocation Failure)  15587K->3443K(22528K), 0.0066542 secs]
[GC (Allocation Failure)  15731K->3747K(22528K), 0.0077840 secs]
[GC (Allocation Failure)  16035K->3811K(22528K), 0.0092985 secs]
[GC (Allocation Failure)  16099K->3203K(22528K), 0.0013705 secs]
[GC (Allocation Failure)  15491K->3235K(22528K), 0.0024269 secs]
[GC (Allocation Failure)  15523K->3267K(22528K), 0.0038980 secs]
[GC (Allocation Failure)  15555K->3427K(22528K), 0.0044157 secs]
[GC (Allocation Failure)  15715K->3459K(22528K), 0.0072069 secs]
[GC (Allocation Failure)  15747K->3651K(22528K), 0.0074260 secs]
[GC (Allocation Failure)  15939K->3715K(22528K), 0.0080904 secs]
[GC (Allocation Failure)  16003K->3075K(22528K), 0.0014807 secs]
[GC (Allocation Failure)  15363K->3203K(22528K), 0.0016115 secs]
[GC (Allocation Failure)  15491K->3235K(22528K), 0.0036831 secs]
[GC (Allocation Failure)  15523K->3395K(22528K), 0.0039517 secs]
[GC (Allocation Failure)  15683K->3459K(22528K), 0.0052123 secs]
[GC (Allocation Failure)  15747K->3619K(22528K), 0.0064590 secs]
[GC (Allocation Failure)  15907K->3715K(22528K), 0.0080238 secs]
[GC (Allocation Failure)  16003K->3779K(22528K), 0.0090269 secs]
[GC (Allocation Failure)  16067K->3427K(22528K), 0.0021477 secs]
[GC (Allocation Failure)  15715K->3523K(22528K), 0.0026125 secs]
[GC (Allocation Failure)  15811K->3619K(22528K), 0.0035343 secs]
[GC (Allocation Failure)  15907K->3715K(22528K), 0.0047682 secs]
[GC (Allocation Failure)  16003K->3843K(22528K), 0.0049818 secs]
[GC (Allocation Failure)  16131K->3907K(22528K), 0.0067544 secs]
[GC (Allocation Failure)  16195K->4251K(22528K), 0.0076889 secs]
[GC (Allocation Failure)  16539K->4579K(22528K), 0.0088387 secs]
[GC (Allocation Failure)  16867K->4123K(22528K), 0.0014983 secs]
[GC (Allocation Failure)  16411K->4187K(22528K), 0.0025118 secs]
[GC (Allocation Failure)  16475K->4251K(22528K), 0.0041065 secs]
[GC (Allocation Failure)  16539K->4347K(22528K), 0.0049256 secs]
[GC (Allocation Failure)  16635K->4475K(22528K), 0.0051737 secs]
[GC (Allocation Failure)  16763K->4651K(22528K), 0.0064585 secs]
[GC (Allocation Failure)  16939K->4835K(22528K), 0.0077367 secs]
[GC (Allocation Failure)  17123K->4443K(22528K), 0.0020767 secs]
[GC (Allocation Failure)  16731K->4635K(22528K), 0.0019119 secs]
[GC (Allocation Failure)  16923K->4699K(22528K), 0.0035282 secs]
[GC (Allocation Failure)  16987K->4763K(22528K), 0.0045352 secs]
[GC (Allocation Failure)  17051K->4923K(22528K), 0.0056341 secs]
[GC (Allocation Failure)  17211K->5083K(22528K), 0.0064127 secs]
[GC (Allocation Failure)  17371K->5179K(22528K), 0.0085832 secs]
[GC (Allocation Failure)  17467K->5307K(22528K), 0.0095585 secs]
[GC (Allocation Failure)  17595K->4603K(22528K), 0.0013494 secs]
[GC (Allocation Failure)  16891K->4731K(22528K), 0.0021220 secs]
[GC (Allocation Failure)  17019K->4795K(22528K), 0.0036694 secs]
[GC (Allocation Failure)  17083K->4891K(22528K), 0.0052963 secs]
[GC (Allocation Failure)  17179K->4987K(22528K), 0.0061375 secs]
[GC (Allocation Failure)  17275K->5115K(22528K), 0.0075375 secs]
[GC (Allocation Failure)  17403K->5211K(22528K), 0.0086736 secs]
[GC (Allocation Failure)  17499K->4443K(22528K), 0.0013668 secs]
[GC (Allocation Failure)  16731K->4699K(22528K), 0.0015772 secs]
[GC (Allocation Failure)  16987K->4731K(22528K), 0.0030881 secs]
[GC (Allocation Failure)  17019K->4795K(22528K), 0.0035762 secs]
[GC (Allocation Failure)  17083K->4891K(22528K), 0.0052592 secs]
[GC (Allocation Failure)  17179K->4987K(22528K), 0.0058738 secs]
[GC (Allocation Failure)  17275K->5179K(22528K), 0.0086479 secs]
[GC (Allocation Failure)  17467K->5243K(22528K), 0.0110257 secs]
[GC (Allocation Failure)  17531K->4571K(22528K), 0.0009910 secs]
[GC (Allocation Failure)  16859K->4699K(22528K), 0.0023407 secs]
[GC (Allocation Failure)  16987K->4731K(22528K), 0.0036120 secs]
[GC (Allocation Failure)  17019K->4891K(22528K), 0.0047600 secs]
[GC (Allocation Failure)  17179K->4955K(22528K), 0.0056796 secs]
[GC (Allocation Failure)  17243K->5115K(22528K), 0.0071416 secs]
[GC (Allocation Failure)  17403K->5147K(22528K), 0.0078361 secs]
[GC (Allocation Failure)  17435K->4475K(22528K), 0.0015678 secs]
[GC (Allocation Failure)  16763K->4699K(22528K), 0.0020305 secs]
[GC (Allocation Failure)  16987K->4731K(22528K), 0.0032014 secs]
[GC (Allocation Failure)  17019K->4795K(22528K), 0.0039009 secs]
[GC (Allocation Failure)  17083K->4891K(22528K), 0.0049447 secs]
[GC (Allocation Failure)  17179K->5019K(22528K), 0.0056379 secs]
[GC (Allocation Failure)  17307K->5147K(22528K), 0.0074996 secs]
[GC (Allocation Failure)  17435K->5211K(22528K), 0.0098318 secs]
[GC (Allocation Failure)  17499K->4731K(22528K), 0.0017941 secs]
[GC (Allocation Failure)  17019K->4891K(22528K), 0.0026172 secs]
[GC (Allocation Failure)  17179K->4955K(22528K), 0.0035727 secs]
[GC (Allocation Failure)  17243K->5051K(22528K), 0.0048302 secs]
[GC (Allocation Failure)  17339K->5115K(22528K), 0.0058073 secs]
[GC (Allocation Failure)  17403K->5211K(22528K), 0.0070456 secs]
[GC (Allocation Failure)  17499K->5371K(22528K), 0.0084902 secs]
[GC (Allocation Failure)  17659K->5467K(22528K), 0.0102354 secs]
[GC (Allocation Failure)  17755K->4955K(22528K), 0.0017693 secs]
[GC (Allocation Failure)  17243K->5019K(22528K), 0.0025280 secs]
[GC (Allocation Failure)  17307K->5051K(22528K), 0.0039511 secs]
[GC (Allocation Failure)  17339K->5115K(22528K), 0.0056529 secs]
[GC (Allocation Failure)  17403K->5243K(22528K), 0.0057246 secs]
[GC (Allocation Failure)  17531K->5467K(22528K), 0.0076820 secs]
[GC (Allocation Failure)  17755K->5467K(22528K), 0.0081138 secs]
[GC (Allocation Failure)  17755K->5003K(22528K), 0.0016892 secs]
[GC (Allocation Failure)  17291K->5259K(22528K), 0.0018936 secs]
[GC (Allocation Failure)  17547K->5291K(22528K), 0.0026173 secs]
[GC (Allocation Failure)  17579K->5387K(22528K), 0.0043425 secs]
[GC (Allocation Failure)  17675K->5515K(22528K), 0.0087582 secs]
[GC (Allocation Failure)  17803K->5547K(22528K), 0.0079621 secs]
[GC (Allocation Failure)  17835K->5715K(22528K), 0.0073348 secs]
[GC (Allocation Failure)  18003K->5891K(22528K), 0.0084358 secs]
[GC (Allocation Failure)  18179K->5155K(22528K), 0.0012928 secs]
[GC (Allocation Failure)  17443K->5347K(22528K), 0.0022572 secs]
[GC (Allocation Failure)  17635K->5411K(22528K), 0.0036082 secs]
[GC (Allocation Failure)  17699K->5571K(22528K), 0.0048128 secs]
[GC (Allocation Failure)  17859K->5667K(22528K), 0.0061761 secs]
[GC (Allocation Failure)  17955K->5763K(22528K), 0.0073952 secs]
[GC (Allocation Failure)  18051K->5827K(22528K), 0.0087313 secs]
[GC (Allocation Failure)  18115K->5131K(22528K), 0.0018329 secs]
[GC (Allocation Failure)  17419K->5355K(22528K), 0.0023468 secs]
[GC (Allocation Failure)  17643K->5419K(22528K), 0.0032699 secs]
[GC (Allocation Failure)  17707K->5483K(22528K), 0.0036304 secs]
[GC (Allocation Failure)  17771K->5547K(22528K), 0.0059981 secs]
[GC (Allocation Failure)  17835K->5707K(22528K), 0.0068563 secs]
[GC (Allocation Failure)  17995K->5771K(22528K), 0.0075768 secs]
[GC (Allocation Failure)  18059K->6107K(22528K), 0.0074416 secs]
[GC (Allocation Failure)  18395K->5571K(22528K), 0.0013922 secs]
[GC (Allocation Failure)  17859K->5699K(22528K), 0.0025107 secs]
[GC (Allocation Failure)  17987K->5795K(22528K), 0.0032075 secs]
[GC (Allocation Failure)  18083K->5827K(22528K), 0.0047604 secs]
[GC (Allocation Failure)  18115K->6019K(22528K), 0.0055616 secs]
[GC (Allocation Failure)  18307K->6147K(22528K), 0.0073415 secs]
[GC (Allocation Failure)  18435K->6211K(22528K), 0.0087727 secs]
[GC (Allocation Failure)  18499K->6307K(22528K), 0.0101398 secs]
[GC (Allocation Failure)  18595K->5731K(22528K), 0.0018361 secs]
[GC (Allocation Failure)  18019K->5731K(22528K), 0.0030292 secs]
[GC (Allocation Failure)  18019K->5859K(22528K), 0.0040436 secs]
[GC (Allocation Failure)  18147K->5955K(22528K), 0.0053328 secs]
[GC (Allocation Failure)  18243K->6019K(22528K), 0.0055181 secs]
[GC (Allocation Failure)  18307K->6291K(22528K), 0.0068923 secs]
[GC (Allocation Failure)  18579K->6395K(22528K), 0.0094435 secs]
[GC (Allocation Failure)  18683K->5691K(22528K), 0.0017792 secs]
[GC (Allocation Failure)  17979K->5915K(22528K), 0.0021251 secs]
[GC (Allocation Failure)  18203K->6011K(22528K), 0.0028747 secs]
[GC (Allocation Failure)  18299K->6075K(22528K), 0.0043119 secs]
[GC (Allocation Failure)  18363K->6139K(22528K), 0.0068239 secs]
[GC (Allocation Failure)  18427K->6299K(22528K), 0.0068412 secs]
[GC (Allocation Failure)  18587K->6395K(22528K), 0.0082639 secs]
[GC (Allocation Failure)  18683K->6491K(22528K), 0.0103343 secs]
[GC (Allocation Failure)  18779K->6291K(22528K), 0.0028876 secs]
[GC (Allocation Failure)  18579K->6355K(22528K), 0.0030071 secs]
[GC (Allocation Failure)  18643K->6419K(22528K), 0.0039774 secs]
[GC (Allocation Failure)  18707K->6515K(22528K), 0.0048779 secs]
[GC (Allocation Failure)  18803K->6579K(22528K), 0.0058381 secs]
[GC (Allocation Failure)  18867K->6771K(22528K), 0.0073190 secs]
[GC (Allocation Failure)  19059K->7011K(22528K), 0.0093935 secs]
[GC (Allocation Failure)  19299K->6427K(22528K), 0.0018963 secs]
[GC (Allocation Failure)  18715K->6651K(22528K), 0.0022645 secs]
[GC (Allocation Failure)  18939K->6683K(22528K), 0.0028962 secs]
[GC (Allocation Failure)  18971K->6811K(22528K), 0.0046718 secs]
[GC (Allocation Failure)  19099K->6907K(22528K), 0.0047486 secs]
[GC (Allocation Failure)  19195K->7003K(22528K), 0.0064594 secs]
[GC (Allocation Failure)  19291K->7243K(22528K), 0.0068362 secs]
[GC (Allocation Failure)  19531K->7403K(22528K), 0.0082511 secs]
[GC (Allocation Failure)  19691K->6683K(22528K), 0.0010276 secs]
[GC (Allocation Failure)  18971K->6907K(22528K), 0.0024488 secs]
[GC (Allocation Failure)  19195K->6939K(22528K), 0.0035838 secs]
[GC (Allocation Failure)  19227K->7035K(22528K), 0.0044374 secs]
[GC (Allocation Failure)  19323K->7163K(22528K), 0.0055860 secs]
[GC (Allocation Failure)  19451K->7259K(22528K), 0.0068198 secs]
[GC (Allocation Failure)  19547K->7419K(22528K), 0.0079614 secs]
[GC (Allocation Failure)  19707K->6771K(22528K), 0.0012776 secs]
[GC (Allocation Failure)  19059K->7027K(22528K), 0.0015038 secs]
[GC (Allocation Failure)  19315K->7059K(22528K), 0.0024438 secs]
[GC (Allocation Failure)  19347K->7123K(22528K), 0.0037046 secs]
[GC (Allocation Failure)  19411K->7219K(22528K), 0.0051953 secs]
[GC (Allocation Failure)  19507K->7315K(22528K), 0.0065845 secs]
[GC (Allocation Failure)  19603K->7507K(22528K), 0.0075288 secs]
[GC (Allocation Failure)  19795K->7571K(22528K), 0.0093042 secs]
[GC (Allocation Failure)  19859K->6963K(22528K), 0.0011903 secs]
[GC (Allocation Failure)  19251K->7027K(22528K), 0.0025250 secs]
[GC (Allocation Failure)  19315K->7059K(22528K), 0.0038738 secs]
[GC (Allocation Failure)  19347K->7187K(22528K), 0.0040127 secs]
[GC (Allocation Failure)  19475K->7251K(22528K), 0.0051117 secs]
[GC (Allocation Failure)  19539K->7347K(22528K), 0.0064210 secs]
[GC (Allocation Failure)  19635K->7475K(22528K), 0.0085794 secs]
[GC (Allocation Failure)  19763K->7635K(22528K), 0.0103535 secs]
[GC (Allocation Failure)  19923K->7035K(22528K), 0.0022483 secs]
[GC (Allocation Failure)  19323K->7099K(22528K), 0.0023442 secs]
[GC (Allocation Failure)  19387K->7131K(22528K), 0.0035352 secs]
[GC (Allocation Failure)  19419K->7259K(22528K), 0.0051624 secs]
[GC (Allocation Failure)  19547K->7323K(22528K), 0.0052105 secs]
[GC (Allocation Failure)  19611K->7419K(22528K), 0.0063423 secs]
[GC (Allocation Failure)  19707K->7611K(22528K), 0.0091733 secs]
[GC (Allocation Failure)  19899K->7155K(22528K), 0.0016780 secs]
[GC (Allocation Failure)  19443K->7283K(22528K), 0.0019046 secs]
[GC (Allocation Failure)  19571K->7411K(22528K), 0.0030647 secs]
[GC (Allocation Failure)  19699K->7475K(22528K), 0.0039851 secs]
[GC (Allocation Failure)  19763K->7571K(22528K), 0.0047495 secs]
[GC (Allocation Failure)  19859K->7667K(22528K), 0.0060920 secs]
[GC (Allocation Failure)  19955K->7795K(22528K), 0.0072572 secs]
[GC (Allocation Failure)  20083K->7907K(22528K), 0.0088678 secs]
[GC (Allocation Failure)  20195K->7139K(22528K), 0.0013321 secs]
[GC (Allocation Failure)  19427K->7331K(22528K), 0.0025950 secs]
[GC (Allocation Failure)  19619K->7395K(22528K), 0.0047241 secs]
[GC (Allocation Failure)  19683K->7491K(22528K), 0.0055873 secs]
[GC (Allocation Failure)  19779K->7555K(22528K), 0.0062451 secs]
[GC (Allocation Failure)  19843K->7715K(22528K), 0.0064657 secs]
[GC (Allocation Failure)  20003K->7779K(22528K), 0.0073849 secs]
[GC (Allocation Failure)  20067K->7107K(22528K), 0.0013925 secs]
[GC (Allocation Failure)  19395K->7299K(22528K), 0.0022850 secs]
[GC (Allocation Failure)  19587K->7395K(22528K), 0.0026069 secs]
[GC (Allocation Failure)  19683K->7427K(22528K), 0.0040388 secs]
[GC (Allocation Failure)  19715K->7523K(22528K), 0.0047481 secs]
[GC (Allocation Failure)  19811K->7651K(22528K), 0.0062990 secs]
[GC (Allocation Failure)  19939K->7747K(22528K), 0.0063487 secs]
[GC (Allocation Failure)  20035K->7811K(22528K), 0.0073269 secs]
[GC (Allocation Failure)  20099K->7395K(22528K), 0.0022502 secs]
[GC (Allocation Failure)  19683K->7619K(22528K), 0.0021371 secs]
[GC (Allocation Failure)  19907K->7747K(22528K), 0.0026289 secs]
[GC (Allocation Failure)  20035K->7779K(22528K), 0.0047781 secs]
[GC (Allocation Failure)  20067K->7907K(22528K), 0.0050215 secs]
[GC (Allocation Failure)  20195K->7939K(22528K), 0.0061865 secs]
[GC (Allocation Failure)  20227K->8203K(22528K), 0.0082335 secs]
[GC (Allocation Failure)  20491K->7467K(22528K), 0.0011351 secs]
[GC (Allocation Failure)  19755K->7691K(22528K), 0.0019341 secs]
[GC (Allocation Failure)  19979K->7755K(22528K), 0.0025388 secs]
[GC (Allocation Failure)  20043K->7883K(22528K), 0.0034513 secs]
[GC (Allocation Failure)  20171K->7915K(22528K), 0.0047797 secs]
[GC (Allocation Failure)  20203K->7979K(22528K), 0.0057406 secs]
[GC (Allocation Failure)  20267K->8107K(22528K), 0.0066975 secs]
[GC (Allocation Failure)  20395K->8203K(22528K), 0.0081386 secs]
[GC (Allocation Failure)  20491K->7499K(22528K), 0.0015267 secs]
[GC (Allocation Failure)  19787K->7691K(22528K), 0.0019999 secs]
[GC (Allocation Failure)  19979K->7787K(22528K), 0.0037456 secs]
[GC (Allocation Failure)  20075K->7883K(22528K), 0.0045740 secs]
[GC (Allocation Failure)  20171K->7947K(22528K), 0.0054301 secs]
[GC (Allocation Failure)  20235K->8043K(22528K), 0.0067089 secs]
[GC (Allocation Failure)  20331K->8251K(22528K), 0.0067137 secs]
[GC (Allocation Failure)  20539K->8379K(22528K), 0.0084333 secs]
[GC (Allocation Failure)  20667K->7771K(22528K), 0.0021744 secs]
[GC (Allocation Failure)  20059K->7867K(22528K), 0.0035105 secs]
[GC (Allocation Failure)  20155K->7995K(22528K), 0.0035528 secs]
[GC (Allocation Failure)  20283K->8027K(22528K), 0.0051797 secs]
[GC (Allocation Failure)  20315K->8123K(22528K), 0.0060064 secs]
[GC (Allocation Failure)  20411K->8299K(22528K), 0.0065194 secs]
[GC (Allocation Failure)  20587K->8427K(22528K), 0.0077384 secs]
[GC (Allocation Failure)  20715K->7723K(22528K), 0.0012789 secs]
[GC (Allocation Failure)  20011K->7947K(22528K), 0.0022432 secs]
[GC (Allocation Failure)  20235K->8011K(22528K), 0.0035214 secs]
[GC (Allocation Failure)  20299K->8139K(22528K), 0.0041893 secs]
[GC (Allocation Failure)  20427K->8203K(22528K), 0.0047119 secs]
[GC (Allocation Failure)  20491K->8267K(22528K), 0.0059751 secs]
[GC (Allocation Failure)  20555K->8395K(22528K), 0.0069178 secs]
[GC (Allocation Failure)  20683K->8835K(22528K), 0.0084056 secs]
[Full GC (Ergonomics)  8835K->2366K(22528K), 0.0166681 secs]
[GC (Allocation Failure)  14654K->2654K(22528K), 0.0014318 secs]
[GC (Allocation Failure)  14942K->2686K(22528K), 0.0027159 secs]
[GC (Allocation Failure)  14974K->2750K(22528K), 0.0033985 secs]
[GC (Allocation Failure)  15038K->2878K(22528K), 0.0037644 secs]
[GC (Allocation Failure)  15166K->2974K(22528K), 0.0055392 secs]
[GC (Allocation Failure)  15262K->3038K(22528K), 0.0068106 secs]
[GC (Allocation Failure)  15326K->3166K(22528K), 0.0092199 secs]
[GC (Allocation Failure)  15454K->2398K(22528K), 0.0011732 secs]
[GC (Allocation Failure)  14686K->2686K(22528K), 0.0018791 secs]
[GC (Allocation Failure)  14974K->2750K(22528K), 0.0027541 secs]
[GC (Allocation Failure)  15038K->2846K(22528K), 0.0037568 secs]
[GC (Allocation Failure)  15134K->2910K(22528K), 0.0055673 secs]
[GC (Allocation Failure)  15198K->2974K(22528K), 0.0067165 secs]
[GC (Allocation Failure)  15262K->3166K(22528K), 0.0082361 secs]
[GC (Allocation Failure)  15454K->3230K(22528K), 0.0097213 secs]
[GC (Allocation Failure)  15518K->2558K(22528K), 0.0013383 secs]
[GC (Allocation Failure)  14846K->2686K(22528K), 0.0024338 secs]
[GC (Allocation Failure)  14974K->2718K(22528K), 0.0034444 secs]
[GC (Allocation Failure)  15006K->2782K(22528K), 0.0044102 secs]
[GC (Allocation Failure)  15070K->2910K(22528K), 0.0051992 secs]
[GC (Allocation Failure)  15198K->3038K(22528K), 0.0062824 secs]
[GC (Allocation Failure)  15326K->3198K(22528K), 0.0071312 secs]
[GC (Allocation Failure)  15486K->3526K(22528K), 0.0077729 secs]
[GC (Allocation Failure)  15814K->2822K(22528K), 0.0013328 secs]
[GC (Allocation Failure)  15110K->2886K(22528K), 0.0025690 secs]
[GC (Allocation Failure)  15174K->2950K(22528K), 0.0040490 secs]
[GC (Allocation Failure)  15238K->3046K(22528K), 0.0048380 secs]
[GC (Allocation Failure)  15334K->3206K(22528K), 0.0057103 secs]
[GC (Allocation Failure)  15494K->3334K(22528K), 0.0068559 secs]
[GC (Allocation Failure)  15622K->3398K(22528K), 0.0081634 secs]
[GC (Allocation Failure)  15686K->2662K(22528K), 0.0016376 secs]
[GC (Allocation Failure)  14950K->2886K(22528K), 0.0018794 secs]
[GC (Allocation Failure)  15174K->2950K(22528K), 0.0038223 secs]
[GC (Allocation Failure)  15238K->3078K(22528K), 0.0045484 secs]
[GC (Allocation Failure)  15366K->3110K(22528K), 0.0050624 secs]
[GC (Allocation Failure)  15398K->3270K(22528K), 0.0063996 secs]
[GC (Allocation Failure)  15558K->3334K(22528K), 0.0084280 secs]
[GC (Allocation Failure)  15622K->3430K(22528K), 0.0094455 secs]
[GC (Allocation Failure)  15718K->2854K(22528K), 0.0016952 secs]
[GC (Allocation Failure)  15142K->2886K(22528K), 0.0028417 secs]
[GC (Allocation Failure)  15174K->2982K(22528K), 0.0033564 secs]
[GC (Allocation Failure)  15270K->3046K(22528K), 0.0041255 secs]
[GC (Allocation Failure)  15334K->3142K(22528K), 0.0050476 secs]
[GC (Allocation Failure)  15430K->3206K(22528K), 0.0063066 secs]
[GC (Allocation Failure)  15494K->3398K(22528K), 0.0095400 secs]
[GC (Allocation Failure)  15686K->2630K(22528K), 0.0015772 secs]
[GC (Allocation Failure)  14918K->2886K(22528K), 0.0014067 secs]
[GC (Allocation Failure)  15174K->2950K(22528K), 0.0028790 secs]
[GC (Allocation Failure)  15238K->3014K(22528K), 0.0041662 secs]
[GC (Allocation Failure)  15302K->3174K(22528K), 0.0052064 secs]
[GC (Allocation Failure)  15462K->3206K(22528K), 0.0059804 secs]
[GC (Allocation Failure)  15494K->3366K(22528K), 0.0069138 secs]
[GC (Allocation Failure)  15654K->3366K(22528K), 0.0084588 secs]
[GC (Allocation Failure)  15654K->2726K(22528K), 0.0011743 secs]
[GC (Allocation Failure)  15014K->2886K(22528K), 0.0024734 secs]
[GC (Allocation Failure)  15174K->2918K(22528K), 0.0038041 secs]
[GC (Allocation Failure)  15206K->3078K(22528K), 0.0044742 secs]
[GC (Allocation Failure)  15366K->3174K(22528K), 0.0055905 secs]
[GC (Allocation Failure)  15462K->3270K(22528K), 0.0073281 secs]
[GC (Allocation Failure)  15558K->3398K(22528K), 0.0080840 secs]
[GC (Allocation Failure)  15686K->2630K(22528K), 0.0015320 secs]
[GC (Allocation Failure)  14918K->2886K(22528K), 0.0014238 secs]
[GC (Allocation Failure)  15174K->2918K(22528K), 0.0029335 secs]
[GC (Allocation Failure)  15206K->3014K(22528K), 0.0040338 secs]
[GC (Allocation Failure)  15302K->3110K(22528K), 0.0054884 secs]
[GC (Allocation Failure)  15398K->3206K(22528K), 0.0060691 secs]
[GC (Allocation Failure)  15494K->3270K(22528K), 0.0067582 secs]
[GC (Allocation Failure)  15558K->3398K(22528K), 0.0073800 secs]
[GC (Allocation Failure)  15686K->2662K(22528K), 0.0011533 secs]
[GC (Allocation Failure)  14950K->2918K(22528K), 0.0020836 secs]
[GC (Allocation Failure)  15206K->2918K(22528K), 0.0032003 secs]
[GC (Allocation Failure)  15206K->3046K(22528K), 0.0038177 secs]
[GC (Allocation Failure)  15334K->3110K(22528K), 0.0057695 secs]
[GC (Allocation Failure)  15398K->3238K(22528K), 0.0067704 secs]
[GC (Allocation Failure)  15526K->3398K(22528K), 0.0083694 secs]
[GC (Allocation Failure)  15686K->3486K(22528K), 0.0113197 secs]
[GC (Allocation Failure)  15774K->2846K(22528K), 0.0022638 secs]
[GC (Allocation Failure)  15134K->2942K(22528K), 0.0025802 secs]
[GC (Allocation Failure)  15230K->3006K(22528K), 0.0036714 secs]
[GC (Allocation Failure)  15294K->3102K(22528K), 0.0044838 secs]
[GC (Allocation Failure)  15390K->3198K(22528K), 0.0051547 secs]
[GC (Allocation Failure)  15486K->3398K(22528K), 0.0068266 secs]
[GC (Allocation Failure)  15686K->3526K(22528K), 0.0088000 secs]
[GC (Allocation Failure)  15814K->2902K(22528K), 0.0015095 secs]
[GC (Allocation Failure)  15190K->3094K(22528K), 0.0021001 secs]
[GC (Allocation Failure)  15382K->3158K(22528K), 0.0033049 secs]
[GC (Allocation Failure)  15446K->3222K(22528K), 0.0042803 secs]
[GC (Allocation Failure)  15510K->3350K(22528K), 0.0050040 secs]
[GC (Allocation Failure)  15638K->3414K(22528K), 0.0060343 secs]
[GC (Allocation Failure)  15702K->3606K(22528K), 0.0084240 secs]
[GC (Allocation Failure)  15894K->3702K(22528K), 0.0093476 secs]
[GC (Allocation Failure)  15990K->3062K(22528K), 0.0016984 secs]
[GC (Allocation Failure)  15350K->3126K(22528K), 0.0027497 secs]
[GC (Allocation Failure)  15414K->3222K(22528K), 0.0033785 secs]
[GC (Allocation Failure)  15510K->3350K(22528K), 0.0045874 secs]
[GC (Allocation Failure)  15638K->3350K(22528K), 0.0055593 secs]
[GC (Allocation Failure)  15638K->3478K(22528K), 0.0062501 secs]
[GC (Allocation Failure)  15766K->3638K(22528K), 0.0076891 secs]
[GC (Allocation Failure)  15926K->2870K(22528K), 0.0015617 secs]
[GC (Allocation Failure)  15158K->3094K(22528K), 0.0020830 secs]
[GC (Allocation Failure)  15382K->3158K(22528K), 0.0029381 secs]
[GC (Allocation Failure)  15446K->3222K(22528K), 0.0041435 secs]
[GC (Allocation Failure)  15510K->3350K(22528K), 0.0055007 secs]
[GC (Allocation Failure)  15638K->3414K(22528K), 0.0065134 secs]
[GC (Allocation Failure)  15702K->3606K(22528K), 0.0069750 secs]
[GC (Allocation Failure)  15894K->3670K(22528K), 0.0086302 secs]
[GC (Allocation Failure)  15958K->2902K(22528K), 0.0014749 secs]
[GC (Allocation Failure)  15190K->3126K(22528K), 0.0019597 secs]
[GC (Allocation Failure)  15414K->3190K(22528K), 0.0034892 secs]
[GC (Allocation Failure)  15478K->3286K(22528K), 0.0044033 secs]
[GC (Allocation Failure)  15574K->3382K(22528K), 0.0055119 secs]
[GC (Allocation Failure)  15670K->3510K(22528K), 0.0074385 secs]
[GC (Allocation Failure)  15798K->3638K(22528K), 0.0081816 secs]
[GC (Allocation Failure)  15926K->3702K(22528K), 0.0100633 secs]
[GC (Allocation Failure)  15990K->3198K(22528K), 0.0015394 secs]
[GC (Allocation Failure)  15486K->3262K(22528K), 0.0027875 secs]
[GC (Allocation Failure)  15550K->3294K(22528K), 0.0042371 secs]
[GC (Allocation Failure)  15582K->3422K(22528K), 0.0047041 secs]
[GC (Allocation Failure)  15710K->3550K(22528K), 0.0059358 secs]
[GC (Allocation Failure)  15838K->3678K(22528K), 0.0066768 secs]
[GC (Allocation Failure)  15966K->3710K(22528K), 0.0093841 secs]
[GC (Allocation Failure)  15998K->3070K(22528K), 0.0013570 secs]
[GC (Allocation Failure)  15358K->3198K(22528K), 0.0025900 secs]
[GC (Allocation Failure)  15486K->3294K(22528K), 0.0029796 secs]
[GC (Allocation Failure)  15582K->3326K(22528K), 0.0039925 secs]
[GC (Allocation Failure)  15614K->3422K(22528K), 0.0057452 secs]
[GC (Allocation Failure)  15710K->3582K(22528K), 0.0066187 secs]
[GC (Allocation Failure)  15870K->3710K(22528K), 0.0082769 secs]
[GC (Allocation Failure)  15998K->3830K(22528K), 0.0095147 secs]
[GC (Allocation Failure)  16118K->3430K(22528K), 0.0021348 secs]
[GC (Allocation Failure)  15718K->3558K(22528K), 0.0028705 secs]
[GC (Allocation Failure)  15846K->3686K(22528K), 0.0035398 secs]
[GC (Allocation Failure)  15974K->3750K(22528K), 0.0046236 secs]
[GC (Allocation Failure)  16038K->3846K(22528K), 0.0054110 secs]
[GC (Allocation Failure)  16134K->3942K(22528K), 0.0065790 secs]
[GC (Allocation Failure)  16230K->4006K(22528K), 0.0081458 secs]
[GC (Allocation Failure)  16294K->3318K(22528K), 0.0018074 secs]
[GC (Allocation Failure)  15606K->3574K(22528K), 0.0014713 secs]
[GC (Allocation Failure)  15862K->3606K(22528K), 0.0028338 secs]
[GC (Allocation Failure)  15894K->3702K(22528K), 0.0042779 secs]
[GC (Allocation Failure)  15990K->3766K(22528K), 0.0060031 secs]
[GC (Allocation Failure)  16054K->3958K(22528K), 0.0072688 secs]
[GC (Allocation Failure)  16246K->4158K(22528K), 0.0074764 secs]
[GC (Allocation Failure)  16446K->4190K(22528K), 0.0092394 secs]
[GC (Allocation Failure)  16478K->3622K(22528K), 0.0017273 secs]
[GC (Allocation Failure)  15910K->3814K(22528K), 0.0029327 secs]
[GC (Allocation Failure)  16102K->3846K(22528K), 0.0041648 secs]
[GC (Allocation Failure)  16134K->3974K(22528K), 0.0048731 secs]
[GC (Allocation Failure)  16262K->4070K(22528K), 0.0053270 secs]
[GC (Allocation Failure)  16358K->4166K(22528K), 0.0071208 secs]
[GC (Allocation Failure)  16454K->4294K(22528K), 0.0082049 secs]
[GC (Allocation Failure)  16582K->3590K(22528K), 0.0011492 secs]
[GC (Allocation Failure)  15878K->3814K(22528K), 0.0016966 secs]
[GC (Allocation Failure)  16102K->3846K(22528K), 0.0030413 secs]
[GC (Allocation Failure)  16134K->3910K(22528K), 0.0040399 secs]
[GC (Allocation Failure)  16198K->4006K(22528K), 0.0052421 secs]
[GC (Allocation Failure)  16294K->4070K(22528K), 0.0078164 secs]
[GC (Allocation Failure)  16358K->4262K(22528K), 0.0094151 secs]
[GC (Allocation Failure)  16550K->4358K(22528K), 0.0098380 secs]
[GC (Allocation Failure)  16646K->3590K(22528K), 0.0014367 secs]
[GC (Allocation Failure)  15878K->3846K(22528K), 0.0020488 secs]
[GC (Allocation Failure)  16134K->3878K(22528K), 0.0033333 secs]
[GC (Allocation Failure)  16166K->4006K(22528K), 0.0041268 secs]
[GC (Allocation Failure)  16294K->4102K(22528K), 0.0050590 secs]
[GC (Allocation Failure)  16390K->4134K(22528K), 0.0067393 secs]
[GC (Allocation Failure)  16422K->4294K(22528K), 0.0080410 secs]
[GC (Allocation Failure)  16582K->4294K(22528K), 0.0077138 secs]
[GC (Allocation Failure)  16582K->3942K(22528K), 0.0020284 secs]
[GC (Allocation Failure)  16230K->4198K(22528K), 0.0027640 secs]
[GC (Allocation Failure)  16486K->4294K(22528K), 0.0035649 secs]
[GC (Allocation Failure)  16582K->4390K(22528K), 0.0038479 secs]
[GC (Allocation Failure)  16678K->4454K(22528K), 0.0056175 secs]
[GC (Allocation Failure)  16742K->4518K(22528K), 0.0058990 secs]
[GC (Allocation Failure)  16806K->4678K(22528K), 0.0076368 secs]
[GC (Allocation Failure)  16966K->4014K(22528K), 0.0010078 secs]
[GC (Allocation Failure)  16302K->4238K(22528K), 0.0019849 secs]
[GC (Allocation Failure)  16526K->4270K(22528K), 0.0029854 secs]
[GC (Allocation Failure)  16558K->4334K(22528K), 0.0043266 secs]
[GC (Allocation Failure)  16622K->4494K(22528K), 0.0049994 secs]
[GC (Allocation Failure)  16782K->4622K(22528K), 0.0064061 secs]
[GC (Allocation Failure)  16910K->4686K(22528K), 0.0079208 secs]
[GC (Allocation Failure)  16974K->4782K(22528K), 0.0082017 secs]
[GC (Allocation Failure)  17070K->4398K(22528K), 0.0023932 secs]
[GC (Allocation Failure)  16686K->4590K(22528K), 0.0026401 secs]
[GC (Allocation Failure)  16878K->4654K(22528K), 0.0036171 secs]
[GC (Allocation Failure)  16942K->4718K(22528K), 0.0041019 secs]
[GC (Allocation Failure)  17006K->4814K(22528K), 0.0062539 secs]
[GC (Allocation Failure)  17102K->4942K(22528K), 0.0069886 secs]
[GC (Allocation Failure)  17230K->5190K(22528K), 0.0076326 secs]
[GC (Allocation Failure)  17478K->4486K(22528K), 0.0010970 secs]
[GC (Allocation Failure)  16774K->4774K(22528K), 0.0013611 secs]
[GC (Allocation Failure)  17062K->4806K(22528K), 0.0030329 secs]
[GC (Allocation Failure)  17094K->4902K(22528K), 0.0044324 secs]
[GC (Allocation Failure)  17190K->4966K(22528K), 0.0047953 secs]
[GC (Allocation Failure)  17254K->5126K(22528K), 0.0066747 secs]
[GC (Allocation Failure)  17414K->5158K(22528K), 0.0080312 secs]
[GC (Allocation Failure)  17446K->5598K(22528K), 0.0086235 secs]
[GC (Allocation Failure)  17886K->5222K(22528K), 0.0021000 secs]
[GC (Allocation Failure)  17510K->5350K(22528K), 0.0021891 secs]
[GC (Allocation Failure)  17638K->5382K(22528K), 0.0030381 secs]
[GC (Allocation Failure)  17670K->5446K(22528K), 0.0046164 secs]
[GC (Allocation Failure)  17734K->5606K(22528K), 0.0055381 secs]
[GC (Allocation Failure)  17894K->5702K(22528K), 0.0078162 secs]
[GC (Allocation Failure)  17990K->5862K(22528K), 0.0087024 secs]
[GC (Allocation Failure)  18150K->6078K(22528K), 0.0090679 secs]
[GC (Allocation Failure)  18366K->5454K(22528K), 0.0018295 secs]
[GC (Allocation Failure)  17742K->5486K(22528K), 0.0029550 secs]
[GC (Allocation Failure)  17774K->5550K(22528K), 0.0040829 secs]
[GC (Allocation Failure)  17838K->5646K(22528K), 0.0047134 secs]
[GC (Allocation Failure)  17934K->5806K(22528K), 0.0073412 secs]
[GC (Allocation Failure)  18094K->5902K(22528K), 0.0075999 secs]
[GC (Allocation Failure)  18190K->6030K(22528K), 0.0081893 secs]
[GC (Allocation Failure)  18318K->5342K(22528K), 0.0012380 secs]
[GC (Allocation Failure)  17630K->5566K(22528K), 0.0023890 secs]
[GC (Allocation Failure)  17854K->5662K(22528K), 0.0035484 secs]
[GC (Allocation Failure)  17950K->5758K(22528K), 0.0036323 secs]
[GC (Allocation Failure)  18046K->5854K(22528K), 0.0045901 secs]
[GC (Allocation Failure)  18142K->5886K(22528K), 0.0057854 secs]
[GC (Allocation Failure)  18174K->6014K(22528K), 0.0068164 secs]
[GC (Allocation Failure)  18302K->6110K(22528K), 0.0086894 secs]
[GC (Allocation Failure)  18398K->5566K(22528K), 0.0018656 secs]
[GC (Allocation Failure)  17854K->5630K(22528K), 0.0025790 secs]
[GC (Allocation Failure)  17918K->5694K(22528K), 0.0043459 secs]
[GC (Allocation Failure)  17982K->5822K(22528K), 0.0049350 secs]
[GC (Allocation Failure)  18110K->5950K(22528K), 0.0059003 secs]
[GC (Allocation Failure)  18238K->6046K(22528K), 0.0086229 secs]
[GC (Allocation Failure)  18334K->6110K(22528K), 0.0089579 secs]
[GC (Allocation Failure)  18398K->5342K(22528K), 0.0014591 secs]
[GC (Allocation Failure)  17630K->5566K(22528K), 0.0020718 secs]
[GC (Allocation Failure)  17854K->5662K(22528K), 0.0024183 secs]
[GC (Allocation Failure)  17950K->5694K(22528K), 0.0033387 secs]
[GC (Allocation Failure)  17982K->5790K(22528K), 0.0045448 secs]
[GC (Allocation Failure)  18078K->5918K(22528K), 0.0058611 secs]
[GC (Allocation Failure)  18206K->6014K(22528K), 0.0065017 secs]
[GC (Allocation Failure)  18302K->6078K(22528K), 0.0078896 secs]
[GC (Allocation Failure)  18366K->5406K(22528K), 0.0020825 secs]
[GC (Allocation Failure)  17694K->5598K(22528K), 0.0027050 secs]
[GC (Allocation Failure)  17886K->5662K(22528K), 0.0035363 secs]
[GC (Allocation Failure)  17950K->5790K(22528K), 0.0052079 secs]
[GC (Allocation Failure)  18078K->5854K(22528K), 0.0054867 secs]
[GC (Allocation Failure)  18142K->5918K(22528K), 0.0061484 secs]
[GC (Allocation Failure)  18206K->6078K(22528K), 0.0081796 secs]
[GC (Allocation Failure)  18366K->5342K(22528K), 0.0012239 secs]
[GC (Allocation Failure)  17630K->5598K(22528K), 0.0015787 secs]
[GC (Allocation Failure)  17886K->5630K(22528K), 0.0022904 secs]
[GC (Allocation Failure)  17918K->5726K(22528K), 0.0040191 secs]
[GC (Allocation Failure)  18014K->5790K(22528K), 0.0050766 secs]
[GC (Allocation Failure)  18078K->5918K(22528K), 0.0066672 secs]
[GC (Allocation Failure)  18206K->6014K(22528K), 0.0075114 secs]
[GC (Allocation Failure)  18302K->6142K(22528K), 0.0089297 secs]
[GC (Allocation Failure)  18430K->5374K(22528K), 0.0013827 secs]
[GC (Allocation Failure)  17662K->5598K(22528K), 0.0024435 secs]
[GC (Allocation Failure)  17886K->5630K(22528K), 0.0035523 secs]
[GC (Allocation Failure)  17918K->5758K(22528K), 0.0045849 secs]
[GC (Allocation Failure)  18046K->5918K(22528K), 0.0059586 secs]
[GC (Allocation Failure)  18206K->5918K(22528K), 0.0066720 secs]
[GC (Allocation Failure)  18206K->6078K(22528K), 0.0076703 secs]
[GC (Allocation Failure)  18366K->6174K(22528K), 0.0087929 secs]
[GC (Allocation Failure)  18462K->5566K(22528K), 0.0012794 secs]
[GC (Allocation Failure)  17854K->5630K(22528K), 0.0026388 secs]
[GC (Allocation Failure)  17918K->5726K(22528K), 0.0030280 secs]
[GC (Allocation Failure)  18014K->5726K(22528K), 0.0046226 secs]
[GC (Allocation Failure)  18014K->5854K(22528K), 0.0057487 secs]
[GC (Allocation Failure)  18142K->6014K(22528K), 0.0067305 secs]
[GC (Allocation Failure)  18302K->6110K(22528K), 0.0084018 secs]
[GC (Allocation Failure)  18398K->5310K(22528K), 0.0016047 secs]
[GC (Allocation Failure)  17598K->5566K(22528K), 0.0026249 secs]
[GC (Allocation Failure)  17854K->5662K(22528K), 0.0030588 secs]
[GC (Allocation Failure)  17950K->5726K(22528K), 0.0045755 secs]
[GC (Allocation Failure)  18014K->5790K(22528K), 0.0049053 secs]
[GC (Allocation Failure)  18078K->5918K(22528K), 0.0050777 secs]
[GC (Allocation Failure)  18206K->5982K(22528K), 0.0070656 secs]
[GC (Allocation Failure)  18270K->6206K(22528K), 0.0085186 secs]
[GC (Allocation Failure)  18494K->5502K(22528K), 0.0015351 secs]
[GC (Allocation Failure)  17790K->5630K(22528K), 0.0019249 secs]
[GC (Allocation Failure)  17918K->5662K(22528K), 0.0034805 secs]
[GC (Allocation Failure)  17950K->5726K(22528K), 0.0049734 secs]
[GC (Allocation Failure)  18014K->5822K(22528K), 0.0055611 secs]
[GC (Allocation Failure)  18110K->5982K(22528K), 0.0072019 secs]
[GC (Allocation Failure)  18270K->6046K(22528K), 0.0076165 secs]
[GC (Allocation Failure)  18334K->5310K(22528K), 0.0013530 secs]
[GC (Allocation Failure)  17598K->5566K(22528K), 0.0026655 secs]
[GC (Allocation Failure)  17854K->5630K(22528K), 0.0029935 secs]
[GC (Allocation Failure)  17918K->5726K(22528K), 0.0040749 secs]
[GC (Allocation Failure)  18014K->5822K(22528K), 0.0050050 secs]
[GC (Allocation Failure)  18110K->5886K(22528K), 0.0058429 secs]
[GC (Allocation Failure)  18174K->6014K(22528K), 0.0081497 secs]
[GC (Allocation Failure)  18302K->6142K(22528K), 0.0096765 secs]
[GC (Allocation Failure)  18430K->5726K(22528K), 0.0022820 secs]
[GC (Allocation Failure)  18014K->5790K(22528K), 0.0025376 secs]
[GC (Allocation Failure)  18078K->5854K(22528K), 0.0034977 secs]
[GC (Allocation Failure)  18142K->5918K(22528K), 0.0048466 secs]
[GC (Allocation Failure)  18206K->5982K(22528K), 0.0058233 secs]
[GC (Allocation Failure)  18270K->6206K(22528K), 0.0070360 secs]
[GC (Allocation Failure)  18494K->6270K(22528K), 0.0090656 secs]
[GC (Allocation Failure)  18558K->6430K(22528K), 0.0101227 secs]
[GC (Allocation Failure)  18718K->5758K(22528K), 0.0015939 secs]
[GC (Allocation Failure)  18046K->5790K(22528K), 0.0027676 secs]
[GC (Allocation Failure)  18078K->5854K(22528K), 0.0034580 secs]
[GC (Allocation Failure)  18142K->6014K(22528K), 0.0048057 secs]
[GC (Allocation Failure)  18302K->6046K(22528K), 0.0056249 secs]
[GC (Allocation Failure)  18334K->6174K(22528K), 0.0068270 secs]
[GC (Allocation Failure)  18462K->6270K(22528K), 0.0078410 secs]
[GC (Allocation Failure)  18558K->5598K(22528K), 0.0014572 secs]
[GC (Allocation Failure)  17886K->5790K(22528K), 0.0022664 secs]
[GC (Allocation Failure)  18078K->5822K(22528K), 0.0032618 secs]
[GC (Allocation Failure)  18110K->5918K(22528K), 0.0045913 secs]
[GC (Allocation Failure)  18206K->6014K(22528K), 0.0058049 secs]
[GC (Allocation Failure)  18302K->6110K(22528K), 0.0067599 secs]
[GC (Allocation Failure)  18398K->6238K(22528K), 0.0082632 secs]
[GC (Allocation Failure)  18526K->6302K(22528K), 0.0092785 secs]
[GC (Allocation Failure)  18590K->5726K(22528K), 0.0017076 secs]
[GC (Allocation Failure)  18014K->5822K(22528K), 0.0023564 secs]
[GC (Allocation Failure)  18110K->5822K(22528K), 0.0038038 secs]
[GC (Allocation Failure)  18110K->6014K(22528K), 0.0041318 secs]
[GC (Allocation Failure)  18302K->6046K(22528K), 0.0054484 secs]
[GC (Allocation Failure)  18334K->6174K(22528K), 0.0074482 secs]
[GC (Allocation Failure)  18462K->6238K(22528K), 0.0080619 secs]
[GC (Allocation Failure)  18526K->5830K(22528K), 0.0022361 secs]
[GC (Allocation Failure)  18118K->6118K(22528K), 0.0017887 secs]
[GC (Allocation Failure)  18406K->6150K(22528K), 0.0033378 secs]
[GC (Allocation Failure)  18438K->6246K(22528K), 0.0042856 secs]
[GC (Allocation Failure)  18534K->6342K(22528K), 0.0053234 secs]
[GC (Allocation Failure)  18630K->6406K(22528K), 0.0059667 secs]
[GC (Allocation Failure)  18694K->6534K(22528K), 0.0078560 secs]
[GC (Allocation Failure)  18822K->6662K(22528K), 0.0086793 secs]
[GC (Allocation Failure)  18950K->6254K(22528K), 0.0021585 secs]
[GC (Allocation Failure)  18542K->6478K(22528K), 0.0022634 secs]
[GC (Allocation Failure)  18766K->6542K(22528K), 0.0030994 secs]
[GC (Allocation Failure)  18830K->6606K(22528K), 0.0042925 secs]
[GC (Allocation Failure)  18894K->6702K(22528K), 0.0059140 secs]
[GC (Allocation Failure)  18990K->6862K(22528K), 0.0065717 secs]
[GC (Allocation Failure)  19150K->6894K(22528K), 0.0087133 secs]
[GC (Allocation Failure)  19182K->6190K(22528K), 0.0013785 secs]
[GC (Allocation Failure)  18478K->6446K(22528K), 0.0012515 secs]
[GC (Allocation Failure)  18734K->6478K(22528K), 0.0024895 secs]
[GC (Allocation Failure)  18766K->6542K(22528K), 0.0044483 secs]
[GC (Allocation Failure)  18830K->6638K(22528K), 0.0059083 secs]
[GC (Allocation Failure)  18926K->6766K(22528K), 0.0065079 secs]
[GC (Allocation Failure)  19054K->6974K(22528K), 0.0081015 secs]
[GC (Allocation Failure)  19262K->7038K(22528K), 0.0097858 secs]
[GC (Allocation Failure)  19326K->6398K(22528K), 0.0011124 secs]
[GC (Allocation Failure)  18686K->6526K(22528K), 0.0024786 secs]
[GC (Allocation Failure)  18814K->6558K(22528K), 0.0039163 secs]
[GC (Allocation Failure)  18846K->6686K(22528K), 0.0044840 secs]
[GC (Allocation Failure)  18974K->6782K(22528K), 0.0056070 secs]
[GC (Allocation Failure)  19070K->6846K(22528K), 0.0073010 secs]
[GC (Allocation Failure)  19134K->7038K(22528K), 0.0081887 secs]
[GC (Allocation Failure)  19326K->7070K(22528K), 0.0098050 secs]
[GC (Allocation Failure)  19358K->6494K(22528K), 0.0021651 secs]
[GC (Allocation Failure)  18782K->6526K(22528K), 0.0026601 secs]
[GC (Allocation Failure)  18814K->6558K(22528K), 0.0039394 secs]
[GC (Allocation Failure)  18846K->6782K(22528K), 0.0051358 secs]
[GC (Allocation Failure)  19070K->6814K(22528K), 0.0066417 secs]
[GC (Allocation Failure)  19102K->6942K(22528K), 0.0069295 secs]
[GC (Allocation Failure)  19230K->7102K(22528K), 0.0086292 secs]
[GC (Allocation Failure)  19390K->6366K(22528K), 0.0011599 secs]
[GC (Allocation Failure)  18654K->6558K(22528K), 0.0021301 secs]
[GC (Allocation Failure)  18846K->6654K(22528K), 0.0030047 secs]
[GC (Allocation Failure)  18942K->6750K(22528K), 0.0039192 secs]
[GC (Allocation Failure)  19038K->6814K(22528K), 0.0054793 secs]
[GC (Allocation Failure)  19102K->6878K(22528K), 0.0060145 secs]
[GC (Allocation Failure)  19166K->7102K(22528K), 0.0075195 secs]
[GC (Allocation Failure)  19390K->7134K(22528K), 0.0083785 secs]
[GC (Allocation Failure)  19422K->6494K(22528K), 0.0016867 secs]
[GC (Allocation Failure)  18782K->6622K(22528K), 0.0026680 secs]
[GC (Allocation Failure)  18910K->6654K(22528K), 0.0034790 secs]
[GC (Allocation Failure)  18942K->6782K(22528K), 0.0046309 secs]
[GC (Allocation Failure)  19070K->6846K(22528K), 0.0059483 secs]
[GC (Allocation Failure)  19134K->7006K(22528K), 0.0071539 secs]
[GC (Allocation Failure)  19294K->7102K(22528K), 0.0086337 secs]
[GC (Allocation Failure)  19390K->6438K(22528K), 0.0019537 secs]
[GC (Allocation Failure)  18726K->6694K(22528K), 0.0022253 secs]
[GC (Allocation Failure)  18982K->6758K(22528K), 0.0031587 secs]
[GC (Allocation Failure)  19046K->6854K(22528K), 0.0038293 secs]
[GC (Allocation Failure)  19142K->6982K(22528K), 0.0050576 secs]
[GC (Allocation Failure)  19270K->6982K(22528K), 0.0064492 secs]
[GC (Allocation Failure)  19270K->7142K(22528K), 0.0070718 secs]
[GC (Allocation Failure)  19430K->7270K(22528K), 0.0078150 secs]
[GC (Allocation Failure)  19558K->6534K(22528K), 0.0012842 secs]
[GC (Allocation Failure)  18822K->6694K(22528K), 0.0027316 secs]
[GC (Allocation Failure)  18982K->6790K(22528K), 0.0031266 secs]
[GC (Allocation Failure)  19078K->6886K(22528K), 0.0040579 secs]
[GC (Allocation Failure)  19174K->6982K(22528K), 0.0050271 secs]
[GC (Allocation Failure)  19270K->7046K(22528K), 0.0066421 secs]
[GC (Allocation Failure)  19334K->7238K(22528K), 0.0082152 secs]
[GC (Allocation Failure)  19526K->7510K(22528K), 0.0087653 secs]
[GC (Allocation Failure)  19798K->6806K(22528K), 0.0011164 secs]
[GC (Allocation Failure)  19094K->6934K(22528K), 0.0030994 secs]
[GC (Allocation Failure)  19222K->7062K(22528K), 0.0032091 secs]
[GC (Allocation Failure)  19350K->7094K(22528K), 0.0046588 secs]
[GC (Allocation Failure)  19382K->7126K(22528K), 0.0059020 secs]
[GC (Allocation Failure)  19414K->7318K(22528K), 0.0067091 secs]
[GC (Allocation Failure)  19606K->7382K(22528K), 0.0076603 secs]
[GC (Allocation Failure)  19670K->6710K(22528K), 0.0013264 secs]
[GC (Allocation Failure)  18998K->6902K(22528K), 0.0022505 secs]
[GC (Allocation Failure)  19190K->6998K(22528K), 0.0033506 secs]
[GC (Allocation Failure)  19286K->7062K(22528K), 0.0047620 secs]
[GC (Allocation Failure)  19350K->7126K(22528K), 0.0062951 secs]
[GC (Allocation Failure)  19414K->7254K(22528K), 0.0073938 secs]
[GC (Allocation Failure)  19542K->7318K(22528K), 0.0081401 secs]
[GC (Allocation Failure)  19606K->7446K(22528K), 0.0097610 secs]
[GC (Allocation Failure)  19734K->7166K(22528K), 0.0020302 secs]
[GC (Allocation Failure)  19454K->7230K(22528K), 0.0023527 secs]
[GC (Allocation Failure)  19518K->7326K(22528K), 0.0036356 secs]
[GC (Allocation Failure)  19614K->7422K(22528K), 0.0050099 secs]
[GC (Allocation Failure)  19710K->7550K(22528K), 0.0059640 secs]
[GC (Allocation Failure)  19838K->7614K(22528K), 0.0075620 secs]
[GC (Allocation Failure)  19902K->7774K(22528K), 0.0088914 secs]
[GC (Allocation Failure)  20062K->7262K(22528K), 0.0016970 secs]
[GC (Allocation Failure)  19550K->7454K(22528K), 0.0023403 secs]
[GC (Allocation Failure)  19742K->7550K(22528K), 0.0031125 secs]
[GC (Allocation Failure)  19838K->7582K(22528K), 0.0037688 secs]
[GC (Allocation Failure)  19870K->7710K(22528K), 0.0042656 secs]
[GC (Allocation Failure)  19998K->7806K(22528K), 0.0059287 secs]
[GC (Allocation Failure)  20094K->7934K(22528K), 0.0067955 secs]
[GC (Allocation Failure)  20222K->8294K(22528K), 0.0077266 secs]
[GC (Allocation Failure)  20582K->7718K(22528K), 0.0016675 secs]
[GC (Allocation Failure)  20006K->7718K(22528K), 0.0023520 secs]
[GC (Allocation Failure)  20006K->7814K(22528K), 0.0033168 secs]
[GC (Allocation Failure)  20102K->7910K(22528K), 0.0043217 secs]
[GC (Allocation Failure)  20198K->7974K(22528K), 0.0053073 secs]
[GC (Allocation Failure)  20262K->8102K(22528K), 0.0062820 secs]
[GC (Allocation Failure)  20390K->8294K(22528K), 0.0075356 secs]
[GC (Allocation Failure)  20582K->7462K(22528K), 0.0014982 secs]
[GC (Allocation Failure)  19750K->7750K(22528K), 0.0018894 secs]
[GC (Allocation Failure)  20038K->7782K(22528K), 0.0032733 secs]
[GC (Allocation Failure)  20070K->7878K(22528K), 0.0047267 secs]
[GC (Allocation Failure)  20166K->7942K(22528K), 0.0048138 secs]
[GC (Allocation Failure)  20230K->8134K(22528K), 0.0064166 secs]
[GC (Allocation Failure)  20422K->8166K(22528K), 0.0070135 secs]
[GC (Allocation Failure)  20454K->8294K(22528K), 0.0092891 secs]
[GC (Allocation Failure)  20582K->7966K(22528K), 0.0022202 secs]
[Full GC (Ergonomics)  7966K->1767K(22528K), 0.0126048 secs]
[GC (Allocation Failure)  14055K->2055K(22528K), 0.0020424 secs]
[GC (Allocation Failure)  14343K->2119K(22528K), 0.0034788 secs]
[GC (Allocation Failure)  14407K->2247K(22528K), 0.0044314 secs]
[GC (Allocation Failure)  14535K->2311K(22528K), 0.0055064 secs]
[GC (Allocation Failure)  14599K->2471K(22528K), 0.0065544 secs]
[GC (Allocation Failure)  14759K->2535K(22528K), 0.0088189 secs]
[GC (Allocation Failure)  14823K->2823K(22528K), 0.0095052 secs]
[GC (Allocation Failure)  15111K->2183K(22528K), 0.0019748 secs]
[GC (Allocation Failure)  14471K->2247K(22528K), 0.0019619 secs]
[GC (Allocation Failure)  14535K->2311K(22528K), 0.0036447 secs]
[GC (Allocation Failure)  14599K->2407K(22528K), 0.0052540 secs]
[GC (Allocation Failure)  14695K->2471K(22528K), 0.0059078 secs]
[GC (Allocation Failure)  14759K->2599K(22528K), 0.0066990 secs]
[GC (Allocation Failure)  14887K->2759K(22528K), 0.0084596 secs]
[GC (Allocation Failure)  15047K->2223K(22528K), 0.0012987 secs]
[GC (Allocation Failure)  14511K->2415K(22528K), 0.0023935 secs]
[GC (Allocation Failure)  14703K->2511K(22528K), 0.0027307 secs]
[GC (Allocation Failure)  14799K->2607K(22528K), 0.0038027 secs]
[GC (Allocation Failure)  14895K->2671K(22528K), 0.0051664 secs]
[GC (Allocation Failure)  14959K->2735K(22528K), 0.0060166 secs]
[GC (Allocation Failure)  15023K->2863K(22528K), 0.0065514 secs]
[GC (Allocation Failure)  15151K->2959K(22528K), 0.0080452 secs]
[GC (Allocation Failure)  15247K->2383K(22528K), 0.0017311 secs]
[GC (Allocation Failure)  14671K->2479K(22528K), 0.0022437 secs]
[GC (Allocation Failure)  14767K->2511K(22528K), 0.0033330 secs]
[GC (Allocation Failure)  14799K->2639K(22528K), 0.0043847 secs]
[GC (Allocation Failure)  14927K->2735K(22528K), 0.0064450 secs]
[GC (Allocation Failure)  15023K->2831K(22528K), 0.0087803 secs]
[GC (Allocation Failure)  15119K->2959K(22528K), 0.0096003 secs]
[GC (Allocation Failure)  15247K->2231K(22528K), 0.0008099 secs]
[GC (Allocation Failure)  14519K->2487K(22528K), 0.0016936 secs]
[GC (Allocation Failure)  14775K->2551K(22528K), 0.0030748 secs]
[GC (Allocation Failure)  14839K->2679K(22528K), 0.0047474 secs]
[GC (Allocation Failure)  14967K->2775K(22528K), 0.0059576 secs]
[GC (Allocation Failure)  15063K->2903K(22528K), 0.0085331 secs]
[GC (Allocation Failure)  15191K->2967K(22528K), 0.0081702 secs]
[GC (Allocation Failure)  15255K->3199K(22528K), 0.0104845 secs]
[GC (Allocation Failure)  15487K->2655K(22528K), 0.0007650 secs]
[GC (Allocation Failure)  14943K->2687K(22528K), 0.0021123 secs]
[GC (Allocation Failure)  14975K->2687K(22528K), 0.0029049 secs]
[GC (Allocation Failure)  14975K->2847K(22528K), 0.0046394 secs]
[GC (Allocation Failure)  15135K->2975K(22528K), 0.0049851 secs]
[GC (Allocation Failure)  15263K->3071K(22528K), 0.0065627 secs]
[GC (Allocation Failure)  15359K->3199K(22528K), 0.0071401 secs]
[GC (Allocation Failure)  15487K->3295K(22528K), 0.0091752 secs]
[GC (Allocation Failure)  15583K->2655K(22528K), 0.0014372 secs]
[GC (Allocation Failure)  14943K->2687K(22528K), 0.0024606 secs]
[GC (Allocation Failure)  14975K->2751K(22528K), 0.0041453 secs]
[GC (Allocation Failure)  15039K->2879K(22528K), 0.0049213 secs]
[GC (Allocation Failure)  15167K->3007K(22528K), 0.0063370 secs]
[GC (Allocation Failure)  15295K->3103K(22528K), 0.0074011 secs]
[GC (Allocation Failure)  15391K->3231K(22528K), 0.0085771 secs]
[GC (Allocation Failure)  15519K->2463K(22528K), 0.0014292 secs]
[GC (Allocation Failure)  14751K->2687K(22528K), 0.0016740 secs]
[GC (Allocation Failure)  14975K->2751K(22528K), 0.0031113 secs]
[GC (Allocation Failure)  15039K->2879K(22528K), 0.0043299 secs]
[GC (Allocation Failure)  15167K->2911K(22528K), 0.0059769 secs]
[GC (Allocation Failure)  15199K->3007K(22528K), 0.0061076 secs]
[GC (Allocation Failure)  15295K->3199K(22528K), 0.0079782 secs]
[GC (Allocation Failure)  15487K->3231K(22528K), 0.0099403 secs]
[GC (Allocation Failure)  15519K->2679K(22528K), 0.0010853 secs]
[GC (Allocation Failure)  14967K->2775K(22528K), 0.0027450 secs]
[GC (Allocation Failure)  15063K->2807K(22528K), 0.0040762 secs]
[GC (Allocation Failure)  15095K->2967K(22528K), 0.0047242 secs]
[GC (Allocation Failure)  15255K->2999K(22528K), 0.0061857 secs]
[GC (Allocation Failure)  15287K->3127K(22528K), 0.0074696 secs]
[GC (Allocation Failure)  15415K->3255K(22528K), 0.0099188 secs]
[GC (Allocation Failure)  15543K->2471K(22528K), 0.0016616 secs]
[GC (Allocation Failure)  14759K->2727K(22528K), 0.0019261 secs]
[GC (Allocation Failure)  15015K->2823K(22528K), 0.0030580 secs]
[GC (Allocation Failure)  15111K->2887K(22528K), 0.0042610 secs]
[GC (Allocation Failure)  15175K->3015K(22528K), 0.0047355 secs]
[GC (Allocation Failure)  15303K->3079K(22528K), 0.0060525 secs]
[GC (Allocation Failure)  15367K->3175K(22528K), 0.0076423 secs]
[GC (Allocation Failure)  15463K->3303K(22528K), 0.0087702 secs]
[GC (Allocation Failure)  15591K->2663K(22528K), 0.0011381 secs]
[GC (Allocation Failure)  14951K->2823K(22528K), 0.0019023 secs]
[GC (Allocation Failure)  15111K->2919K(22528K), 0.0027655 secs]
[GC (Allocation Failure)  15207K->2983K(22528K), 0.0050283 secs]
[GC (Allocation Failure)  15271K->3047K(22528K), 0.0060722 secs]
[GC (Allocation Failure)  15335K->3207K(22528K), 0.0062527 secs]
[GC (Allocation Failure)  15495K->3271K(22528K), 0.0085877 secs]
[GC (Allocation Failure)  15559K->2535K(22528K), 0.0013857 secs]
[GC (Allocation Failure)  14823K->2791K(22528K), 0.0017768 secs]
[GC (Allocation Failure)  15079K->2855K(22528K), 0.0020962 secs]
[GC (Allocation Failure)  15143K->2919K(22528K), 0.0041870 secs]
[GC (Allocation Failure)  15207K->3047K(22528K), 0.0047351 secs]
[GC (Allocation Failure)  15335K->3111K(22528K), 0.0058220 secs]
[GC (Allocation Failure)  15399K->3239K(22528K), 0.0079641 secs]
[GC (Allocation Failure)  15527K->3367K(22528K), 0.0089456 secs]
[GC (Allocation Failure)  15655K->2599K(22528K), 0.0014959 secs]
[GC (Allocation Failure)  14887K->2791K(22528K), 0.0025684 secs]
[GC (Allocation Failure)  15079K->2855K(22528K), 0.0027864 secs]
[GC (Allocation Failure)  15143K->2983K(22528K), 0.0043290 secs]
[GC (Allocation Failure)  15271K->3111K(22528K), 0.0060492 secs]
[GC (Allocation Failure)  15399K->3207K(22528K), 0.0064937 secs]
[GC (Allocation Failure)  15495K->3271K(22528K), 0.0073093 secs]
[GC (Allocation Failure)  15559K->3399K(22528K), 0.0093271 secs]
[GC (Allocation Failure)  15687K->2727K(22528K), 0.0014589 secs]
[GC (Allocation Failure)  15015K->2855K(22528K), 0.0026269 secs]
[GC (Allocation Failure)  15143K->2887K(22528K), 0.0034576 secs]
[GC (Allocation Failure)  15175K->3015K(22528K), 0.0055190 secs]
[GC (Allocation Failure)  15303K->3111K(22528K), 0.0049461 secs]
[GC (Allocation Failure)  15399K->3239K(22528K), 0.0064542 secs]
[GC (Allocation Failure)  15527K->3399K(22528K), 0.0078166 secs]
[GC (Allocation Failure)  15687K->2567K(22528K), 0.0015532 secs]
[GC (Allocation Failure)  14855K->2791K(22528K), 0.0019231 secs]
[GC (Allocation Failure)  15079K->2855K(22528K), 0.0038900 secs]
[GC (Allocation Failure)  15143K->2983K(22528K), 0.0040955 secs]
[GC (Allocation Failure)  15271K->3079K(22528K), 0.0053434 secs]
[GC (Allocation Failure)  15367K->3207K(22528K), 0.0065560 secs]
[GC (Allocation Failure)  15495K->3303K(22528K), 0.0071490 secs]
[GC (Allocation Failure)  15591K->3431K(22528K), 0.0086428 secs]
[GC (Allocation Failure)  15719K->2631K(22528K), 0.0015462 secs]
[GC (Allocation Failure)  14919K->2823K(22528K), 0.0021068 secs]
[GC (Allocation Failure)  15111K->2887K(22528K), 0.0037647 secs]
[GC (Allocation Failure)  15175K->2983K(22528K), 0.0045269 secs]
[GC (Allocation Failure)  15271K->3079K(22528K), 0.0055396 secs]
[GC (Allocation Failure)  15367K->3239K(22528K), 0.0067128 secs]
[GC (Allocation Failure)  15527K->3335K(22528K), 0.0096346 secs]
[GC (Allocation Failure)  15623K->2567K(22528K), 0.0017023 secs]
[GC (Allocation Failure)  14855K->2791K(22528K), 0.0016297 secs]
[GC (Allocation Failure)  15079K->2855K(22528K), 0.0028719 secs]
