[GC (System.gc())  7893K->1736K(22528K), 0.0029002 secs]
[Full GC (System.gc())  1736K->1563K(22528K), 0.0107859 secs]
[GC (Allocation Failure)  13851K->1883K(22528K), 0.0018014 secs]
[GC (Allocation Failure)  14171K->1923K(22528K), 0.0024911 secs]
[GC (Allocation Failure)  14211K->1963K(22528K), 0.0038974 secs]
[GC (Allocation Failure)  14251K->2091K(22528K), 0.0051968 secs]
[GC (Allocation Failure)  14379K->2251K(22528K), 0.0072372 secs]
[GC (Allocation Failure)  14539K->2283K(22528K), 0.0087346 secs]
[GC (Allocation Failure)  14571K->2443K(22528K), 0.0100125 secs]
[GC (Allocation Failure)  14731K->1675K(22528K), 0.0011905 secs]
[GC (Allocation Failure)  13963K->1931K(22528K), 0.0022969 secs]
[GC (Allocation Failure)  14219K->1963K(22528K), 0.0029812 secs]
[GC (Allocation Failure)  14251K->1995K(22528K), 0.0040059 secs]
[GC (Allocation Failure)  14283K->2187K(22528K), 0.0054088 secs]
[GC (Allocation Failure)  14475K->2251K(22528K), 0.0064153 secs]
[GC (Allocation Failure)  14539K->2347K(22528K), 0.0070554 secs]
[GC (Allocation Failure)  14635K->2475K(22528K), 0.0105765 secs]
[GC (Allocation Failure)  14763K->1675K(22528K), 0.0019217 secs]
[GC (Allocation Failure)  13963K->1931K(22528K), 0.0029682 secs]
[GC (Allocation Failure)  14219K->1963K(22528K), 0.0040020 secs]
[GC (Allocation Failure)  14251K->2123K(22528K), 0.0043730 secs]
[GC (Allocation Failure)  14411K->2155K(22528K), 0.0068863 secs]
[GC (Allocation Failure)  14443K->2251K(22528K), 0.0077865 secs]
[GC (Allocation Failure)  14539K->2443K(22528K), 0.0091666 secs]
[GC (Allocation Failure)  14731K->1643K(22528K), 0.0013764 secs]
[GC (Allocation Failure)  13931K->1803K(22528K), 0.0013935 secs]
[GC (Allocation Failure)  14091K->1963K(22528K), 0.0030634 secs]
[GC (Allocation Failure)  14251K->2059K(22528K), 0.0031286 secs]
[GC (Allocation Failure)  14347K->2123K(22528K), 0.0055806 secs]
[GC (Allocation Failure)  14411K->2187K(22528K), 0.0057114 secs]
[GC (Allocation Failure)  14475K->2411K(22528K), 0.0092409 secs]
[GC (Allocation Failure)  14699K->2411K(22528K), 0.0107180 secs]
[GC (Allocation Failure)  14699K->1675K(22528K), 0.0015628 secs]
[GC (Allocation Failure)  13963K->1899K(22528K), 0.0027135 secs]
[GC (Allocation Failure)  14187K->2027K(22528K), 0.0035763 secs]
[GC (Allocation Failure)  14315K->2059K(22528K), 0.0055393 secs]
[GC (Allocation Failure)  14347K->2155K(22528K), 0.0052449 secs]
[GC (Allocation Failure)  14443K->2315K(22528K), 0.0079384 secs]
[GC (Allocation Failure)  14603K->2411K(22528K), 0.0091872 secs]
[GC (Allocation Failure)  14699K->1611K(22528K), 0.0012110 secs]
[GC (Allocation Failure)  13899K->1867K(22528K), 0.0021060 secs]
[GC (Allocation Failure)  14155K->1931K(22528K), 0.0027253 secs]
[GC (Allocation Failure)  14219K->2027K(22528K), 0.0040437 secs]
[GC (Allocation Failure)  14315K->2187K(22528K), 0.0055580 secs]
[GC (Allocation Failure)  14475K->2251K(22528K), 0.0075972 secs]
[GC (Allocation Failure)  14539K->2315K(22528K), 0.0089354 secs]
[GC (Allocation Failure)  14603K->2443K(22528K), 0.0112871 secs]
[GC (Allocation Failure)  14731K->1739K(22528K), 0.0013171 secs]
[GC (Allocation Failure)  14027K->1867K(22528K), 0.0023423 secs]
[GC (Allocation Failure)  14155K->1931K(22528K), 0.0032591 secs]
[GC (Allocation Failure)  14219K->2027K(22528K), 0.0045647 secs]
[GC (Allocation Failure)  14315K->2219K(22528K), 0.0071348 secs]
[GC (Allocation Failure)  14507K->2315K(22528K), 0.0095534 secs]
[GC (Allocation Failure)  14603K->2379K(22528K), 0.0110971 secs]
[GC (Allocation Failure)  14667K->2443K(22528K), 0.0147708 secs]
[GC (Allocation Failure)  14731K->1835K(22528K), 0.0012203 secs]
[GC (Allocation Failure)  14123K->1963K(22528K), 0.0042911 secs]
[GC (Allocation Failure)  14251K->1995K(22528K), 0.0039656 secs]
[GC (Allocation Failure)  14283K->2123K(22528K), 0.0078267 secs]
[GC (Allocation Failure)  14411K->2219K(22528K), 0.0081025 secs]
[GC (Allocation Failure)  14507K->2315K(22528K), 0.0091187 secs]
[GC (Allocation Failure)  14603K->2411K(22528K), 0.0123987 secs]
[GC (Allocation Failure)  14699K->1707K(22528K), 0.0017930 secs]
[GC (Allocation Failure)  13995K->1867K(22528K), 0.0027649 secs]
[GC (Allocation Failure)  14155K->1931K(22528K), 0.0030751 secs]
[GC (Allocation Failure)  14219K->2059K(22528K), 0.0043469 secs]
[GC (Allocation Failure)  14347K->2123K(22528K), 0.0052374 secs]
[GC (Allocation Failure)  14411K->2219K(22528K), 0.0079835 secs]
[GC (Allocation Failure)  14507K->2315K(22528K), 0.0099736 secs]
[GC (Allocation Failure)  14603K->2443K(22528K), 0.0131332 secs]
[GC (Allocation Failure)  14731K->1771K(22528K), 0.0015138 secs]
[GC (Allocation Failure)  14059K->1899K(22528K), 0.0035300 secs]
[GC (Allocation Failure)  14187K->1963K(22528K), 0.0046820 secs]
[GC (Allocation Failure)  14251K->2091K(22528K), 0.0049326 secs]
[GC (Allocation Failure)  14379K->2251K(22528K), 0.0072919 secs]
[GC (Allocation Failure)  14539K->2283K(22528K), 0.0091330 secs]
[GC (Allocation Failure)  14571K->2379K(22528K), 0.0105922 secs]
[GC (Allocation Failure)  14667K->1611K(22528K), 0.0015920 secs]
[GC (Allocation Failure)  13899K->1803K(22528K), 0.0014190 secs]
[GC (Allocation Failure)  14091K->1899K(22528K), 0.0037889 secs]
[GC (Allocation Failure)  14187K->1995K(22528K), 0.0048548 secs]
[GC (Allocation Failure)  14283K->2219K(22528K), 0.0074088 secs]
[GC (Allocation Failure)  14507K->2219K(22528K), 0.0081169 secs]
[GC (Allocation Failure)  14507K->2315K(22528K), 0.0092966 secs]
[GC (Allocation Failure)  14603K->2475K(22528K), 0.0114721 secs]
[GC (Allocation Failure)  14763K->1867K(22528K), 0.0017312 secs]
[GC (Allocation Failure)  14155K->1899K(22528K), 0.0024608 secs]
[GC (Allocation Failure)  14187K->1963K(22528K), 0.0061077 secs]
[GC (Allocation Failure)  14251K->2059K(22528K), 0.0058049 secs]
[GC (Allocation Failure)  14347K->2155K(22528K), 0.0069082 secs]
[GC (Allocation Failure)  14443K->2283K(22528K), 0.0115928 secs]
[GC (Allocation Failure)  14571K->2347K(22528K), 0.0081116 secs]
[GC (Allocation Failure)  14635K->1643K(22528K), 0.0016088 secs]
[GC (Allocation Failure)  13931K->1899K(22528K), 0.0025321 secs]
[GC (Allocation Failure)  14187K->1931K(22528K), 0.0028871 secs]
[GC (Allocation Failure)  14219K->2027K(22528K), 0.0048572 secs]
[GC (Allocation Failure)  14315K->2091K(22528K), 0.0049743 secs]
[GC (Allocation Failure)  14379K->2219K(22528K), 0.0092904 secs]
[GC (Allocation Failure)  14507K->2283K(22528K), 0.0122573 secs]
[GC (Allocation Failure)  14571K->2475K(22528K), 0.0114685 secs]
[GC (Allocation Failure)  14763K->1707K(22528K), 0.0018049 secs]
[GC (Allocation Failure)  13995K->1899K(22528K), 0.0023225 secs]
[GC (Allocation Failure)  14187K->1963K(22528K), 0.0033228 secs]
[GC (Allocation Failure)  14251K->1995K(22528K), 0.0044476 secs]
[GC (Allocation Failure)  14283K->2123K(22528K), 0.0062353 secs]
[GC (Allocation Failure)  14411K->2283K(22528K), 0.0066235 secs]
[GC (Allocation Failure)  14571K->2347K(22528K), 0.0113785 secs]
[GC (Allocation Failure)  14635K->2475K(22528K), 0.0118918 secs]
[GC (Allocation Failure)  14763K->1867K(22528K), 0.0013706 secs]
[GC (Allocation Failure)  14155K->1931K(22528K), 0.0030991 secs]
[GC (Allocation Failure)  14219K->2027K(22528K), 0.0053212 secs]
[GC (Allocation Failure)  14315K->2059K(22528K), 0.0069763 secs]
[GC (Allocation Failure)  14347K->2251K(22528K), 0.0066036 secs]
[GC (Allocation Failure)  14539K->2283K(22528K), 0.0108364 secs]
[GC (Allocation Failure)  14571K->2379K(22528K), 0.0132115 secs]
[GC (Allocation Failure)  14667K->1643K(22528K), 0.0019921 secs]
[GC (Allocation Failure)  13931K->1931K(22528K), 0.0015957 secs]
[GC (Allocation Failure)  14219K->1963K(22528K), 0.0024850 secs]
[GC (Allocation Failure)  14251K->2027K(22528K), 0.0054267 secs]
[GC (Allocation Failure)  14315K->2091K(22528K), 0.0060469 secs]
[GC (Allocation Failure)  14379K->2219K(22528K), 0.0069733 secs]
[GC (Allocation Failure)  14507K->2379K(22528K), 0.0110974 secs]
[GC (Allocation Failure)  14667K->2475K(22528K), 0.0126780 secs]
[GC (Allocation Failure)  14763K->1739K(22528K), 0.0019556 secs]
[GC (Allocation Failure)  14027K->1899K(22528K), 0.0031153 secs]
[GC (Allocation Failure)  14187K->1995K(22528K), 0.0039576 secs]
[GC (Allocation Failure)  14283K->2059K(22528K), 0.0050667 secs]
[GC (Allocation Failure)  14347K->2187K(22528K), 0.0077712 secs]
[GC (Allocation Failure)  14475K->2251K(22528K), 0.0089238 secs]
[GC (Allocation Failure)  14539K->2411K(22528K), 0.0120809 secs]
[GC (Allocation Failure)  14699K->1611K(22528K), 0.0010926 secs]
[GC (Allocation Failure)  13899K->1867K(22528K), 0.0019086 secs]
[GC (Allocation Failure)  14155K->1931K(22528K), 0.0032002 secs]
[GC (Allocation Failure)  14219K->2059K(22528K), 0.0032606 secs]
[GC (Allocation Failure)  14347K->2155K(22528K), 0.0043678 secs]
[GC (Allocation Failure)  14443K->2219K(22528K), 0.0070163 secs]
[GC (Allocation Failure)  14507K->2379K(22528K), 0.0086475 secs]
[GC (Allocation Failure)  14667K->2411K(22528K), 0.0102723 secs]
[GC (Allocation Failure)  14699K->1675K(22528K), 0.0010808 secs]
[GC (Allocation Failure)  13963K->1899K(22528K), 0.0020197 secs]
[GC (Allocation Failure)  14187K->2027K(22528K), 0.0031583 secs]
[GC (Allocation Failure)  14315K->2059K(22528K), 0.0046393 secs]
[GC (Allocation Failure)  14347K->2187K(22528K), 0.0055361 secs]
[GC (Allocation Failure)  14475K->2251K(22528K), 0.0075341 secs]
[GC (Allocation Failure)  14539K->2411K(22528K), 0.0087190 secs]
[GC (Allocation Failure)  14699K->2475K(22528K), 0.0101576 secs]
[GC (Allocation Failure)  14763K->1867K(22528K), 0.0021892 secs]
[GC (Allocation Failure)  14155K->1931K(22528K), 0.0020843 secs]
[GC (Allocation Failure)  14219K->2027K(22528K), 0.0033364 secs]
[GC (Allocation Failure)  14315K->2091K(22528K), 0.0047755 secs]
[GC (Allocation Failure)  14379K->2219K(22528K), 0.0058126 secs]
[GC (Allocation Failure)  14507K->2315K(22528K), 0.0068234 secs]
[GC (Allocation Failure)  14603K->2443K(22528K), 0.0073070 secs]
[GC (Allocation Failure)  14731K->1643K(22528K), 0.0017195 secs]
[GC (Allocation Failure)  13931K->1899K(22528K), 0.0024778 secs]
[GC (Allocation Failure)  14187K->1963K(22528K), 0.0027004 secs]
[GC (Allocation Failure)  14251K->1995K(22528K), 0.0035423 secs]
[GC (Allocation Failure)  14283K->2123K(22528K), 0.0041330 secs]
[GC (Allocation Failure)  14411K->2315K(22528K), 0.0063550 secs]
[GC (Allocation Failure)  14603K->2379K(22528K), 0.0079175 secs]
[GC (Allocation Failure)  14667K->2475K(22528K), 0.0100241 secs]
[GC (Allocation Failure)  14763K->1867K(22528K), 0.0013153 secs]
[GC (Allocation Failure)  14155K->1963K(22528K), 0.0018905 secs]
[GC (Allocation Failure)  14251K->1995K(22528K), 0.0032845 secs]
[GC (Allocation Failure)  14283K->2091K(22528K), 0.0041428 secs]
[GC (Allocation Failure)  14379K->2123K(22528K), 0.0053338 secs]
[GC (Allocation Failure)  14411K->2315K(22528K), 0.0064875 secs]
[GC (Allocation Failure)  14603K->2443K(22528K), 0.0104062 secs]
[GC (Allocation Failure)  14731K->1643K(22528K), 0.0018527 secs]
[GC (Allocation Failure)  13931K->1867K(22528K), 0.0016008 secs]
[GC (Allocation Failure)  14155K->1963K(22528K), 0.0027000 secs]
[GC (Allocation Failure)  14251K->1995K(22528K), 0.0039736 secs]
[GC (Allocation Failure)  14283K->2123K(22528K), 0.0054803 secs]
[GC (Allocation Failure)  14411K->2187K(22528K), 0.0066782 secs]
[GC (Allocation Failure)  14475K->2379K(22528K), 0.0078586 secs]
[GC (Allocation Failure)  14667K->2475K(22528K), 0.0092064 secs]
[GC (Allocation Failure)  14763K->1675K(22528K), 0.0015361 secs]
[GC (Allocation Failure)  13963K->1899K(22528K), 0.0020889 secs]
[GC (Allocation Failure)  14187K->1995K(22528K), 0.0030005 secs]
[GC (Allocation Failure)  14283K->2027K(22528K), 0.0041933 secs]
[GC (Allocation Failure)  14315K->2123K(22528K), 0.0059760 secs]
[GC (Allocation Failure)  14411K->2315K(22528K), 0.0065934 secs]
[GC (Allocation Failure)  14603K->2379K(22528K), 0.0071058 secs]
[GC (Allocation Failure)  14667K->1611K(22528K), 0.0016516 secs]
[GC (Allocation Failure)  13899K->1771K(22528K), 0.0012829 secs]
[GC (Allocation Failure)  14059K->1963K(22528K), 0.0024530 secs]
[GC (Allocation Failure)  14251K->2059K(22528K), 0.0037281 secs]
[GC (Allocation Failure)  14347K->2123K(22528K), 0.0050753 secs]
[GC (Allocation Failure)  14411K->2219K(22528K), 0.0054307 secs]
[GC (Allocation Failure)  14507K->2347K(22528K), 0.0075499 secs]
[GC (Allocation Failure)  14635K->2411K(22528K), 0.0091744 secs]
[GC (Allocation Failure)  14699K->1675K(22528K), 0.0016635 secs]
[GC (Allocation Failure)  13963K->1899K(22528K), 0.0025509 secs]
[GC (Allocation Failure)  14187K->1931K(22528K), 0.0031979 secs]
[GC (Allocation Failure)  14219K->2059K(22528K), 0.0040429 secs]
[GC (Allocation Failure)  14347K->2187K(22528K), 0.0054902 secs]
[GC (Allocation Failure)  14475K->2283K(22528K), 0.0075872 secs]
[GC (Allocation Failure)  14571K->2347K(22528K), 0.0099220 secs]
[GC (Allocation Failure)  14635K->2475K(22528K), 0.0106008 secs]
[GC (Allocation Failure)  14763K->1867K(22528K), 0.0022126 secs]
[GC (Allocation Failure)  14155K->1899K(22528K), 0.0026771 secs]
[GC (Allocation Failure)  14187K->2027K(22528K), 0.0032236 secs]
[GC (Allocation Failure)  14315K->2123K(22528K), 0.0052937 secs]
[GC (Allocation Failure)  14411K->2251K(22528K), 0.0069740 secs]
[GC (Allocation Failure)  14539K->2315K(22528K), 0.0086788 secs]
[GC (Allocation Failure)  14603K->2443K(22528K), 0.0092826 secs]
[GC (Allocation Failure)  14731K->1643K(22528K), 0.0012918 secs]
[GC (Allocation Failure)  13931K->1867K(22528K), 0.0026351 secs]
[GC (Allocation Failure)  14155K->1931K(22528K), 0.0034344 secs]
[GC (Allocation Failure)  14219K->1995K(22528K), 0.0044013 secs]
[GC (Allocation Failure)  14283K->2155K(22528K), 0.0048311 secs]
[GC (Allocation Failure)  14443K->2283K(22528K), 0.0061566 secs]
[GC (Allocation Failure)  14571K->2347K(22528K), 0.0072051 secs]
[GC (Allocation Failure)  14635K->2475K(22528K), 0.0074865 secs]
[GC (Allocation Failure)  14763K->1771K(22528K), 0.0014032 secs]
[GC (Allocation Failure)  14059K->1931K(22528K), 0.0027429 secs]
[GC (Allocation Failure)  14219K->1995K(22528K), 0.0030988 secs]
[GC (Allocation Failure)  14283K->2059K(22528K), 0.0041556 secs]
[GC (Allocation Failure)  14347K->2155K(22528K), 0.0051873 secs]
[GC (Allocation Failure)  14443K->2315K(22528K), 0.0052684 secs]
[GC (Allocation Failure)  14603K->2411K(22528K), 0.0081229 secs]
[GC (Allocation Failure)  14699K->1611K(22528K), 0.0013755 secs]
[GC (Allocation Failure)  13899K->1931K(22528K), 0.0015714 secs]
[GC (Allocation Failure)  14219K->1963K(22528K), 0.0027313 secs]
[GC (Allocation Failure)  14251K->2059K(22528K), 0.0027763 secs]
[GC (Allocation Failure)  14347K->2155K(22528K), 0.0038251 secs]
[GC (Allocation Failure)  14443K->2187K(22528K), 0.0046435 secs]
[GC (Allocation Failure)  14475K->2347K(22528K), 0.0071087 secs]
[GC (Allocation Failure)  14635K->2411K(22528K), 0.0064887 secs]
[GC (Allocation Failure)  14699K->1867K(22528K), 0.0022006 secs]
[GC (Allocation Failure)  14155K->1931K(22528K), 0.0015577 secs]
[GC (Allocation Failure)  14219K->2027K(22528K), 0.0029003 secs]
[GC (Allocation Failure)  14315K->2091K(22528K), 0.0039808 secs]
[GC (Allocation Failure)  14379K->2155K(22528K), 0.0052101 secs]
[GC (Allocation Failure)  14443K->2251K(22528K), 0.0061679 secs]
[GC (Allocation Failure)  14539K->2347K(22528K), 0.0090016 secs]
[GC (Allocation Failure)  14635K->2507K(22528K), 0.0096956 secs]
[GC (Allocation Failure)  14795K->1899K(22528K), 0.0017361 secs]
[GC (Allocation Failure)  14187K->1899K(22528K), 0.0030164 secs]
[GC (Allocation Failure)  14187K->1995K(22528K), 0.0038213 secs]
[GC (Allocation Failure)  14283K->2123K(22528K), 0.0037758 secs]
[GC (Allocation Failure)  14411K->2187K(22528K), 0.0059881 secs]
[GC (Allocation Failure)  14475K->2315K(22528K), 0.0067945 secs]
[GC (Allocation Failure)  14603K->2443K(22528K), 0.0098588 secs]
[GC (Allocation Failure)  14731K->1643K(22528K), 0.0011973 secs]
[GC (Allocation Failure)  13931K->1899K(22528K), 0.0026053 secs]
[GC (Allocation Failure)  14187K->1963K(22528K), 0.0033642 secs]
[GC (Allocation Failure)  14251K->2059K(22528K), 0.0044162 secs]
[GC (Allocation Failure)  14347K->2155K(22528K), 0.0045377 secs]
[GC (Allocation Failure)  14443K->2219K(22528K), 0.0064043 secs]
[GC (Allocation Failure)  14507K->2379K(22528K), 0.0081141 secs]
[GC (Allocation Failure)  14667K->2443K(22528K), 0.0100346 secs]
[GC (Allocation Failure)  14731K->1867K(22528K), 0.0017926 secs]
[GC (Allocation Failure)  14155K->1899K(22528K), 0.0031121 secs]
[GC (Allocation Failure)  14187K->1995K(22528K), 0.0045455 secs]
[GC (Allocation Failure)  14283K->2123K(22528K), 0.0040248 secs]
[GC (Allocation Failure)  14411K->2123K(22528K), 0.0057539 secs]
[GC (Allocation Failure)  14411K->2251K(22528K), 0.0075281 secs]
[GC (Allocation Failure)  14539K->2379K(22528K), 0.0076106 secs]
[GC (Allocation Failure)  14667K->1611K(22528K), 0.0014941 secs]
[GC (Allocation Failure)  13899K->1867K(22528K), 0.0015716 secs]
[GC (Allocation Failure)  14155K->1963K(22528K), 0.0021188 secs]
[GC (Allocation Failure)  14251K->2059K(22528K), 0.0034385 secs]
[GC (Allocation Failure)  14347K->2123K(22528K), 0.0057931 secs]
[GC (Allocation Failure)  14411K->2219K(22528K), 0.0057840 secs]
[GC (Allocation Failure)  14507K->2315K(22528K), 0.0076440 secs]
[GC (Allocation Failure)  14603K->2379K(22528K), 0.0089462 secs]
[GC (Allocation Failure)  14667K->1739K(22528K), 0.0016267 secs]
[GC (Allocation Failure)  14027K->1899K(22528K), 0.0023632 secs]
[GC (Allocation Failure)  14187K->1995K(22528K), 0.0027622 secs]
[GC (Allocation Failure)  14283K->2059K(22528K), 0.0045025 secs]
[GC (Allocation Failure)  14347K->2123K(22528K), 0.0061855 secs]
[GC (Allocation Failure)  14411K->2219K(22528K), 0.0064712 secs]
[GC (Allocation Failure)  14507K->2347K(22528K), 0.0079511 secs]
[GC (Allocation Failure)  14635K->1611K(22528K), 0.0016894 secs]
[GC (Allocation Failure)  13899K->1899K(22528K), 0.0018887 secs]
[GC (Allocation Failure)  14187K->1963K(22528K), 0.0023197 secs]
[GC (Allocation Failure)  14251K->2027K(22528K), 0.0029797 secs]
[GC (Allocation Failure)  14315K->2123K(22528K), 0.0041480 secs]
[GC (Allocation Failure)  14411K->2219K(22528K), 0.0043018 secs]
[GC (Allocation Failure)  14507K->2315K(22528K), 0.0059234 secs]
[GC (Allocation Failure)  14603K->2443K(22528K), 0.0081071 secs]
[GC (Allocation Failure)  14731K->1643K(22528K), 0.0014961 secs]
[GC (Allocation Failure)  13931K->1931K(22528K), 0.0018087 secs]
[GC (Allocation Failure)  14219K->1963K(22528K), 0.0031398 secs]
[GC (Allocation Failure)  14251K->2091K(22528K), 0.0035860 secs]
[GC (Allocation Failure)  14379K->2155K(22528K), 0.0049351 secs]
[GC (Allocation Failure)  14443K->2219K(22528K), 0.0060898 secs]
[GC (Allocation Failure)  14507K->2347K(22528K), 0.0068220 secs]
[GC (Allocation Failure)  14635K->2443K(22528K), 0.0084713 secs]
[GC (Allocation Failure)  14731K->1835K(22528K), 0.0014311 secs]
[GC (Allocation Failure)  14123K->1963K(22528K), 0.0021264 secs]
[GC (Allocation Failure)  14251K->1995K(22528K), 0.0028796 secs]
[GC (Allocation Failure)  14283K->2091K(22528K), 0.0042332 secs]
[GC (Allocation Failure)  14379K->2251K(22528K), 0.0052675 secs]
[GC (Allocation Failure)  14539K->2315K(22528K), 0.0063388 secs]
[GC (Allocation Failure)  14603K->2379K(22528K), 0.0063209 secs]
[GC (Allocation Failure)  14667K->1643K(22528K), 0.0014530 secs]
[GC (Allocation Failure)  13931K->1899K(22528K), 0.0017164 secs]
[GC (Allocation Failure)  14187K->1963K(22528K), 0.0021885 secs]
[GC (Allocation Failure)  14251K->2027K(22528K), 0.0039453 secs]
[GC (Allocation Failure)  14315K->2123K(22528K), 0.0052967 secs]
[GC (Allocation Failure)  14411K->2219K(22528K), 0.0049820 secs]
[GC (Allocation Failure)  14507K->2315K(22528K), 0.0061671 secs]
[GC (Allocation Failure)  14603K->2443K(22528K), 0.0089060 secs]
[GC (Allocation Failure)  14731K->1771K(22528K), 0.0015651 secs]
[GC (Allocation Failure)  14059K->1931K(22528K), 0.0027632 secs]
[GC (Allocation Failure)  14219K->1963K(22528K), 0.0034469 secs]
[GC (Allocation Failure)  14251K->2123K(22528K), 0.0036559 secs]
[GC (Allocation Failure)  14411K->2155K(22528K), 0.0060276 secs]
[GC (Allocation Failure)  14443K->2251K(22528K), 0.0058589 secs]
[GC (Allocation Failure)  14539K->2347K(22528K), 0.0067026 secs]
[GC (Allocation Failure)  14635K->1611K(22528K), 0.0013319 secs]
[GC (Allocation Failure)  13899K->1707K(22528K), 0.0016974 secs]
[GC (Allocation Failure)  13995K->1963K(22528K), 0.0028136 secs]
[GC (Allocation Failure)  14251K->2027K(22528K), 0.0033503 secs]
[GC (Allocation Failure)  14315K->2155K(22528K), 0.0043362 secs]
[GC (Allocation Failure)  14443K->2187K(22528K), 0.0059425 secs]
[GC (Allocation Failure)  14475K->2315K(22528K), 0.0066722 secs]
[GC (Allocation Failure)  14603K->2443K(22528K), 0.0084981 secs]
[GC (Allocation Failure)  14731K->1867K(22528K), 0.0014964 secs]
[GC (Allocation Failure)  14155K->1899K(22528K), 0.0025650 secs]
[GC (Allocation Failure)  14187K->1995K(22528K), 0.0028201 secs]
[GC (Allocation Failure)  14283K->2027K(22528K), 0.0039359 secs]
[GC (Allocation Failure)  14315K->2155K(22528K), 0.0045990 secs]
[GC (Allocation Failure)  14443K->2251K(22528K), 0.0063944 secs]
[GC (Allocation Failure)  14539K->2347K(22528K), 0.0070854 secs]
[GC (Allocation Failure)  14635K->1611K(22528K), 0.0012162 secs]
[GC (Allocation Failure)  13899K->1835K(22528K), 0.0016444 secs]
[GC (Allocation Failure)  14123K->1963K(22528K), 0.0019817 secs]
[GC (Allocation Failure)  14251K->2027K(22528K), 0.0027432 secs]
[GC (Allocation Failure)  14315K->2091K(22528K), 0.0035328 secs]
[GC (Allocation Failure)  14379K->2187K(22528K), 0.0055452 secs]
[GC (Allocation Failure)  14475K->2347K(22528K), 0.0064132 secs]
[GC (Allocation Failure)  14635K->2411K(22528K), 0.0066350 secs]
[GC (Allocation Failure)  14699K->1707K(22528K), 0.0014715 secs]
[GC (Allocation Failure)  13995K->1867K(22528K), 0.0009000 secs]
[GC (Allocation Failure)  14155K->1931K(22528K), 0.0033065 secs]
[GC (Allocation Failure)  14219K->2027K(22528K), 0.0042389 secs]
[GC (Allocation Failure)  14315K->2123K(22528K), 0.0052831 secs]
[GC (Allocation Failure)  14411K->2219K(22528K), 0.0058930 secs]
[GC (Allocation Failure)  14507K->2379K(22528K), 0.0085167 secs]
[GC (Allocation Failure)  14667K->2475K(22528K), 0.0095359 secs]
[GC (Allocation Failure)  14763K->1835K(22528K), 0.0016181 secs]
[GC (Allocation Failure)  14123K->1931K(22528K), 0.0025987 secs]
[GC (Allocation Failure)  14219K->1963K(22528K), 0.0029068 secs]
[GC (Allocation Failure)  14251K->2091K(22528K), 0.0042580 secs]
[GC (Allocation Failure)  14379K->2219K(22528K), 0.0045797 secs]
[GC (Allocation Failure)  14507K->2315K(22528K), 0.0072028 secs]
[GC (Allocation Failure)  14603K->2475K(22528K), 0.0075663 secs]
[GC (Allocation Failure)  14763K->1611K(22528K), 0.0010816 secs]
[GC (Allocation Failure)  13899K->1707K(22528K), 0.0014610 secs]
[GC (Allocation Failure)  13995K->1963K(22528K), 0.0025548 secs]
[GC (Allocation Failure)  14251K->1995K(22528K), 0.0038190 secs]
[GC (Allocation Failure)  14283K->2123K(22528K), 0.0054554 secs]
[GC (Allocation Failure)  14411K->2187K(22528K), 0.0057665 secs]
[GC (Allocation Failure)  14475K->2347K(22528K), 0.0074148 secs]
[GC (Allocation Failure)  14635K->2443K(22528K), 0.0101349 secs]
[GC (Allocation Failure)  14731K->1771K(22528K), 0.0013697 secs]
[GC (Allocation Failure)  14059K->1931K(22528K), 0.0023525 secs]
[GC (Allocation Failure)  14219K->1995K(22528K), 0.0031036 secs]
[GC (Allocation Failure)  14283K->2091K(22528K), 0.0047257 secs]
[GC (Allocation Failure)  14379K->2155K(22528K), 0.0057453 secs]
[GC (Allocation Failure)  14443K->2251K(22528K), 0.0065536 secs]
[GC (Allocation Failure)  14539K->2347K(22528K), 0.0095112 secs]
[GC (Allocation Failure)  14635K->1643K(22528K), 0.0012727 secs]
[GC (Allocation Failure)  13931K->1867K(22528K), 0.0021519 secs]
[GC (Allocation Failure)  14155K->1931K(22528K), 0.0029859 secs]
[GC (Allocation Failure)  14219K->2027K(22528K), 0.0041756 secs]
[GC (Allocation Failure)  14315K->2123K(22528K), 0.0055293 secs]
[GC (Allocation Failure)  14411K->2219K(22528K), 0.0063941 secs]
[GC (Allocation Failure)  14507K->2315K(22528K), 0.0094649 secs]
[GC (Allocation Failure)  14603K->2475K(22528K), 0.0082976 secs]
[GC (Allocation Failure)  14763K->1707K(22528K), 0.0011505 secs]
[GC (Allocation Failure)  13995K->1899K(22528K), 0.0022759 secs]
[GC (Allocation Failure)  14187K->1963K(22528K), 0.0028133 secs]
[GC (Allocation Failure)  14251K->2027K(22528K), 0.0044473 secs]
[GC (Allocation Failure)  14315K->2187K(22528K), 0.0048450 secs]
[GC (Allocation Failure)  14475K->2283K(22528K), 0.0065830 secs]
[GC (Allocation Failure)  14571K->2315K(22528K), 0.0071426 secs]
[GC (Allocation Failure)  14603K->2443K(22528K), 0.0079436 secs]
[GC (Allocation Failure)  14731K->1867K(22528K), 0.0017518 secs]
[GC (Allocation Failure)  14155K->1899K(22528K), 0.0023777 secs]
[GC (Allocation Failure)  14187K->2027K(22528K), 0.0032600 secs]
[GC (Allocation Failure)  14315K->2123K(22528K), 0.0047920 secs]
[GC (Allocation Failure)  14411K->2187K(22528K), 0.0070402 secs]
[GC (Allocation Failure)  14475K->2379K(22528K), 0.0073235 secs]
[GC (Allocation Failure)  14667K->2475K(22528K), 0.0082824 secs]
[GC (Allocation Failure)  14763K->1643K(22528K), 0.0012452 secs]
[GC (Allocation Failure)  13931K->1899K(22528K), 0.0023143 secs]
[GC (Allocation Failure)  14187K->2027K(22528K), 0.0037432 secs]
[GC (Allocation Failure)  14315K->2059K(22528K), 0.0041766 secs]
[GC (Allocation Failure)  14347K->2155K(22528K), 0.0045075 secs]
[GC (Allocation Failure)  14443K->2219K(22528K), 0.0072131 secs]
[GC (Allocation Failure)  14507K->2379K(22528K), 0.0092990 secs]
[GC (Allocation Failure)  14667K->2443K(22528K), 0.0108343 secs]
[GC (Allocation Failure)  14731K->1867K(22528K), 0.0009474 secs]
[GC (Allocation Failure)  14155K->1899K(22528K), 0.0025968 secs]
[GC (Allocation Failure)  14187K->1995K(22528K), 0.0043399 secs]
[GC (Allocation Failure)  14283K->2059K(22528K), 0.0073584 secs]
[GC (Allocation Failure)  14347K->2219K(22528K), 0.0088114 secs]
[GC (Allocation Failure)  14507K->2251K(22528K), 0.0114003 secs]
[GC (Allocation Failure)  14539K->2411K(22528K), 0.0103690 secs]
[GC (Allocation Failure)  14699K->1643K(22528K), 0.0014970 secs]
[GC (Allocation Failure)  13931K->1899K(22528K), 0.0020470 secs]
[GC (Allocation Failure)  14187K->1963K(22528K), 0.0038362 secs]
[GC (Allocation Failure)  14251K->2059K(22528K), 0.0034722 secs]
[GC (Allocation Failure)  14347K->2091K(22528K), 0.0070754 secs]
[GC (Allocation Failure)  14379K->2187K(22528K), 0.0099327 secs]
[GC (Allocation Failure)  14475K->2347K(22528K), 0.0111917 secs]
[GC (Allocation Failure)  14635K->2443K(22528K), 0.0129701 secs]
[GC (Allocation Failure)  14731K->1835K(22528K), 0.0011099 secs]
[GC (Allocation Failure)  14123K->1899K(22528K), 0.0015917 secs]
[GC (Allocation Failure)  14187K->1931K(22528K), 0.0055064 secs]
[GC (Allocation Failure)  14219K->2059K(22528K), 0.0052149 secs]
[GC (Allocation Failure)  14347K->2155K(22528K), 0.0085228 secs]
[GC (Allocation Failure)  14443K->2315K(22528K), 0.0128457 secs]
[GC (Allocation Failure)  14603K->2347K(22528K), 0.0126245 secs]
[GC (Allocation Failure)  14635K->1611K(22528K), 0.0015668 secs]
[GC (Allocation Failure)  13899K->1867K(22528K), 0.0019334 secs]
[GC (Allocation Failure)  14155K->1931K(22528K), 0.0024709 secs]
[GC (Allocation Failure)  14219K->2059K(22528K), 0.0040880 secs]
[GC (Allocation Failure)  14347K->2123K(22528K), 0.0055625 secs]
[GC (Allocation Failure)  14411K->2219K(22528K), 0.0068706 secs]
[GC (Allocation Failure)  14507K->2411K(22528K), 0.0075737 secs]
[GC (Allocation Failure)  14699K->2411K(22528K), 0.0107768 secs]
[GC (Allocation Failure)  14699K->1675K(22528K), 0.0018981 secs]
[GC (Allocation Failure)  13963K->1867K(22528K), 0.0028859 secs]
[GC (Allocation Failure)  14155K->1963K(22528K), 0.0026416 secs]
[GC (Allocation Failure)  14251K->1995K(22528K), 0.0051232 secs]
[GC (Allocation Failure)  14283K->2123K(22528K), 0.0057374 secs]
[GC (Allocation Failure)  14411K->2219K(22528K), 0.0102412 secs]
[GC (Allocation Failure)  14507K->2347K(22528K), 0.0126937 secs]
[GC (Allocation Failure)  14635K->2443K(22528K), 0.0130486 secs]
[GC (Allocation Failure)  14731K->1867K(22528K), 0.0014483 secs]
[GC (Allocation Failure)  14155K->1931K(22528K), 0.0042707 secs]
[GC (Allocation Failure)  14219K->1963K(22528K), 0.0039038 secs]
[GC (Allocation Failure)  14251K->2123K(22528K), 0.0065544 secs]
[GC (Allocation Failure)  14411K->2187K(22528K), 0.0072140 secs]
[GC (Allocation Failure)  14475K->2315K(22528K), 0.0075077 secs]
[GC (Allocation Failure)  14603K->2347K(22528K), 0.0084541 secs]
[GC (Allocation Failure)  14635K->1643K(22528K), 0.0013104 secs]
[GC (Allocation Failure)  13931K->1867K(22528K), 0.0028302 secs]
[GC (Allocation Failure)  14155K->1963K(22528K), 0.0035928 secs]
[GC (Allocation Failure)  14251K->2059K(22528K), 0.0049367 secs]
[GC (Allocation Failure)  14347K->2123K(22528K), 0.0053027 secs]
[GC (Allocation Failure)  14411K->2219K(22528K), 0.0073996 secs]
[GC (Allocation Failure)  14507K->2315K(22528K), 0.0116779 secs]
[GC (Allocation Failure)  14603K->2443K(22528K), 0.0142481 secs]
[GC (Allocation Failure)  14731K->1739K(22528K), 0.0012592 secs]
[GC (Allocation Failure)  14027K->1899K(22528K), 0.0028446 secs]
[GC (Allocation Failure)  14187K->1963K(22528K), 0.0040626 secs]
[GC (Allocation Failure)  14251K->2091K(22528K), 0.0055875 secs]
[GC (Allocation Failure)  14379K->2219K(22528K), 0.0095110 secs]
[GC (Allocation Failure)  14507K->2283K(22528K), 0.0105442 secs]
[GC (Allocation Failure)  14571K->2315K(22528K), 0.0104540 secs]
[GC (Allocation Failure)  14603K->1643K(22528K), 0.0009069 secs]
[GC (Allocation Failure)  13931K->1867K(22528K), 0.0026161 secs]
[GC (Allocation Failure)  14155K->1931K(22528K), 0.0033786 secs]
[GC (Allocation Failure)  14219K->2027K(22528K), 0.0039012 secs]
[GC (Allocation Failure)  14315K->2155K(22528K), 0.0068480 secs]
[GC (Allocation Failure)  14443K->2155K(22528K), 0.0093400 secs]
[GC (Allocation Failure)  14443K->2283K(22528K), 0.0080036 secs]
[GC (Allocation Failure)  14571K->2379K(22528K), 0.0100420 secs]
[GC (Allocation Failure)  14667K->1675K(22528K), 0.0015570 secs]
[GC (Allocation Failure)  13963K->1899K(22528K), 0.0031874 secs]
[GC (Allocation Failure)  14187K->1963K(22528K), 0.0046249 secs]
[GC (Allocation Failure)  14251K->2091K(22528K), 0.0048687 secs]
[GC (Allocation Failure)  14379K->2155K(22528K), 0.0077109 secs]
[GC (Allocation Failure)  14443K->2219K(22528K), 0.0069802 secs]
[GC (Allocation Failure)  14507K->2347K(22528K), 0.0091410 secs]
[GC (Allocation Failure)  14635K->2475K(22528K), 0.0140560 secs]
[GC (Allocation Failure)  14763K->1867K(22528K), 0.0026077 secs]
[GC (Allocation Failure)  14155K->1899K(22528K), 0.0036175 secs]
[GC (Allocation Failure)  14187K->2027K(22528K), 0.0042927 secs]
[GC (Allocation Failure)  14315K->2091K(22528K), 0.0061859 secs]
[GC (Allocation Failure)  14379K->2219K(22528K), 0.0108040 secs]
[GC (Allocation Failure)  14507K->2251K(22528K), 0.0083502 secs]
[GC (Allocation Failure)  14539K->2411K(22528K), 0.0103422 secs]
[GC (Allocation Failure)  14699K->1739K(22528K), 0.0017230 secs]
[GC (Allocation Failure)  14027K->1867K(22528K), 0.0027779 secs]
[GC (Allocation Failure)  14155K->1995K(22528K), 0.0041212 secs]
[GC (Allocation Failure)  14283K->2059K(22528K), 0.0040339 secs]
[GC (Allocation Failure)  14347K->2123K(22528K), 0.0060395 secs]
[GC (Allocation Failure)  14411K->2219K(22528K), 0.0070510 secs]
[GC (Allocation Failure)  14507K->2315K(22528K), 0.0073776 secs]
[GC (Allocation Failure)  14603K->2411K(22528K), 0.0084646 secs]
[GC (Allocation Failure)  14699K->1771K(22528K), 0.0010069 secs]
[GC (Allocation Failure)  14059K->1931K(22528K), 0.0021677 secs]
[GC (Allocation Failure)  14219K->2027K(22528K), 0.0030049 secs]
[GC (Allocation Failure)  14315K->2091K(22528K), 0.0051272 secs]
[GC (Allocation Failure)  14379K->2155K(22528K), 0.0050690 secs]
[GC (Allocation Failure)  14443K->2283K(22528K), 0.0081310 secs]
[GC (Allocation Failure)  14571K->2443K(22528K), 0.0081337 secs]
[GC (Allocation Failure)  14731K->1739K(22528K), 0.0009260 secs]
[GC (Allocation Failure)  14027K->1899K(22528K), 0.0020145 secs]
[GC (Allocation Failure)  14187K->1931K(22528K), 0.0029123 secs]
[GC (Allocation Failure)  14219K->1995K(22528K), 0.0038922 secs]
[GC (Allocation Failure)  14283K->2187K(22528K), 0.0047279 secs]
[GC (Allocation Failure)  14475K->2219K(22528K), 0.0060769 secs]
[GC (Allocation Failure)  14507K->2315K(22528K), 0.0082075 secs]
[GC (Allocation Failure)  14603K->2443K(22528K), 0.0103437 secs]
[GC (Allocation Failure)  14731K->1835K(22528K), 0.0012021 secs]
[GC (Allocation Failure)  14123K->1899K(22528K), 0.0022485 secs]
[GC (Allocation Failure)  14187K->1963K(22528K), 0.0034225 secs]
[GC (Allocation Failure)  14251K->2059K(22528K), 0.0068634 secs]
[GC (Allocation Failure)  14347K->2187K(22528K), 0.0071623 secs]
[GC (Allocation Failure)  14475K->2283K(22528K), 0.0118899 secs]
[GC (Allocation Failure)  14571K->2347K(22528K), 0.0138566 secs]
[GC (Allocation Failure)  14635K->1675K(22528K), 0.0015905 secs]
[GC (Allocation Failure)  13963K->1899K(22528K), 0.0018585 secs]
[GC (Allocation Failure)  14187K->1931K(22528K), 0.0045413 secs]
[GC (Allocation Failure)  14219K->2027K(22528K), 0.0049812 secs]
[GC (Allocation Failure)  14315K->2155K(22528K), 0.0083143 secs]
[GC (Allocation Failure)  14443K->2219K(22528K), 0.0083427 secs]
[GC (Allocation Failure)  14507K->2347K(22528K), 0.0075621 secs]
[GC (Allocation Failure)  14635K->2379K(22528K), 0.0099326 secs]
[GC (Allocation Failure)  14667K->1675K(22528K), 0.0012746 secs]
[GC (Allocation Failure)  13963K->1899K(22528K), 0.0026559 secs]
[GC (Allocation Failure)  14187K->1963K(22528K), 0.0031681 secs]
[GC (Allocation Failure)  14251K->1995K(22528K), 0.0050230 secs]
[GC (Allocation Failure)  14283K->2123K(22528K), 0.0051399 secs]
[GC (Allocation Failure)  14411K->2283K(22528K), 0.0063243 secs]
[GC (Allocation Failure)  14571K->2379K(22528K), 0.0096620 secs]
[GC (Allocation Failure)  14667K->2411K(22528K), 0.0122559 secs]
[GC (Allocation Failure)  14699K->1835K(22528K), 0.0022993 secs]
[GC (Allocation Failure)  14123K->1899K(22528K), 0.0027379 secs]
[GC (Allocation Failure)  14187K->1963K(22528K), 0.0034768 secs]
[GC (Allocation Failure)  14251K->2059K(22528K), 0.0053180 secs]
[GC (Allocation Failure)  14347K->2155K(22528K), 0.0061732 secs]
[GC (Allocation Failure)  14443K->2315K(22528K), 0.0078338 secs]
[GC (Allocation Failure)  14603K->2475K(22528K), 0.0087308 secs]
[GC (Allocation Failure)  14763K->1675K(22528K), 0.0016564 secs]
[GC (Allocation Failure)  13963K->1867K(22528K), 0.0020890 secs]
[GC (Allocation Failure)  14155K->1963K(22528K), 0.0031292 secs]
[GC (Allocation Failure)  14251K->2027K(22528K), 0.0047452 secs]
[GC (Allocation Failure)  14315K->2091K(22528K), 0.0050664 secs]
[GC (Allocation Failure)  14379K->2219K(22528K), 0.0067653 secs]
[GC (Allocation Failure)  14507K->2315K(22528K), 0.0087886 secs]
[GC (Allocation Failure)  14603K->2507K(22528K), 0.0105216 secs]
[GC (Allocation Failure)  14795K->1803K(22528K), 0.0017559 secs]
[GC (Allocation Failure)  14091K->1899K(22528K), 0.0023040 secs]
[GC (Allocation Failure)  14187K->1995K(22528K), 0.0037217 secs]
[GC (Allocation Failure)  14283K->2155K(22528K), 0.0058353 secs]
[GC (Allocation Failure)  14443K->2123K(22528K), 0.0064432 secs]
[GC (Allocation Failure)  14411K->2315K(22528K), 0.0083334 secs]
[GC (Allocation Failure)  14603K->2411K(22528K), 0.0097528 secs]
[GC (Allocation Failure)  14699K->1643K(22528K), 0.0012883 secs]
[GC (Allocation Failure)  13931K->1899K(22528K), 0.0015317 secs]
[GC (Allocation Failure)  14187K->1899K(22528K), 0.0027909 secs]
[GC (Allocation Failure)  14187K->1995K(22528K), 0.0045946 secs]
[GC (Allocation Failure)  14283K->2059K(22528K), 0.0051272 secs]
[GC (Allocation Failure)  14347K->2251K(22528K), 0.0078202 secs]
[GC (Allocation Failure)  14539K->2379K(22528K), 0.0097480 secs]
[GC (Allocation Failure)  14667K->2443K(22528K), 0.0113990 secs]
[GC (Allocation Failure)  14731K->1675K(22528K), 0.0013742 secs]
[GC (Allocation Failure)  13963K->1931K(22528K), 0.0018425 secs]
[GC (Allocation Failure)  14219K->1963K(22528K), 0.0024974 secs]
[GC (Allocation Failure)  14251K->2027K(22528K), 0.0040900 secs]
[GC (Allocation Failure)  14315K->2123K(22528K), 0.0056404 secs]
[GC (Allocation Failure)  14411K->2187K(22528K), 0.0067159 secs]
[GC (Allocation Failure)  14475K->2411K(22528K), 0.0096673 secs]
[GC (Allocation Failure)  14699K->2443K(22528K), 0.0105093 secs]
[GC (Allocation Failure)  14731K->1867K(22528K), 0.0020582 secs]
[GC (Allocation Failure)  14155K->1899K(22528K), 0.0031987 secs]
[GC (Allocation Failure)  14187K->2059K(22528K), 0.0035101 secs]
[GC (Allocation Failure)  14347K->2091K(22528K), 0.0046425 secs]
[GC (Allocation Failure)  14379K->2187K(22528K), 0.0060227 secs]
[GC (Allocation Failure)  14475K->2283K(22528K), 0.0067718 secs]
[GC (Allocation Failure)  14571K->2475K(22528K), 0.0094156 secs]
[GC (Allocation Failure)  14763K->1675K(22528K), 0.0016512 secs]
[GC (Allocation Failure)  13963K->1899K(22528K), 0.0017556 secs]
[GC (Allocation Failure)  14187K->1963K(22528K), 0.0030153 secs]
[GC (Allocation Failure)  14251K->2027K(22528K), 0.0041417 secs]
[GC (Allocation Failure)  14315K->2091K(22528K), 0.0043180 secs]
[GC (Allocation Failure)  14379K->2283K(22528K), 0.0053680 secs]
[GC (Allocation Failure)  14571K->2411K(22528K), 0.0091160 secs]
[GC (Allocation Failure)  14699K->2443K(22528K), 0.0089154 secs]
[GC (Allocation Failure)  14731K->1771K(22528K), 0.0010710 secs]
[GC (Allocation Failure)  14059K->1931K(22528K), 0.0018621 secs]
[GC (Allocation Failure)  14219K->1963K(22528K), 0.0032717 secs]
[GC (Allocation Failure)  14251K->2027K(22528K), 0.0050848 secs]
[GC (Allocation Failure)  14315K->2187K(22528K), 0.0045554 secs]
[GC (Allocation Failure)  14475K->2251K(22528K), 0.0064804 secs]
[GC (Allocation Failure)  14539K->2411K(22528K), 0.0074936 secs]
[GC (Allocation Failure)  14699K->1643K(22528K), 0.0013307 secs]
[GC (Allocation Failure)  13931K->1867K(22528K), 0.0020558 secs]
[GC (Allocation Failure)  14155K->1931K(22528K), 0.0034061 secs]
[GC (Allocation Failure)  14219K->1995K(22528K), 0.0043308 secs]
[GC (Allocation Failure)  14283K->2155K(22528K), 0.0056950 secs]
[GC (Allocation Failure)  14443K->2155K(22528K), 0.0065546 secs]
[GC (Allocation Failure)  14443K->2315K(22528K), 0.0082142 secs]
[GC (Allocation Failure)  14603K->2443K(22528K), 0.0113328 secs]
[GC (Allocation Failure)  14731K->1675K(22528K), 0.0011799 secs]
[GC (Allocation Failure)  13963K->1899K(22528K), 0.0018701 secs]
[GC (Allocation Failure)  14187K->1931K(22528K), 0.0059107 secs]
[GC (Allocation Failure)  14219K->2027K(22528K), 0.0069132 secs]
[GC (Allocation Failure)  14315K->2155K(22528K), 0.0058260 secs]
[GC (Allocation Failure)  14443K->2283K(22528K), 0.0087382 secs]
[GC (Allocation Failure)  14571K->2411K(22528K), 0.0094388 secs]
[GC (Allocation Failure)  14699K->1643K(22528K), 0.0013674 secs]
[GC (Allocation Failure)  13931K->1835K(22528K), 0.0013044 secs]
[GC (Allocation Failure)  14123K->1963K(22528K), 0.0024701 secs]
[GC (Allocation Failure)  14251K->1995K(22528K), 0.0033677 secs]
[GC (Allocation Failure)  14283K->2091K(22528K), 0.0046950 secs]
[GC (Allocation Failure)  14379K->2187K(22528K), 0.0057599 secs]
[GC (Allocation Failure)  14475K->2283K(22528K), 0.0074142 secs]
[GC (Allocation Failure)  14571K->2411K(22528K), 0.0092659 secs]
[GC (Allocation Failure)  14699K->1675K(22528K), 0.0014525 secs]
[GC (Allocation Failure)  13963K->1931K(22528K), 0.0017261 secs]
[GC (Allocation Failure)  14219K->1995K(22528K), 0.0027718 secs]
[GC (Allocation Failure)  14283K->2091K(22528K), 0.0041684 secs]
[GC (Allocation Failure)  14379K->2123K(22528K), 0.0052281 secs]
[GC (Allocation Failure)  14411K->2251K(22528K), 0.0056312 secs]
[GC (Allocation Failure)  14539K->2315K(22528K), 0.0068192 secs]
[GC (Allocation Failure)  14603K->2443K(22528K), 0.0084730 secs]
[GC (Allocation Failure)  14731K->1867K(22528K), 0.0020311 secs]
[GC (Allocation Failure)  14155K->1899K(22528K), 0.0043453 secs]
[GC (Allocation Failure)  14187K->2059K(22528K), 0.0037090 secs]
[GC (Allocation Failure)  14347K->2123K(22528K), 0.0043665 secs]
[GC (Allocation Failure)  14411K->2219K(22528K), 0.0065702 secs]
[GC (Allocation Failure)  14507K->2283K(22528K), 0.0063352 secs]
[GC (Allocation Failure)  14571K->2411K(22528K), 0.0066989 secs]
[GC (Allocation Failure)  14699K->1675K(22528K), 0.0016242 secs]
[GC (Allocation Failure)  13963K->1899K(22528K), 0.0022884 secs]
[GC (Allocation Failure)  14187K->1995K(22528K), 0.0023755 secs]
[GC (Allocation Failure)  14283K->1995K(22528K), 0.0037799 secs]
[GC (Allocation Failure)  14283K->2155K(22528K), 0.0049155 secs]
[GC (Allocation Failure)  14443K->2219K(22528K), 0.0048809 secs]
[GC (Allocation Failure)  14507K->2315K(22528K), 0.0066992 secs]
[GC (Allocation Failure)  14603K->2475K(22528K), 0.0087230 secs]
[GC (Allocation Failure)  14763K->1835K(22528K), 0.0019738 secs]
[GC (Allocation Failure)  14123K->1931K(22528K), 0.0021926 secs]
[GC (Allocation Failure)  14219K->1963K(22528K), 0.0028376 secs]
[GC (Allocation Failure)  14251K->2059K(22528K), 0.0048094 secs]
[GC (Allocation Failure)  14347K->2187K(22528K), 0.0043129 secs]
[GC (Allocation Failure)  14475K->2251K(22528K), 0.0063651 secs]
[GC (Allocation Failure)  14539K->2443K(22528K), 0.0081488 secs]
[GC (Allocation Failure)  14731K->1643K(22528K), 0.0014241 secs]
[GC (Allocation Failure)  13931K->1867K(22528K), 0.0023852 secs]
[GC (Allocation Failure)  14155K->1963K(22528K), 0.0027515 secs]
[GC (Allocation Failure)  14251K->2091K(22528K), 0.0033615 secs]
[GC (Allocation Failure)  14379K->2091K(22528K), 0.0050171 secs]
[GC (Allocation Failure)  14379K->2187K(22528K), 0.0060277 secs]
[GC (Allocation Failure)  14475K->2315K(22528K), 0.0066220 secs]
[GC (Allocation Failure)  14603K->2411K(22528K), 0.0094290 secs]
[GC (Allocation Failure)  14699K->1643K(22528K), 0.0013284 secs]
[GC (Allocation Failure)  13931K->1867K(22528K), 0.0041009 secs]
[GC (Allocation Failure)  14155K->1995K(22528K), 0.0027645 secs]
[GC (Allocation Failure)  14283K->2123K(22528K), 0.0043405 secs]
[GC (Allocation Failure)  14411K->2123K(22528K), 0.0052283 secs]
[GC (Allocation Failure)  14411K->2251K(22528K), 0.0072343 secs]
[GC (Allocation Failure)  14539K->2443K(22528K), 0.0080998 secs]
[GC (Allocation Failure)  14731K->2443K(22528K), 0.0086207 secs]
[GC (Allocation Failure)  14731K->1867K(22528K), 0.0012811 secs]
[GC (Allocation Failure)  14155K->1931K(22528K), 0.0031735 secs]
[GC (Allocation Failure)  14219K->2059K(22528K), 0.0029573 secs]
[GC (Allocation Failure)  14347K->2123K(22528K), 0.0046946 secs]
[GC (Allocation Failure)  14411K->2219K(22528K), 0.0058856 secs]
[GC (Allocation Failure)  14507K->2283K(22528K), 0.0063029 secs]
[GC (Allocation Failure)  14571K->2411K(22528K), 0.0096857 secs]
[GC (Allocation Failure)  14699K->1643K(22528K), 0.0014999 secs]
[GC (Allocation Failure)  13931K->1931K(22528K), 0.0020243 secs]
[GC (Allocation Failure)  14219K->1963K(22528K), 0.0027803 secs]
[GC (Allocation Failure)  14251K->2059K(22528K), 0.0028842 secs]
[GC (Allocation Failure)  14347K->2123K(22528K), 0.0055778 secs]
[GC (Allocation Failure)  14411K->2283K(22528K), 0.0090730 secs]
[GC (Allocation Failure)  14571K->2347K(22528K), 0.0089056 secs]
[GC (Allocation Failure)  14635K->2411K(22528K), 0.0079147 secs]
[GC (Allocation Failure)  14699K->1835K(22528K), 0.0019319 secs]
[GC (Allocation Failure)  14123K->1867K(22528K), 0.0024347 secs]
[GC (Allocation Failure)  14155K->1995K(22528K), 0.0034302 secs]
[GC (Allocation Failure)  14283K->2091K(22528K), 0.0046631 secs]
[GC (Allocation Failure)  14379K->2187K(22528K), 0.0048812 secs]
[GC (Allocation Failure)  14475K->2283K(22528K), 0.0069623 secs]
[GC (Allocation Failure)  14571K->2443K(22528K), 0.0095681 secs]
[GC (Allocation Failure)  14731K->1643K(22528K), 0.0014376 secs]
[GC (Allocation Failure)  13931K->1899K(22528K), 0.0016495 secs]
[GC (Allocation Failure)  14187K->1963K(22528K), 0.0026712 secs]
[GC (Allocation Failure)  14251K->2059K(22528K), 0.0038547 secs]
[GC (Allocation Failure)  14347K->2091K(22528K), 0.0061306 secs]
[GC (Allocation Failure)  14379K->2187K(22528K), 0.0062071 secs]
[GC (Allocation Failure)  14475K->2315K(22528K), 0.0097540 secs]
[GC (Allocation Failure)  14603K->2443K(22528K), 0.0106244 secs]
[GC (Allocation Failure)  14731K->1771K(22528K), 0.0014665 secs]
[GC (Allocation Failure)  14059K->1899K(22528K), 0.0023345 secs]
[GC (Allocation Failure)  14187K->1995K(22528K), 0.0030378 secs]
[GC (Allocation Failure)  14283K->2027K(22528K), 0.0042612 secs]
[GC (Allocation Failure)  14315K->2155K(22528K), 0.0058577 secs]
[GC (Allocation Failure)  14443K->2251K(22528K), 0.0070694 secs]
[GC (Allocation Failure)  14539K->2347K(22528K), 0.0100212 secs]
[GC (Allocation Failure)  14635K->1643K(22528K), 0.0013001 secs]
[GC (Allocation Failure)  13931K->1739K(22528K), 0.0011133 secs]
[GC (Allocation Failure)  14027K->1931K(22528K), 0.0021389 secs]
[GC (Allocation Failure)  14219K->1995K(22528K), 0.0034240 secs]
[GC (Allocation Failure)  14283K->2091K(22528K), 0.0051556 secs]
[GC (Allocation Failure)  14379K->2155K(22528K), 0.0071621 secs]
[GC (Allocation Failure)  14443K->2283K(22528K), 0.0084909 secs]
[GC (Allocation Failure)  14571K->2411K(22528K), 0.0104331 secs]
[GC (Allocation Failure)  14699K->1675K(22528K), 0.0010427 secs]
[GC (Allocation Failure)  13963K->1931K(22528K), 0.0011199 secs]
[GC (Allocation Failure)  14219K->1963K(22528K), 0.0037652 secs]
[GC (Allocation Failure)  14251K->2059K(22528K), 0.0038360 secs]
[GC (Allocation Failure)  14347K->2187K(22528K), 0.0049032 secs]
[GC (Allocation Failure)  14475K->2251K(22528K), 0.0054634 secs]
[GC (Allocation Failure)  14539K->2411K(22528K), 0.0083108 secs]
[GC (Allocation Failure)  14699K->2443K(22528K), 0.0086957 secs]
[GC (Allocation Failure)  14731K->1739K(22528K), 0.0010161 secs]
[GC (Allocation Failure)  14027K->1963K(22528K), 0.0014943 secs]
[GC (Allocation Failure)  14251K->2059K(22528K), 0.0031225 secs]
[GC (Allocation Failure)  14347K->2091K(22528K), 0.0055204 secs]
[GC (Allocation Failure)  14379K->2219K(22528K), 0.0092530 secs]
[GC (Allocation Failure)  14507K->2251K(22528K), 0.0076509 secs]
[GC (Allocation Failure)  14539K->2379K(22528K), 0.0117855 secs]
[GC (Allocation Failure)  14667K->1675K(22528K), 0.0016968 secs]
[GC (Allocation Failure)  13963K->1899K(22528K), 0.0023712 secs]
[GC (Allocation Failure)  14187K->1963K(22528K), 0.0023935 secs]
[GC (Allocation Failure)  14251K->2059K(22528K), 0.0033478 secs]
[GC (Allocation Failure)  14347K->2155K(22528K), 0.0043540 secs]
[GC (Allocation Failure)  14443K->2187K(22528K), 0.0050473 secs]
[GC (Allocation Failure)  14475K->2283K(22528K), 0.0058220 secs]
[GC (Allocation Failure)  14571K->2411K(22528K), 0.0067355 secs]
[GC (Allocation Failure)  14699K->1739K(22528K), 0.0009938 secs]
[GC (Allocation Failure)  14027K->1963K(22528K), 0.0016484 secs]
[GC (Allocation Failure)  14251K->1931K(22528K), 0.0035406 secs]
[GC (Allocation Failure)  14219K->2059K(22528K), 0.0043402 secs]
[GC (Allocation Failure)  14347K->2187K(22528K), 0.0058989 secs]
[GC (Allocation Failure)  14475K->2219K(22528K), 0.0065185 secs]
[GC (Allocation Failure)  14507K->2443K(22528K), 0.0086947 secs]
[GC (Allocation Failure)  14731K->1643K(22528K), 0.0014100 secs]
[GC (Allocation Failure)  13931K->1867K(22528K), 0.0020412 secs]
[GC (Allocation Failure)  14155K->1931K(22528K), 0.0026746 secs]
[GC (Allocation Failure)  14219K->1995K(22528K), 0.0035642 secs]
[GC (Allocation Failure)  14283K->2091K(22528K), 0.0040116 secs]
[GC (Allocation Failure)  14379K->2219K(22528K), 0.0058215 secs]
[GC (Allocation Failure)  14507K->2347K(22528K), 0.0070074 secs]
[GC (Allocation Failure)  14635K->2443K(22528K), 0.0102134 secs]
[GC (Allocation Failure)  14731K->1771K(22528K), 0.0012442 secs]
[GC (Allocation Failure)  14059K->1899K(22528K), 0.0017758 secs]
[GC (Allocation Failure)  14187K->1963K(22528K), 0.0029269 secs]
[GC (Allocation Failure)  14251K->2027K(22528K), 0.0041789 secs]
[GC (Allocation Failure)  14315K->2123K(22528K), 0.0047391 secs]
[GC (Allocation Failure)  14411K->2315K(22528K), 0.0097165 secs]
[GC (Allocation Failure)  14603K->2411K(22528K), 0.0087068 secs]
[GC (Allocation Failure)  14699K->2475K(22528K), 0.0109878 secs]
[GC (Allocation Failure)  14763K->1771K(22528K), 0.0011376 secs]
[GC (Allocation Failure)  14059K->1931K(22528K), 0.0025512 secs]
[GC (Allocation Failure)  14219K->1995K(22528K), 0.0040451 secs]
[GC (Allocation Failure)  14283K->2123K(22528K), 0.0046876 secs]
[GC (Allocation Failure)  14411K->2187K(22528K), 0.0054471 secs]
[GC (Allocation Failure)  14475K->2315K(22528K), 0.0077213 secs]
[GC (Allocation Failure)  14603K->2379K(22528K), 0.0094226 secs]
[GC (Allocation Failure)  14667K->1675K(22528K), 0.0012154 secs]
[GC (Allocation Failure)  13963K->1931K(22528K), 0.0018770 secs]
[GC (Allocation Failure)  14219K->1963K(22528K), 0.0026562 secs]
[GC (Allocation Failure)  14251K->1995K(22528K), 0.0035969 secs]
[GC (Allocation Failure)  14283K->2123K(22528K), 0.0052484 secs]
[GC (Allocation Failure)  14411K->2315K(22528K), 0.0061893 secs]
[GC (Allocation Failure)  14603K->2379K(22528K), 0.0077960 secs]
[GC (Allocation Failure)  14667K->2475K(22528K), 0.0079982 secs]
[GC (Allocation Failure)  14763K->1803K(22528K), 0.0013211 secs]
[GC (Allocation Failure)  14091K->1931K(22528K), 0.0023473 secs]
[GC (Allocation Failure)  14219K->1995K(22528K), 0.0035881 secs]
[GC (Allocation Failure)  14283K->2059K(22528K), 0.0040027 secs]
[GC (Allocation Failure)  14347K->2155K(22528K), 0.0057148 secs]
[GC (Allocation Failure)  14443K->2379K(22528K), 0.0059360 secs]
[GC (Allocation Failure)  14667K->2379K(22528K), 0.0081353 secs]
[GC (Allocation Failure)  14667K->1611K(22528K), 0.0011640 secs]
[GC (Allocation Failure)  13899K->1899K(22528K), 0.0019801 secs]
[GC (Allocation Failure)  14187K->1931K(22528K), 0.0022075 secs]
[GC (Allocation Failure)  14219K->1995K(22528K), 0.0040972 secs]
[GC (Allocation Failure)  14283K->2123K(22528K), 0.0052500 secs]
[GC (Allocation Failure)  14411K->2155K(22528K), 0.0067641 secs]
[GC (Allocation Failure)  14443K->2315K(22528K), 0.0080439 secs]
[GC (Allocation Failure)  14603K->2475K(22528K), 0.0128821 secs]
[GC (Allocation Failure)  14763K->1707K(22528K), 0.0014629 secs]
[GC (Allocation Failure)  13995K->1899K(22528K), 0.0026379 secs]
[GC (Allocation Failure)  14187K->1931K(22528K), 0.0034868 secs]
[GC (Allocation Failure)  14219K->2059K(22528K), 0.0042218 secs]
[GC (Allocation Failure)  14347K->2155K(22528K), 0.0050804 secs]
[GC (Allocation Failure)  14443K->2283K(22528K), 0.0067414 secs]
[GC (Allocation Failure)  14571K->2411K(22528K), 0.0092027 secs]
[GC (Allocation Failure)  14699K->1643K(22528K), 0.0011886 secs]
[GC (Allocation Failure)  13931K->1899K(22528K), 0.0014275 secs]
[GC (Allocation Failure)  14187K->1931K(22528K), 0.0021809 secs]
[GC (Allocation Failure)  14219K->2027K(22528K), 0.0031160 secs]
[GC (Allocation Failure)  14315K->2059K(22528K), 0.0045695 secs]
[GC (Allocation Failure)  14347K->2187K(22528K), 0.0057954 secs]
[GC (Allocation Failure)  14475K->2347K(22528K), 0.0076827 secs]
[GC (Allocation Failure)  14635K->2443K(22528K), 0.0094277 secs]
[GC (Allocation Failure)  14731K->1643K(22528K), 0.0016216 secs]
[GC (Allocation Failure)  13931K->1867K(22528K), 0.0027720 secs]
[GC (Allocation Failure)  14155K->1963K(22528K), 0.0029759 secs]
[GC (Allocation Failure)  14251K->2059K(22528K), 0.0042782 secs]
[GC (Allocation Failure)  14347K->2155K(22528K), 0.0055962 secs]
[GC (Allocation Failure)  14443K->2283K(22528K), 0.0064937 secs]
[GC (Allocation Failure)  14571K->2283K(22528K), 0.0085909 secs]
[GC (Allocation Failure)  14571K->2507K(22528K), 0.0097815 secs]
[GC (Allocation Failure)  14795K->1867K(22528K), 0.0017267 secs]
[GC (Allocation Failure)  14155K->1899K(22528K), 0.0026492 secs]
[GC (Allocation Failure)  14187K->2027K(22528K), 0.0043093 secs]
[GC (Allocation Failure)  14315K->2059K(22528K), 0.0048148 secs]
[GC (Allocation Failure)  14347K->2187K(22528K), 0.0066984 secs]
[GC (Allocation Failure)  14475K->2283K(22528K), 0.0070235 secs]
[GC (Allocation Failure)  14571K->2443K(22528K), 0.0088467 secs]
[GC (Allocation Failure)  14731K->1675K(22528K), 0.0013501 secs]
[GC (Allocation Failure)  13963K->1931K(22528K), 0.0020601 secs]
[GC (Allocation Failure)  14219K->1931K(22528K), 0.0024757 secs]
[GC (Allocation Failure)  14219K->2059K(22528K), 0.0036352 secs]
[GC (Allocation Failure)  14347K->2155K(22528K), 0.0049974 secs]
[GC (Allocation Failure)  14443K->2219K(22528K), 0.0071686 secs]
[GC (Allocation Failure)  14507K->2315K(22528K), 0.0065706 secs]
[GC (Allocation Failure)  14603K->2443K(22528K), 0.0099527 secs]
[GC (Allocation Failure)  14731K->1707K(22528K), 0.0016466 secs]
[GC (Allocation Failure)  13995K->1899K(22528K), 0.0023850 secs]
[GC (Allocation Failure)  14187K->2027K(22528K), 0.0037078 secs]
[GC (Allocation Failure)  14315K->2091K(22528K), 0.0052983 secs]
[GC (Allocation Failure)  14379K->2155K(22528K), 0.0058030 secs]
[GC (Allocation Failure)  14443K->2283K(22528K), 0.0073359 secs]
[GC (Allocation Failure)  14571K->2443K(22528K), 0.0104131 secs]
[GC (Allocation Failure)  14731K->1643K(22528K), 0.0014061 secs]
[GC (Allocation Failure)  13931K->1899K(22528K), 0.0018097 secs]
[GC (Allocation Failure)  14187K->1931K(22528K), 0.0026114 secs]
[GC (Allocation Failure)  14219K->1995K(22528K), 0.0044746 secs]
[GC (Allocation Failure)  14283K->2155K(22528K), 0.0037837 secs]
[GC (Allocation Failure)  14443K->2187K(22528K), 0.0054878 secs]
[GC (Allocation Failure)  14475K->2251K(22528K), 0.0068614 secs]
[GC (Allocation Failure)  14539K->2475K(22528K), 0.0108024 secs]
[GC (Allocation Failure)  14763K->1707K(22528K), 0.0013466 secs]
[GC (Allocation Failure)  13995K->1899K(22528K), 0.0033841 secs]
[GC (Allocation Failure)  14187K->1963K(22528K), 0.0034418 secs]
[GC (Allocation Failure)  14251K->2091K(22528K), 0.0046551 secs]
[GC (Allocation Failure)  14379K->2187K(22528K), 0.0050635 secs]
[GC (Allocation Failure)  14475K->2251K(22528K), 0.0067785 secs]
[GC (Allocation Failure)  14539K->2379K(22528K), 0.0076241 secs]
[GC (Allocation Failure)  14667K->2507K(22528K), 0.0097644 secs]
[GC (Allocation Failure)  14795K->1867K(22528K), 0.0017873 secs]
[GC (Allocation Failure)  14155K->1899K(22528K), 0.0029971 secs]
[GC (Allocation Failure)  14187K->1931K(22528K), 0.0048039 secs]
[GC (Allocation Failure)  14219K->2123K(22528K), 0.0064088 secs]
[GC (Allocation Failure)  14411K->2187K(22528K), 0.0053920 secs]
[GC (Allocation Failure)  14475K->2315K(22528K), 0.0074953 secs]
[GC (Allocation Failure)  14603K->2379K(22528K), 0.0091364 secs]
[GC (Allocation Failure)  14667K->1675K(22528K), 0.0012075 secs]
[GC (Allocation Failure)  13963K->1899K(22528K), 0.0021778 secs]
[GC (Allocation Failure)  14187K->1963K(22528K), 0.0028209 secs]
[GC (Allocation Failure)  14251K->2059K(22528K), 0.0041309 secs]
[GC (Allocation Failure)  14347K->2123K(22528K), 0.0048416 secs]
[GC (Allocation Failure)  14411K->2251K(22528K), 0.0054456 secs]
[GC (Allocation Failure)  14539K->2443K(22528K), 0.0075857 secs]
[GC (Allocation Failure)  14731K->2475K(22528K), 0.0091005 secs]
[GC (Allocation Failure)  14763K->1835K(22528K), 0.0018284 secs]
[GC (Allocation Failure)  14123K->1931K(22528K), 0.0023854 secs]
[GC (Allocation Failure)  14219K->1963K(22528K), 0.0030720 secs]
[GC (Allocation Failure)  14251K->2059K(22528K), 0.0042264 secs]
[GC (Allocation Failure)  14347K->2187K(22528K), 0.0053269 secs]
[GC (Allocation Failure)  14475K->2283K(22528K), 0.0062555 secs]
[GC (Allocation Failure)  14571K->2475K(22528K), 0.0083752 secs]
[GC (Allocation Failure)  14763K->1611K(22528K), 0.0013978 secs]
[GC (Allocation Failure)  13899K->1899K(22528K), 0.0019221 secs]
[GC (Allocation Failure)  14187K->1931K(22528K), 0.0032156 secs]
[GC (Allocation Failure)  14219K->2027K(22528K), 0.0037828 secs]
[GC (Allocation Failure)  14315K->2123K(22528K), 0.0044403 secs]
[GC (Allocation Failure)  14411K->2283K(22528K), 0.0064514 secs]
[GC (Allocation Failure)  14571K->2379K(22528K), 0.0065316 secs]
[GC (Allocation Failure)  14667K->2475K(22528K), 0.0088534 secs]
[GC (Allocation Failure)  14763K->1739K(22528K), 0.0014697 secs]
[GC (Allocation Failure)  14027K->1931K(22528K), 0.0014656 secs]
[GC (Allocation Failure)  14219K->1963K(22528K), 0.0033232 secs]
[GC (Allocation Failure)  14251K->2091K(22528K), 0.0041523 secs]
[GC (Allocation Failure)  14379K->2187K(22528K), 0.0054208 secs]
[GC (Allocation Failure)  14475K->2283K(22528K), 0.0070965 secs]
[GC (Allocation Failure)  14571K->2379K(22528K), 0.0088837 secs]
[GC (Allocation Failure)  14667K->1611K(22528K), 0.0013019 secs]
[GC (Allocation Failure)  13899K->1867K(22528K), 0.0013619 secs]
[GC (Allocation Failure)  14155K->1931K(22528K), 0.0025501 secs]
[GC (Allocation Failure)  14219K->1995K(22528K), 0.0038143 secs]
[GC (Allocation Failure)  14283K->2091K(22528K), 0.0043716 secs]
[GC (Allocation Failure)  14379K->2251K(22528K), 0.0060729 secs]
[GC (Allocation Failure)  14539K->2315K(22528K), 0.0074193 secs]
[GC (Allocation Failure)  14603K->2411K(22528K), 0.0098857 secs]
[GC (Allocation Failure)  14699K->1643K(22528K), 0.0017792 secs]
[GC (Allocation Failure)  13931K->1931K(22528K), 0.0017457 secs]
[GC (Allocation Failure)  14219K->1931K(22528K), 0.0034007 secs]
[GC (Allocation Failure)  14219K->1995K(22528K), 0.0042072 secs]
[GC (Allocation Failure)  14283K->2123K(22528K), 0.0042737 secs]
[GC (Allocation Failure)  14411K->2251K(22528K), 0.0069263 secs]
[GC (Allocation Failure)  14539K->2379K(22528K), 0.0084810 secs]
[GC (Allocation Failure)  14667K->2443K(22528K), 0.0096820 secs]
[GC (Allocation Failure)  14731K->1867K(22528K), 0.0018011 secs]
[GC (Allocation Failure)  14155K->1931K(22528K), 0.0027197 secs]
[GC (Allocation Failure)  14219K->2027K(22528K), 0.0055355 secs]
[GC (Allocation Failure)  14315K->2123K(22528K), 0.0063795 secs]
[GC (Allocation Failure)  14411K->2155K(22528K), 0.0079808 secs]
[GC (Allocation Failure)  14443K->2251K(22528K), 0.0089622 secs]
[GC (Allocation Failure)  14539K->2475K(22528K), 0.0087855 secs]
[GC (Allocation Failure)  14763K->1675K(22528K), 0.0016579 secs]
[GC (Allocation Failure)  13963K->1899K(22528K), 0.0022100 secs]
[GC (Allocation Failure)  14187K->1995K(22528K), 0.0030940 secs]
[GC (Allocation Failure)  14283K->2059K(22528K), 0.0031872 secs]
[GC (Allocation Failure)  14347K->2155K(22528K), 0.0044631 secs]
[GC (Allocation Failure)  14443K->2187K(22528K), 0.0062231 secs]
[GC (Allocation Failure)  14475K->2315K(22528K), 0.0067030 secs]
[GC (Allocation Failure)  14603K->2443K(22528K), 0.0077253 secs]
[GC (Allocation Failure)  14731K->1707K(22528K), 0.0013448 secs]
[GC (Allocation Failure)  13995K->1931K(22528K), 0.0024932 secs]
[GC (Allocation Failure)  14219K->1995K(22528K), 0.0035296 secs]
[GC (Allocation Failure)  14283K->2123K(22528K), 0.0048206 secs]
[GC (Allocation Failure)  14411K->2187K(22528K), 0.0051848 secs]
[GC (Allocation Failure)  14475K->2283K(22528K), 0.0061500 secs]
[GC (Allocation Failure)  14571K->2347K(22528K), 0.0087203 secs]
[GC (Allocation Failure)  14635K->1675K(22528K), 0.0016213 secs]
[GC (Allocation Failure)  13963K->1899K(22528K), 0.0018455 secs]
[GC (Allocation Failure)  14187K->1963K(22528K), 0.0020671 secs]
[GC (Allocation Failure)  14251K->1995K(22528K), 0.0039311 secs]
[GC (Allocation Failure)  14283K->2187K(22528K), 0.0055225 secs]
[GC (Allocation Failure)  14475K->2155K(22528K), 0.0060016 secs]
[GC (Allocation Failure)  14443K->2315K(22528K), 0.0079273 secs]
[GC (Allocation Failure)  14603K->2443K(22528K), 0.0085739 secs]
[GC (Allocation Failure)  14731K->1707K(22528K), 0.0011102 secs]
[GC (Allocation Failure)  13995K->1931K(22528K), 0.0020196 secs]
[GC (Allocation Failure)  14219K->1995K(22528K), 0.0029078 secs]
[GC (Allocation Failure)  14283K->2027K(22528K), 0.0038377 secs]
[GC (Allocation Failure)  14315K->2155K(22528K), 0.0053327 secs]
[GC (Allocation Failure)  14443K->2283K(22528K), 0.0076943 secs]
[GC (Allocation Failure)  14571K->2411K(22528K), 0.0116030 secs]
[GC (Allocation Failure)  14699K->2507K(22528K), 0.0125814 secs]
[GC (Allocation Failure)  14795K->1899K(22528K), 0.0020828 secs]
[GC (Allocation Failure)  14187K->1931K(22528K), 0.0028499 secs]
[GC (Allocation Failure)  14219K->1995K(22528K), 0.0040918 secs]
[GC (Allocation Failure)  14283K->2123K(22528K), 0.0048521 secs]
[GC (Allocation Failure)  14411K->2187K(22528K), 0.0058802 secs]
[GC (Allocation Failure)  14475K->2347K(22528K), 0.0090521 secs]
[GC (Allocation Failure)  14635K->2443K(22528K), 0.0109531 secs]
[GC (Allocation Failure)  14731K->1675K(22528K), 0.0015212 secs]
[GC (Allocation Failure)  13963K->1899K(22528K), 0.0025566 secs]
[GC (Allocation Failure)  14187K->1963K(22528K), 0.0031105 secs]
[GC (Allocation Failure)  14251K->2059K(22528K), 0.0035218 secs]
[GC (Allocation Failure)  14347K->2187K(22528K), 0.0047302 secs]
[GC (Allocation Failure)  14475K->2251K(22528K), 0.0064402 secs]
[GC (Allocation Failure)  14539K->2347K(22528K), 0.0075918 secs]
[GC (Allocation Failure)  14635K->2507K(22528K), 0.0103593 secs]
[GC (Allocation Failure)  14795K->1835K(22528K), 0.0015119 secs]
[GC (Allocation Failure)  14123K->1931K(22528K), 0.0030082 secs]
[GC (Allocation Failure)  14219K->2027K(22528K), 0.0032327 secs]
[GC (Allocation Failure)  14315K->2123K(22528K), 0.0046838 secs]
[GC (Allocation Failure)  14411K->2219K(22528K), 0.0057846 secs]
[GC (Allocation Failure)  14507K->2283K(22528K), 0.0071052 secs]
[GC (Allocation Failure)  14571K->2411K(22528K), 0.0091681 secs]
[GC (Allocation Failure)  14699K->1611K(22528K), 0.0011813 secs]
[GC (Allocation Failure)  13899K->1899K(22528K), 0.0026148 secs]
[GC (Allocation Failure)  14187K->1963K(22528K), 0.0036192 secs]
[GC (Allocation Failure)  14251K->1995K(22528K), 0.0055214 secs]
[GC (Allocation Failure)  14283K->2123K(22528K), 0.0069305 secs]
[GC (Allocation Failure)  14411K->2219K(22528K), 0.0075237 secs]
[GC (Allocation Failure)  14507K->2347K(22528K), 0.0094017 secs]
[GC (Allocation Failure)  14635K->2475K(22528K), 0.0105847 secs]
[GC (Allocation Failure)  14763K->1867K(22528K), 0.0013740 secs]
[GC (Allocation Failure)  14155K->1899K(22528K), 0.0022434 secs]
[GC (Allocation Failure)  14187K->1931K(22528K), 0.0033043 secs]
[GC (Allocation Failure)  14219K->2091K(22528K), 0.0041362 secs]
[GC (Allocation Failure)  14379K->2187K(22528K), 0.0056085 secs]
[GC (Allocation Failure)  14475K->2251K(22528K), 0.0068651 secs]
[GC (Allocation Failure)  14539K->2347K(22528K), 0.0091600 secs]
[GC (Allocation Failure)  14635K->1643K(22528K), 0.0021041 secs]
[GC (Allocation Failure)  13931K->1899K(22528K), 0.0016278 secs]
[GC (Allocation Failure)  14187K->1931K(22528K), 0.0029393 secs]
[GC (Allocation Failure)  14219K->2027K(22528K), 0.0041097 secs]
[GC (Allocation Failure)  14315K->2123K(22528K), 0.0054100 secs]
[GC (Allocation Failure)  14411K->2187K(22528K), 0.0068614 secs]
[GC (Allocation Failure)  14475K->2347K(22528K), 0.0086393 secs]
[GC (Allocation Failure)  14635K->2379K(22528K), 0.0101033 secs]
[GC (Allocation Failure)  14667K->1675K(22528K), 0.0013029 secs]
[GC (Allocation Failure)  13963K->1899K(22528K), 0.0024969 secs]
[GC (Allocation Failure)  14187K->1995K(22528K), 0.0025134 secs]
[GC (Allocation Failure)  14283K->2059K(22528K), 0.0043934 secs]
[GC (Allocation Failure)  14347K->2155K(22528K), 0.0047214 secs]
[GC (Allocation Failure)  14443K->2283K(22528K), 0.0058099 secs]
[GC (Allocation Failure)  14571K->2379K(22528K), 0.0078083 secs]
[GC (Allocation Failure)  14667K->2443K(22528K), 0.0090022 secs]
[GC (Allocation Failure)  14731K->1803K(22528K), 0.0015209 secs]
[GC (Allocation Failure)  14091K->1931K(22528K), 0.0030021 secs]
[GC (Allocation Failure)  14219K->1995K(22528K), 0.0037138 secs]
[GC (Allocation Failure)  14283K->2091K(22528K), 0.0048430 secs]
[GC (Allocation Failure)  14379K->2219K(22528K), 0.0060728 secs]
[GC (Allocation Failure)  14507K->2315K(22528K), 0.0074937 secs]
[GC (Allocation Failure)  14603K->2443K(22528K), 0.0075372 secs]
[GC (Allocation Failure)  14731K->1707K(22528K), 0.0011667 secs]
[GC (Allocation Failure)  13995K->1867K(22528K), 0.0019785 secs]
[GC (Allocation Failure)  14155K->1931K(22528K), 0.0023719 secs]
[GC (Allocation Failure)  14219K->1963K(22528K), 0.0039945 secs]
[GC (Allocation Failure)  14251K->2123K(22528K), 0.0044655 secs]
[GC (Allocation Failure)  14411K->2219K(22528K), 0.0055414 secs]
[GC (Allocation Failure)  14507K->2315K(22528K), 0.0081290 secs]
[GC (Allocation Failure)  14603K->2443K(22528K), 0.0105006 secs]
[GC (Allocation Failure)  14731K->1803K(22528K), 0.0012081 secs]
[GC (Allocation Failure)  14091K->1931K(22528K), 0.0021726 secs]
[GC (Allocation Failure)  14219K->1963K(22528K), 0.0032037 secs]
[GC (Allocation Failure)  14251K->2123K(22528K), 0.0039760 secs]
[GC (Allocation Failure)  14411K->2187K(22528K), 0.0054494 secs]
[GC (Allocation Failure)  14475K->2315K(22528K), 0.0070371 secs]
[GC (Allocation Failure)  14603K->2347K(22528K), 0.0100099 secs]
[GC (Allocation Failure)  14635K->1675K(22528K), 0.0013346 secs]
[GC (Allocation Failure)  13963K->1899K(22528K), 0.0020062 secs]
[GC (Allocation Failure)  14187K->1963K(22528K), 0.0038578 secs]
[GC (Allocation Failure)  14251K->1995K(22528K), 0.0041502 secs]
[GC (Allocation Failure)  14283K->2155K(22528K), 0.0051877 secs]
[GC (Allocation Failure)  14443K->2283K(22528K), 0.0068032 secs]
[GC (Allocation Failure)  14571K->2347K(22528K), 0.0087270 secs]
[GC (Allocation Failure)  14635K->2507K(22528K), 0.0080365 secs]
[GC (Allocation Failure)  14795K->1675K(22528K), 0.0011619 secs]
[GC (Allocation Failure)  13963K->1931K(22528K), 0.0025758 secs]
[GC (Allocation Failure)  14219K->1963K(22528K), 0.0050266 secs]
[GC (Allocation Failure)  14251K->2027K(22528K), 0.0059708 secs]
[GC (Allocation Failure)  14315K->2155K(22528K), 0.0079091 secs]
[GC (Allocation Failure)  14443K->2283K(22528K), 0.0111332 secs]
[GC (Allocation Failure)  14571K->2411K(22528K), 0.0110177 secs]
[GC (Allocation Failure)  14699K->1611K(22528K), 0.0011525 secs]
[GC (Allocation Failure)  13899K->1867K(22528K), 0.0018984 secs]
[GC (Allocation Failure)  14155K->1931K(22528K), 0.0028495 secs]
[GC (Allocation Failure)  14219K->1963K(22528K), 0.0045029 secs]
[GC (Allocation Failure)  14251K->2091K(22528K), 0.0055071 secs]
[GC (Allocation Failure)  14379K->2187K(22528K), 0.0063580 secs]
[GC (Allocation Failure)  14475K->2315K(22528K), 0.0069437 secs]
[GC (Allocation Failure)  14603K->2379K(22528K), 0.0086745 secs]
[GC (Allocation Failure)  14667K->1707K(22528K), 0.0010594 secs]
[GC (Allocation Failure)  13995K->1899K(22528K), 0.0018772 secs]
[GC (Allocation Failure)  14187K->1931K(22528K), 0.0026720 secs]
[GC (Allocation Failure)  14219K->2059K(22528K), 0.0045090 secs]
[GC (Allocation Failure)  14347K->2155K(22528K), 0.0059406 secs]
[GC (Allocation Failure)  14443K->2283K(22528K), 0.0067815 secs]
[GC (Allocation Failure)  14571K->2379K(22528K), 0.0090438 secs]
[GC (Allocation Failure)  14667K->2443K(22528K), 0.0102677 secs]
[GC (Allocation Failure)  14731K->1771K(22528K), 0.0016321 secs]
[GC (Allocation Failure)  14059K->1931K(22528K), 0.0019412 secs]
[GC (Allocation Failure)  14219K->2027K(22528K), 0.0031059 secs]
[GC (Allocation Failure)  14315K->2059K(22528K), 0.0040703 secs]
[GC (Allocation Failure)  14347K->2187K(22528K), 0.0045933 secs]
[GC (Allocation Failure)  14475K->2347K(22528K), 0.0079137 secs]
[GC (Allocation Failure)  14635K->2347K(22528K), 0.0072043 secs]
[GC (Allocation Failure)  14635K->1611K(22528K), 0.0013613 secs]
[GC (Allocation Failure)  13899K->1835K(22528K), 0.0018326 secs]
[GC (Allocation Failure)  14123K->1931K(22528K), 0.0030241 secs]
[GC (Allocation Failure)  14219K->2027K(22528K), 0.0043506 secs]
[GC (Allocation Failure)  14315K->2155K(22528K), 0.0047657 secs]
[GC (Allocation Failure)  14443K->2219K(22528K), 0.0061616 secs]
[GC (Allocation Failure)  14507K->2347K(22528K), 0.0095160 secs]
[GC (Allocation Failure)  14635K->2507K(22528K), 0.0132462 secs]
[GC (Allocation Failure)  14795K->1771K(22528K), 0.0012622 secs]
[GC (Allocation Failure)  14059K->1899K(22528K), 0.0022893 secs]
[GC (Allocation Failure)  14187K->1995K(22528K), 0.0027263 secs]
[GC (Allocation Failure)  14283K->2059K(22528K), 0.0043965 secs]
[GC (Allocation Failure)  14347K->2155K(22528K), 0.0046967 secs]
[GC (Allocation Failure)  14443K->2347K(22528K), 0.0071215 secs]
[GC (Allocation Failure)  14635K->2411K(22528K), 0.0074175 secs]
[GC (Allocation Failure)  14699K->1611K(22528K), 0.0015636 secs]
[GC (Allocation Failure)  13899K->1867K(22528K), 0.0018686 secs]
[GC (Allocation Failure)  14155K->1931K(22528K), 0.0029817 secs]
[GC (Allocation Failure)  14219K->1995K(22528K), 0.0043441 secs]
[GC (Allocation Failure)  14283K->2091K(22528K), 0.0043654 secs]
[GC (Allocation Failure)  14379K->2219K(22528K), 0.0051005 secs]
[GC (Allocation Failure)  14507K->2347K(22528K), 0.0075028 secs]
[GC (Allocation Failure)  14635K->2411K(22528K), 0.0106522 secs]
[GC (Allocation Failure)  14699K->1675K(22528K), 0.0014724 secs]
[GC (Allocation Failure)  13963K->1899K(22528K), 0.0023821 secs]
[GC (Allocation Failure)  14187K->1995K(22528K), 0.0036257 secs]
[GC (Allocation Failure)  14283K->2059K(22528K), 0.0044190 secs]
[GC (Allocation Failure)  14347K->2187K(22528K), 0.0051990 secs]
[GC (Allocation Failure)  14475K->2251K(22528K), 0.0085253 secs]
[GC (Allocation Failure)  14539K->2379K(22528K), 0.0081823 secs]
[GC (Allocation Failure)  14667K->2475K(22528K), 0.0107011 secs]
[GC (Allocation Failure)  14763K->1867K(22528K), 0.0036682 secs]
[GC (Allocation Failure)  14155K->1899K(22528K), 0.0035977 secs]
[GC (Allocation Failure)  14187K->1995K(22528K), 0.0035391 secs]
[GC (Allocation Failure)  14283K->2123K(22528K), 0.0048145 secs]
[GC (Allocation Failure)  14411K->2219K(22528K), 0.0048579 secs]
[GC (Allocation Failure)  14507K->2315K(22528K), 0.0080867 secs]
[GC (Allocation Failure)  14603K->2379K(22528K), 0.0120552 secs]
[GC (Allocation Failure)  14667K->1707K(22528K), 0.0014933 secs]
[GC (Allocation Failure)  13995K->1899K(22528K), 0.0029683 secs]
[GC (Allocation Failure)  14187K->1995K(22528K), 0.0059681 secs]
[GC (Allocation Failure)  14283K->2027K(22528K), 0.0063320 secs]
[GC (Allocation Failure)  14315K->2187K(22528K), 0.0087099 secs]
[GC (Allocation Failure)  14475K->2251K(22528K), 0.0107378 secs]
[GC (Allocation Failure)  14539K->2379K(22528K), 0.0138319 secs]
[GC (Allocation Failure)  14667K->2443K(22528K), 0.0162640 secs]
[GC (Allocation Failure)  14731K->1739K(22528K), 0.0011443 secs]
[GC (Allocation Failure)  14027K->1931K(22528K), 0.0034985 secs]
[GC (Allocation Failure)  14219K->2027K(22528K), 0.0036299 secs]
[GC (Allocation Failure)  14315K->2123K(22528K), 0.0052374 secs]
[GC (Allocation Failure)  14411K->2187K(22528K), 0.0053517 secs]
[GC (Allocation Failure)  14475K->2251K(22528K), 0.0096308 secs]
[GC (Allocation Failure)  14539K->2411K(22528K), 0.0111340 secs]
[GC (Allocation Failure)  14699K->1611K(22528K), 0.0020717 secs]
[GC (Allocation Failure)  13899K->1867K(22528K), 0.0022221 secs]
[GC (Allocation Failure)  14155K->1963K(22528K), 0.0028904 secs]
[GC (Allocation Failure)  14251K->2027K(22528K), 0.0038296 secs]
[GC (Allocation Failure)  14315K->2091K(22528K), 0.0061589 secs]
[GC (Allocation Failure)  14379K->2219K(22528K), 0.0060892 secs]
[GC (Allocation Failure)  14507K->2283K(22528K), 0.0098452 secs]
[GC (Allocation Failure)  14571K->2411K(22528K), 0.0094102 secs]
[GC (Allocation Failure)  14699K->1643K(22528K), 0.0016415 secs]
[GC (Allocation Failure)  13931K->1899K(22528K), 0.0029249 secs]
[GC (Allocation Failure)  14187K->1963K(22528K), 0.0033057 secs]
[GC (Allocation Failure)  14251K->2027K(22528K), 0.0041715 secs]
[GC (Allocation Failure)  14315K->2187K(22528K), 0.0053404 secs]
[GC (Allocation Failure)  14475K->2251K(22528K), 0.0066661 secs]
[GC (Allocation Failure)  14539K->2443K(22528K), 0.0087311 secs]
[GC (Allocation Failure)  14731K->1675K(22528K), 0.0022586 secs]
[GC (Allocation Failure)  13963K->1899K(22528K), 0.0011515 secs]
[GC (Allocation Failure)  14187K->1963K(22528K), 0.0021042 secs]
[GC (Allocation Failure)  14251K->2027K(22528K), 0.0036735 secs]
[GC (Allocation Failure)  14315K->2091K(22528K), 0.0056119 secs]
[GC (Allocation Failure)  14379K->2155K(22528K), 0.0085685 secs]
[GC (Allocation Failure)  14443K->2315K(22528K), 0.0096084 secs]
[GC (Allocation Failure)  14603K->2411K(22528K), 0.0103063 secs]
[GC (Allocation Failure)  14699K->1739K(22528K), 0.0013637 secs]
[GC (Allocation Failure)  14027K->1899K(22528K), 0.0020459 secs]
[GC (Allocation Failure)  14187K->1931K(22528K), 0.0038251 secs]
[GC (Allocation Failure)  14219K->2059K(22528K), 0.0042937 secs]
[GC (Allocation Failure)  14347K->2123K(22528K), 0.0050257 secs]
[GC (Allocation Failure)  14411K->2251K(22528K), 0.0056851 secs]
[GC (Allocation Failure)  14539K->2379K(22528K), 0.0084698 secs]
[GC (Allocation Failure)  14667K->2443K(22528K), 0.0096837 secs]
[GC (Allocation Failure)  14731K->1803K(22528K), 0.0010901 secs]
[GC (Allocation Failure)  14091K->1931K(22528K), 0.0024712 secs]
[GC (Allocation Failure)  14219K->1931K(22528K), 0.0041013 secs]
[GC (Allocation Failure)  14219K->2091K(22528K), 0.0050184 secs]
[GC (Allocation Failure)  14379K->2187K(22528K), 0.0060382 secs]
[GC (Allocation Failure)  14475K->2315K(22528K), 0.0082898 secs]
[GC (Allocation Failure)  14603K->2379K(22528K), 0.0099706 secs]
[GC (Allocation Failure)  14667K->1643K(22528K), 0.0011286 secs]
[GC (Allocation Failure)  13931K->1867K(22528K), 0.0021814 secs]
[GC (Allocation Failure)  14155K->1963K(22528K), 0.0029175 secs]
[GC (Allocation Failure)  14251K->2027K(22528K), 0.0040480 secs]
[GC (Allocation Failure)  14315K->2059K(22528K), 0.0046410 secs]
[GC (Allocation Failure)  14347K->2219K(22528K), 0.0068068 secs]
[GC (Allocation Failure)  14507K->2315K(22528K), 0.0077760 secs]
[GC (Allocation Failure)  14603K->2475K(22528K), 0.0090633 secs]
[GC (Allocation Failure)  14763K->1771K(22528K), 0.0012829 secs]
[GC (Allocation Failure)  14059K->1899K(22528K), 0.0025810 secs]
[GC (Allocation Failure)  14187K->2027K(22528K), 0.0037147 secs]
[GC (Allocation Failure)  14315K->2059K(22528K), 0.0041197 secs]
[GC (Allocation Failure)  14347K->2187K(22528K), 0.0055207 secs]
[GC (Allocation Failure)  14475K->2251K(22528K), 0.0085191 secs]
[GC (Allocation Failure)  14539K->2347K(22528K), 0.0105503 secs]
[GC (Allocation Failure)  14635K->1643K(22528K), 0.0012390 secs]
[GC (Allocation Failure)  13931K->1899K(22528K), 0.0017054 secs]
[GC (Allocation Failure)  14187K->1963K(22528K), 0.0030697 secs]
[GC (Allocation Failure)  14251K->2027K(22528K), 0.0039332 secs]
[GC (Allocation Failure)  14315K->2091K(22528K), 0.0056167 secs]
[GC (Allocation Failure)  14379K->2187K(22528K), 0.0066285 secs]
[GC (Allocation Failure)  14475K->2379K(22528K), 0.0090426 secs]
[GC (Allocation Failure)  14667K->2443K(22528K), 0.0112889 secs]
[GC (Allocation Failure)  14731K->1771K(22528K), 0.0010334 secs]
[GC (Allocation Failure)  14059K->1899K(22528K), 0.0022044 secs]
[GC (Allocation Failure)  14187K->1963K(22528K), 0.0032576 secs]
[GC (Allocation Failure)  14251K->2091K(22528K), 0.0052785 secs]
[GC (Allocation Failure)  14379K->2123K(22528K), 0.0064226 secs]
[GC (Allocation Failure)  14411K->2219K(22528K), 0.0074017 secs]
[GC (Allocation Failure)  14507K->2411K(22528K), 0.0099649 secs]
[GC (Allocation Failure)  14699K->2475K(22528K), 0.0109773 secs]
[GC (Allocation Failure)  14763K->1899K(22528K), 0.0019136 secs]
[GC (Allocation Failure)  14187K->1899K(22528K), 0.0031878 secs]
[GC (Allocation Failure)  14187K->1995K(22528K), 0.0041044 secs]
[GC (Allocation Failure)  14283K->2091K(22528K), 0.0038857 secs]
[GC (Allocation Failure)  14379K->2219K(22528K), 0.0056267 secs]
[GC (Allocation Failure)  14507K->2347K(22528K), 0.0069634 secs]
[GC (Allocation Failure)  14635K->2443K(22528K), 0.0099248 secs]
[GC (Allocation Failure)  14731K->1675K(22528K), 0.0012049 secs]
[GC (Allocation Failure)  13963K->1899K(22528K), 0.0020518 secs]
[GC (Allocation Failure)  14187K->1963K(22528K), 0.0026835 secs]
[GC (Allocation Failure)  14251K->2027K(22528K), 0.0036088 secs]
[GC (Allocation Failure)  14315K->2123K(22528K), 0.0059218 secs]
[GC (Allocation Failure)  14411K->2251K(22528K), 0.0073625 secs]
[GC (Allocation Failure)  14539K->2315K(22528K), 0.0097073 secs]
[GC (Allocation Failure)  14603K->2475K(22528K), 0.0110772 secs]
[GC (Allocation Failure)  14763K->1803K(22528K), 0.0015769 secs]
[GC (Allocation Failure)  14091K->1963K(22528K), 0.0020325 secs]
[GC (Allocation Failure)  14251K->2027K(22528K), 0.0031502 secs]
[GC (Allocation Failure)  14315K->2059K(22528K), 0.0041608 secs]
[GC (Allocation Failure)  14347K->2187K(22528K), 0.0049201 secs]
[GC (Allocation Failure)  14475K->2283K(22528K), 0.0072542 secs]
[GC (Allocation Failure)  14571K->2443K(22528K), 0.0087663 secs]
[GC (Allocation Failure)  14731K->1643K(22528K), 0.0016724 secs]
[GC (Allocation Failure)  13931K->1899K(22528K), 0.0020528 secs]
[GC (Allocation Failure)  14187K->1963K(22528K), 0.0032486 secs]
[GC (Allocation Failure)  14251K->2027K(22528K), 0.0042529 secs]
[GC (Allocation Failure)  14315K->2091K(22528K), 0.0051889 secs]
[GC (Allocation Failure)  14379K->2251K(22528K), 0.0068542 secs]
[GC (Allocation Failure)  14539K->2347K(22528K), 0.0080757 secs]
[GC (Allocation Failure)  14635K->2475K(22528K), 0.0095036 secs]
[GC (Allocation Failure)  14763K->1867K(22528K), 0.0011470 secs]
[GC (Allocation Failure)  14155K->1899K(22528K), 0.0020333 secs]
[GC (Allocation Failure)  14187K->1963K(22528K), 0.0029371 secs]
[GC (Allocation Failure)  14251K->2027K(22528K), 0.0049764 secs]
[GC (Allocation Failure)  14315K->2219K(22528K), 0.0066422 secs]
[GC (Allocation Failure)  14507K->2283K(22528K), 0.0085431 secs]
[GC (Allocation Failure)  14571K->2411K(22528K), 0.0085938 secs]
[GC (Allocation Failure)  14699K->1675K(22528K), 0.0013731 secs]
[GC (Allocation Failure)  13963K->1867K(22528K), 0.0019178 secs]
[GC (Allocation Failure)  14155K->1931K(22528K), 0.0035152 secs]
[GC (Allocation Failure)  14219K->1963K(22528K), 0.0054584 secs]
[GC (Allocation Failure)  14251K->2091K(22528K), 0.0052232 secs]
[GC (Allocation Failure)  14379K->2187K(22528K), 0.0075632 secs]
[GC (Allocation Failure)  14475K->2315K(22528K), 0.0077749 secs]
[GC (Allocation Failure)  14603K->2475K(22528K), 0.0090354 secs]
[GC (Allocation Failure)  14763K->1675K(22528K), 0.0017497 secs]
[GC (Allocation Failure)  13963K->1899K(22528K), 0.0024987 secs]
[GC (Allocation Failure)  14187K->1963K(22528K), 0.0030338 secs]
[GC (Allocation Failure)  14251K->2059K(22528K), 0.0047851 secs]
[GC (Allocation Failure)  14347K->2123K(22528K), 0.0055613 secs]
[GC (Allocation Failure)  14411K->2251K(22528K), 0.0068501 secs]
[GC (Allocation Failure)  14539K->2315K(22528K), 0.0083942 secs]
[GC (Allocation Failure)  14603K->2443K(22528K), 0.0088853 secs]
[GC (Allocation Failure)  14731K->1707K(22528K), 0.0015639 secs]
[GC (Allocation Failure)  13995K->1867K(22528K), 0.0025839 secs]
[GC (Allocation Failure)  14155K->2027K(22528K), 0.0035268 secs]
[GC (Allocation Failure)  14315K->2123K(22528K), 0.0049401 secs]
[GC (Allocation Failure)  14411K->2187K(22528K), 0.0063268 secs]
[GC (Allocation Failure)  14475K->2315K(22528K), 0.0059944 secs]
[GC (Allocation Failure)  14603K->2411K(22528K), 0.0090895 secs]
[GC (Allocation Failure)  14699K->1643K(22528K), 0.0017913 secs]
[GC (Allocation Failure)  13931K->1931K(22528K), 0.0015523 secs]
[GC (Allocation Failure)  14219K->1963K(22528K), 0.0030321 secs]
[GC (Allocation Failure)  14251K->2059K(22528K), 0.0037164 secs]
[GC (Allocation Failure)  14347K->2187K(22528K), 0.0052539 secs]
[GC (Allocation Failure)  14475K->2251K(22528K), 0.0051964 secs]
[GC (Allocation Failure)  14539K->2347K(22528K), 0.0065273 secs]
[GC (Allocation Failure)  14635K->2443K(22528K), 0.0079721 secs]
[GC (Allocation Failure)  14731K->1771K(22528K), 0.0015031 secs]
[GC (Allocation Failure)  14059K->1899K(22528K), 0.0018974 secs]
[GC (Allocation Failure)  14187K->1995K(22528K), 0.0031044 secs]
[GC (Allocation Failure)  14283K->2091K(22528K), 0.0040918 secs]
[GC (Allocation Failure)  14379K->2187K(22528K), 0.0061405 secs]
[GC (Allocation Failure)  14475K->2283K(22528K), 0.0083713 secs]
[GC (Allocation Failure)  14571K->2411K(22528K), 0.0103544 secs]
[GC (Allocation Failure)  14699K->1675K(22528K), 0.0010076 secs]
[GC (Allocation Failure)  13963K->1899K(22528K), 0.0017152 secs]
[GC (Allocation Failure)  14187K->1963K(22528K), 0.0027609 secs]
[GC (Allocation Failure)  14251K->2059K(22528K), 0.0032322 secs]
[GC (Allocation Failure)  14347K->2091K(22528K), 0.0047131 secs]
[GC (Allocation Failure)  14379K->2219K(22528K), 0.0057538 secs]
[GC (Allocation Failure)  14507K->2347K(22528K), 0.0075703 secs]
[GC (Allocation Failure)  14635K->2443K(22528K), 0.0084212 secs]
[GC (Allocation Failure)  14731K->1675K(22528K), 0.0015830 secs]
[GC (Allocation Failure)  13963K->1931K(22528K), 0.0020878 secs]
[GC (Allocation Failure)  14219K->2027K(22528K), 0.0032900 secs]
[GC (Allocation Failure)  14315K->2091K(22528K), 0.0043859 secs]
[GC (Allocation Failure)  14379K->2123K(22528K), 0.0054559 secs]
[GC (Allocation Failure)  14411K->2283K(22528K), 0.0074443 secs]
[GC (Allocation Failure)  14571K->2347K(22528K), 0.0083250 secs]
[GC (Allocation Failure)  14635K->2443K(22528K), 0.0093087 secs]
[GC (Allocation Failure)  14731K->1867K(22528K), 0.0018031 secs]
[GC (Allocation Failure)  14155K->1931K(22528K), 0.0031214 secs]
[GC (Allocation Failure)  14219K->1995K(22528K), 0.0037017 secs]
[GC (Allocation Failure)  14283K->2059K(22528K), 0.0047561 secs]
[GC (Allocation Failure)  14347K->2283K(22528K), 0.0058742 secs]
[GC (Allocation Failure)  14571K->2379K(22528K), 0.0060468 secs]
[GC (Allocation Failure)  14667K->2443K(22528K), 0.0089900 secs]
[GC (Allocation Failure)  14731K->1707K(22528K), 0.0016329 secs]
[GC (Allocation Failure)  13995K->1899K(22528K), 0.0021387 secs]
[GC (Allocation Failure)  14187K->1963K(22528K), 0.0043804 secs]
[GC (Allocation Failure)  14251K->2059K(22528K), 0.0037566 secs]
[GC (Allocation Failure)  14347K->2123K(22528K), 0.0047222 secs]
[GC (Allocation Failure)  14411K->2219K(22528K), 0.0065412 secs]
[GC (Allocation Failure)  14507K->2347K(22528K), 0.0074059 secs]
[GC (Allocation Failure)  14635K->2443K(22528K), 0.0086006 secs]
[GC (Allocation Failure)  14731K->1835K(22528K), 0.0014588 secs]
[GC (Allocation Failure)  14123K->1899K(22528K), 0.0024435 secs]
[GC (Allocation Failure)  14187K->2027K(22528K), 0.0035000 secs]
[GC (Allocation Failure)  14315K->2123K(22528K), 0.0048888 secs]
[GC (Allocation Failure)  14411K->2219K(22528K), 0.0065250 secs]
[GC (Allocation Failure)  14507K->2283K(22528K), 0.0067903 secs]
[GC (Allocation Failure)  14571K->2443K(22528K), 0.0079290 secs]
[GC (Allocation Failure)  14731K->1643K(22528K), 0.0014356 secs]
[GC (Allocation Failure)  13931K->1867K(22528K), 0.0018027 secs]
[GC (Allocation Failure)  14155K->1931K(22528K), 0.0025977 secs]
[GC (Allocation Failure)  14219K->1963K(22528K), 0.0047005 secs]
[GC (Allocation Failure)  14251K->2123K(22528K), 0.0048755 secs]
[GC (Allocation Failure)  14411K->2219K(22528K), 0.0070306 secs]
[GC (Allocation Failure)  14507K->2379K(22528K), 0.0081049 secs]
[GC (Allocation Failure)  14667K->2443K(22528K), 0.0126597 secs]
[GC (Allocation Failure)  14731K->1867K(22528K), 0.0014998 secs]
[GC (Allocation Failure)  14155K->1899K(22528K), 0.0039549 secs]
[GC (Allocation Failure)  14187K->1995K(22528K), 0.0038381 secs]
[GC (Allocation Failure)  14283K->2027K(22528K), 0.0072935 secs]
[GC (Allocation Failure)  14315K->2187K(22528K), 0.0071339 secs]
[GC (Allocation Failure)  14475K->2251K(22528K), 0.0072120 secs]
[GC (Allocation Failure)  14539K->2411K(22528K), 0.0085913 secs]
[GC (Allocation Failure)  14699K->1643K(22528K), 0.0013163 secs]
[GC (Allocation Failure)  13931K->1899K(22528K), 0.0016551 secs]
[GC (Allocation Failure)  14187K->1963K(22528K), 0.0028542 secs]
[GC (Allocation Failure)  14251K->1995K(22528K), 0.0039963 secs]
[GC (Allocation Failure)  14283K->2123K(22528K), 0.0051736 secs]
[GC (Allocation Failure)  14411K->2123K(22528K), 0.0064951 secs]
[GC (Allocation Failure)  14411K->2315K(22528K), 0.0074223 secs]
[GC (Allocation Failure)  14603K->2411K(22528K), 0.0095519 secs]
[GC (Allocation Failure)  14699K->1675K(22528K), 0.0015476 secs]
[GC (Allocation Failure)  13963K->1899K(22528K), 0.0023436 secs]
[GC (Allocation Failure)  14187K->1963K(22528K), 0.0029422 secs]
[GC (Allocation Failure)  14251K->2059K(22528K), 0.0040289 secs]
[GC (Allocation Failure)  14347K->2187K(22528K), 0.0053754 secs]
[GC (Allocation Failure)  14475K->2251K(22528K), 0.0058537 secs]
[GC (Allocation Failure)  14539K->2315K(22528K), 0.0078211 secs]
[GC (Allocation Failure)  14603K->2443K(22528K), 0.0072336 secs]
[GC (Allocation Failure)  14731K->1739K(22528K), 0.0017101 secs]
[GC (Allocation Failure)  14027K->1899K(22528K), 0.0023244 secs]
[GC (Allocation Failure)  14187K->2027K(22528K), 0.0032684 secs]
[GC (Allocation Failure)  14315K->2123K(22528K), 0.0040830 secs]
[GC (Allocation Failure)  14411K->2155K(22528K), 0.0058433 secs]
[GC (Allocation Failure)  14443K->2315K(22528K), 0.0057033 secs]
[GC (Allocation Failure)  14603K->2443K(22528K), 0.0072260 secs]
[GC (Allocation Failure)  14731K->1643K(22528K), 0.0014163 secs]
[GC (Allocation Failure)  13931K->1899K(22528K), 0.0017916 secs]
[GC (Allocation Failure)  14187K->1963K(22528K), 0.0034348 secs]
[GC (Allocation Failure)  14251K->2027K(22528K), 0.0036314 secs]
[GC (Allocation Failure)  14315K->2155K(22528K), 0.0047637 secs]
[GC (Allocation Failure)  14443K->2251K(22528K), 0.0068643 secs]
[GC (Allocation Failure)  14539K->2347K(22528K), 0.0093622 secs]
[GC (Allocation Failure)  14635K->2475K(22528K), 0.0071789 secs]
[GC (Allocation Failure)  14763K->1675K(22528K), 0.0014706 secs]
[GC (Allocation Failure)  13963K->1899K(22528K), 0.0022668 secs]
[GC (Allocation Failure)  14187K->1995K(22528K), 0.0031551 secs]
[GC (Allocation Failure)  14283K->2059K(22528K), 0.0049981 secs]
[GC (Allocation Failure)  14347K->2155K(22528K), 0.0066085 secs]
[GC (Allocation Failure)  14443K->2347K(22528K), 0.0080129 secs]
[GC (Allocation Failure)  14635K->2379K(22528K), 0.0083023 secs]
[GC (Allocation Failure)  14667K->1643K(22528K), 0.0012320 secs]
[GC (Allocation Failure)  13931K->1899K(22528K), 0.0015885 secs]
[GC (Allocation Failure)  14187K->1931K(22528K), 0.0029743 secs]
[GC (Allocation Failure)  14219K->2059K(22528K), 0.0027076 secs]
[GC (Allocation Failure)  14347K->2187K(22528K), 0.0041227 secs]
[GC (Allocation Failure)  14475K->2155K(22528K), 0.0076116 secs]
[GC (Allocation Failure)  14443K->2347K(22528K), 0.0091040 secs]
[GC (Allocation Failure)  14635K->2443K(22528K), 0.0109602 secs]
[GC (Allocation Failure)  14731K->1707K(22528K), 0.0012554 secs]
[GC (Allocation Failure)  13995K->1835K(22528K), 0.0011673 secs]
[GC (Allocation Failure)  14123K->1963K(22528K), 0.0033183 secs]
[GC (Allocation Failure)  14251K->2059K(22528K), 0.0038460 secs]
[GC (Allocation Failure)  14347K->2187K(22528K), 0.0051816 secs]
[GC (Allocation Failure)  14475K->2283K(22528K), 0.0072803 secs]
[GC (Allocation Failure)  14571K->2411K(22528K), 0.0100892 secs]
[GC (Allocation Failure)  14699K->2475K(22528K), 0.0153726 secs]
[GC (Allocation Failure)  14763K->1899K(22528K), 0.0016960 secs]
[GC (Allocation Failure)  14187K->1931K(22528K), 0.0020471 secs]
[GC (Allocation Failure)  14219K->1995K(22528K), 0.0032287 secs]
[GC (Allocation Failure)  14283K->2091K(22528K), 0.0051892 secs]
[GC (Allocation Failure)  14379K->2219K(22528K), 0.0050871 secs]
[GC (Allocation Failure)  14507K->2283K(22528K), 0.0071374 secs]
[GC (Allocation Failure)  14571K->2411K(22528K), 0.0104762 secs]
[GC (Allocation Failure)  14699K->1643K(22528K), 0.0010762 secs]
[GC (Allocation Failure)  13931K->1867K(22528K), 0.0025557 secs]
[GC (Allocation Failure)  14155K->1931K(22528K), 0.0028161 secs]
[GC (Allocation Failure)  14219K->2027K(22528K), 0.0043004 secs]
[GC (Allocation Failure)  14315K->2123K(22528K), 0.0054563 secs]
[GC (Allocation Failure)  14411K->2251K(22528K), 0.0060583 secs]
[GC (Allocation Failure)  14539K->2411K(22528K), 0.0080862 secs]
[GC (Allocation Failure)  14699K->2443K(22528K), 0.0081266 secs]
[GC (Allocation Failure)  14731K->1707K(22528K), 0.0016410 secs]
[GC (Allocation Failure)  13995K->1931K(22528K), 0.0025760 secs]
[GC (Allocation Failure)  14219K->1963K(22528K), 0.0035291 secs]
[GC (Allocation Failure)  14251K->2059K(22528K), 0.0037540 secs]
[GC (Allocation Failure)  14347K->2155K(22528K), 0.0049897 secs]
[GC (Allocation Failure)  14443K->2283K(22528K), 0.0068800 secs]
[GC (Allocation Failure)  14571K->2411K(22528K), 0.0111094 secs]
[GC (Allocation Failure)  14699K->1611K(22528K), 0.0009962 secs]
[GC (Allocation Failure)  13899K->1931K(22528K), 0.0019017 secs]
[GC (Allocation Failure)  14219K->1963K(22528K), 0.0029967 secs]
[GC (Allocation Failure)  14251K->2027K(22528K), 0.0033445 secs]
[GC (Allocation Failure)  14315K->2155K(22528K), 0.0035725 secs]
[GC (Allocation Failure)  14443K->2219K(22528K), 0.0050461 secs]
[GC (Allocation Failure)  14507K->2379K(22528K), 0.0070746 secs]
[GC (Allocation Failure)  14667K->2443K(22528K), 0.0097175 secs]
[GC (Allocation Failure)  14731K->1707K(22528K), 0.0011802 secs]
[GC (Allocation Failure)  13995K->1899K(22528K), 0.0023555 secs]
[GC (Allocation Failure)  14187K->1963K(22528K), 0.0029982 secs]
[GC (Allocation Failure)  14251K->2091K(22528K), 0.0050440 secs]
[GC (Allocation Failure)  14379K->2187K(22528K), 0.0049396 secs]
[GC (Allocation Failure)  14475K->2251K(22528K), 0.0072223 secs]
[GC (Allocation Failure)  14539K->2443K(22528K), 0.0073423 secs]
[GC (Allocation Failure)  14731K->1611K(22528K), 0.0013356 secs]
[GC (Allocation Failure)  13899K->1899K(22528K), 0.0026436 secs]
[GC (Allocation Failure)  14187K->1931K(22528K), 0.0027885 secs]
[GC (Allocation Failure)  14219K->1963K(22528K), 0.0038541 secs]
[GC (Allocation Failure)  14251K->2059K(22528K), 0.0046729 secs]
[GC (Allocation Failure)  14347K->2251K(22528K), 0.0062208 secs]
[GC (Allocation Failure)  14539K->2283K(22528K), 0.0061639 secs]
[GC (Allocation Failure)  14571K->2379K(22528K), 0.0079476 secs]
[GC (Allocation Failure)  14667K->1643K(22528K), 0.0012384 secs]
[GC (Allocation Failure)  13931K->1899K(22528K), 0.0034303 secs]
[GC (Allocation Failure)  14187K->1963K(22528K), 0.0042403 secs]
[GC (Allocation Failure)  14251K->2027K(22528K), 0.0043851 secs]
[GC (Allocation Failure)  14315K->2123K(22528K), 0.0051424 secs]
[GC (Allocation Failure)  14411K->2283K(22528K), 0.0063018 secs]
[GC (Allocation Failure)  14571K->2411K(22528K), 0.0080553 secs]
[GC (Allocation Failure)  14699K->2475K(22528K), 0.0101951 secs]
[GC (Allocation Failure)  14763K->1771K(22528K), 0.0012576 secs]
[GC (Allocation Failure)  14059K->1899K(22528K), 0.0030378 secs]
[GC (Allocation Failure)  14187K->1995K(22528K), 0.0036689 secs]
[GC (Allocation Failure)  14283K->2091K(22528K), 0.0045239 secs]
[GC (Allocation Failure)  14379K->2187K(22528K), 0.0061672 secs]
[GC (Allocation Failure)  14475K->2315K(22528K), 0.0104244 secs]
[GC (Allocation Failure)  14603K->2443K(22528K), 0.0131273 secs]
[GC (Allocation Failure)  14731K->1611K(22528K), 0.0014095 secs]
[GC (Allocation Failure)  13899K->1899K(22528K), 0.0013855 secs]
[GC (Allocation Failure)  14187K->1931K(22528K), 0.0029830 secs]
[GC (Allocation Failure)  14219K->1995K(22528K), 0.0042329 secs]
[GC (Allocation Failure)  14283K->2155K(22528K), 0.0049928 secs]
[GC (Allocation Failure)  14443K->2283K(22528K), 0.0072615 secs]
[GC (Allocation Failure)  14571K->2347K(22528K), 0.0079586 secs]
[GC (Allocation Failure)  14635K->2539K(22528K), 0.0080327 secs]
[GC (Allocation Failure)  14827K->1835K(22528K), 0.0016238 secs]
[GC (Allocation Failure)  14123K->1899K(22528K), 0.0025523 secs]
[GC (Allocation Failure)  14187K->1931K(22528K), 0.0035426 secs]
[GC (Allocation Failure)  14219K->2091K(22528K), 0.0033800 secs]
[GC (Allocation Failure)  14379K->2155K(22528K), 0.0050779 secs]
[GC (Allocation Failure)  14443K->2219K(22528K), 0.0065914 secs]
[GC (Allocation Failure)  14507K->2379K(22528K), 0.0075662 secs]
[GC (Allocation Failure)  14667K->1611K(22528K), 0.0012403 secs]
[GC (Allocation Failure)  13899K->1867K(22528K), 0.0014963 secs]
[GC (Allocation Failure)  14155K->1963K(22528K), 0.0026325 secs]
[GC (Allocation Failure)  14251K->2027K(22528K), 0.0040069 secs]
[GC (Allocation Failure)  14315K->2123K(22528K), 0.0048029 secs]
[GC (Allocation Failure)  14411K->2219K(22528K), 0.0059140 secs]
[GC (Allocation Failure)  14507K->2379K(22528K), 0.0082574 secs]
[GC (Allocation Failure)  14667K->2443K(22528K), 0.0088926 secs]
[GC (Allocation Failure)  14731K->1707K(22528K), 0.0013474 secs]
[GC (Allocation Failure)  13995K->1899K(22528K), 0.0024165 secs]
[GC (Allocation Failure)  14187K->1995K(22528K), 0.0021846 secs]
[GC (Allocation Failure)  14283K->2059K(22528K), 0.0047741 secs]
[GC (Allocation Failure)  14347K->2155K(22528K), 0.0053696 secs]
[GC (Allocation Failure)  14443K->2219K(22528K), 0.0052020 secs]
[GC (Allocation Failure)  14507K->2411K(22528K), 0.0078021 secs]
[GC (Allocation Failure)  14699K->2507K(22528K), 0.0104508 secs]
[GC (Allocation Failure)  14795K->1899K(22528K), 0.0017834 secs]
[GC (Allocation Failure)  14187K->1931K(22528K), 0.0024188 secs]
[GC (Allocation Failure)  14219K->1963K(22528K), 0.0039328 secs]
[GC (Allocation Failure)  14251K->2091K(22528K), 0.0056533 secs]
[GC (Allocation Failure)  14379K->2219K(22528K), 0.0069648 secs]
[GC (Allocation Failure)  14507K->2315K(22528K), 0.0067760 secs]
[GC (Allocation Failure)  14603K->2411K(22528K), 0.0123210 secs]
[GC (Allocation Failure)  14699K->1707K(22528K), 0.0016551 secs]
[GC (Allocation Failure)  13995K->1867K(22528K), 0.0021849 secs]
[GC (Allocation Failure)  14155K->1963K(22528K), 0.0051967 secs]
[GC (Allocation Failure)  14251K->2027K(22528K), 0.0047651 secs]
[GC (Allocation Failure)  14315K->2155K(22528K), 0.0095200 secs]
[GC (Allocation Failure)  14443K->2315K(22528K), 0.0117907 secs]
[GC (Allocation Failure)  14603K->2379K(22528K), 0.0133894 secs]
[GC (Allocation Failure)  14667K->2411K(22528K), 0.0158023 secs]
[GC (Allocation Failure)  14699K->1867K(22528K), 0.0025290 secs]
[GC (Allocation Failure)  14155K->1931K(22528K), 0.0027000 secs]
[GC (Allocation Failure)  14219K->1963K(22528K), 0.0052799 secs]
[GC (Allocation Failure)  14251K->2123K(22528K), 0.0079190 secs]
[GC (Allocation Failure)  14411K->2123K(22528K), 0.0084641 secs]
[GC (Allocation Failure)  14411K->2251K(22528K), 0.0083914 secs]
[GC (Allocation Failure)  14539K->2379K(22528K), 0.0113680 secs]
[GC (Allocation Failure)  14667K->1675K(22528K), 0.0016881 secs]
[GC (Allocation Failure)  13963K->1899K(22528K), 0.0021844 secs]
[GC (Allocation Failure)  14187K->1931K(22528K), 0.0037557 secs]
[GC (Allocation Failure)  14219K->1995K(22528K), 0.0057761 secs]
[GC (Allocation Failure)  14283K->2155K(22528K), 0.0076923 secs]
[GC (Allocation Failure)  14443K->2251K(22528K), 0.0084431 secs]
[GC (Allocation Failure)  14539K->2315K(22528K), 0.0099841 secs]
[GC (Allocation Failure)  14603K->2443K(22528K), 0.0121779 secs]
[GC (Allocation Failure)  14731K->1707K(22528K), 0.0011430 secs]
[GC (Allocation Failure)  13995K->1899K(22528K), 0.0028230 secs]
[GC (Allocation Failure)  14187K->1995K(22528K), 0.0033114 secs]
[GC (Allocation Failure)  14283K->2059K(22528K), 0.0046498 secs]
[GC (Allocation Failure)  14347K->2219K(22528K), 0.0074093 secs]
[GC (Allocation Failure)  14507K->2283K(22528K), 0.0093472 secs]
[GC (Allocation Failure)  14571K->2379K(22528K), 0.0122363 secs]
[GC (Allocation Failure)  14667K->1675K(22528K), 0.0016022 secs]
[GC (Allocation Failure)  13963K->1899K(22528K), 0.0021023 secs]
[GC (Allocation Failure)  14187K->1931K(22528K), 0.0044360 secs]
[GC (Allocation Failure)  14219K->2059K(22528K), 0.0042960 secs]
[GC (Allocation Failure)  14347K->2091K(22528K), 0.0077738 secs]
[GC (Allocation Failure)  14379K->2219K(22528K), 0.0095511 secs]
[GC (Allocation Failure)  14507K->2283K(22528K), 0.0072284 secs]
[GC (Allocation Failure)  14571K->2411K(22528K), 0.0127561 secs]
[GC (Allocation Failure)  14699K->1675K(22528K), 0.0012774 secs]
[GC (Allocation Failure)  13963K->1771K(22528K), 0.0036700 secs]
[GC (Allocation Failure)  14059K->1931K(22528K), 0.0042895 secs]
[GC (Allocation Failure)  14219K->2059K(22528K), 0.0060603 secs]
[GC (Allocation Failure)  14347K->2155K(22528K), 0.0085848 secs]
[GC (Allocation Failure)  14443K->2187K(22528K), 0.0087446 secs]
[GC (Allocation Failure)  14475K->2379K(22528K), 0.0103010 secs]
[GC (Allocation Failure)  14667K->2475K(22528K), 0.0124419 secs]
[GC (Allocation Failure)  14763K->1867K(22528K), 0.0027520 secs]
[GC (Allocation Failure)  14155K->1899K(22528K), 0.0043971 secs]
[GC (Allocation Failure)  14187K->2027K(22528K), 0.0046418 secs]
[GC (Allocation Failure)  14315K->2123K(22528K), 0.0064988 secs]
[GC (Allocation Failure)  14411K->2155K(22528K), 0.0096442 secs]
[GC (Allocation Failure)  14443K->2283K(22528K), 0.0108161 secs]
[GC (Allocation Failure)  14571K->2379K(22528K), 0.0123313 secs]
[GC (Allocation Failure)  14667K->1675K(22528K), 0.0018202 secs]
[GC (Allocation Failure)  13963K->1867K(22528K), 0.0035059 secs]
[GC (Allocation Failure)  14155K->1931K(22528K), 0.0037618 secs]
[GC (Allocation Failure)  14219K->1995K(22528K), 0.0060518 secs]
[GC (Allocation Failure)  14283K->2123K(22528K), 0.0063312 secs]
[GC (Allocation Failure)  14411K->2251K(22528K), 0.0082498 secs]
[GC (Allocation Failure)  14539K->2315K(22528K), 0.0095762 secs]
[GC (Allocation Failure)  14603K->2443K(22528K), 0.0127263 secs]
[GC (Allocation Failure)  14731K->1771K(22528K), 0.0011253 secs]
[GC (Allocation Failure)  14059K->1931K(22528K), 0.0024073 secs]
[GC (Allocation Failure)  14219K->1995K(22528K), 0.0035531 secs]
[GC (Allocation Failure)  14283K->2091K(22528K), 0.0055872 secs]
[GC (Allocation Failure)  14379K->2187K(22528K), 0.0074579 secs]
[GC (Allocation Failure)  14475K->2251K(22528K), 0.0092882 secs]
[GC (Allocation Failure)  14539K->2347K(22528K), 0.0106158 secs]
[GC (Allocation Failure)  14635K->1675K(22528K), 0.0013814 secs]
[GC (Allocation Failure)  13963K->1867K(22528K), 0.0023191 secs]
[GC (Allocation Failure)  14155K->1931K(22528K), 0.0053328 secs]
[GC (Allocation Failure)  14219K->2091K(22528K), 0.0049367 secs]
[GC (Allocation Failure)  14379K->2155K(22528K), 0.0072186 secs]
[GC (Allocation Failure)  14443K->2219K(22528K), 0.0076310 secs]
[GC (Allocation Failure)  14507K->2347K(22528K), 0.0119651 secs]
[GC (Allocation Failure)  14635K->2475K(22528K), 0.0134165 secs]
[GC (Allocation Failure)  14763K->1739K(22528K), 0.0012188 secs]
[GC (Allocation Failure)  14027K->1867K(22528K), 0.0027443 secs]
[GC (Allocation Failure)  14155K->1931K(22528K), 0.0042427 secs]
[GC (Allocation Failure)  14219K->2059K(22528K), 0.0053604 secs]
[GC (Allocation Failure)  14347K->2155K(22528K), 0.0073699 secs]
[GC (Allocation Failure)  14443K->2347K(22528K), 0.0075696 secs]
[GC (Allocation Failure)  14635K->2411K(22528K), 0.0103237 secs]
[GC (Allocation Failure)  14699K->2475K(22528K), 0.0108501 secs]
[GC (Allocation Failure)  14763K->1771K(22528K), 0.0015766 secs]
[GC (Allocation Failure)  14059K->1931K(22528K), 0.0027944 secs]
[GC (Allocation Failure)  14219K->1995K(22528K), 0.0034098 secs]
[GC (Allocation Failure)  14283K->2091K(22528K), 0.0036828 secs]
[GC (Allocation Failure)  14379K->2187K(22528K), 0.0050534 secs]
[GC (Allocation Failure)  14475K->2283K(22528K), 0.0067835 secs]
[GC (Allocation Failure)  14571K->2411K(22528K), 0.0084743 secs]
[GC (Allocation Failure)  14699K->1643K(22528K), 0.0016926 secs]
[GC (Allocation Failure)  13931K->1899K(22528K), 0.0025235 secs]
[GC (Allocation Failure)  14187K->1963K(22528K), 0.0032494 secs]
[GC (Allocation Failure)  14251K->1995K(22528K), 0.0034850 secs]
[GC (Allocation Failure)  14283K->2155K(22528K), 0.0044982 secs]
[GC (Allocation Failure)  14443K->2283K(22528K), 0.0064654 secs]
[GC (Allocation Failure)  14571K->2347K(22528K), 0.0066008 secs]
[GC (Allocation Failure)  14635K->2475K(22528K), 0.0095925 secs]
[GC (Allocation Failure)  14763K->1867K(22528K), 0.0013184 secs]
[GC (Allocation Failure)  14155K->1931K(22528K), 0.0026514 secs]
[GC (Allocation Failure)  14219K->1963K(22528K), 0.0034903 secs]
[GC (Allocation Failure)  14251K->2091K(22528K), 0.0045253 secs]
[GC (Allocation Failure)  14379K->2155K(22528K), 0.0054177 secs]
[GC (Allocation Failure)  14443K->2283K(22528K), 0.0070834 secs]
[GC (Allocation Failure)  14571K->2443K(22528K), 0.0093513 secs]
[GC (Allocation Failure)  14731K->1611K(22528K), 0.0013677 secs]
[GC (Allocation Failure)  13899K->1867K(22528K), 0.0009565 secs]
[GC (Allocation Failure)  14155K->1963K(22528K), 0.0023376 secs]
[GC (Allocation Failure)  14251K->2027K(22528K), 0.0039920 secs]
[GC (Allocation Failure)  14315K->2059K(22528K), 0.0036377 secs]
[GC (Allocation Failure)  14347K->2315K(22528K), 0.0054638 secs]
[GC (Allocation Failure)  14603K->2411K(22528K), 0.0060389 secs]
[GC (Allocation Failure)  14699K->2443K(22528K), 0.0087754 secs]
[GC (Allocation Failure)  14731K->1675K(22528K), 0.0015711 secs]
[GC (Allocation Failure)  13963K->1899K(22528K), 0.0022065 secs]
[GC (Allocation Failure)  14187K->1963K(22528K), 0.0037939 secs]
[GC (Allocation Failure)  14251K->2091K(22528K), 0.0043409 secs]
[GC (Allocation Failure)  14379K->2155K(22528K), 0.0044006 secs]
[GC (Allocation Failure)  14443K->2219K(22528K), 0.0055339 secs]
[GC (Allocation Failure)  14507K->2379K(22528K), 0.0085475 secs]
[GC (Allocation Failure)  14667K->1643K(22528K), 0.0014854 secs]
[GC (Allocation Failure)  13931K->1899K(22528K), 0.0018995 secs]
[GC (Allocation Failure)  14187K->1931K(22528K), 0.0022212 secs]
[GC (Allocation Failure)  14219K->1995K(22528K), 0.0032990 secs]
[GC (Allocation Failure)  14283K->2091K(22528K), 0.0044533 secs]
[GC (Allocation Failure)  14379K->2251K(22528K), 0.0056921 secs]
[GC (Allocation Failure)  14539K->2379K(22528K), 0.0067925 secs]
[GC (Allocation Failure)  14667K->2443K(22528K), 0.0079569 secs]
[GC (Allocation Failure)  14731K->1771K(22528K), 0.0013030 secs]
[GC (Allocation Failure)  14059K->1899K(22528K), 0.0018755 secs]
[GC (Allocation Failure)  14187K->1995K(22528K), 0.0030810 secs]
[GC (Allocation Failure)  14283K->2091K(22528K), 0.0039437 secs]
[GC (Allocation Failure)  14379K->2123K(22528K), 0.0053045 secs]
[GC (Allocation Failure)  14411K->2283K(22528K), 0.0056485 secs]
[GC (Allocation Failure)  14571K->2411K(22528K), 0.0080481 secs]
[GC (Allocation Failure)  14699K->2475K(22528K), 0.0085354 secs]
[GC (Allocation Failure)  14763K->1867K(22528K), 0.0016353 secs]
[GC (Allocation Failure)  14155K->1931K(22528K), 0.0022281 secs]
[GC (Allocation Failure)  14219K->1995K(22528K), 0.0030016 secs]
[GC (Allocation Failure)  14283K->2123K(22528K), 0.0049183 secs]
[GC (Allocation Failure)  14411K->2219K(22528K), 0.0048205 secs]
[GC (Allocation Failure)  14507K->2251K(22528K), 0.0058677 secs]
[GC (Allocation Failure)  14539K->2411K(22528K), 0.0090537 secs]
[GC (Allocation Failure)  14699K->1675K(22528K), 0.0015982 secs]
[GC (Allocation Failure)  13963K->1867K(22528K), 0.0021284 secs]
[GC (Allocation Failure)  14155K->1931K(22528K), 0.0032635 secs]
[GC (Allocation Failure)  14219K->2027K(22528K), 0.0038527 secs]
[GC (Allocation Failure)  14315K->2091K(22528K), 0.0052113 secs]
[GC (Allocation Failure)  14379K->2219K(22528K), 0.0059062 secs]
[GC (Allocation Failure)  14507K->2411K(22528K), 0.0084136 secs]
[GC (Allocation Failure)  14699K->2443K(22528K), 0.0094623 secs]
[GC (Allocation Failure)  14731K->1867K(22528K), 0.0016747 secs]
[GC (Allocation Failure)  14155K->1931K(22528K), 0.0021369 secs]
[GC (Allocation Failure)  14219K->1963K(22528K), 0.0034877 secs]
[GC (Allocation Failure)  14251K->2123K(22528K), 0.0044990 secs]
[GC (Allocation Failure)  14411K->2219K(22528K), 0.0059757 secs]
[GC (Allocation Failure)  14507K->2315K(22528K), 0.0063405 secs]
[GC (Allocation Failure)  14603K->2379K(22528K), 0.0090429 secs]
[GC (Allocation Failure)  14667K->1643K(22528K), 0.0014955 secs]
[GC (Allocation Failure)  13931K->1835K(22528K), 0.0011750 secs]
[GC (Allocation Failure)  14123K->1931K(22528K), 0.0025747 secs]
[GC (Allocation Failure)  14219K->2027K(22528K), 0.0034743 secs]
[GC (Allocation Failure)  14315K->2123K(22528K), 0.0050133 secs]
[GC (Allocation Failure)  14411K->2283K(22528K), 0.0059432 secs]
[GC (Allocation Failure)  14571K->2347K(22528K), 0.0076305 secs]
[GC (Allocation Failure)  14635K->2411K(22528K), 0.0082600 secs]
[GC (Allocation Failure)  14699K->1675K(22528K), 0.0014693 secs]
[GC (Allocation Failure)  13963K->1899K(22528K), 0.0024329 secs]
[GC (Allocation Failure)  14187K->1963K(22528K), 0.0032982 secs]
[GC (Allocation Failure)  14251K->2027K(22528K), 0.0045891 secs]
[GC (Allocation Failure)  14315K->2155K(22528K), 0.0050678 secs]
[GC (Allocation Failure)  14443K->2219K(22528K), 0.0062913 secs]
[GC (Allocation Failure)  14507K->2347K(22528K), 0.0087446 secs]
[GC (Allocation Failure)  14635K->1611K(22528K), 0.0014517 secs]
[GC (Allocation Failure)  13899K->1867K(22528K), 0.0014356 secs]
[GC (Allocation Failure)  14155K->1963K(22528K), 0.0020667 secs]
[GC (Allocation Failure)  14251K->2059K(22528K), 0.0034130 secs]
[GC (Allocation Failure)  14347K->2155K(22528K), 0.0040605 secs]
[GC (Allocation Failure)  14443K->2155K(22528K), 0.0064700 secs]
[GC (Allocation Failure)  14443K->2283K(22528K), 0.0069796 secs]
[GC (Allocation Failure)  14571K->2379K(22528K), 0.0088212 secs]
[GC (Allocation Failure)  14667K->1643K(22528K), 0.0015354 secs]
[GC (Allocation Failure)  13931K->1931K(22528K), 0.0021199 secs]
[GC (Allocation Failure)  14219K->1963K(22528K), 0.0026714 secs]
[GC (Allocation Failure)  14251K->2059K(22528K), 0.0042501 secs]
[GC (Allocation Failure)  14347K->2187K(22528K), 0.0055068 secs]
[GC (Allocation Failure)  14475K->2251K(22528K), 0.0049863 secs]
[GC (Allocation Failure)  14539K->2315K(22528K), 0.0082352 secs]
[GC (Allocation Failure)  14603K->2379K(22528K), 0.0087672 secs]
[GC (Allocation Failure)  14667K->1867K(22528K), 0.0017391 secs]
[GC (Allocation Failure)  14155K->1899K(22528K), 0.0027828 secs]
[GC (Allocation Failure)  14187K->1995K(22528K), 0.0021891 secs]
[GC (Allocation Failure)  14283K->2091K(22528K), 0.0034626 secs]
[GC (Allocation Failure)  14379K->2123K(22528K), 0.0058444 secs]
[GC (Allocation Failure)  14411K->2283K(22528K), 0.0067151 secs]
[GC (Allocation Failure)  14571K->2379K(22528K), 0.0065934 secs]
[GC (Allocation Failure)  14667K->1643K(22528K), 0.0014217 secs]
[GC (Allocation Failure)  13931K->1867K(22528K), 0.0018159 secs]
[GC (Allocation Failure)  14155K->1931K(22528K), 0.0027603 secs]
[GC (Allocation Failure)  14219K->1995K(22528K), 0.0035493 secs]
[GC (Allocation Failure)  14283K->2123K(22528K), 0.0050089 secs]
[GC (Allocation Failure)  14411K->2251K(22528K), 0.0067261 secs]
[GC (Allocation Failure)  14539K->2347K(22528K), 0.0065841 secs]
[GC (Allocation Failure)  14635K->2443K(22528K), 0.0081187 secs]
[GC (Allocation Failure)  14731K->1739K(22528K), 0.0010469 secs]
[GC (Allocation Failure)  14027K->1899K(22528K), 0.0021105 secs]
[GC (Allocation Failure)  14187K->1995K(22528K), 0.0021059 secs]
[GC (Allocation Failure)  14283K->2091K(22528K), 0.0039834 secs]
[GC (Allocation Failure)  14379K->2155K(22528K), 0.0058825 secs]
[GC (Allocation Failure)  14443K->2315K(22528K), 0.0068626 secs]
[GC (Allocation Failure)  14603K->2443K(22528K), 0.0072791 secs]
[GC (Allocation Failure)  14731K->1611K(22528K), 0.0015081 secs]
[GC (Allocation Failure)  13899K->1899K(22528K), 0.0015997 secs]
[GC (Allocation Failure)  14187K->1963K(22528K), 0.0023733 secs]
[GC (Allocation Failure)  14251K->1995K(22528K), 0.0030538 secs]
[GC (Allocation Failure)  14283K->2091K(22528K), 0.0045236 secs]
[GC (Allocation Failure)  14379K->2251K(22528K), 0.0066187 secs]
[GC (Allocation Failure)  14539K->2379K(22528K), 0.0063211 secs]
[GC (Allocation Failure)  14667K->2411K(22528K), 0.0082253 secs]
[GC (Allocation Failure)  14699K->1675K(22528K), 0.0017521 secs]
[GC (Allocation Failure)  13963K->1899K(22528K), 0.0023145 secs]
[GC (Allocation Failure)  14187K->1931K(22528K), 0.0029528 secs]
[GC (Allocation Failure)  14219K->2027K(22528K), 0.0040578 secs]
[GC (Allocation Failure)  14315K->2155K(22528K), 0.0054359 secs]
[GC (Allocation Failure)  14443K->2283K(22528K), 0.0063677 secs]
[GC (Allocation Failure)  14571K->2443K(22528K), 0.0061854 secs]
[GC (Allocation Failure)  14731K->2475K(22528K), 0.0076349 secs]
[GC (Allocation Failure)  14763K->1867K(22528K), 0.0014808 secs]
[GC (Allocation Failure)  14155K->1931K(22528K), 0.0026399 secs]
[GC (Allocation Failure)  14219K->1995K(22528K), 0.0035063 secs]
[GC (Allocation Failure)  14283K->2059K(22528K), 0.0049335 secs]
[GC (Allocation Failure)  14347K->2155K(22528K), 0.0056648 secs]
[GC (Allocation Failure)  14443K->2379K(22528K), 0.0067084 secs]
[GC (Allocation Failure)  14667K->2411K(22528K), 0.0087787 secs]
[GC (Allocation Failure)  14699K->1643K(22528K), 0.0014399 secs]
[GC (Allocation Failure)  13931K->1899K(22528K), 0.0018094 secs]
[GC (Allocation Failure)  14187K->1963K(22528K), 0.0035083 secs]
[GC (Allocation Failure)  14251K->2027K(22528K), 0.0034281 secs]
[GC (Allocation Failure)  14315K->2219K(22528K), 0.0056221 secs]
[GC (Allocation Failure)  14507K->2251K(22528K), 0.0058250 secs]
[GC (Allocation Failure)  14539K->2379K(22528K), 0.0081021 secs]
[GC (Allocation Failure)  14667K->2379K(22528K), 0.0100851 secs]
[GC (Allocation Failure)  14667K->1739K(22528K), 0.0012035 secs]
[GC (Allocation Failure)  14027K->1899K(22528K), 0.0026514 secs]
[GC (Allocation Failure)  14187K->1963K(22528K), 0.0035858 secs]
[GC (Allocation Failure)  14251K->2091K(22528K), 0.0046440 secs]
[GC (Allocation Failure)  14379K->2219K(22528K), 0.0050983 secs]
[GC (Allocation Failure)  14507K->2315K(22528K), 0.0068336 secs]
[GC (Allocation Failure)  14603K->2379K(22528K), 0.0075253 secs]
[GC (Allocation Failure)  14667K->1643K(22528K), 0.0015645 secs]
[GC (Allocation Failure)  13931K->1899K(22528K), 0.0017164 secs]
[GC (Allocation Failure)  14187K->1931K(22528K), 0.0027699 secs]
[GC (Allocation Failure)  14219K->1963K(22528K), 0.0037006 secs]
[GC (Allocation Failure)  14251K->2091K(22528K), 0.0042196 secs]
[GC (Allocation Failure)  14379K->2251K(22528K), 0.0072398 secs]
[GC (Allocation Failure)  14539K->2315K(22528K), 0.0078473 secs]
[GC (Allocation Failure)  14603K->2443K(22528K), 0.0094012 secs]
[GC (Allocation Failure)  14731K->1707K(22528K), 0.0014909 secs]
[GC (Allocation Failure)  13995K->1899K(22528K), 0.0029802 secs]
[GC (Allocation Failure)  14187K->1931K(22528K), 0.0033032 secs]
[GC (Allocation Failure)  14219K->2059K(22528K), 0.0040147 secs]
[GC (Allocation Failure)  14347K->2123K(22528K), 0.0051622 secs]
[GC (Allocation Failure)  14411K->2251K(22528K), 0.0064829 secs]
[GC (Allocation Failure)  14539K->2315K(22528K), 0.0079722 secs]
[GC (Allocation Failure)  14603K->1611K(22528K), 0.0015836 secs]
[GC (Allocation Failure)  13899K->1803K(22528K), 0.0013193 secs]
[GC (Allocation Failure)  14091K->1899K(22528K), 0.0032133 secs]
[GC (Allocation Failure)  14187K->1995K(22528K), 0.0037354 secs]
[GC (Allocation Failure)  14283K->2155K(22528K), 0.0037759 secs]
[GC (Allocation Failure)  14443K->2155K(22528K), 0.0064605 secs]
[GC (Allocation Failure)  14443K->2315K(22528K), 0.0060763 secs]
[GC (Allocation Failure)  14603K->2379K(22528K), 0.0083961 secs]
[GC (Allocation Failure)  14667K->1643K(22528K), 0.0012218 secs]
[GC (Allocation Failure)  13931K->1899K(22528K), 0.0025700 secs]
[GC (Allocation Failure)  14187K->1963K(22528K), 0.0030787 secs]
[GC (Allocation Failure)  14251K->2059K(22528K), 0.0039969 secs]
[GC (Allocation Failure)  14347K->2187K(22528K), 0.0049073 secs]
[GC (Allocation Failure)  14475K->2251K(22528K), 0.0083338 secs]
[GC (Allocation Failure)  14539K->2347K(22528K), 0.0097776 secs]
[GC (Allocation Failure)  14635K->2443K(22528K), 0.0086960 secs]
[GC (Allocation Failure)  14731K->1707K(22528K), 0.0016264 secs]
[GC (Allocation Failure)  13995K->1931K(22528K), 0.0023784 secs]
[GC (Allocation Failure)  14219K->1995K(22528K), 0.0030394 secs]
[GC (Allocation Failure)  14283K->2059K(22528K), 0.0046013 secs]
[GC (Allocation Failure)  14347K->2251K(22528K), 0.0059189 secs]
[GC (Allocation Failure)  14539K->2251K(22528K), 0.0074013 secs]
[GC (Allocation Failure)  14539K->2411K(22528K), 0.0102443 secs]
[GC (Allocation Failure)  14699K->1675K(22528K), 0.0014177 secs]
[GC (Allocation Failure)  13963K->1867K(22528K), 0.0017012 secs]
[GC (Allocation Failure)  14155K->1931K(22528K), 0.0030568 secs]
[GC (Allocation Failure)  14219K->2027K(22528K), 0.0042541 secs]
[GC (Allocation Failure)  14315K->2123K(22528K), 0.0062638 secs]
[GC (Allocation Failure)  14411K->2251K(22528K), 0.0062258 secs]
[GC (Allocation Failure)  14539K->2347K(22528K), 0.0081329 secs]
[GC (Allocation Failure)  14635K->2443K(22528K), 0.0105294 secs]
[GC (Allocation Failure)  14731K->1867K(22528K), 0.0014195 secs]
[GC (Allocation Failure)  14155K->1899K(22528K), 0.0022871 secs]
[GC (Allocation Failure)  14187K->1995K(22528K), 0.0029578 secs]
[GC (Allocation Failure)  14283K->2091K(22528K), 0.0043320 secs]
[GC (Allocation Failure)  14379K->2155K(22528K), 0.0057559 secs]
