[GC (System.gc())  8554K->1784K(61440K), 0.0029020 secs]
[Full GC (System.gc())  1784K->1563K(61440K), 0.0093972 secs]
[GC (Allocation Failure)  26139K->1915K(61440K), 0.0028712 secs]
[GC (Allocation Failure)  26491K->2051K(61440K), 0.0049779 secs]
[GC (Allocation Failure)  26627K->2379K(61440K), 0.0074613 secs]
[GC (Allocation Failure)  26955K->1675K(61440K), 0.0018173 secs]
[GC (Allocation Failure)  26251K->1963K(61440K), 0.0031824 secs]
[GC (Allocation Failure)  26539K->2155K(61440K), 0.0049061 secs]
[GC (Allocation Failure)  26731K->2411K(61440K), 0.0072634 secs]
[GC (Allocation Failure)  26987K->1899K(61440K), 0.0019286 secs]
[GC (Allocation Failure)  26475K->1995K(61440K), 0.0034473 secs]
[GC (Allocation Failure)  26571K->2219K(61440K), 0.0057496 secs]
[GC (Allocation Failure)  26795K->2411K(61440K), 0.0092311 secs]
[GC (Allocation Failure)  26987K->1899K(61440K), 0.0026622 secs]
[GC (Allocation Failure)  26475K->2091K(61440K), 0.0041958 secs]
[GC (Allocation Failure)  26667K->2187K(61440K), 0.0058653 secs]
[GC (Allocation Failure)  26763K->2507K(61440K), 0.0080249 secs]
[GC (Allocation Failure)  27083K->1899K(61440K), 0.0025919 secs]
[GC (Allocation Failure)  26475K->2123K(61440K), 0.0053096 secs]
[GC (Allocation Failure)  26699K->2347K(61440K), 0.0093029 secs]
[GC (Allocation Failure)  26923K->1707K(61440K), 0.0017415 secs]
[GC (Allocation Failure)  26283K->1995K(61440K), 0.0032508 secs]
[GC (Allocation Failure)  26571K->2123K(61440K), 0.0053489 secs]
[GC (Allocation Failure)  26699K->2379K(61440K), 0.0071576 secs]
[GC (Allocation Failure)  26955K->1835K(61440K), 0.0011584 secs]
[GC (Allocation Failure)  26411K->1995K(61440K), 0.0040629 secs]
[GC (Allocation Failure)  26571K->2187K(61440K), 0.0064820 secs]
[GC (Allocation Failure)  26763K->2411K(61440K), 0.0096564 secs]
[GC (Allocation Failure)  26987K->1867K(61440K), 0.0023364 secs]
[GC (Allocation Failure)  26443K->2059K(61440K), 0.0036989 secs]
[GC (Allocation Failure)  26635K->2283K(61440K), 0.0057858 secs]
[GC (Allocation Failure)  26859K->2443K(61440K), 0.0087047 secs]
[GC (Allocation Failure)  27019K->1899K(61440K), 0.0026944 secs]
[GC (Allocation Failure)  26475K->2059K(61440K), 0.0042569 secs]
[GC (Allocation Failure)  26635K->2347K(61440K), 0.0067431 secs]
[GC (Allocation Failure)  26923K->1739K(61440K), 0.0013806 secs]
[GC (Allocation Failure)  26315K->1963K(61440K), 0.0031805 secs]
[GC (Allocation Failure)  26539K->2155K(61440K), 0.0051884 secs]
[GC (Allocation Failure)  26731K->2379K(61440K), 0.0081952 secs]
[GC (Allocation Failure)  26955K->1867K(61440K), 0.0014630 secs]
[GC (Allocation Failure)  26443K->1995K(61440K), 0.0036630 secs]
[GC (Allocation Failure)  26571K->2251K(61440K), 0.0070830 secs]
[GC (Allocation Failure)  26827K->2411K(61440K), 0.0102619 secs]
[GC (Allocation Failure)  26987K->1899K(61440K), 0.0020842 secs]
[GC (Allocation Failure)  26475K->2059K(61440K), 0.0047643 secs]
[GC (Allocation Failure)  26635K->2283K(61440K), 0.0071820 secs]
[GC (Allocation Failure)  26859K->2443K(61440K), 0.0094824 secs]
[GC (Allocation Failure)  27019K->1931K(61440K), 0.0030857 secs]
[GC (Allocation Failure)  26507K->2123K(61440K), 0.0058659 secs]
[GC (Allocation Failure)  26699K->2347K(61440K), 0.0075219 secs]
[GC (Allocation Failure)  26923K->1803K(61440K), 0.0015484 secs]
[GC (Allocation Failure)  26379K->1963K(61440K), 0.0027915 secs]
[GC (Allocation Failure)  26539K->2155K(61440K), 0.0044931 secs]
[GC (Allocation Failure)  26731K->2443K(61440K), 0.0064405 secs]
[GC (Allocation Failure)  27019K->1707K(61440K), 0.0013046 secs]
[GC (Allocation Failure)  26283K->1995K(61440K), 0.0031598 secs]
[GC (Allocation Failure)  26571K->2187K(61440K), 0.0050725 secs]
[GC (Allocation Failure)  26763K->2507K(61440K), 0.0068954 secs]
[GC (Allocation Failure)  27083K->1931K(61440K), 0.0018224 secs]
[GC (Allocation Failure)  26507K->2027K(61440K), 0.0038312 secs]
[GC (Allocation Failure)  26603K->2251K(61440K), 0.0061166 secs]
[GC (Allocation Failure)  26827K->2443K(61440K), 0.0090701 secs]
[GC (Allocation Failure)  27019K->1899K(61440K), 0.0027479 secs]
[GC (Allocation Failure)  26475K->2091K(61440K), 0.0047906 secs]
[GC (Allocation Failure)  26667K->2379K(61440K), 0.0074975 secs]
[GC (Allocation Failure)  26955K->1707K(61440K), 0.0015040 secs]
[GC (Allocation Failure)  26283K->1995K(61440K), 0.0031485 secs]
[GC (Allocation Failure)  26571K->2123K(61440K), 0.0059615 secs]
[GC (Allocation Failure)  26699K->2411K(61440K), 0.0086975 secs]
[GC (Allocation Failure)  26987K->1867K(61440K), 0.0023257 secs]
[GC (Allocation Failure)  26443K->1995K(61440K), 0.0031582 secs]
[GC (Allocation Failure)  26571K->2123K(61440K), 0.0063984 secs]
[GC (Allocation Failure)  26699K->2411K(61440K), 0.0105653 secs]
[GC (Allocation Failure)  26987K->1867K(61440K), 0.0022141 secs]
[GC (Allocation Failure)  26443K->2059K(61440K), 0.0044419 secs]
[GC (Allocation Failure)  26635K->2251K(61440K), 0.0064411 secs]
[GC (Allocation Failure)  26827K->2507K(61440K), 0.0092143 secs]
[GC (Allocation Failure)  27083K->1931K(61440K), 0.0019867 secs]
[GC (Allocation Failure)  26507K->2187K(61440K), 0.0047452 secs]
[GC (Allocation Failure)  26763K->2283K(61440K), 0.0071947 secs]
[GC (Allocation Failure)  26859K->1675K(61440K), 0.0012455 secs]
[GC (Allocation Failure)  26251K->1963K(61440K), 0.0025197 secs]
[GC (Allocation Failure)  26539K->2155K(61440K), 0.0044054 secs]
[GC (Allocation Failure)  26731K->2347K(61440K), 0.0066973 secs]
[GC (Allocation Failure)  26923K->1835K(61440K), 0.0010427 secs]
[GC (Allocation Failure)  26411K->1963K(61440K), 0.0040761 secs]
[GC (Allocation Failure)  26539K->2187K(61440K), 0.0052135 secs]
[GC (Allocation Failure)  26763K->2475K(61440K), 0.0073755 secs]
[GC (Allocation Failure)  27051K->1899K(61440K), 0.0021761 secs]
[GC (Allocation Failure)  26475K->2027K(61440K), 0.0037845 secs]
[GC (Allocation Failure)  26603K->2251K(61440K), 0.0069475 secs]
[GC (Allocation Failure)  26827K->2443K(61440K), 0.0099111 secs]
[GC (Allocation Failure)  27019K->1899K(61440K), 0.0026947 secs]
[GC (Allocation Failure)  26475K->2091K(61440K), 0.0045989 secs]
[GC (Allocation Failure)  26667K->2347K(61440K), 0.0074052 secs]
[GC (Allocation Failure)  26923K->1675K(61440K), 0.0013971 secs]
[GC (Allocation Failure)  26251K->1899K(61440K), 0.0036268 secs]
[GC (Allocation Failure)  26475K->2187K(61440K), 0.0061497 secs]
[GC (Allocation Failure)  26763K->2379K(61440K), 0.0096804 secs]
[GC (Allocation Failure)  26955K->1867K(61440K), 0.0019138 secs]
[GC (Allocation Failure)  26443K->1963K(61440K), 0.0036307 secs]
[GC (Allocation Failure)  26539K->2219K(61440K), 0.0060361 secs]
[GC (Allocation Failure)  26795K->2411K(61440K), 0.0094725 secs]
[GC (Allocation Failure)  26987K->1899K(61440K), 0.0018663 secs]
[GC (Allocation Failure)  26475K->2027K(61440K), 0.0044405 secs]
[GC (Allocation Failure)  26603K->2283K(61440K), 0.0063056 secs]
[GC (Allocation Failure)  26859K->2475K(61440K), 0.0088072 secs]
[GC (Allocation Failure)  27051K->1931K(61440K), 0.0023207 secs]
[GC (Allocation Failure)  26507K->2091K(61440K), 0.0045868 secs]
[GC (Allocation Failure)  26667K->2283K(61440K), 0.0066482 secs]
[GC (Allocation Failure)  26859K->1675K(61440K), 0.0014423 secs]
[GC (Allocation Failure)  26251K->1963K(61440K), 0.0030698 secs]
[GC (Allocation Failure)  26539K->2091K(61440K), 0.0054104 secs]
[GC (Allocation Failure)  26667K->2379K(61440K), 0.0069757 secs]
[GC (Allocation Failure)  26955K->1867K(61440K), 0.0012993 secs]
[GC (Allocation Failure)  26443K->1995K(61440K), 0.0032998 secs]
[GC (Allocation Failure)  26571K->2251K(61440K), 0.0058377 secs]
[GC (Allocation Failure)  26827K->2411K(61440K), 0.0078153 secs]
[GC (Allocation Failure)  26987K->1867K(61440K), 0.0022955 secs]
[GC (Allocation Failure)  26443K->2091K(61440K), 0.0038598 secs]
[GC (Allocation Failure)  26667K->2251K(61440K), 0.0063901 secs]
[GC (Allocation Failure)  26827K->2443K(61440K), 0.0077998 secs]
[GC (Allocation Failure)  27019K->1931K(61440K), 0.0025053 secs]
[GC (Allocation Failure)  26507K->2059K(61440K), 0.0049306 secs]
[GC (Allocation Failure)  26635K->2283K(61440K), 0.0078798 secs]
[GC (Allocation Failure)  26859K->1675K(61440K), 0.0013813 secs]
[GC (Allocation Failure)  26251K->1963K(61440K), 0.0030525 secs]
[GC (Allocation Failure)  26539K->2091K(61440K), 0.0049617 secs]
[GC (Allocation Failure)  26667K->2283K(61440K), 0.0066640 secs]
[GC (Allocation Failure)  26859K->1835K(61440K), 0.0016758 secs]
[GC (Allocation Failure)  26411K->1963K(61440K), 0.0037522 secs]
[GC (Allocation Failure)  26539K->2251K(61440K), 0.0056177 secs]
[GC (Allocation Failure)  26827K->2379K(61440K), 0.0085087 secs]
[GC (Allocation Failure)  26955K->1899K(61440K), 0.0020351 secs]
[GC (Allocation Failure)  26475K->2059K(61440K), 0.0043144 secs]
[GC (Allocation Failure)  26635K->2283K(61440K), 0.0062114 secs]
[GC (Allocation Failure)  26859K->2411K(61440K), 0.0100755 secs]
[GC (Allocation Failure)  26987K->1899K(61440K), 0.0026517 secs]
[GC (Allocation Failure)  26475K->2091K(61440K), 0.0044711 secs]
[GC (Allocation Failure)  26667K->2315K(61440K), 0.0073512 secs]
[GC (Allocation Failure)  26891K->1739K(61440K), 0.0007071 secs]
[GC (Allocation Failure)  26315K->1931K(61440K), 0.0025987 secs]
[GC (Allocation Failure)  26507K->2219K(61440K), 0.0048974 secs]
[GC (Allocation Failure)  26795K->2411K(61440K), 0.0076207 secs]
[GC (Allocation Failure)  26987K->1867K(61440K), 0.0012959 secs]
[GC (Allocation Failure)  26443K->1963K(61440K), 0.0034442 secs]
[GC (Allocation Failure)  26539K->2187K(61440K), 0.0049567 secs]
[GC (Allocation Failure)  26763K->2411K(61440K), 0.0083866 secs]
[GC (Allocation Failure)  26987K->1899K(61440K), 0.0016275 secs]
[GC (Allocation Failure)  26475K->2027K(61440K), 0.0036946 secs]
[GC (Allocation Failure)  26603K->2219K(61440K), 0.0060303 secs]
[GC (Allocation Failure)  26795K->2475K(61440K), 0.0081974 secs]
[GC (Allocation Failure)  27051K->1931K(61440K), 0.0022240 secs]
[GC (Allocation Failure)  26507K->2059K(61440K), 0.0050255 secs]
[GC (Allocation Failure)  26635K->2283K(61440K), 0.0065556 secs]
[GC (Allocation Failure)  26859K->1643K(61440K), 0.0011361 secs]
[GC (Allocation Failure)  26219K->1995K(61440K), 0.0032067 secs]
[GC (Allocation Failure)  26571K->2155K(61440K), 0.0052396 secs]
[GC (Allocation Failure)  26731K->2411K(61440K), 0.0071408 secs]
[GC (Allocation Failure)  26987K->1707K(61440K), 0.0011504 secs]
[GC (Allocation Failure)  26283K->1963K(61440K), 0.0035170 secs]
[GC (Allocation Failure)  26539K->2155K(61440K), 0.0062937 secs]
[GC (Allocation Failure)  26731K->2443K(61440K), 0.0093300 secs]
[GC (Allocation Failure)  27019K->1867K(61440K), 0.0022733 secs]
[GC (Allocation Failure)  26443K->1995K(61440K), 0.0040316 secs]
[GC (Allocation Failure)  26571K->2219K(61440K), 0.0062663 secs]
[GC (Allocation Failure)  26795K->2507K(61440K), 0.0080688 secs]
[GC (Allocation Failure)  27083K->1899K(61440K), 0.0021883 secs]
[GC (Allocation Failure)  26475K->2123K(61440K), 0.0044760 secs]
[GC (Allocation Failure)  26699K->2347K(61440K), 0.0068196 secs]
[GC (Allocation Failure)  26923K->1643K(61440K), 0.0012214 secs]
[GC (Allocation Failure)  26219K->1899K(61440K), 0.0034283 secs]
[GC (Allocation Failure)  26475K->2091K(61440K), 0.0055976 secs]
[GC (Allocation Failure)  26667K->2411K(61440K), 0.0076596 secs]
[GC (Allocation Failure)  26987K->1803K(61440K), 0.0017377 secs]
[GC (Allocation Failure)  26379K->1963K(61440K), 0.0029412 secs]
[GC (Allocation Failure)  26539K->2219K(61440K), 0.0057278 secs]
[GC (Allocation Failure)  26795K->2515K(61440K), 0.0078625 secs]
[GC (Allocation Failure)  27091K->1971K(61440K), 0.0017556 secs]
[GC (Allocation Failure)  26547K->2067K(61440K), 0.0042722 secs]
[GC (Allocation Failure)  26643K->2259K(61440K), 0.0061926 secs]
[GC (Allocation Failure)  26835K->2515K(61440K), 0.0101536 secs]
[GC (Allocation Failure)  27091K->1971K(61440K), 0.0028855 secs]
[GC (Allocation Failure)  26547K->2099K(61440K), 0.0045859 secs]
[GC (Allocation Failure)  26675K->2355K(61440K), 0.0070057 secs]
[GC (Allocation Failure)  26931K->1715K(61440K), 0.0011559 secs]
[GC (Allocation Failure)  26291K->2035K(61440K), 0.0026354 secs]
[GC (Allocation Failure)  26611K->2259K(61440K), 0.0046705 secs]
[GC (Allocation Failure)  26835K->2387K(61440K), 0.0068893 secs]
[GC (Allocation Failure)  26963K->1875K(61440K), 0.0020805 secs]
[GC (Allocation Failure)  26451K->2067K(61440K), 0.0037456 secs]
[GC (Allocation Failure)  26643K->2227K(61440K), 0.0054843 secs]
[GC (Allocation Failure)  26803K->2515K(61440K), 0.0087945 secs]
[GC (Allocation Failure)  27091K->1971K(61440K), 0.0024139 secs]
[GC (Allocation Failure)  26547K->2099K(61440K), 0.0041388 secs]
[GC (Allocation Failure)  26675K->2259K(61440K), 0.0059454 secs]
[GC (Allocation Failure)  26835K->2579K(61440K), 0.0075105 secs]
[GC (Allocation Failure)  27155K->1971K(61440K), 0.0022395 secs]
[GC (Allocation Failure)  26547K->2163K(61440K), 0.0049273 secs]
[GC (Allocation Failure)  26739K->2387K(61440K), 0.0082686 secs]
[GC (Allocation Failure)  26963K->1747K(61440K), 0.0013959 secs]
[GC (Allocation Failure)  26323K->2035K(61440K), 0.0028217 secs]
[GC (Allocation Failure)  26611K->2227K(61440K), 0.0060563 secs]
[GC (Allocation Failure)  26803K->2419K(61440K), 0.0071252 secs]
[GC (Allocation Failure)  26995K->1843K(61440K), 0.0011194 secs]
[GC (Allocation Failure)  26419K->2067K(61440K), 0.0030766 secs]
[GC (Allocation Failure)  26643K->2259K(61440K), 0.0047752 secs]
[GC (Allocation Failure)  26835K->2419K(61440K), 0.0076254 secs]
[GC (Allocation Failure)  26995K->1971K(61440K), 0.0020023 secs]
[GC (Allocation Failure)  26547K->2067K(61440K), 0.0038813 secs]
[GC (Allocation Failure)  26643K->2387K(61440K), 0.0074051 secs]
[GC (Allocation Failure)  26963K->2515K(61440K), 0.0099575 secs]
[GC (Allocation Failure)  27091K->1971K(61440K), 0.0021675 secs]
[GC (Allocation Failure)  26547K->2131K(61440K), 0.0047894 secs]
[GC (Allocation Failure)  26707K->2387K(61440K), 0.0069037 secs]
[GC (Allocation Failure)  26963K->1715K(61440K), 0.0012820 secs]
[GC (Allocation Failure)  26291K->1971K(61440K), 0.0031545 secs]
[GC (Allocation Failure)  26547K->2163K(61440K), 0.0054232 secs]
[GC (Allocation Failure)  26739K->2419K(61440K), 0.0098011 secs]
[GC (Allocation Failure)  26995K->1939K(61440K), 0.0018044 secs]
[GC (Allocation Failure)  26515K->2067K(61440K), 0.0033748 secs]
[GC (Allocation Failure)  26643K->2259K(61440K), 0.0051736 secs]
[GC (Allocation Failure)  26835K->2451K(61440K), 0.0077736 secs]
[GC (Allocation Failure)  27027K->2003K(61440K), 0.0014626 secs]
[GC (Allocation Failure)  26579K->2067K(61440K), 0.0039682 secs]
[GC (Allocation Failure)  26643K->2355K(61440K), 0.0062047 secs]
[GC (Allocation Failure)  26931K->2547K(61440K), 0.0093995 secs]
[GC (Allocation Failure)  27123K->2003K(61440K), 0.0021946 secs]
[GC (Allocation Failure)  26579K->2227K(61440K), 0.0049351 secs]
[GC (Allocation Failure)  26803K->2355K(61440K), 0.0069761 secs]
[GC (Allocation Failure)  26931K->1715K(61440K), 0.0011515 secs]
[GC (Allocation Failure)  26291K->2035K(61440K), 0.0028267 secs]
[GC (Allocation Failure)  26611K->2195K(61440K), 0.0041596 secs]
[GC (Allocation Failure)  26771K->2355K(61440K), 0.0072045 secs]
[GC (Allocation Failure)  26931K->1843K(61440K), 0.0011762 secs]
[GC (Allocation Failure)  26419K->2035K(61440K), 0.0032009 secs]
[GC (Allocation Failure)  26611K->2259K(61440K), 0.0055332 secs]
[GC (Allocation Failure)  26835K->2483K(61440K), 0.0080708 secs]
[GC (Allocation Failure)  27059K->1971K(61440K), 0.0019848 secs]
[GC (Allocation Failure)  26547K->2067K(61440K), 0.0040198 secs]
[GC (Allocation Failure)  26643K->2291K(61440K), 0.0056087 secs]
[GC (Allocation Failure)  26867K->2579K(61440K), 0.0077773 secs]
[GC (Allocation Failure)  27155K->2003K(61440K), 0.0023046 secs]
[GC (Allocation Failure)  26579K->2099K(61440K), 0.0046496 secs]
[GC (Allocation Failure)  26675K->2419K(61440K), 0.0064437 secs]
[GC (Allocation Failure)  26995K->1715K(61440K), 0.0011390 secs]
[GC (Allocation Failure)  26291K->2003K(61440K), 0.0038620 secs]
[GC (Allocation Failure)  26579K->2195K(61440K), 0.0046674 secs]
[GC (Allocation Failure)  26771K->2387K(61440K), 0.0070098 secs]
[GC (Allocation Failure)  26963K->1811K(61440K), 0.0015514 secs]
[GC (Allocation Failure)  26387K->2067K(61440K), 0.0033389 secs]
[GC (Allocation Failure)  26643K->2259K(61440K), 0.0057662 secs]
[GC (Allocation Failure)  26835K->2483K(61440K), 0.0095078 secs]
[GC (Allocation Failure)  27059K->1939K(61440K), 0.0032579 secs]
[GC (Allocation Failure)  26515K->2131K(61440K), 0.0039372 secs]
[GC (Allocation Failure)  26707K->2355K(61440K), 0.0069827 secs]
[GC (Allocation Failure)  26931K->2547K(61440K), 0.0078520 secs]
[GC (Allocation Failure)  27123K->2003K(61440K), 0.0020475 secs]
[GC (Allocation Failure)  26579K->2099K(61440K), 0.0038127 secs]
[GC (Allocation Failure)  26675K->2387K(61440K), 0.0068098 secs]
[GC (Allocation Failure)  26963K->1683K(61440K), 0.0013566 secs]
[GC (Allocation Failure)  26259K->1971K(61440K), 0.0030232 secs]
[GC (Allocation Failure)  26547K->2227K(61440K), 0.0045487 secs]
[GC (Allocation Failure)  26803K->2483K(61440K), 0.0064540 secs]
[GC (Allocation Failure)  27059K->1843K(61440K), 0.0010260 secs]
[GC (Allocation Failure)  26419K->2003K(61440K), 0.0033964 secs]
[GC (Allocation Failure)  26579K->2323K(61440K), 0.0063967 secs]
[GC (Allocation Failure)  26899K->2515K(61440K), 0.0092583 secs]
[GC (Allocation Failure)  27091K->1939K(61440K), 0.0014965 secs]
[GC (Allocation Failure)  26515K->2035K(61440K), 0.0038271 secs]
[GC (Allocation Failure)  26611K->2323K(61440K), 0.0065637 secs]
[GC (Allocation Failure)  26899K->2483K(61440K), 0.0090021 secs]
[GC (Allocation Failure)  27059K->1971K(61440K), 0.0023509 secs]
[GC (Allocation Failure)  26547K->2163K(61440K), 0.0042724 secs]
[GC (Allocation Failure)  26739K->2323K(61440K), 0.0060387 secs]
[GC (Allocation Failure)  26899K->1683K(61440K), 0.0013537 secs]
[GC (Allocation Failure)  26259K->2003K(61440K), 0.0023945 secs]
[GC (Allocation Failure)  26579K->2195K(61440K), 0.0047664 secs]
[GC (Allocation Failure)  26771K->2419K(61440K), 0.0077303 secs]
[GC (Allocation Failure)  26995K->1939K(61440K), 0.0013012 secs]
[GC (Allocation Failure)  26515K->2067K(61440K), 0.0034173 secs]
[GC (Allocation Failure)  26643K->2291K(61440K), 0.0051835 secs]
[GC (Allocation Failure)  26867K->2419K(61440K), 0.0069858 secs]
[GC (Allocation Failure)  26995K->1971K(61440K), 0.0019275 secs]
[GC (Allocation Failure)  26547K->2099K(61440K), 0.0033762 secs]
[GC (Allocation Failure)  26675K->2355K(61440K), 0.0062759 secs]
[GC (Allocation Failure)  26931K->2483K(61440K), 0.0079785 secs]
[GC (Allocation Failure)  27059K->2003K(61440K), 0.0020034 secs]
[GC (Allocation Failure)  26579K->2131K(61440K), 0.0044267 secs]
[GC (Allocation Failure)  26707K->2387K(61440K), 0.0065503 secs]
[GC (Allocation Failure)  26963K->1715K(61440K), 0.0017155 secs]
[GC (Allocation Failure)  26291K->2003K(61440K), 0.0028653 secs]
[GC (Allocation Failure)  26579K->2195K(61440K), 0.0040122 secs]
[GC (Allocation Failure)  26771K->2419K(61440K), 0.0067899 secs]
[GC (Allocation Failure)  26995K->1811K(61440K), 0.0014950 secs]
[GC (Allocation Failure)  26387K->2035K(61440K), 0.0034204 secs]
[GC (Allocation Failure)  26611K->2291K(61440K), 0.0065179 secs]
[GC (Allocation Failure)  26867K->2515K(61440K), 0.0085667 secs]
[GC (Allocation Failure)  27091K->1939K(61440K), 0.0016854 secs]
[GC (Allocation Failure)  26515K->2067K(61440K), 0.0042383 secs]
[GC (Allocation Failure)  26643K->2355K(61440K), 0.0054009 secs]
[GC (Allocation Failure)  26931K->2515K(61440K), 0.0089898 secs]
[GC (Allocation Failure)  27091K->2003K(61440K), 0.0024716 secs]
[GC (Allocation Failure)  26579K->2163K(61440K), 0.0046868 secs]
[GC (Allocation Failure)  26739K->2387K(61440K), 0.0072483 secs]
[GC (Allocation Failure)  26963K->1683K(61440K), 0.0015242 secs]
[GC (Allocation Failure)  26259K->2003K(61440K), 0.0024516 secs]
[GC (Allocation Failure)  26579K->2195K(61440K), 0.0049725 secs]
[GC (Allocation Failure)  26771K->2451K(61440K), 0.0071291 secs]
[GC (Allocation Failure)  27027K->1843K(61440K), 0.0013990 secs]
[GC (Allocation Failure)  26419K->2035K(61440K), 0.0034822 secs]
[GC (Allocation Failure)  26611K->2195K(61440K), 0.0053637 secs]
[GC (Allocation Failure)  26771K->2483K(61440K), 0.0085637 secs]
[GC (Allocation Failure)  27059K->1971K(61440K), 0.0017356 secs]
[GC (Allocation Failure)  26547K->2035K(61440K), 0.0038805 secs]
[GC (Allocation Failure)  26611K->2259K(61440K), 0.0057025 secs]
[GC (Allocation Failure)  26835K->2451K(61440K), 0.0090665 secs]
[GC (Allocation Failure)  27027K->1971K(61440K), 0.0022176 secs]
[GC (Allocation Failure)  26547K->2195K(61440K), 0.0043612 secs]
[GC (Allocation Failure)  26771K->2387K(61440K), 0.0067120 secs]
[GC (Allocation Failure)  26963K->1715K(61440K), 0.0013953 secs]
[GC (Allocation Failure)  26291K->2003K(61440K), 0.0026054 secs]
[GC (Allocation Failure)  26579K->2259K(61440K), 0.0052006 secs]
[GC (Allocation Failure)  26835K->2451K(61440K), 0.0075198 secs]
[GC (Allocation Failure)  27027K->1843K(61440K), 0.0019221 secs]
[GC (Allocation Failure)  26419K->2003K(61440K), 0.0039717 secs]
[GC (Allocation Failure)  26579K->2227K(61440K), 0.0059820 secs]
[GC (Allocation Failure)  26803K->2483K(61440K), 0.0081210 secs]
[GC (Allocation Failure)  27059K->1971K(61440K), 0.0016009 secs]
[GC (Allocation Failure)  26547K->2067K(61440K), 0.0040578 secs]
[GC (Allocation Failure)  26643K->2291K(61440K), 0.0060083 secs]
[GC (Allocation Failure)  26867K->2547K(61440K), 0.0096497 secs]
[GC (Allocation Failure)  27123K->1939K(61440K), 0.0027407 secs]
[GC (Allocation Failure)  26515K->2131K(61440K), 0.0038237 secs]
[GC (Allocation Failure)  26707K->2323K(61440K), 0.0067190 secs]
[GC (Allocation Failure)  26899K->1715K(61440K), 0.0016687 secs]
[GC (Allocation Failure)  26291K->2003K(61440K), 0.0028008 secs]
[GC (Allocation Failure)  26579K->2195K(61440K), 0.0048596 secs]
[GC (Allocation Failure)  26771K->2419K(61440K), 0.0078039 secs]
[GC (Allocation Failure)  26995K->1779K(61440K), 0.0011544 secs]
[GC (Allocation Failure)  26355K->2003K(61440K), 0.0032176 secs]
[GC (Allocation Failure)  26579K->2259K(61440K), 0.0057866 secs]
[GC (Allocation Failure)  26835K->2451K(61440K), 0.0074722 secs]
[GC (Allocation Failure)  27027K->1971K(61440K), 0.0012180 secs]
[GC (Allocation Failure)  26547K->2099K(61440K), 0.0037744 secs]
[GC (Allocation Failure)  26675K->2259K(61440K), 0.0062379 secs]
[GC (Allocation Failure)  26835K->2451K(61440K), 0.0082228 secs]
[GC (Allocation Failure)  27027K->2003K(61440K), 0.0019722 secs]
[GC (Allocation Failure)  26579K->2163K(61440K), 0.0040163 secs]
[GC (Allocation Failure)  26739K->2291K(61440K), 0.0060684 secs]
[GC (Allocation Failure)  26867K->1715K(61440K), 0.0015861 secs]
[GC (Allocation Failure)  26291K->2003K(61440K), 0.0028659 secs]
[GC (Allocation Failure)  26579K->2163K(61440K), 0.0051845 secs]
[GC (Allocation Failure)  26739K->2483K(61440K), 0.0075484 secs]
[GC (Allocation Failure)  27059K->1875K(61440K), 0.0011577 secs]
[GC (Allocation Failure)  26451K->2003K(61440K), 0.0029971 secs]
[GC (Allocation Failure)  26579K->2259K(61440K), 0.0042295 secs]
[GC (Allocation Failure)  26835K->2451K(61440K), 0.0069098 secs]
[GC (Allocation Failure)  27027K->1971K(61440K), 0.0019137 secs]
[GC (Allocation Failure)  26547K->2099K(61440K), 0.0035870 secs]
[GC (Allocation Failure)  26675K->2259K(61440K), 0.0062909 secs]
[GC (Allocation Failure)  26835K->2483K(61440K), 0.0095186 secs]
[GC (Allocation Failure)  27059K->2003K(61440K), 0.0023028 secs]
[GC (Allocation Failure)  26579K->2099K(61440K), 0.0037595 secs]
[GC (Allocation Failure)  26675K->2355K(61440K), 0.0073070 secs]
[GC (Allocation Failure)  26931K->1715K(61440K), 0.0015931 secs]
[GC (Allocation Failure)  26291K->2003K(61440K), 0.0030506 secs]
[GC (Allocation Failure)  26579K->2195K(61440K), 0.0050442 secs]
[GC (Allocation Failure)  26771K->2355K(61440K), 0.0072725 secs]
[GC (Allocation Failure)  26931K->1747K(61440K), 0.0012740 secs]
[GC (Allocation Failure)  26323K->2003K(61440K), 0.0031762 secs]
[GC (Allocation Failure)  26579K->2259K(61440K), 0.0055352 secs]
[GC (Allocation Failure)  26835K->2483K(61440K), 0.0084493 secs]
[GC (Allocation Failure)  27059K->1971K(61440K), 0.0017425 secs]
[GC (Allocation Failure)  26547K->2099K(61440K), 0.0041749 secs]
[GC (Allocation Failure)  26675K->2259K(61440K), 0.0062444 secs]
[GC (Allocation Failure)  26835K->2515K(61440K), 0.0102151 secs]
[GC (Allocation Failure)  27091K->1971K(61440K), 0.0022096 secs]
[GC (Allocation Failure)  26547K->2131K(61440K), 0.0039906 secs]
[GC (Allocation Failure)  26707K->2387K(61440K), 0.0065109 secs]
[GC (Allocation Failure)  26963K->1715K(61440K), 0.0013316 secs]
[GC (Allocation Failure)  26291K->2003K(61440K), 0.0025975 secs]
[GC (Allocation Failure)  26579K->2195K(61440K), 0.0045002 secs]
[GC (Allocation Failure)  26771K->2387K(61440K), 0.0076168 secs]
[GC (Allocation Failure)  26963K->1779K(61440K), 0.0015325 secs]
[GC (Allocation Failure)  26355K->2035K(61440K), 0.0037375 secs]
[GC (Allocation Failure)  26611K->2259K(61440K), 0.0050619 secs]
[GC (Allocation Failure)  26835K->2451K(61440K), 0.0075837 secs]
[GC (Allocation Failure)  27027K->1811K(61440K), 0.0013276 secs]
[GC (Allocation Failure)  26387K->2099K(61440K), 0.0032450 secs]
[GC (Allocation Failure)  26675K->2259K(61440K), 0.0055623 secs]
[GC (Allocation Failure)  26835K->2483K(61440K), 0.0082996 secs]
[GC (Allocation Failure)  27059K->2003K(61440K), 0.0019951 secs]
[GC (Allocation Failure)  26579K->2163K(61440K), 0.0043923 secs]
[GC (Allocation Failure)  26739K->2355K(61440K), 0.0073008 secs]
[GC (Allocation Failure)  26931K->1715K(61440K), 0.0013504 secs]
[GC (Allocation Failure)  26291K->2035K(61440K), 0.0024263 secs]
[GC (Allocation Failure)  26611K->2195K(61440K), 0.0048582 secs]
[GC (Allocation Failure)  26771K->2355K(61440K), 0.0058759 secs]
[GC (Allocation Failure)  26931K->1747K(61440K), 0.0013098 secs]
[GC (Allocation Failure)  26323K->2003K(61440K), 0.0034041 secs]
[GC (Allocation Failure)  26579K->2195K(61440K), 0.0055389 secs]
[GC (Allocation Failure)  26771K->2451K(61440K), 0.0074323 secs]
[GC (Allocation Failure)  27027K->1971K(61440K), 0.0016104 secs]
[GC (Allocation Failure)  26547K->2099K(61440K), 0.0040176 secs]
[GC (Allocation Failure)  26675K->2227K(61440K), 0.0056480 secs]
[GC (Allocation Failure)  26803K->2483K(61440K), 0.0074440 secs]
[GC (Allocation Failure)  27059K->2003K(61440K), 0.0025905 secs]
[GC (Allocation Failure)  26579K->2131K(61440K), 0.0043940 secs]
[GC (Allocation Failure)  26707K->2323K(61440K), 0.0060265 secs]
[GC (Allocation Failure)  26899K->1715K(61440K), 0.0018720 secs]
[GC (Allocation Failure)  26291K->2035K(61440K), 0.0021152 secs]
[GC (Allocation Failure)  26611K->2195K(61440K), 0.0049911 secs]
[GC (Allocation Failure)  26771K->2387K(61440K), 0.0079451 secs]
[GC (Allocation Failure)  26963K->1747K(61440K), 0.0014037 secs]
[GC (Allocation Failure)  26323K->2035K(61440K), 0.0026429 secs]
[GC (Allocation Failure)  26611K->2227K(61440K), 0.0046458 secs]
[GC (Allocation Failure)  26803K->2387K(61440K), 0.0079620 secs]
[GC (Allocation Failure)  26963K->1939K(61440K), 0.0011454 secs]
[GC (Allocation Failure)  26515K->2067K(61440K), 0.0036870 secs]
[GC (Allocation Failure)  26643K->2227K(61440K), 0.0060674 secs]
[GC (Allocation Failure)  26803K->2483K(61440K), 0.0085124 secs]
[GC (Allocation Failure)  27059K->1939K(61440K), 0.0018874 secs]
[GC (Allocation Failure)  26515K->2099K(61440K), 0.0041189 secs]
[GC (Allocation Failure)  26675K->2291K(61440K), 0.0057103 secs]
[GC (Allocation Failure)  26867K->1715K(61440K), 0.0013535 secs]
[GC (Allocation Failure)  26291K->1971K(61440K), 0.0025548 secs]
[GC (Allocation Failure)  26547K->2259K(61440K), 0.0045687 secs]
[GC (Allocation Failure)  26835K->2355K(61440K), 0.0071814 secs]
[GC (Allocation Failure)  26931K->1747K(61440K), 0.0013905 secs]
[GC (Allocation Failure)  26323K->2003K(61440K), 0.0029368 secs]
[GC (Allocation Failure)  26579K->2227K(61440K), 0.0051807 secs]
[GC (Allocation Failure)  26803K->2419K(61440K), 0.0083568 secs]
[GC (Allocation Failure)  26995K->1971K(61440K), 0.0017164 secs]
[GC (Allocation Failure)  26547K->2131K(61440K), 0.0031123 secs]
[GC (Allocation Failure)  26707K->2291K(61440K), 0.0049534 secs]
[GC (Allocation Failure)  26867K->2515K(61440K), 0.0078754 secs]
[GC (Allocation Failure)  27091K->1971K(61440K), 0.0019716 secs]
[GC (Allocation Failure)  26547K->2067K(61440K), 0.0035714 secs]
[GC (Allocation Failure)  26643K->2355K(61440K), 0.0069916 secs]
[GC (Allocation Failure)  26931K->1683K(61440K), 0.0016577 secs]
[GC (Allocation Failure)  26259K->2003K(61440K), 0.0027049 secs]
[GC (Allocation Failure)  26579K->2099K(61440K), 0.0049069 secs]
[GC (Allocation Failure)  26675K->2387K(61440K), 0.0073959 secs]
[GC (Allocation Failure)  26963K->1715K(61440K), 0.0012595 secs]
[GC (Allocation Failure)  26291K->2035K(61440K), 0.0032669 secs]
[GC (Allocation Failure)  26611K->2259K(61440K), 0.0050507 secs]
[GC (Allocation Failure)  26835K->2451K(61440K), 0.0072484 secs]
[GC (Allocation Failure)  27027K->1971K(61440K), 0.0020532 secs]
[GC (Allocation Failure)  26547K->2067K(61440K), 0.0040377 secs]
[GC (Allocation Failure)  26643K->2355K(61440K), 0.0056427 secs]
[GC (Allocation Failure)  26931K->2515K(61440K), 0.0082318 secs]
[GC (Allocation Failure)  27091K->1971K(61440K), 0.0022413 secs]
[GC (Allocation Failure)  26547K->2163K(61440K), 0.0044975 secs]
[GC (Allocation Failure)  26739K->2355K(61440K), 0.0067655 secs]
[GC (Allocation Failure)  26931K->2547K(61440K), 0.0098083 secs]
[GC (Allocation Failure)  27123K->1971K(61440K), 0.0028742 secs]
[GC (Allocation Failure)  26547K->2227K(61440K), 0.0053440 secs]
[GC (Allocation Failure)  26803K->2419K(61440K), 0.0072863 secs]
[GC (Allocation Failure)  26995K->1747K(61440K), 0.0011847 secs]
[GC (Allocation Failure)  26323K->2035K(61440K), 0.0029878 secs]
[GC (Allocation Failure)  26611K->2227K(61440K), 0.0045903 secs]
[GC (Allocation Failure)  26803K->2419K(61440K), 0.0063569 secs]
[GC (Allocation Failure)  26995K->1875K(61440K), 0.0014669 secs]
[GC (Allocation Failure)  26451K->2131K(61440K), 0.0029561 secs]
[GC (Allocation Failure)  26707K->2259K(61440K), 0.0065554 secs]
[GC (Allocation Failure)  26835K->2483K(61440K), 0.0078889 secs]
[GC (Allocation Failure)  27059K->1971K(61440K), 0.0023115 secs]
[GC (Allocation Failure)  26547K->2099K(61440K), 0.0042347 secs]
[GC (Allocation Failure)  26675K->2355K(61440K), 0.0071828 secs]
[GC (Allocation Failure)  26931K->2515K(61440K), 0.0095601 secs]
[GC (Allocation Failure)  27091K->2003K(61440K), 0.0027869 secs]
[GC (Allocation Failure)  26579K->2163K(61440K), 0.0039498 secs]
[GC (Allocation Failure)  26739K->2387K(61440K), 0.0061857 secs]
[GC (Allocation Failure)  26963K->1779K(61440K), 0.0021689 secs]
[GC (Allocation Failure)  26355K->2067K(61440K), 0.0033347 secs]
[GC (Allocation Failure)  26643K->2259K(61440K), 0.0053084 secs]
[GC (Allocation Failure)  26835K->2451K(61440K), 0.0078486 secs]
[GC (Allocation Failure)  27027K->1907K(61440K), 0.0015335 secs]
[GC (Allocation Failure)  26483K->2067K(61440K), 0.0034613 secs]
[GC (Allocation Failure)  26643K->2323K(61440K), 0.0059575 secs]
[GC (Allocation Failure)  26899K->2451K(61440K), 0.0090117 secs]
[GC (Allocation Failure)  27027K->1971K(61440K), 0.0018396 secs]
[GC (Allocation Failure)  26547K->2131K(61440K), 0.0044853 secs]
[GC (Allocation Failure)  26707K->2355K(61440K), 0.0064968 secs]
[GC (Allocation Failure)  26931K->2579K(61440K), 0.0093877 secs]
[GC (Allocation Failure)  27155K->1971K(61440K), 0.0025552 secs]
[GC (Allocation Failure)  26547K->2163K(61440K), 0.0044612 secs]
[GC (Allocation Failure)  26739K->2323K(61440K), 0.0071451 secs]
[GC (Allocation Failure)  26899K->1715K(61440K), 0.0016204 secs]
[GC (Allocation Failure)  26291K->2003K(61440K), 0.0037661 secs]
[GC (Allocation Failure)  26579K->2195K(61440K), 0.0061675 secs]
[GC (Allocation Failure)  26771K->2419K(61440K), 0.0077873 secs]
[GC (Allocation Failure)  26995K->1939K(61440K), 0.0022441 secs]
[GC (Allocation Failure)  26515K->2067K(61440K), 0.0034002 secs]
[GC (Allocation Failure)  26643K->2291K(61440K), 0.0059870 secs]
[GC (Allocation Failure)  26867K->2515K(61440K), 0.0081555 secs]
[GC (Allocation Failure)  27091K->2003K(61440K), 0.0025210 secs]
[GC (Allocation Failure)  26579K->2131K(61440K), 0.0040564 secs]
[GC (Allocation Failure)  26707K->2323K(61440K), 0.0080032 secs]
[GC (Allocation Failure)  26899K->2547K(61440K), 0.0111340 secs]
[GC (Allocation Failure)  27123K->1971K(61440K), 0.0028641 secs]
[GC (Allocation Failure)  26547K->2195K(61440K), 0.0051743 secs]
[GC (Allocation Failure)  26771K->2355K(61440K), 0.0065127 secs]
[GC (Allocation Failure)  26931K->1715K(61440K), 0.0010844 secs]
[GC (Allocation Failure)  26291K->2003K(61440K), 0.0030534 secs]
[GC (Allocation Failure)  26579K->2227K(61440K), 0.0053869 secs]
[GC (Allocation Failure)  26803K->2483K(61440K), 0.0082348 secs]
[GC (Allocation Failure)  27059K->1939K(61440K), 0.0019063 secs]
[GC (Allocation Failure)  26515K->2099K(61440K), 0.0035235 secs]
[GC (Allocation Failure)  26675K->2227K(61440K), 0.0063359 secs]
[GC (Allocation Failure)  26803K->2483K(61440K), 0.0094543 secs]
[GC (Allocation Failure)  27059K->1939K(61440K), 0.0021933 secs]
[GC (Allocation Failure)  26515K->2131K(61440K), 0.0048988 secs]
[GC (Allocation Failure)  26707K->2291K(61440K), 0.0063888 secs]
[GC (Allocation Failure)  26867K->2451K(61440K), 0.0081638 secs]
[GC (Allocation Failure)  27027K->1971K(61440K), 0.0026730 secs]
[GC (Allocation Failure)  26547K->2195K(61440K), 0.0046676 secs]
[GC (Allocation Failure)  26771K->2419K(61440K), 0.0071987 secs]
[GC (Allocation Failure)  26995K->1779K(61440K), 0.0017615 secs]
[GC (Allocation Failure)  26355K->2035K(61440K), 0.0032440 secs]
[GC (Allocation Failure)  26611K->2227K(61440K), 0.0052838 secs]
[GC (Allocation Failure)  26803K->2451K(61440K), 0.0075262 secs]
[GC (Allocation Failure)  27027K->1843K(61440K), 0.0018679 secs]
[GC (Allocation Failure)  26419K->2035K(61440K), 0.0039416 secs]
[GC (Allocation Failure)  26611K->2259K(61440K), 0.0060150 secs]
[GC (Allocation Failure)  26835K->2515K(61440K), 0.0085149 secs]
[GC (Allocation Failure)  27091K->1971K(61440K), 0.0024310 secs]
[GC (Allocation Failure)  26547K->2163K(61440K), 0.0038162 secs]
[GC (Allocation Failure)  26739K->2291K(61440K), 0.0057210 secs]
[GC (Allocation Failure)  26867K->2515K(61440K), 0.0093518 secs]
[GC (Allocation Failure)  27091K->2003K(61440K), 0.0025958 secs]
[GC (Allocation Failure)  26579K->2195K(61440K), 0.0046073 secs]
[GC (Allocation Failure)  26771K->2323K(61440K), 0.0067875 secs]
[GC (Allocation Failure)  26899K->1715K(61440K), 0.0015428 secs]
[GC (Allocation Failure)  26291K->2035K(61440K), 0.0031831 secs]
[GC (Allocation Failure)  26611K->2227K(61440K), 0.0047018 secs]
[GC (Allocation Failure)  26803K->2419K(61440K), 0.0070509 secs]
[GC (Allocation Failure)  26995K->1939K(61440K), 0.0021465 secs]
[GC (Allocation Failure)  26515K->2099K(61440K), 0.0036301 secs]
[GC (Allocation Failure)  26675K->2227K(61440K), 0.0055133 secs]
[GC (Allocation Failure)  26803K->2547K(61440K), 0.0081102 secs]
[GC (Allocation Failure)  27123K->1971K(61440K), 0.0022263 secs]
[GC (Allocation Failure)  26547K->2131K(61440K), 0.0041745 secs]
[GC (Allocation Failure)  26707K->2291K(61440K), 0.0069552 secs]
[GC (Allocation Failure)  26867K->2579K(61440K), 0.0097976 secs]
[GC (Allocation Failure)  27155K->1971K(61440K), 0.0030457 secs]
[GC (Allocation Failure)  26547K->2163K(61440K), 0.0040681 secs]
[GC (Allocation Failure)  26739K->2355K(61440K), 0.0070955 secs]
[GC (Allocation Failure)  26931K->1747K(61440K), 0.0011241 secs]
[GC (Allocation Failure)  26323K->2035K(61440K), 0.0034542 secs]
[GC (Allocation Failure)  26611K->2163K(61440K), 0.0054902 secs]
[GC (Allocation Failure)  26739K->2451K(61440K), 0.0074595 secs]
[GC (Allocation Failure)  27027K->1939K(61440K), 0.0016682 secs]
[GC (Allocation Failure)  26515K->2067K(61440K), 0.0037427 secs]
[GC (Allocation Failure)  26643K->2195K(61440K), 0.0062626 secs]
[GC (Allocation Failure)  26771K->2547K(61440K), 0.0081958 secs]
[GC (Allocation Failure)  27123K->1939K(61440K), 0.0021233 secs]
[GC (Allocation Failure)  26515K->2163K(61440K), 0.0037448 secs]
[GC (Allocation Failure)  26739K->2323K(61440K), 0.0066786 secs]
[GC (Allocation Failure)  26899K->2515K(61440K), 0.0102124 secs]
[GC (Allocation Failure)  27091K->2035K(61440K), 0.0026797 secs]
[GC (Allocation Failure)  26611K->2163K(61440K), 0.0046863 secs]
[GC (Allocation Failure)  26739K->2355K(61440K), 0.0061952 secs]
[GC (Allocation Failure)  26931K->1715K(61440K), 0.0013430 secs]
[GC (Allocation Failure)  26291K->2035K(61440K), 0.0031107 secs]
[GC (Allocation Failure)  26611K->2227K(61440K), 0.0053498 secs]
[GC (Allocation Failure)  26803K->2387K(61440K), 0.0073858 secs]
[GC (Allocation Failure)  26963K->1907K(61440K), 0.0010626 secs]
[GC (Allocation Failure)  26483K->2067K(61440K), 0.0032843 secs]
[GC (Allocation Failure)  26643K->2355K(61440K), 0.0053098 secs]
[GC (Allocation Failure)  26931K->2451K(61440K), 0.0079111 secs]
[GC (Allocation Failure)  27027K->1971K(61440K), 0.0017903 secs]
[GC (Allocation Failure)  26547K->2163K(61440K), 0.0042126 secs]
[GC (Allocation Failure)  26739K->2291K(61440K), 0.0056483 secs]
[GC (Allocation Failure)  26867K->2547K(61440K), 0.0083020 secs]
[GC (Allocation Failure)  27123K->1971K(61440K), 0.0027785 secs]
[GC (Allocation Failure)  26547K->2195K(61440K), 0.0042890 secs]
[GC (Allocation Failure)  26771K->2387K(61440K), 0.0061938 secs]
[GC (Allocation Failure)  26963K->1715K(61440K), 0.0014715 secs]
[GC (Allocation Failure)  26291K->2035K(61440K), 0.0028442 secs]
[GC (Allocation Failure)  26611K->2195K(61440K), 0.0051360 secs]
[GC (Allocation Failure)  26771K->2451K(61440K), 0.0077514 secs]
[GC (Allocation Failure)  27027K->1939K(61440K), 0.0018155 secs]
[GC (Allocation Failure)  26515K->2067K(61440K), 0.0033779 secs]
[GC (Allocation Failure)  26643K->2323K(61440K), 0.0053874 secs]
[GC (Allocation Failure)  26899K->2515K(61440K), 0.0084233 secs]
[GC (Allocation Failure)  27091K->1971K(61440K), 0.0020918 secs]
[GC (Allocation Failure)  26547K->2163K(61440K), 0.0038092 secs]
[GC (Allocation Failure)  26739K->2227K(61440K), 0.0058113 secs]
[GC (Allocation Failure)  26803K->2515K(61440K), 0.0077391 secs]
[GC (Allocation Failure)  27091K->2003K(61440K), 0.0021391 secs]
[GC (Allocation Failure)  26579K->2195K(61440K), 0.0047257 secs]
[GC (Allocation Failure)  26771K->2419K(61440K), 0.0073404 secs]
[GC (Allocation Failure)  26995K->1715K(61440K), 0.0015105 secs]
[GC (Allocation Failure)  26291K->2035K(61440K), 0.0029170 secs]
[GC (Allocation Failure)  26611K->2195K(61440K), 0.0046746 secs]
[GC (Allocation Failure)  26771K->2387K(61440K), 0.0064767 secs]
[GC (Allocation Failure)  26963K->1939K(61440K), 0.0018524 secs]
[GC (Allocation Failure)  26515K->2035K(61440K), 0.0033874 secs]
[GC (Allocation Failure)  26611K->2259K(61440K), 0.0047075 secs]
[GC (Allocation Failure)  26835K->2483K(61440K), 0.0073098 secs]
[GC (Allocation Failure)  27059K->1971K(61440K), 0.0018464 secs]
[GC (Allocation Failure)  26547K->2131K(61440K), 0.0041803 secs]
[GC (Allocation Failure)  26707K->2259K(61440K), 0.0061026 secs]
[GC (Allocation Failure)  26835K->2547K(61440K), 0.0085826 secs]
[GC (Allocation Failure)  27123K->2003K(61440K), 0.0020386 secs]
[GC (Allocation Failure)  26579K->2195K(61440K), 0.0046264 secs]
[GC (Allocation Failure)  26771K->2451K(61440K), 0.0069430 secs]
[GC (Allocation Failure)  27027K->1715K(61440K), 0.0011883 secs]
[GC (Allocation Failure)  26291K->2003K(61440K), 0.0032359 secs]
[GC (Allocation Failure)  26579K->2227K(61440K), 0.0049175 secs]
[GC (Allocation Failure)  26803K->2451K(61440K), 0.0067501 secs]
[GC (Allocation Failure)  27027K->1939K(61440K), 0.0014484 secs]
[GC (Allocation Failure)  26515K->2035K(61440K), 0.0036493 secs]
[GC (Allocation Failure)  26611K->2291K(61440K), 0.0066562 secs]
[GC (Allocation Failure)  26867K->2515K(61440K), 0.0090454 secs]
[GC (Allocation Failure)  27091K->1939K(61440K), 0.0021970 secs]
[GC (Allocation Failure)  26515K->2131K(61440K), 0.0037682 secs]
[GC (Allocation Failure)  26707K->2259K(61440K), 0.0057902 secs]
[GC (Allocation Failure)  26835K->2515K(61440K), 0.0083753 secs]
[GC (Allocation Failure)  27091K->2003K(61440K), 0.0027881 secs]
[GC (Allocation Failure)  26579K->2163K(61440K), 0.0046062 secs]
[GC (Allocation Failure)  26739K->2355K(61440K), 0.0077612 secs]
[GC (Allocation Failure)  26931K->1715K(61440K), 0.0023514 secs]
[GC (Allocation Failure)  26291K->2003K(61440K), 0.0032487 secs]
[GC (Allocation Failure)  26579K->2227K(61440K), 0.0052992 secs]
[GC (Allocation Failure)  26803K->2419K(61440K), 0.0083068 secs]
[GC (Allocation Failure)  26995K->1939K(61440K), 0.0019196 secs]
[GC (Allocation Failure)  26515K->2099K(61440K), 0.0037484 secs]
[GC (Allocation Failure)  26675K->2259K(61440K), 0.0049913 secs]
[GC (Allocation Failure)  26835K->2451K(61440K), 0.0072995 secs]
[GC (Allocation Failure)  27027K->1971K(61440K), 0.0012918 secs]
[GC (Allocation Failure)  26547K->2163K(61440K), 0.0036761 secs]
[GC (Allocation Failure)  26739K->2323K(61440K), 0.0061451 secs]
[GC (Allocation Failure)  26899K->2515K(61440K), 0.0097927 secs]
[GC (Allocation Failure)  27091K->2003K(61440K), 0.0022594 secs]
[GC (Allocation Failure)  26579K->2195K(61440K), 0.0044081 secs]
[GC (Allocation Failure)  26771K->2323K(61440K), 0.0066397 secs]
[GC (Allocation Failure)  26899K->1683K(61440K), 0.0011893 secs]
[GC (Allocation Failure)  26259K->2035K(61440K), 0.0028660 secs]
[GC (Allocation Failure)  26611K->2195K(61440K), 0.0048265 secs]
[GC (Allocation Failure)  26771K->2419K(61440K), 0.0067586 secs]
[GC (Allocation Failure)  26995K->1747K(61440K), 0.0012875 secs]
[GC (Allocation Failure)  26323K->2067K(61440K), 0.0030753 secs]
[GC (Allocation Failure)  26643K->2291K(61440K), 0.0054301 secs]
[GC (Allocation Failure)  26867K->2451K(61440K), 0.0073052 secs]
[GC (Allocation Failure)  27027K->1971K(61440K), 0.0015913 secs]
[GC (Allocation Failure)  26547K->2131K(61440K), 0.0036325 secs]
[GC (Allocation Failure)  26707K->2323K(61440K), 0.0077286 secs]
[GC (Allocation Failure)  26899K->2451K(61440K), 0.0090781 secs]
[GC (Allocation Failure)  27027K->2003K(61440K), 0.0021782 secs]
[GC (Allocation Failure)  26579K->2195K(61440K), 0.0043362 secs]
[GC (Allocation Failure)  26771K->2355K(61440K), 0.0066270 secs]
[GC (Allocation Failure)  26931K->1683K(61440K), 0.0013586 secs]
[GC (Allocation Failure)  26259K->2035K(61440K), 0.0026443 secs]
[GC (Allocation Failure)  26611K->2227K(61440K), 0.0044727 secs]
[GC (Allocation Failure)  26803K->2451K(61440K), 0.0075270 secs]
[GC (Allocation Failure)  27027K->1875K(61440K), 0.0020606 secs]
[GC (Allocation Failure)  26451K->2099K(61440K), 0.0034975 secs]
[GC (Allocation Failure)  26675K->2227K(61440K), 0.0056746 secs]
[GC (Allocation Failure)  26803K->2515K(61440K), 0.0076799 secs]
[GC (Allocation Failure)  27091K->1939K(61440K), 0.0023691 secs]
[GC (Allocation Failure)  26515K->2099K(61440K), 0.0031297 secs]
[GC (Allocation Failure)  26675K->2259K(61440K), 0.0054445 secs]
[GC (Allocation Failure)  26835K->2547K(61440K), 0.0079194 secs]
[GC (Allocation Failure)  27123K->1971K(61440K), 0.0025499 secs]
[GC (Allocation Failure)  26547K->2163K(61440K), 0.0046468 secs]
[GC (Allocation Failure)  26739K->2387K(61440K), 0.0066887 secs]
[GC (Allocation Failure)  26963K->1747K(61440K), 0.0013556 secs]
[GC (Allocation Failure)  26323K->2035K(61440K), 0.0027157 secs]
[GC (Allocation Failure)  26611K->2227K(61440K), 0.0056027 secs]
[GC (Allocation Failure)  26803K->2387K(61440K), 0.0066050 secs]
[GC (Allocation Failure)  26963K->1811K(61440K), 0.0011070 secs]
[GC (Allocation Failure)  26387K->2067K(61440K), 0.0034496 secs]
[GC (Allocation Failure)  26643K->2259K(61440K), 0.0049298 secs]
[GC (Allocation Failure)  26835K->2419K(61440K), 0.0074378 secs]
[GC (Allocation Failure)  26995K->1939K(61440K), 0.0014799 secs]
[GC (Allocation Failure)  26515K->2131K(61440K), 0.0041326 secs]
[GC (Allocation Failure)  26707K->2323K(61440K), 0.0063664 secs]
[GC (Allocation Failure)  26899K->2483K(61440K), 0.0090868 secs]
[GC (Allocation Failure)  27059K->1971K(61440K), 0.0029838 secs]
[GC (Allocation Failure)  26547K->2163K(61440K), 0.0045712 secs]
[GC (Allocation Failure)  26739K->2387K(61440K), 0.0070156 secs]
[GC (Allocation Failure)  26963K->1715K(61440K), 0.0016345 secs]
[GC (Allocation Failure)  26291K->2003K(61440K), 0.0033308 secs]
[GC (Allocation Failure)  26579K->2195K(61440K), 0.0048272 secs]
[GC (Allocation Failure)  26771K->2451K(61440K), 0.0076017 secs]
[GC (Allocation Failure)  27027K->1939K(61440K), 0.0016261 secs]
[GC (Allocation Failure)  26515K->2067K(61440K), 0.0022240 secs]
[GC (Allocation Failure)  26643K->2259K(61440K), 0.0046370 secs]
[GC (Allocation Failure)  26835K->2451K(61440K), 0.0073569 secs]
[GC (Allocation Failure)  27027K->1971K(61440K), 0.0016208 secs]
[GC (Allocation Failure)  26547K->2131K(61440K), 0.0039561 secs]
[GC (Allocation Failure)  26707K->2291K(61440K), 0.0064521 secs]
[GC (Allocation Failure)  26867K->2547K(61440K), 0.0076537 secs]
[GC (Allocation Failure)  27123K->1971K(61440K), 0.0025784 secs]
[GC (Allocation Failure)  26547K->2163K(61440K), 0.0048654 secs]
[GC (Allocation Failure)  26739K->2323K(61440K), 0.0068624 secs]
[GC (Allocation Failure)  26899K->1715K(61440K), 0.0010559 secs]
[GC (Allocation Failure)  26291K->2035K(61440K), 0.0030311 secs]
[GC (Allocation Failure)  26611K->2227K(61440K), 0.0053706 secs]
[GC (Allocation Failure)  26803K->2387K(61440K), 0.0081145 secs]
[GC (Allocation Failure)  26963K->1907K(61440K), 0.0013583 secs]
[GC (Allocation Failure)  26483K->2067K(61440K), 0.0029346 secs]
[GC (Allocation Failure)  26643K->2259K(61440K), 0.0048990 secs]
[GC (Allocation Failure)  26835K->2483K(61440K), 0.0075414 secs]
[GC (Allocation Failure)  27059K->1971K(61440K), 0.0016690 secs]
[GC (Allocation Failure)  26547K->2067K(61440K), 0.0037993 secs]
[GC (Allocation Failure)  26643K->2323K(61440K), 0.0053548 secs]
[GC (Allocation Failure)  26899K->2483K(61440K), 0.0084242 secs]
[GC (Allocation Failure)  27059K->1971K(61440K), 0.0022432 secs]
[GC (Allocation Failure)  26547K->2131K(61440K), 0.0046929 secs]
[GC (Allocation Failure)  26707K->2387K(61440K), 0.0067962 secs]
[GC (Allocation Failure)  26963K->1683K(61440K), 0.0016821 secs]
[GC (Allocation Failure)  26259K->2035K(61440K), 0.0025490 secs]
[GC (Allocation Failure)  26611K->2195K(61440K), 0.0047058 secs]
[GC (Allocation Failure)  26771K->2451K(61440K), 0.0062735 secs]
[GC (Allocation Failure)  27027K->1843K(61440K), 0.0013571 secs]
[GC (Allocation Failure)  26419K->2035K(61440K), 0.0038453 secs]
[GC (Allocation Failure)  26611K->2227K(61440K), 0.0057439 secs]
[GC (Allocation Failure)  26803K->2483K(61440K), 0.0074557 secs]
[GC (Allocation Failure)  27059K->1939K(61440K), 0.0018435 secs]
[GC (Allocation Failure)  26515K->2131K(61440K), 0.0039693 secs]
[GC (Allocation Failure)  26707K->2355K(61440K), 0.0060079 secs]
[GC (Allocation Failure)  26931K->2515K(61440K), 0.0083808 secs]
[GC (Allocation Failure)  27091K->1939K(61440K), 0.0023825 secs]
[GC (Allocation Failure)  26515K->2163K(61440K), 0.0046249 secs]
[GC (Allocation Failure)  26739K->2323K(61440K), 0.0065882 secs]
[GC (Allocation Failure)  26899K->1715K(61440K), 0.0010288 secs]
[GC (Allocation Failure)  26291K->2003K(61440K), 0.0024821 secs]
[GC (Allocation Failure)  26579K->2195K(61440K), 0.0044909 secs]
[GC (Allocation Failure)  26771K->2387K(61440K), 0.0059587 secs]
[GC (Allocation Failure)  26963K->1875K(61440K), 0.0009772 secs]
[GC (Allocation Failure)  26451K->2035K(61440K), 0.0031722 secs]
[GC (Allocation Failure)  26611K->2259K(61440K), 0.0057932 secs]
[GC (Allocation Failure)  26835K->2547K(61440K), 0.0077420 secs]
[GC (Allocation Failure)  27123K->1971K(61440K), 0.0018034 secs]
[GC (Allocation Failure)  26547K->2099K(61440K), 0.0041682 secs]
[GC (Allocation Failure)  26675K->2323K(61440K), 0.0063495 secs]
[GC (Allocation Failure)  26899K->2547K(61440K), 0.0086578 secs]
[GC (Allocation Failure)  27123K->1971K(61440K), 0.0029304 secs]
[GC (Allocation Failure)  26547K->2131K(61440K), 0.0045173 secs]
[GC (Allocation Failure)  26707K->2419K(61440K), 0.0071408 secs]
[GC (Allocation Failure)  26995K->1683K(61440K), 0.0010637 secs]
[GC (Allocation Failure)  26259K->2003K(61440K), 0.0028503 secs]
[GC (Allocation Failure)  26579K->2227K(61440K), 0.0050754 secs]
[GC (Allocation Failure)  26803K->2387K(61440K), 0.0074457 secs]
[GC (Allocation Failure)  26963K->1843K(61440K), 0.0017713 secs]
[GC (Allocation Failure)  26419K->2035K(61440K), 0.0033156 secs]
[GC (Allocation Failure)  26611K->2259K(61440K), 0.0052216 secs]
[GC (Allocation Failure)  26835K->2515K(61440K), 0.0081480 secs]
[GC (Allocation Failure)  27091K->1939K(61440K), 0.0018849 secs]
[GC (Allocation Failure)  26515K->2099K(61440K), 0.0037256 secs]
[GC (Allocation Failure)  26675K->2291K(61440K), 0.0069602 secs]
[GC (Allocation Failure)  26867K->2547K(61440K), 0.0083134 secs]
[GC (Allocation Failure)  27123K->1971K(61440K), 0.0029245 secs]
[GC (Allocation Failure)  26547K->2163K(61440K), 0.0043914 secs]
[GC (Allocation Failure)  26739K->2387K(61440K), 0.0067507 secs]
[GC (Allocation Failure)  26963K->1715K(61440K), 0.0015427 secs]
[GC (Allocation Failure)  26291K->2003K(61440K), 0.0027776 secs]
[GC (Allocation Failure)  26579K->2195K(61440K), 0.0040941 secs]
[GC (Allocation Failure)  26771K->2451K(61440K), 0.0069497 secs]
[GC (Allocation Failure)  27027K->1907K(61440K), 0.0010095 secs]
[GC (Allocation Failure)  26483K->2035K(61440K), 0.0028265 secs]
[GC (Allocation Failure)  26611K->2227K(61440K), 0.0052509 secs]
[GC (Allocation Failure)  26803K->2483K(61440K), 0.0083224 secs]
[GC (Allocation Failure)  27059K->2003K(61440K), 0.0015202 secs]
[GC (Allocation Failure)  26579K->2131K(61440K), 0.0038255 secs]
[GC (Allocation Failure)  26707K->2291K(61440K), 0.0060148 secs]
[GC (Allocation Failure)  26867K->2547K(61440K), 0.0089507 secs]
[GC (Allocation Failure)  27123K->1971K(61440K), 0.0025728 secs]
[GC (Allocation Failure)  26547K->2163K(61440K), 0.0046755 secs]
[GC (Allocation Failure)  26739K->2355K(61440K), 0.0058438 secs]
[GC (Allocation Failure)  26931K->1747K(61440K), 0.0015387 secs]
[GC (Allocation Failure)  26323K->2035K(61440K), 0.0025445 secs]
[GC (Allocation Failure)  26611K->2227K(61440K), 0.0048885 secs]
[GC (Allocation Failure)  26803K->2387K(61440K), 0.0067556 secs]
[GC (Allocation Failure)  26963K->1747K(61440K), 0.0013412 secs]
[GC (Allocation Failure)  26323K->2067K(61440K), 0.0030918 secs]
[GC (Allocation Failure)  26643K->2227K(61440K), 0.0051876 secs]
[GC (Allocation Failure)  26803K->2451K(61440K), 0.0077825 secs]
[GC (Allocation Failure)  27027K->1971K(61440K), 0.0017022 secs]
[GC (Allocation Failure)  26547K->2067K(61440K), 0.0035529 secs]
[GC (Allocation Failure)  26643K->2227K(61440K), 0.0056313 secs]
[GC (Allocation Failure)  26803K->2451K(61440K), 0.0087641 secs]
[GC (Allocation Failure)  27027K->1963K(61440K), 0.0022977 secs]
[GC (Allocation Failure)  26539K->2251K(61440K), 0.0046420 secs]
[GC (Allocation Failure)  26827K->2347K(61440K), 0.0065959 secs]
[GC (Allocation Failure)  26923K->1739K(61440K), 0.0011404 secs]
[GC (Allocation Failure)  26315K->2027K(61440K), 0.0031791 secs]
[GC (Allocation Failure)  26603K->2219K(61440K), 0.0063756 secs]
[GC (Allocation Failure)  26795K->2411K(61440K), 0.0101786 secs]
[GC (Allocation Failure)  26987K->1867K(61440K), 0.0015680 secs]
[GC (Allocation Failure)  26443K->2059K(61440K), 0.0037343 secs]
[GC (Allocation Failure)  26635K->2219K(61440K), 0.0067135 secs]
[GC (Allocation Failure)  26795K->2539K(61440K), 0.0109600 secs]
[GC (Allocation Failure)  27115K->1963K(61440K), 0.0021359 secs]
[GC (Allocation Failure)  26539K->2091K(61440K), 0.0045246 secs]
[GC (Allocation Failure)  26667K->2283K(61440K), 0.0076566 secs]
[GC (Allocation Failure)  26859K->2571K(61440K), 0.0092550 secs]
[GC (Allocation Failure)  27147K->1995K(61440K), 0.0023021 secs]
[GC (Allocation Failure)  26571K->2219K(61440K), 0.0041029 secs]
[GC (Allocation Failure)  26795K->2347K(61440K), 0.0067934 secs]
[GC (Allocation Failure)  26923K->1739K(61440K), 0.0014160 secs]
[GC (Allocation Failure)  26315K->2027K(61440K), 0.0031865 secs]
[GC (Allocation Failure)  26603K->2219K(61440K), 0.0054142 secs]
[GC (Allocation Failure)  26795K->2443K(61440K), 0.0089876 secs]
[GC (Allocation Failure)  27019K->1931K(61440K), 0.0011675 secs]
[GC (Allocation Failure)  26507K->2059K(61440K), 0.0032262 secs]
[GC (Allocation Failure)  26635K->2251K(61440K), 0.0051135 secs]
[GC (Allocation Failure)  26827K->2539K(61440K), 0.0101278 secs]
[GC (Allocation Failure)  27115K->1995K(61440K), 0.0021419 secs]
[GC (Allocation Failure)  26571K->2091K(61440K), 0.0043363 secs]
[GC (Allocation Failure)  26667K->2283K(61440K), 0.0069764 secs]
[GC (Allocation Failure)  26859K->2571K(61440K), 0.0083362 secs]
[GC (Allocation Failure)  27147K->1899K(61440K), 0.0031851 secs]
[GC (Allocation Failure)  26475K->2155K(61440K), 0.0054084 secs]
[GC (Allocation Failure)  26731K->2379K(61440K), 0.0069352 secs]
[GC (Allocation Failure)  26955K->1739K(61440K), 0.0059022 secs]
[GC (Allocation Failure)  26315K->2027K(61440K), 0.0034948 secs]
[GC (Allocation Failure)  26603K->2219K(61440K), 0.0047415 secs]
[GC (Allocation Failure)  26795K->2411K(61440K), 0.0078101 secs]
[GC (Allocation Failure)  26987K->1899K(61440K), 0.0014728 secs]
[GC (Allocation Failure)  26475K->2091K(61440K), 0.0032093 secs]
[GC (Allocation Failure)  26667K->2315K(61440K), 0.0057363 secs]
[GC (Allocation Failure)  26891K->2475K(61440K), 0.0109319 secs]
[GC (Allocation Failure)  27051K->1963K(61440K), 0.0014223 secs]
[GC (Allocation Failure)  26539K->2091K(61440K), 0.0039907 secs]
[GC (Allocation Failure)  26667K->2251K(61440K), 0.0062940 secs]
[GC (Allocation Failure)  26827K->2539K(61440K), 0.0113726 secs]
