[GC (System.gc())  8149K->1928K(22528K), 0.0024036 secs]
[Full GC (System.gc())  1928K->1722K(22528K), 0.0099620 secs]
[GC (Allocation Failure) -- 14010K->20474K(22528K), 0.0245724 secs]
[Full GC (Ergonomics)  20474K->13837K(22528K), 0.0699763 secs]
[GC (Allocation Failure) -- 20274K->20474K(22528K), 0.0115697 secs]
[Full GC (Ergonomics)  20474K->4397K(22528K), 0.0225680 secs]
[GC (Allocation Failure) -- 16685K->20477K(22528K), 0.0353515 secs]
[Full GC (Ergonomics)  20477K->16679K(22528K), 0.0547067 secs]
[GC (Allocation Failure) -- 20423K->20479K(22528K), 0.0111718 secs]
[Full GC (Ergonomics)  20479K->4548K(22528K), 0.0092690 secs]
[GC (Allocation Failure) -- 16836K->20476K(22528K), 0.0276909 secs]
[Full GC (Ergonomics)  20476K->16824K(22528K), 0.0535303 secs]
[GC (Allocation Failure) -- 20426K->20474K(22528K), 0.0116674 secs]
[Full GC (Ergonomics)  20474K->4553K(22528K), 0.0096860 secs]
[GC (Allocation Failure) -- 16841K->20473K(22528K), 0.0320655 secs]
[Full GC (Ergonomics)  20473K->16828K(22528K), 0.0568106 secs]
[GC (Allocation Failure) -- 20422K->20478K(22528K), 0.0094759 secs]
[Full GC (Ergonomics)  20478K->4548K(22528K), 0.0100970 secs]
[GC (Allocation Failure) -- 16836K->20476K(22528K), 0.0264522 secs]
[Full GC (Ergonomics)  20476K->16821K(22528K), 0.0513472 secs]
[GC (Allocation Failure) -- 20425K->20473K(22528K), 0.0099830 secs]
[Full GC (Ergonomics)  20473K->4549K(22528K), 0.0107482 secs]
[GC (Allocation Failure) -- 16837K->20477K(22528K), 0.0269806 secs]
[Full GC (Ergonomics)  20477K->16823K(22528K), 0.0503473 secs]
[GC (Allocation Failure) -- 20425K->20473K(22528K), 0.0101337 secs]
[Full GC (Ergonomics)  20473K->4552K(22528K), 0.0115189 secs]
[GC (Allocation Failure) -- 16840K->20472K(22528K), 0.0272142 secs]
[Full GC (Ergonomics)  20472K->16837K(22528K), 0.0553709 secs]
[GC (Allocation Failure) -- 20471K->20479K(22528K), 0.0119514 secs]
[Full GC (Ergonomics)  20479K->4598K(22528K), 0.0119554 secs]
[GC (Allocation Failure) -- 16886K->20478K(22528K), 0.0306968 secs]
[Full GC (Ergonomics)  20478K->16875K(22528K), 0.0559934 secs]
[GC (Allocation Failure) -- 20428K->20476K(22528K), 0.0128606 secs]
[Full GC (Ergonomics)  20476K->4556K(22528K), 0.0112706 secs]
[GC (Allocation Failure) -- 16844K->20476K(22528K), 0.0324292 secs]
[Full GC (Ergonomics)  20476K->16840K(22528K), 0.0551146 secs]
[GC (Allocation Failure) -- 20425K->20473K(22528K), 0.0126595 secs]
[Full GC (Ergonomics)  20473K->4552K(22528K), 0.0120743 secs]
[GC (Allocation Failure) -- 16840K->20472K(22528K), 0.0287670 secs]
[Full GC (Ergonomics)  20472K->16831K(22528K), 0.0530849 secs]
[GC (Allocation Failure) -- 20421K->20477K(22528K), 0.0119700 secs]
[Full GC (Ergonomics)  20477K->4546K(22528K), 0.0106028 secs]
[GC (Allocation Failure) -- 16834K->20474K(22528K), 0.0279159 secs]
[Full GC (Ergonomics)  20474K->16833K(22528K), 0.0531392 secs]
[GC (Allocation Failure) -- 20422K->20478K(22528K), 0.0101342 secs]
[Full GC (Ergonomics)  20478K->4547K(22528K), 0.0111234 secs]
[GC (Allocation Failure) -- 16835K->20475K(22528K), 0.0249743 secs]
[Full GC (Ergonomics)  20475K->16831K(22528K), 0.0520597 secs]
[GC (Allocation Failure) -- 20423K->20479K(22528K), 0.0098630 secs]
[Full GC (Ergonomics)  20479K->4549K(22528K), 0.0110435 secs]
[GC (Allocation Failure) -- 16837K->20477K(22528K), 0.0267741 secs]
[Full GC (Ergonomics)  20477K->16835K(22528K), 0.0531596 secs]
[GC (Allocation Failure) -- 20425K->20473K(22528K), 0.0097141 secs]
[Full GC (Ergonomics)  20473K->4551K(22528K), 0.0124046 secs]
[GC (Allocation Failure) -- 16839K->20479K(22528K), 0.0268995 secs]
[Full GC (Ergonomics)  20479K->16837K(22528K), 0.0511986 secs]
[GC (Allocation Failure) -- 20428K->20476K(22528K), 0.0098523 secs]
[Full GC (Ergonomics)  20476K->4553K(22528K), 0.0110367 secs]
[GC (Allocation Failure) -- 16841K->20473K(22528K), 0.0248145 secs]
[Full GC (Ergonomics)  20473K->16839K(22528K), 0.0511184 secs]
[GC (Allocation Failure) -- 20436K->20476K(22528K), 0.0103124 secs]
[Full GC (Ergonomics)  20476K->4562K(22528K), 0.0105951 secs]
[GC (Allocation Failure) -- 16850K->20474K(22528K), 0.0266525 secs]
[Full GC (Ergonomics)  20474K->16844K(22528K), 0.0501360 secs]
[GC (Allocation Failure) -- 20423K->20479K(22528K), 0.0104918 secs]
[Full GC (Ergonomics)  20479K->4549K(22528K), 0.0114874 secs]
[GC (Allocation Failure) -- 16837K->20477K(22528K), 0.0251297 secs]
[Full GC (Ergonomics)  20477K->16835K(22528K), 0.0533580 secs]
[GC (Allocation Failure) -- 20424K->20472K(22528K), 0.0097839 secs]
[Full GC (Ergonomics)  20472K->4550K(22528K), 0.0105440 secs]
[GC (Allocation Failure) -- 16838K->20478K(22528K), 0.0262005 secs]
[Full GC (Ergonomics)  20478K->16836K(22528K), 0.0507290 secs]
[GC (Allocation Failure) -- 20423K->20479K(22528K), 0.0098611 secs]
[Full GC (Ergonomics)  20479K->4549K(22528K), 0.0111856 secs]
[GC (Allocation Failure) -- 16837K->20477K(22528K), 0.0262211 secs]
[Full GC (Ergonomics)  20477K->16835K(22528K), 0.0493854 secs]
[GC (Allocation Failure) -- 20425K->20473K(22528K), 0.0101094 secs]
[Full GC (Ergonomics)  20473K->4551K(22528K), 0.0104473 secs]
[GC (Allocation Failure) -- 16839K->20479K(22528K), 0.0264627 secs]
[Full GC (Ergonomics)  20479K->16835K(22528K), 0.0536820 secs]
[GC (Allocation Failure) -- 20427K->20475K(22528K), 0.0108050 secs]
[Full GC (Ergonomics)  20475K->4553K(22528K), 0.0134128 secs]
[GC (Allocation Failure) -- 16841K->20473K(22528K), 0.0293122 secs]
[Full GC (Ergonomics)  20473K->16840K(22528K), 0.0575529 secs]
[GC (Allocation Failure) -- 20420K->20476K(22528K), 0.0110367 secs]
[Full GC (Ergonomics)  20476K->4546K(22528K), 0.0106404 secs]
[GC (Allocation Failure) -- 16834K->20474K(22528K), 0.0272399 secs]
[Full GC (Ergonomics)  20474K->16817K(22528K), 0.0533235 secs]
[GC (Allocation Failure) -- 20425K->20473K(22528K), 0.0114240 secs]
[Full GC (Ergonomics)  20473K->4552K(22528K), 0.0116954 secs]
[GC (Allocation Failure) -- 16840K->20472K(22528K), 0.0267692 secs]
[Full GC (Ergonomics)  20472K->16835K(22528K), 0.0497314 secs]
[GC (Allocation Failure) -- 20422K->20478K(22528K), 0.0096297 secs]
[Full GC (Ergonomics)  20478K->4548K(22528K), 0.0105396 secs]
[GC (Allocation Failure) -- 16836K->20476K(22528K), 0.0259605 secs]
[Full GC (Ergonomics)  20476K->16832K(22528K), 0.0496459 secs]
[GC (Allocation Failure) -- 20425K->20473K(22528K), 0.0093639 secs]
[Full GC (Ergonomics)  20473K->4551K(22528K), 0.0105769 secs]
[GC (Allocation Failure) -- 16839K->20479K(22528K), 0.0261295 secs]
[Full GC (Ergonomics)  20479K->16837K(22528K), 0.0511907 secs]
[GC (Allocation Failure) -- 20425K->20473K(22528K), 0.0108171 secs]
[Full GC (Ergonomics)  20473K->4551K(22528K), 0.0103936 secs]
[GC (Allocation Failure) -- 16839K->20479K(22528K), 0.0230735 secs]
[Full GC (Ergonomics)  20479K->16835K(22528K), 0.0520843 secs]
[GC (Allocation Failure) -- 20429K->20477K(22528K), 0.0112709 secs]
[Full GC (Ergonomics)  20477K->4555K(22528K), 0.0107234 secs]
[GC (Allocation Failure) -- 16843K->20475K(22528K), 0.0282555 secs]
[Full GC (Ergonomics)  20475K->16840K(22528K), 0.0538126 secs]
[GC (Allocation Failure) -- 20425K->20473K(22528K), 0.0125410 secs]
[Full GC (Ergonomics)  20473K->4551K(22528K), 0.0107666 secs]
[GC (Allocation Failure) -- 16839K->20479K(22528K), 0.0282466 secs]
[Full GC (Ergonomics)  20479K->16836K(22528K), 0.0536577 secs]
[GC (Allocation Failure) -- 20429K->20477K(22528K), 0.0126375 secs]
[Full GC (Ergonomics)  20477K->4555K(22528K), 0.0110421 secs]
[GC (Allocation Failure) -- 16843K->20475K(22528K), 0.0288136 secs]
[Full GC (Ergonomics)  20475K->16841K(22528K), 0.0505578 secs]
[GC (Allocation Failure) -- 20423K->20479K(22528K), 0.0117427 secs]
[Full GC (Ergonomics)  20479K->4549K(22528K), 0.0093502 secs]
[GC (Allocation Failure) -- 16837K->20477K(22528K), 0.0287724 secs]
[Full GC (Ergonomics)  20477K->16819K(22528K), 0.0546065 secs]
[GC (Allocation Failure) -- 20426K->20474K(22528K), 0.0104735 secs]
[Full GC (Ergonomics)  20474K->4553K(22528K), 0.0104207 secs]
[GC (Allocation Failure) -- 16841K->20473K(22528K), 0.0272317 secs]
[Full GC (Ergonomics)  20473K->16836K(22528K), 0.0496731 secs]
[GC (Allocation Failure) -- 20421K->20477K(22528K), 0.0099783 secs]
[Full GC (Ergonomics)  20477K->4547K(22528K), 0.0116271 secs]
[GC (Allocation Failure) -- 16835K->20475K(22528K), 0.0268978 secs]
[Full GC (Ergonomics)  20475K->16833K(22528K), 0.0512971 secs]
[GC (Allocation Failure) -- 20424K->20472K(22528K), 0.0096119 secs]
[Full GC (Ergonomics)  20472K->4550K(22528K), 0.0094765 secs]
[GC (Allocation Failure) -- 16838K->20478K(22528K), 0.0272707 secs]
[Full GC (Ergonomics)  20478K->16834K(22528K), 0.0513104 secs]
[GC (Allocation Failure) -- 20433K->20473K(22528K), 0.0120593 secs]
[Full GC (Ergonomics)  20473K->4559K(22528K), 0.0103498 secs]
[GC (Allocation Failure) -- 16847K->20479K(22528K), 0.0284679 secs]
[Full GC (Ergonomics)  20479K->16841K(22528K), 0.0518029 secs]
[GC (Allocation Failure) -- 20425K->20473K(22528K), 0.0114735 secs]
[Full GC (Ergonomics)  20473K->4551K(22528K), 0.0108927 secs]
[GC (Allocation Failure) -- 16839K->20479K(22528K), 0.0280696 secs]
[Full GC (Ergonomics)  20479K->16837K(22528K), 0.0519401 secs]
[GC (Allocation Failure) -- 20426K->20474K(22528K), 0.0114770 secs]
[Full GC (Ergonomics)  20474K->4552K(22528K), 0.0106026 secs]
[GC (Allocation Failure) -- 16840K->20472K(22528K), 0.0282000 secs]
[Full GC (Ergonomics)  20472K->16836K(22528K), 0.0524719 secs]
[GC (Allocation Failure) -- 20422K->20478K(22528K), 0.0118479 secs]
[Full GC (Ergonomics)  20478K->4548K(22528K), 0.0115382 secs]
[GC (Allocation Failure) -- 16836K->20476K(22528K), 0.0464543 secs]
[Full GC (Ergonomics)  20476K->16835K(22528K), 0.0514678 secs]
[GC (Allocation Failure) -- 20451K->20475K(22528K), 0.0126706 secs]
[Full GC (Ergonomics)  20475K->4577K(22528K), 0.0103450 secs]
[GC (Allocation Failure) -- 16865K->20473K(22528K), 0.0451204 secs]
[Full GC (Ergonomics)  20473K->16863K(22528K), 0.0519173 secs]
[GC (Allocation Failure) -- 20421K->20477K(22528K), 0.0121485 secs]
[Full GC (Ergonomics)  20477K->4549K(22528K), 0.0108761 secs]
[GC (Allocation Failure) -- 16837K->20477K(22528K), 0.0459987 secs]
[Full GC (Ergonomics)  20477K->16826K(22528K), 0.0520914 secs]
[GC (Allocation Failure) -- 20427K->20475K(22528K), 0.0135664 secs]
[Full GC (Ergonomics)  20475K->4554K(22528K), 0.0113452 secs]
[GC (Allocation Failure) -- 16842K->20474K(22528K), 0.0523298 secs]
[Full GC (Ergonomics)  20474K->16838K(22528K), 0.0554164 secs]
[GC (Allocation Failure) -- 20423K->20479K(22528K), 0.0137911 secs]
[Full GC (Ergonomics)  20479K->4549K(22528K), 0.0121050 secs]
[GC (Allocation Failure) -- 16837K->20477K(22528K), 0.0472902 secs]
[Full GC (Ergonomics)  20477K->16833K(22528K), 0.0539872 secs]
[GC (Allocation Failure) -- 20424K->20472K(22528K), 0.0136026 secs]
[Full GC (Ergonomics)  20472K->4550K(22528K), 0.0107920 secs]
[GC (Allocation Failure) -- 16838K->20478K(22528K), 0.0462792 secs]
[Full GC (Ergonomics)  20478K->16835K(22528K), 0.0544106 secs]
[GC (Allocation Failure) -- 20454K->20478K(22528K), 0.0128177 secs]
[Full GC (Ergonomics)  20478K->4580K(22528K), 0.0115886 secs]
[GC (Allocation Failure) -- 16868K->20476K(22528K), 0.0458537 secs]
[Full GC (Ergonomics)  20476K->16864K(22528K), 0.0541557 secs]
[GC (Allocation Failure) -- 20425K->20473K(22528K), 0.0129343 secs]
[Full GC (Ergonomics)  20473K->4552K(22528K), 0.0113021 secs]
[GC (Allocation Failure) -- 16840K->20472K(22528K), 0.0472952 secs]
[Full GC (Ergonomics)  20472K->16828K(22528K), 0.0523835 secs]
[GC (Allocation Failure) -- 20420K->20476K(22528K), 0.0120268 secs]
[Full GC (Ergonomics)  20476K->4547K(22528K), 0.0106431 secs]
[GC (Allocation Failure) -- 16835K->20475K(22528K), 0.0462973 secs]
[Full GC (Ergonomics)  20475K->16833K(22528K), 0.0512023 secs]
[GC (Allocation Failure) -- 20423K->20479K(22528K), 0.0120901 secs]
[Full GC (Ergonomics)  20479K->4549K(22528K), 0.0107699 secs]
[GC (Allocation Failure) -- 16837K->20477K(22528K), 0.0465927 secs]
[Full GC (Ergonomics)  20477K->16835K(22528K), 0.0564611 secs]
[GC (Allocation Failure) -- 20425K->20473K(22528K), 0.0122835 secs]
[Full GC (Ergonomics)  20473K->4551K(22528K), 0.0113869 secs]
[GC (Allocation Failure) -- 16839K->20479K(22528K), 0.0423714 secs]
[Full GC (Ergonomics)  20479K->16835K(22528K), 0.0503516 secs]
[GC (Allocation Failure) -- 20427K->20475K(22528K), 0.0121106 secs]
[Full GC (Ergonomics)  20475K->4553K(22528K), 0.0108490 secs]
[GC (Allocation Failure) -- 16841K->20473K(22528K), 0.0457882 secs]
[Full GC (Ergonomics)  20473K->16839K(22528K), 0.0534566 secs]
[GC (Allocation Failure) -- 20423K->20479K(22528K), 0.0124235 secs]
[Full GC (Ergonomics)  20479K->4549K(22528K), 0.0105339 secs]
[GC (Allocation Failure) -- 16837K->20477K(22528K), 0.0467237 secs]
[Full GC (Ergonomics)  20477K->16835K(22528K), 0.0543877 secs]
[GC (Allocation Failure) -- 20423K->20479K(22528K), 0.0127489 secs]
[Full GC (Ergonomics)  20479K->4549K(22528K), 0.0116289 secs]
[GC (Allocation Failure) -- 16837K->20477K(22528K), 0.0400252 secs]
[Full GC (Ergonomics)  20477K->16835K(22528K), 0.0512730 secs]
[GC (Allocation Failure) -- 20424K->20472K(22528K), 0.0143194 secs]
[Full GC (Ergonomics)  20472K->4550K(22528K), 0.0117828 secs]
[GC (Allocation Failure) -- 16838K->20478K(22528K), 0.0489909 secs]
[Full GC (Ergonomics)  20478K->16834K(22528K), 0.0567436 secs]
[GC (Allocation Failure) -- 20429K->20477K(22528K), 0.0141378 secs]
[Full GC (Ergonomics)  20477K->4555K(22528K), 0.0111813 secs]
[GC (Allocation Failure) -- 16843K->20475K(22528K), 0.0504017 secs]
[Full GC (Ergonomics)  20475K->16840K(22528K), 0.0540071 secs]
[GC (Allocation Failure) -- 20423K->20479K(22528K), 0.0131731 secs]
[Full GC (Ergonomics)  20479K->4549K(22528K), 0.0114040 secs]
[GC (Allocation Failure) -- 16837K->20477K(22528K), 0.0514482 secs]
[Full GC (Ergonomics)  20477K->16836K(22528K), 0.0543623 secs]
[GC (Allocation Failure) -- 20425K->20473K(22528K), 0.0117256 secs]
[Full GC (Ergonomics)  20473K->4551K(22528K), 0.0113317 secs]
[GC (Allocation Failure) -- 16839K->20479K(22528K), 0.0463383 secs]
[Full GC (Ergonomics)  20479K->16836K(22528K), 0.0525204 secs]
[GC (Allocation Failure) -- 20429K->20477K(22528K), 0.0127998 secs]
[Full GC (Ergonomics)  20477K->4555K(22528K), 0.0121729 secs]
[GC (Allocation Failure) -- 16843K->20475K(22528K), 0.0446815 secs]
[Full GC (Ergonomics)  20475K->16840K(22528K), 0.0513389 secs]
[GC (Allocation Failure) -- 20420K->20476K(22528K), 0.0131436 secs]
[Full GC (Ergonomics)  20476K->4546K(22528K), 0.0110519 secs]
[GC (Allocation Failure) -- 16834K->20474K(22528K), 0.0463736 secs]
[Full GC (Ergonomics)  20474K->16832K(22528K), 0.0539256 secs]
[GC (Allocation Failure) -- 20421K->20477K(22528K), 0.0132541 secs]
[Full GC (Ergonomics)  20477K->4547K(22528K), 0.0103698 secs]
[GC (Allocation Failure) -- 16835K->20475K(22528K), 0.0459058 secs]
[Full GC (Ergonomics)  20475K->16833K(22528K), 0.0520895 secs]
[GC (Allocation Failure) -- 20424K->20472K(22528K), 0.0139340 secs]
[Full GC (Ergonomics)  20472K->4550K(22528K), 0.0105835 secs]
[GC (Allocation Failure) -- 16838K->20478K(22528K), 0.0460909 secs]
[Full GC (Ergonomics)  20478K->16834K(22528K), 0.0529427 secs]
[GC (Allocation Failure) -- 20426K->20474K(22528K), 0.0138991 secs]
[Full GC (Ergonomics)  20474K->4552K(22528K), 0.0112237 secs]
[GC (Allocation Failure) -- 16840K->20472K(22528K), 0.0463311 secs]
[Full GC (Ergonomics)  20472K->16838K(22528K), 0.0532716 secs]
[GC (Allocation Failure) -- 20420K->20476K(22528K), 0.0140743 secs]
[Full GC (Ergonomics)  20476K->4546K(22528K), 0.0105822 secs]
[GC (Allocation Failure) -- 16834K->20474K(22528K), 0.0476099 secs]
[Full GC (Ergonomics)  20474K->16753K(22528K), 0.0776417 secs]
[GC (Allocation Failure) -- 20361K->20473K(22528K), 0.0190434 secs]
[Full GC (Ergonomics)  20473K->4488K(22528K), 0.0132382 secs]
[GC (Allocation Failure) -- 16776K->20472K(22528K), 0.0488493 secs]
[Full GC (Ergonomics)  20472K->16771K(22528K), 0.0550657 secs]
[GC (Allocation Failure) -- 20419K->20475K(22528K), 0.0144954 secs]
[Full GC (Ergonomics)  20475K->4544K(22528K), 0.0118471 secs]
[GC (Allocation Failure) -- 16832K->20472K(22528K), 0.0476153 secs]
[Full GC (Ergonomics)  20472K->16831K(22528K), 0.0535500 secs]
[GC (Allocation Failure) -- 20421K->20477K(22528K), 0.0126396 secs]
[Full GC (Ergonomics)  20477K->4546K(22528K), 0.0114996 secs]
[GC (Allocation Failure) -- 16834K->20474K(22528K), 0.0465419 secs]
[Full GC (Ergonomics)  20474K->16832K(22528K), 0.0529193 secs]
[GC (Allocation Failure) -- 20423K->20479K(22528K), 0.0121471 secs]
[Full GC (Ergonomics)  20479K->4551K(22528K), 0.0129826 secs]
[GC (Allocation Failure) -- 16839K->20479K(22528K), 0.0473377 secs]
[Full GC (Ergonomics)  20479K->16829K(22528K), 0.0542753 secs]
[GC (Allocation Failure) -- 20426K->20474K(22528K), 0.0125007 secs]
[Full GC (Ergonomics)  20474K->4552K(22528K), 0.0126251 secs]
[GC (Allocation Failure) -- 16840K->20472K(22528K), 0.0465831 secs]
[Full GC (Ergonomics)  20472K->16834K(22528K), 0.0500076 secs]
[GC (Allocation Failure) -- 20421K->20477K(22528K), 0.0124943 secs]
[Full GC (Ergonomics)  20477K->4546K(22528K), 0.0116582 secs]
[GC (Allocation Failure) -- 16834K->20474K(22528K), 0.0445756 secs]
[Full GC (Ergonomics)  20474K->16831K(22528K), 0.0556875 secs]
[GC (Allocation Failure) -- 20425K->20473K(22528K), 0.0124782 secs]
[Full GC (Ergonomics)  20473K->4551K(22528K), 0.0131485 secs]
[GC (Allocation Failure) -- 16839K->20479K(22528K), 0.0463013 secs]
[Full GC (Ergonomics)  20479K->16836K(22528K), 0.0519328 secs]
[GC (Allocation Failure) -- 20446K->20478K(22528K), 0.0127700 secs]
[Full GC (Ergonomics)  20478K->4572K(22528K), 0.0111626 secs]
[GC (Allocation Failure) -- 16860K->20476K(22528K), 0.0475533 secs]
[Full GC (Ergonomics)  20476K->16846K(22528K), 0.0517999 secs]
[GC (Allocation Failure) -- 20426K->20474K(22528K), 0.0126238 secs]
[Full GC (Ergonomics)  20474K->4552K(22528K), 0.0132703 secs]
[GC (Allocation Failure) -- 16840K->20472K(22528K), 0.0460926 secs]
[Full GC (Ergonomics)  20472K->16823K(22528K), 0.0542242 secs]
[GC (Allocation Failure) -- 20419K->20475K(22528K), 0.0128641 secs]
[Full GC (Ergonomics)  20475K->4546K(22528K), 0.0128914 secs]
[GC (Allocation Failure) -- 16834K->20474K(22528K), 0.0478699 secs]
[Full GC (Ergonomics)  20474K->16833K(22528K), 0.0537545 secs]
[GC (Allocation Failure) -- 20424K->20472K(22528K), 0.0134399 secs]
[Full GC (Ergonomics)  20472K->4550K(22528K), 0.0118695 secs]
[GC (Allocation Failure) -- 16838K->20478K(22528K), 0.0464606 secs]
[Full GC (Ergonomics)  20478K->16833K(22528K), 0.0553908 secs]
[GC (Allocation Failure) -- 20425K->20473K(22528K), 0.0136643 secs]
[Full GC (Ergonomics)  20473K->4552K(22528K), 0.0125570 secs]
[GC (Allocation Failure) -- 16840K->20472K(22528K), 0.0519879 secs]
[Full GC (Ergonomics)  20472K->16837K(22528K), 0.0547455 secs]
[GC (Allocation Failure) -- 20419K->20475K(22528K), 0.0128869 secs]
[Full GC (Ergonomics)  20475K->4545K(22528K), 0.0115963 secs]
[GC (Allocation Failure) -- 16833K->20473K(22528K), 0.0472318 secs]
[Full GC (Ergonomics)  20473K->16829K(22528K), 0.0541378 secs]
[GC (Allocation Failure) -- 20423K->20479K(22528K), 0.0142592 secs]
[Full GC (Ergonomics)  20479K->4550K(22528K), 0.0118255 secs]
[GC (Allocation Failure) -- 16838K->20478K(22528K), 0.0460847 secs]
[Full GC (Ergonomics)  20478K->16836K(22528K), 0.0547686 secs]
[GC (Allocation Failure) -- 20426K->20474K(22528K), 0.0129274 secs]
[Full GC (Ergonomics)  20474K->4552K(22528K), 0.0110483 secs]
[GC (Allocation Failure) -- 16840K->20472K(22528K), 0.0472539 secs]
[Full GC (Ergonomics)  20472K->16838K(22528K), 0.0541937 secs]
[GC (Allocation Failure) -- 20421K->20477K(22528K), 0.0135929 secs]
[Full GC (Ergonomics)  20477K->4546K(22528K), 0.0122134 secs]
[GC (Allocation Failure) -- 16834K->20474K(22528K), 0.0476242 secs]
[Full GC (Ergonomics)  20474K->16830K(22528K), 0.0650116 secs]
[GC (Allocation Failure) -- 20429K->20477K(22528K), 0.0178801 secs]
[Full GC (Ergonomics)  20477K->4556K(22528K), 0.0207117 secs]
[GC (Allocation Failure) -- 16844K->20476K(22528K), 0.0553700 secs]
[Full GC (Ergonomics)  20476K->16839K(22528K), 0.0543372 secs]
[GC (Allocation Failure) -- 20422K->20478K(22528K), 0.0143111 secs]
[Full GC (Ergonomics)  20478K->4548K(22528K), 0.0130844 secs]
[GC (Allocation Failure) -- 16836K->20476K(22528K), 0.0498371 secs]
[Full GC (Ergonomics)  20476K->16831K(22528K), 0.0549518 secs]
[GC (Allocation Failure) -- 20424K->20472K(22528K), 0.0135665 secs]
[Full GC (Ergonomics)  20472K->4550K(22528K), 0.0129135 secs]
[GC (Allocation Failure) -- 16838K->20478K(22528K), 0.0501893 secs]
[Full GC (Ergonomics)  20478K->16834K(22528K), 0.0548085 secs]
[GC (Allocation Failure) -- 20428K->20476K(22528K), 0.0131750 secs]
[Full GC (Ergonomics)  20476K->4554K(22528K), 0.0134842 secs]
[GC (Allocation Failure) -- 16842K->20474K(22528K), 0.0539913 secs]
[Full GC (Ergonomics)  20474K->16839K(22528K), 0.0572074 secs]
[GC (Allocation Failure) -- 20423K->20479K(22528K), 0.0137103 secs]
[Full GC (Ergonomics)  20479K->4549K(22528K), 0.0125855 secs]
[GC (Allocation Failure) -- 16837K->20477K(22528K), 0.0477821 secs]
[Full GC (Ergonomics)  20477K->16836K(22528K), 0.0542334 secs]
[GC (Allocation Failure) -- 20470K->20478K(22528K), 0.0131266 secs]
[Full GC (Ergonomics)  20478K->4596K(22528K), 0.0125807 secs]
[GC (Allocation Failure) -- 16884K->20476K(22528K), 0.0457224 secs]
[Full GC (Ergonomics)  20476K->16878K(22528K), 0.0545625 secs]
[GC (Allocation Failure) -- 20424K->20472K(22528K), 0.0126602 secs]
[Full GC (Ergonomics)  20472K->4551K(22528K), 0.0125157 secs]
[GC (Allocation Failure) -- 16839K->20479K(22528K), 0.0460417 secs]
[Full GC (Ergonomics)  20479K->16833K(22528K), 0.0533913 secs]
[GC (Allocation Failure) -- 20430K->20478K(22528K), 0.0124299 secs]
[Full GC (Ergonomics)  20478K->4557K(22528K), 0.0137729 secs]
[GC (Allocation Failure) -- 16845K->20477K(22528K), 0.0471547 secs]
[Full GC (Ergonomics)  20477K->16844K(22528K), 0.0557987 secs]
[GC (Allocation Failure) -- 20426K->20474K(22528K), 0.0126457 secs]
[Full GC (Ergonomics)  20474K->4552K(22528K), 0.0119190 secs]
[GC (Allocation Failure) -- 16840K->20472K(22528K), 0.0481518 secs]
[Full GC (Ergonomics)  20472K->16838K(22528K), 0.0552310 secs]
[GC (Allocation Failure) -- 20422K->20478K(22528K), 0.0141603 secs]
[Full GC (Ergonomics)  20478K->4548K(22528K), 0.0125054 secs]
[GC (Allocation Failure) -- 16836K->20476K(22528K), 0.0469926 secs]
[Full GC (Ergonomics)  20476K->16833K(22528K), 0.0536677 secs]
[GC (Allocation Failure) -- 20423K->20479K(22528K), 0.0140489 secs]
[Full GC (Ergonomics)  20479K->4550K(22528K), 0.0126344 secs]
[GC (Allocation Failure) -- 16838K->20478K(22528K), 0.0464178 secs]
[Full GC (Ergonomics)  20478K->16835K(22528K), 0.0564560 secs]
[GC (Allocation Failure) -- 20465K->20473K(22528K), 0.0149351 secs]
[Full GC (Ergonomics)  20473K->4591K(22528K), 0.0132925 secs]
[GC (Allocation Failure) -- 16879K->20479K(22528K), 0.0536839 secs]
[Full GC (Ergonomics)  20479K->16875K(22528K), 0.0580605 secs]
[GC (Allocation Failure) -- 20427K->20475K(22528K), 0.0150006 secs]
[Full GC (Ergonomics)  20475K->4554K(22528K), 0.0141987 secs]
[GC (Allocation Failure) -- 16842K->20474K(22528K), 0.0510545 secs]
[Full GC (Ergonomics)  20474K->16833K(22528K), 0.0557789 secs]
[GC (Allocation Failure) -- 20423K->20479K(22528K), 0.0153038 secs]
[Full GC (Ergonomics)  20479K->4551K(22528K), 0.0142887 secs]
[GC (Allocation Failure) -- 16839K->20479K(22528K), 0.0506357 secs]
[Full GC (Ergonomics)  20479K->16837K(22528K), 0.0604684 secs]
[GC (Allocation Failure) -- 20429K->20477K(22528K), 0.0142202 secs]
[Full GC (Ergonomics)  20477K->4556K(22528K), 0.0141541 secs]
[GC (Allocation Failure) -- 16844K->20476K(22528K), 0.0458457 secs]
[Full GC (Ergonomics)  20476K->16840K(22528K), 0.0530141 secs]
[GC (Allocation Failure) -- 20463K->20479K(22528K), 0.0125286 secs]
[Full GC (Ergonomics)  20479K->4589K(22528K), 0.0123337 secs]
[GC (Allocation Failure) -- 16877K->20477K(22528K), 0.0466983 secs]
[Full GC (Ergonomics)  20477K->16874K(22528K), 0.0536029 secs]
[GC (Allocation Failure) -- 20426K->20474K(22528K), 0.0122777 secs]
[Full GC (Ergonomics)  20474K->4553K(22528K), 0.0123266 secs]
[GC (Allocation Failure) -- 16841K->20473K(22528K), 0.0461874 secs]
[Full GC (Ergonomics)  20473K->16833K(22528K), 0.0540438 secs]
[GC (Allocation Failure) -- 20421K->20477K(22528K), 0.0127796 secs]
[Full GC (Ergonomics)  20477K->4548K(22528K), 0.0123741 secs]
[GC (Allocation Failure) -- 16836K->20476K(22528K), 0.0472217 secs]
[Full GC (Ergonomics)  20476K->16822K(22528K), 0.0515833 secs]
[GC (Allocation Failure) -- 20428K->20476K(22528K), 0.0126990 secs]
[Full GC (Ergonomics)  20476K->4555K(22528K), 0.0120665 secs]
[GC (Allocation Failure) -- 16843K->20475K(22528K), 0.0458541 secs]
[Full GC (Ergonomics)  20475K->16839K(22528K), 0.0541698 secs]
[GC (Allocation Failure) -- 20425K->20473K(22528K), 0.0127774 secs]
[Full GC (Ergonomics)  20473K->4550K(22528K), 0.0119627 secs]
[GC (Allocation Failure) -- 16838K->20478K(22528K), 0.0467749 secs]
[Full GC (Ergonomics)  20478K->16836K(22528K), 0.0539955 secs]
[GC (Allocation Failure) -- 20425K->20473K(22528K), 0.0123426 secs]
[Full GC (Ergonomics)  20473K->4552K(22528K), 0.0133139 secs]
[GC (Allocation Failure) -- 16840K->20472K(22528K), 0.0467117 secs]
[Full GC (Ergonomics)  20472K->16836K(22528K), 0.0534652 secs]
[GC (Allocation Failure) -- 20418K->20474K(22528K), 0.0129145 secs]
[Full GC (Ergonomics)  20474K->4544K(22528K), 0.0120742 secs]
[GC (Allocation Failure) -- 16832K->20472K(22528K), 0.0468260 secs]
[Full GC (Ergonomics)  20472K->16829K(22528K), 0.0512755 secs]
[GC (Allocation Failure) -- 20421K->20477K(22528K), 0.0127162 secs]
[Full GC (Ergonomics)  20477K->4548K(22528K), 0.0138193 secs]
[GC (Allocation Failure) -- 16836K->20476K(22528K), 0.0475294 secs]
[Full GC (Ergonomics)  20476K->16832K(22528K), 0.0559570 secs]
[GC (Allocation Failure) -- 20425K->20473K(22528K), 0.0133236 secs]
[Full GC (Ergonomics)  20473K->4551K(22528K), 0.0119756 secs]
[GC (Allocation Failure) -- 16839K->20479K(22528K), 0.0494876 secs]
[Full GC (Ergonomics)  20479K->16837K(22528K), 0.0535502 secs]
[GC (Allocation Failure) -- 20429K->20477K(22528K), 0.0141731 secs]
[Full GC (Ergonomics)  20477K->4555K(22528K), 0.0115418 secs]
[GC (Allocation Failure) -- 16843K->20475K(22528K), 0.0461181 secs]
[Full GC (Ergonomics)  20475K->16840K(22528K), 0.0534418 secs]
[GC (Allocation Failure) -- 20422K->20478K(22528K), 0.0131014 secs]
[Full GC (Ergonomics)  20478K->4548K(22528K), 0.0128802 secs]
[GC (Allocation Failure) -- 16836K->20476K(22528K), 0.0474543 secs]
[Full GC (Ergonomics)  20476K->16832K(22528K), 0.0550351 secs]
[GC (Allocation Failure) -- 20424K->20472K(22528K), 0.0146130 secs]
[Full GC (Ergonomics)  20472K->4551K(22528K), 0.0123151 secs]
[GC (Allocation Failure) -- 16839K->20479K(22528K), 0.0500149 secs]
[Full GC (Ergonomics)  20479K->16835K(22528K), 0.0554824 secs]
[GC (Allocation Failure) -- 20429K->20477K(22528K), 0.0148285 secs]
[Full GC (Ergonomics)  20477K->4555K(22528K), 0.0137441 secs]
[GC (Allocation Failure) -- 16843K->20475K(22528K), 0.0465681 secs]
[Full GC (Ergonomics)  20475K->16840K(22528K), 0.0522672 secs]
[GC (Allocation Failure) -- 20450K->20474K(22528K), 0.0125546 secs]
[Full GC (Ergonomics)  20474K->4576K(22528K), 0.0124157 secs]
[GC (Allocation Failure) -- 16864K->20472K(22528K), 0.0454838 secs]
[Full GC (Ergonomics)  20472K->16850K(22528K), 0.0541828 secs]
[GC (Allocation Failure) -- 20424K->20472K(22528K), 0.0124094 secs]
[Full GC (Ergonomics)  20472K->4549K(22528K), 0.0124486 secs]
[GC (Allocation Failure) -- 16837K->20477K(22528K), 0.0453264 secs]
[Full GC (Ergonomics)  20477K->16824K(22528K), 0.0537473 secs]
[GC (Allocation Failure) -- 20427K->20475K(22528K), 0.0121943 secs]
[Full GC (Ergonomics)  20475K->4554K(22528K), 0.0109763 secs]
[GC (Allocation Failure) -- 16842K->20474K(22528K), 0.0471254 secs]
[Full GC (Ergonomics)  20474K->16840K(22528K), 0.0524436 secs]
[GC (Allocation Failure) -- 20423K->20479K(22528K), 0.0117868 secs]
[Full GC (Ergonomics)  20479K->4548K(22528K), 0.0127696 secs]
[GC (Allocation Failure) -- 16836K->20476K(22528K), 0.0442583 secs]
[Full GC (Ergonomics)  20476K->16832K(22528K), 0.0561244 secs]
[GC (Allocation Failure) -- 20426K->20474K(22528K), 0.0124018 secs]
[Full GC (Ergonomics)  20474K->4553K(22528K), 0.0124050 secs]
[GC (Allocation Failure) -- 16841K->20473K(22528K), 0.0456286 secs]
[Full GC (Ergonomics)  20473K->16839K(22528K), 0.0519885 secs]
[GC (Allocation Failure) -- 20421K->20477K(22528K), 0.0119760 secs]
[Full GC (Ergonomics)  20477K->4546K(22528K), 0.0119968 secs]
[GC (Allocation Failure) -- 16834K->20474K(22528K), 0.0420595 secs]
[Full GC (Ergonomics)  20474K->16831K(22528K), 0.0525331 secs]
[GC (Allocation Failure) -- 20436K->20476K(22528K), 0.0132283 secs]
[Full GC (Ergonomics)  20476K->4563K(22528K), 0.0120591 secs]
[GC (Allocation Failure) -- 16851K->20475K(22528K), 0.0446179 secs]
[Full GC (Ergonomics)  20475K->16842K(22528K), 0.0551325 secs]
[GC (Allocation Failure) -- 20452K->20476K(22528K), 0.0119350 secs]
[Full GC (Ergonomics)  20476K->4578K(22528K), 0.0125070 secs]
[GC (Allocation Failure) -- 16866K->20474K(22528K), 0.0454370 secs]
[Full GC (Ergonomics)  20474K->16852K(22528K), 0.0528478 secs]
[GC (Allocation Failure) -- 20424K->20472K(22528K), 0.0126591 secs]
[Full GC (Ergonomics)  20472K->4550K(22528K), 0.0126152 secs]
[GC (Allocation Failure) -- 16838K->20478K(22528K), 0.0449753 secs]
[Full GC (Ergonomics)  20478K->16825K(22528K), 0.0528620 secs]
[GC (Allocation Failure) -- 20426K->20474K(22528K), 0.0120141 secs]
[Full GC (Ergonomics)  20474K->4554K(22528K), 0.0117623 secs]
[GC (Allocation Failure) -- 16842K->20474K(22528K), 0.0455954 secs]
[Full GC (Ergonomics)  20474K->16837K(22528K), 0.0544794 secs]
[Full GC (Ergonomics)  20476K->4602K(22528K), 0.0137704 secs]
[GC (Allocation Failure) -- 16890K->20474K(22528K), 0.0475523 secs]
[Full GC (Ergonomics)  20474K->16881K(22528K), 0.0523746 secs]
[GC (Allocation Failure) -- 20424K->20472K(22528K), 0.0127372 secs]
[Full GC (Ergonomics)  20472K->4551K(22528K), 0.0116415 secs]
[GC (Allocation Failure) -- 16839K->20479K(22528K), 0.0459683 secs]
[Full GC (Ergonomics)  20479K->16835K(22528K), 0.0540898 secs]
[GC (Allocation Failure) -- 20427K->20475K(22528K), 0.0120614 secs]
[Full GC (Ergonomics)  20475K->4554K(22528K), 0.0115792 secs]
[GC (Allocation Failure) -- 16842K->20474K(22528K), 0.0462470 secs]
[Full GC (Ergonomics)  20474K->16840K(22528K), 0.0555700 secs]
[GC (Allocation Failure) -- 20421K->20477K(22528K), 0.0127058 secs]
[Full GC (Ergonomics)  20477K->4548K(22528K), 0.0135914 secs]
[GC (Allocation Failure) -- 16836K->20476K(22528K), 0.0470234 secs]
[Full GC (Ergonomics)  20476K->16821K(22528K), 0.0501219 secs]
[GC (Allocation Failure) -- 20426K->20474K(22528K), 0.0128570 secs]
[Full GC (Ergonomics)  20474K->4553K(22528K), 0.0115044 secs]
