[GC (System.gc())  7980K->1928K(22528K), 0.0022720 secs]
[Full GC (System.gc())  1928K->1721K(22528K), 0.0112569 secs]
[GC (Allocation Failure)  14009K->3801K(22528K), 0.0167482 secs]
[GC (Allocation Failure)  16089K->3233K(22528K), 0.0142091 secs]
[GC (Allocation Failure)  15521K->2673K(22528K), 0.0068576 secs]
[GC (Allocation Failure)  14961K->2161K(22528K), 0.0032455 secs]
[GC (Allocation Failure)  14449K->4105K(22528K), 0.0175891 secs]
[GC (Allocation Failure)  16393K->3817K(22528K), 0.0146153 secs]
[GC (Allocation Failure)  16105K->3305K(22528K), 0.0120487 secs]
[GC (Allocation Failure)  15593K->2633K(22528K), 0.0065574 secs]
[GC (Allocation Failure)  14921K->4617K(22528K), 0.0290543 secs]
[GC (Allocation Failure)  16905K->4617K(22528K), 0.0163642 secs]
[GC (Allocation Failure)  16905K->4009K(22528K), 0.0123225 secs]
[GC (Allocation Failure)  16297K->3401K(22528K), 0.0055166 secs]
[GC (Allocation Failure)  15689K->2889K(22528K), 0.0021261 secs]
[GC (Allocation Failure)  15177K->4817K(22528K), 0.0240470 secs]
[GC (Allocation Failure)  17105K->4433K(22528K), 0.0132879 secs]
[GC (Allocation Failure)  16721K->3953K(22528K), 0.0106038 secs]
[GC (Allocation Failure)  16241K->3249K(22528K), 0.0042807 secs]
[GC (Allocation Failure)  15537K->5249K(22528K), 0.0192077 secs]
[GC (Allocation Failure)  17537K->5121K(22528K), 0.0204921 secs]
[GC (Allocation Failure)  17409K->4609K(22528K), 0.0153126 secs]
[GC (Allocation Failure)  16897K->3969K(22528K), 0.0083539 secs]
[GC (Allocation Failure)  16257K->3457K(22528K), 0.0010061 secs]
[GC (Allocation Failure)  15745K->5361K(22528K), 0.0184829 secs]
[GC (Allocation Failure)  17649K->4913K(22528K), 0.0214272 secs]
[GC (Allocation Failure)  17201K->4369K(22528K), 0.0107640 secs]
[GC (Allocation Failure)  16657K->3793K(22528K), 0.0036527 secs]
[GC (Allocation Failure)  16081K->5729K(22528K), 0.0266371 secs]
[GC (Allocation Failure)  18017K->5473K(22528K), 0.0155902 secs]
[GC (Allocation Failure)  17761K->4993K(22528K), 0.0132213 secs]
[GC (Allocation Failure)  17281K->4353K(22528K), 0.0060186 secs]
[GC (Allocation Failure)  16641K->6329K(22528K), 0.0212419 secs]
[GC (Allocation Failure)  18617K->6345K(22528K), 0.0224238 secs]
[GC (Allocation Failure)  18633K->5833K(22528K), 0.0158542 secs]
[GC (Allocation Failure)  18121K->5193K(22528K), 0.0079569 secs]
[GC (Allocation Failure)  17481K->4713K(22528K), 0.0023387 secs]
[GC (Allocation Failure)  17001K->6641K(22528K), 0.0230269 secs]
[GC (Allocation Failure)  18929K->6385K(22528K), 0.0136628 secs]
[GC (Allocation Failure)  18673K->5777K(22528K), 0.0108622 secs]
[GC (Allocation Failure)  18065K->5169K(22528K), 0.0042294 secs]
[GC (Allocation Failure)  17457K->7169K(22528K), 0.0261862 secs]
[GC (Allocation Failure)  19457K->7105K(22528K), 0.0213966 secs]
[GC (Allocation Failure)  19393K->6561K(22528K), 0.0113203 secs]
[GC (Allocation Failure)  18849K->6017K(22528K), 0.0079246 secs]
[GC (Allocation Failure)  18305K->5409K(22528K), 0.0022831 secs]
[GC (Allocation Failure)  17697K->7361K(22528K), 0.0232762 secs]
[GC (Allocation Failure)  19649K->7009K(22528K), 0.0187569 secs]
[GC (Allocation Failure)  19297K->6369K(22528K), 0.0112107 secs]
[GC (Allocation Failure)  18657K->5793K(22528K), 0.0038226 secs]
[GC (Allocation Failure)  18081K->7793K(22528K), 0.0261280 secs]
[GC (Allocation Failure)  20081K->7633K(22528K), 0.0211447 secs]
[GC (Allocation Failure)  19921K->7121K(22528K), 0.0105642 secs]
[GC (Allocation Failure)  19409K->6513K(22528K), 0.0060091 secs]
[GC (Allocation Failure)  18801K->5873K(22528K), 0.0014075 secs]
[GC (Allocation Failure)  18161K->7881K(22528K), 0.0179985 secs]
[GC (Allocation Failure)  20169K->7369K(22528K), 0.0141835 secs]
[GC (Allocation Failure)  19657K->6857K(22528K), 0.0101148 secs]
[GC (Allocation Failure)  19145K->6249K(22528K), 0.0036993 secs]
[GC (Allocation Failure)  18537K->8233K(22528K), 0.0241269 secs]
[GC (Allocation Failure)  20521K->7977K(22528K), 0.0191316 secs]
[GC (Allocation Failure)  20265K->7497K(22528K), 0.0096899 secs]
[GC (Allocation Failure)  19785K->6857K(22528K), 0.0067570 secs]
[GC (Allocation Failure)  19145K->8817K(22528K), 0.0223985 secs]
[GC (Allocation Failure)  21105K->8849K(22528K), 0.0189850 secs]
[GC (Allocation Failure)  21137K->8273K(22528K), 0.0111094 secs]
[GC (Allocation Failure)  20561K->7697K(22528K), 0.0083135 secs]
[GC (Allocation Failure)  19985K->7153K(22528K), 0.0032980 secs]
[GC (Allocation Failure)  19441K->9089K(22528K), 0.0181579 secs]
[GC (Allocation Failure)  21377K->8833K(22528K), 0.0134793 secs]
[GC (Allocation Failure)  21121K->8257K(22528K), 0.0084690 secs]
[GC (Allocation Failure)  20545K->7617K(22528K), 0.0045105 secs]
[GC (Allocation Failure)  19905K->9577K(22528K), 0.0199592 secs]
[Full GC (Ergonomics)  9577K->3999K(22528K), 0.0509833 secs]
[GC (Allocation Failure)  16287K->6047K(22528K), 0.0180395 secs]
[GC (Allocation Failure)  18335K->5407K(22528K), 0.0115399 secs]
[GC (Allocation Failure)  17695K->4799K(22528K), 0.0062140 secs]
[GC (Allocation Failure)  17087K->4319K(22528K), 0.0020144 secs]
[GC (Allocation Failure)  16607K->6215K(22528K), 0.0224232 secs]
[GC (Allocation Failure)  18503K->5799K(22528K), 0.0180455 secs]
[GC (Allocation Failure)  18087K->5223K(22528K), 0.0086003 secs]
[GC (Allocation Failure)  17511K->4679K(22528K), 0.0039974 secs]
[GC (Allocation Failure)  16967K->6615K(22528K), 0.0245862 secs]
[GC (Allocation Failure)  18903K->6455K(22528K), 0.0186710 secs]
[GC (Allocation Failure)  18743K->5847K(22528K), 0.0142021 secs]
[GC (Allocation Failure)  18135K->5239K(22528K), 0.0061240 secs]
[GC (Allocation Failure)  17527K->4663K(22528K), 0.0010955 secs]
[GC (Allocation Failure)  16951K->6703K(22528K), 0.0235751 secs]
[GC (Allocation Failure)  18991K->6255K(22528K), 0.0169241 secs]
[GC (Allocation Failure)  18543K->5679K(22528K), 0.0085519 secs]
[GC (Allocation Failure)  17967K->5007K(22528K), 0.0034440 secs]
[GC (Allocation Failure)  17295K->7007K(22528K), 0.0230540 secs]
[GC (Allocation Failure)  19295K->6719K(22528K), 0.0173648 secs]
[GC (Allocation Failure)  19007K->6175K(22528K), 0.0101123 secs]
[GC (Allocation Failure)  18463K->5567K(22528K), 0.0051902 secs]
[GC (Allocation Failure)  17855K->7575K(22528K), 0.0295386 secs]
[GC (Allocation Failure)  19863K->7575K(22528K), 0.0206974 secs]
[GC (Allocation Failure)  19863K->6999K(22528K), 0.0176683 secs]
[GC (Allocation Failure)  19287K->6391K(22528K), 0.0060275 secs]
[GC (Allocation Failure)  18679K->5847K(22528K), 0.0021110 secs]
[GC (Allocation Failure)  18135K->7791K(22528K), 0.0173515 secs]
[GC (Allocation Failure)  20079K->7407K(22528K), 0.0173294 secs]
[GC (Allocation Failure)  19695K->6863K(22528K), 0.0082563 secs]
[GC (Allocation Failure)  19151K->6351K(22528K), 0.0039291 secs]
[GC (Allocation Failure)  18639K->8271K(22528K), 0.0251174 secs]
[GC (Allocation Failure)  20559K->8239K(22528K), 0.0177955 secs]
[GC (Allocation Failure)  20527K->7631K(22528K), 0.0127877 secs]
[GC (Allocation Failure)  19919K->7023K(22528K), 0.0063055 secs]
[GC (Allocation Failure)  19311K->6511K(22528K), 0.0014579 secs]
[GC (Allocation Failure)  18799K->8391K(22528K), 0.0166821 secs]
[GC (Allocation Failure)  20679K->7911K(22528K), 0.0186152 secs]
[GC (Allocation Failure)  20199K->7335K(22528K), 0.0087548 secs]
[GC (Allocation Failure)  19623K->6855K(22528K), 0.0042093 secs]
[GC (Allocation Failure)  19143K->8799K(22528K), 0.0258941 secs]
[GC (Allocation Failure)  21087K->8639K(22528K), 0.0202339 secs]
[GC (Allocation Failure)  20927K->8063K(22528K), 0.0127765 secs]
[GC (Allocation Failure)  20351K->7487K(22528K), 0.0058664 secs]
[GC (Allocation Failure)  19775K->6815K(22528K), 0.0011910 secs]
[GC (Allocation Failure)  19103K->8839K(22528K), 0.0158427 secs]
[GC (Allocation Failure)  21127K->8327K(22528K), 0.0136148 secs]
[GC (Allocation Failure)  20615K->7687K(22528K), 0.0074519 secs]
[GC (Allocation Failure)  19975K->7207K(22528K), 0.0029035 secs]
[GC (Allocation Failure)  19495K->9135K(22528K), 0.0247486 secs]
[GC (Allocation Failure)  21423K->8847K(22528K), 0.0140223 secs]
[GC (Allocation Failure)  21135K->8303K(22528K), 0.0116873 secs]
[GC (Allocation Failure)  20591K->7791K(22528K), 0.0045430 secs]
[GC (Allocation Failure)  20079K->9679K(22528K), 0.0241725 secs]
[Full GC (Ergonomics)  9679K->4047K(22528K), 0.0688393 secs]
[GC (Allocation Failure)  16335K->6103K(22528K), 0.0285683 secs]
[GC (Allocation Failure)  18391K->5495K(22528K), 0.0164490 secs]
[GC (Allocation Failure)  17783K->4887K(22528K), 0.0085879 secs]
[GC (Allocation Failure)  17175K->4375K(22528K), 0.0027647 secs]
[GC (Allocation Failure)  16663K->6319K(22528K), 0.0270190 secs]
[GC (Allocation Failure)  18607K->5999K(22528K), 0.0137028 secs]
[GC (Allocation Failure)  18287K->5423K(22528K), 0.0082746 secs]
[GC (Allocation Failure)  17711K->4783K(22528K), 0.0044802 secs]
[GC (Allocation Failure)  17071K->6783K(22528K), 0.0259961 secs]
[GC (Allocation Failure)  19071K->6751K(22528K), 0.0152112 secs]
[GC (Allocation Failure)  19039K->6111K(22528K), 0.0125138 secs]
[GC (Allocation Failure)  18399K->5535K(22528K), 0.0075153 secs]
[GC (Allocation Failure)  17823K->4863K(22528K), 0.0018149 secs]
[GC (Allocation Failure)  17151K->6911K(22528K), 0.0210238 secs]
[GC (Allocation Failure)  19199K->6527K(22528K), 0.0168080 secs]
[GC (Allocation Failure)  18815K->5887K(22528K), 0.0096544 secs]
[GC (Allocation Failure)  18175K->5279K(22528K), 0.0045688 secs]
[GC (Allocation Failure)  17567K->7295K(22528K), 0.0230780 secs]
[GC (Allocation Failure)  19583K->7103K(22528K), 0.0153261 secs]
[GC (Allocation Failure)  19391K->6495K(22528K), 0.0106609 secs]
[GC (Allocation Failure)  18783K->6015K(22528K), 0.0069330 secs]
[GC (Allocation Failure)  18303K->7911K(22528K), 0.0265130 secs]
[GC (Allocation Failure)  20199K->7959K(22528K), 0.0219482 secs]
[GC (Allocation Failure)  20247K->7479K(22528K), 0.0163373 secs]
[GC (Allocation Failure)  19767K->6839K(22528K), 0.0078373 secs]
[GC (Allocation Failure)  19127K->6263K(22528K), 0.0028562 secs]
[GC (Allocation Failure)  18551K->8223K(22528K), 0.0207196 secs]
[GC (Allocation Failure)  20511K->7967K(22528K), 0.0158692 secs]
[GC (Allocation Failure)  20255K->7391K(22528K), 0.0104372 secs]
[GC (Allocation Failure)  19679K->6783K(22528K), 0.0041347 secs]
[GC (Allocation Failure)  19071K->8767K(22528K), 0.0199874 secs]
[GC (Allocation Failure)  21055K->8767K(22528K), 0.0173733 secs]
[GC (Allocation Failure)  21055K->8159K(22528K), 0.0128303 secs]
[GC (Allocation Failure)  20447K->7583K(22528K), 0.0082337 secs]
[GC (Allocation Failure)  19871K->7039K(22528K), 0.0021327 secs]
[GC (Allocation Failure)  19327K->8967K(22528K), 0.0239008 secs]
[GC (Allocation Failure)  21255K->8615K(22528K), 0.0138960 secs]
[GC (Allocation Failure)  20903K->8039K(22528K), 0.0094508 secs]
[GC (Allocation Failure)  20327K->7431K(22528K), 0.0040971 secs]
[GC (Allocation Failure)  19719K->9423K(22528K), 0.0247372 secs]
[Full GC (Ergonomics)  9423K->3942K(22528K), 0.0507851 secs]
[GC (Allocation Failure)  16230K->5798K(22528K), 0.0246524 secs]
[GC (Allocation Failure)  18086K->5286K(22528K), 0.0122783 secs]
[GC (Allocation Failure)  17574K->4710K(22528K), 0.0060325 secs]
[GC (Allocation Failure)  16998K->4102K(22528K), 0.0012188 secs]
[GC (Allocation Failure)  16390K->6086K(22528K), 0.0217305 secs]
[GC (Allocation Failure)  18374K->5606K(22528K), 0.0157484 secs]
[GC (Allocation Failure)  17894K->5030K(22528K), 0.0085000 secs]
[GC (Allocation Failure)  17318K->4454K(22528K), 0.0037091 secs]
[GC (Allocation Failure)  16742K->6462K(22528K), 0.0202163 secs]
[GC (Allocation Failure)  18750K->6270K(22528K), 0.0139593 secs]
[GC (Allocation Failure)  18558K->5694K(22528K), 0.0117532 secs]
[GC (Allocation Failure)  17982K->5182K(22528K), 0.0051654 secs]
[GC (Allocation Failure)  17470K->7070K(22528K), 0.0190587 secs]
[GC (Allocation Failure)  19358K->7086K(22528K), 0.0199264 secs]
[GC (Allocation Failure)  19374K->6574K(22528K), 0.0150395 secs]
[GC (Allocation Failure)  18862K->5934K(22528K), 0.0083405 secs]
[GC (Allocation Failure)  18222K->5390K(22528K), 0.0030620 secs]
[GC (Allocation Failure)  17678K->7350K(22528K), 0.0213167 secs]
[GC (Allocation Failure)  19638K->7094K(22528K), 0.0161191 secs]
[GC (Allocation Failure)  19382K->6422K(22528K), 0.0098781 secs]
[GC (Allocation Failure)  18710K->5910K(22528K), 0.0054416 secs]
[GC (Allocation Failure)  18198K->7894K(22528K), 0.0234199 secs]
[GC (Allocation Failure)  20182K->7830K(22528K), 0.0196487 secs]
[GC (Allocation Failure)  20118K->7286K(22528K), 0.0130777 secs]
[GC (Allocation Failure)  19574K->6710K(22528K), 0.0062434 secs]
[GC (Allocation Failure)  18998K->6198K(22528K), 0.0015986 secs]
[GC (Allocation Failure)  18486K->8070K(22528K), 0.0177105 secs]
[GC (Allocation Failure)  20358K->7718K(22528K), 0.0177223 secs]
[GC (Allocation Failure)  20006K->7142K(22528K), 0.0083233 secs]
[GC (Allocation Failure)  19430K->6534K(22528K), 0.0039589 secs]
[GC (Allocation Failure)  18822K->8494K(22528K), 0.0190544 secs]
[GC (Allocation Failure)  20782K->8366K(22528K), 0.0169810 secs]
[GC (Allocation Failure)  20654K->7790K(22528K), 0.0112222 secs]
[GC (Allocation Failure)  20078K->7182K(22528K), 0.0053956 secs]
[GC (Allocation Failure)  19470K->6574K(22528K), 0.0016720 secs]
[GC (Allocation Failure)  18862K->8590K(22528K), 0.0229718 secs]
[GC (Allocation Failure)  20878K->8142K(22528K), 0.0162635 secs]
[GC (Allocation Failure)  20430K->7630K(22528K), 0.0078030 secs]
[GC (Allocation Failure)  19918K->7022K(22528K), 0.0029966 secs]
[GC (Allocation Failure)  19310K->8942K(22528K), 0.0189344 secs]
[GC (Allocation Failure)  21230K->8686K(22528K), 0.0198382 secs]
[GC (Allocation Failure)  20974K->8174K(22528K), 0.0094695 secs]
[GC (Allocation Failure)  20462K->7566K(22528K), 0.0050744 secs]
[GC (Allocation Failure)  19854K->9550K(22528K), 0.0302615 secs]
[Full GC (Ergonomics)  9550K->4082K(22528K), 0.0569997 secs]
[GC (Allocation Failure)  16370K->6154K(22528K), 0.0212360 secs]
[GC (Allocation Failure)  18442K->5578K(22528K), 0.0178320 secs]
[GC (Allocation Failure)  17866K->4970K(22528K), 0.0096188 secs]
[GC (Allocation Failure)  17258K->4458K(22528K), 0.0026184 secs]
[GC (Allocation Failure)  16746K->6426K(22528K), 0.0215333 secs]
[GC (Allocation Failure)  18714K->6170K(22528K), 0.0192291 secs]
[GC (Allocation Failure)  18458K->5562K(22528K), 0.0115507 secs]
[GC (Allocation Failure)  17850K->4986K(22528K), 0.0046457 secs]
[GC (Allocation Failure)  17274K->6930K(22528K), 0.0194918 secs]
[GC (Allocation Failure)  19218K->6802K(22528K), 0.0147307 secs]
[GC (Allocation Failure)  19090K->6290K(22528K), 0.0126246 secs]
[GC (Allocation Failure)  18578K->5746K(22528K), 0.0075066 secs]
[GC (Allocation Failure)  18034K->5170K(22528K), 0.0024748 secs]
[GC (Allocation Failure)  17458K->7106K(22528K), 0.0229614 secs]
[GC (Allocation Failure)  19394K->6690K(22528K), 0.0162288 secs]
[GC (Allocation Failure)  18978K->6114K(22528K), 0.0084613 secs]
[GC (Allocation Failure)  18402K->5538K(22528K), 0.0038638 secs]
[GC (Allocation Failure)  17826K->7514K(22528K), 0.0237630 secs]
[GC (Allocation Failure)  19802K->7418K(22528K), 0.0144786 secs]
[GC (Allocation Failure)  19706K->6714K(22528K), 0.0113404 secs]
[GC (Allocation Failure)  19002K->6202K(22528K), 0.0059734 secs]
[GC (Allocation Failure)  18490K->5562K(22528K), 0.0015486 secs]
[GC (Allocation Failure)  17850K->7602K(22528K), 0.0185069 secs]
[GC (Allocation Failure)  19890K->7154K(22528K), 0.0162557 secs]
[GC (Allocation Failure)  19442K->6546K(22528K), 0.0078381 secs]
[GC (Allocation Failure)  18834K->5970K(22528K), 0.0034466 secs]
[GC (Allocation Failure)  18258K->7914K(22528K), 0.0176881 secs]
[GC (Allocation Failure)  20202K->7690K(22528K), 0.0151102 secs]
[GC (Allocation Failure)  19978K->7114K(22528K), 0.0125997 secs]
[GC (Allocation Failure)  19402K->6474K(22528K), 0.0060411 secs]
[GC (Allocation Failure)  18762K->8482K(22528K), 0.0287780 secs]
[GC (Allocation Failure)  20770K->8498K(22528K), 0.0179273 secs]
[GC (Allocation Failure)  20786K->7954K(22528K), 0.0143384 secs]
[GC (Allocation Failure)  20242K->7378K(22528K), 0.0073327 secs]
[GC (Allocation Failure)  19666K->6802K(22528K), 0.0031059 secs]
[GC (Allocation Failure)  19090K->8722K(22528K), 0.0169741 secs]
[GC (Allocation Failure)  21010K->8338K(22528K), 0.0148159 secs]
[GC (Allocation Failure)  20626K->7826K(22528K), 0.0098874 secs]
[GC (Allocation Failure)  20114K->7218K(22528K), 0.0039706 secs]
[GC (Allocation Failure)  19506K->9234K(22528K), 0.0206784 secs]
[GC (Allocation Failure)  21522K->9138K(22528K), 0.0155199 secs]
[GC (Allocation Failure)  21426K->8562K(22528K), 0.0118444 secs]
[GC (Allocation Failure)  20850K->8050K(22528K), 0.0070574 secs]
[GC (Allocation Failure)  20338K->7410K(22528K), 0.0013080 secs]
[GC (Allocation Failure)  19698K->9362K(22528K), 0.0173988 secs]
[GC (Allocation Failure)  21650K->8946K(22528K), 0.0162176 secs]
[GC (Allocation Failure)  21234K->8434K(22528K), 0.0081147 secs]
[GC (Allocation Failure)  20722K->7762K(22528K), 0.0035643 secs]
[GC (Allocation Failure)  20050K->9738K(22528K), 0.0228700 secs]
[Full GC (Ergonomics)  9738K->3889K(22528K), 0.0504331 secs]
[GC (Allocation Failure)  16177K->5809K(22528K), 0.0218410 secs]
[GC (Allocation Failure)  18097K->5169K(22528K), 0.0110164 secs]
[GC (Allocation Failure)  17457K->4625K(22528K), 0.0062421 secs]
[GC (Allocation Failure)  16913K->3953K(22528K), 0.0015866 secs]
[GC (Allocation Failure)  16241K->6017K(22528K), 0.0166483 secs]
[GC (Allocation Failure)  18305K->5473K(22528K), 0.0160673 secs]
[GC (Allocation Failure)  17761K->4993K(22528K), 0.0071502 secs]
[GC (Allocation Failure)  17281K->4385K(22528K), 0.0029897 secs]
[GC (Allocation Failure)  16673K->6361K(22528K), 0.0184767 secs]
[GC (Allocation Failure)  18649K->6041K(22528K), 0.0146867 secs]
[GC (Allocation Failure)  18329K->5497K(22528K), 0.0103715 secs]
[GC (Allocation Failure)  17785K->4921K(22528K), 0.0056526 secs]
[GC (Allocation Failure)  17209K->6905K(22528K), 0.0267835 secs]
[GC (Allocation Failure)  19193K->6921K(22528K), 0.0160006 secs]
[GC (Allocation Failure)  19209K->6377K(22528K), 0.0113243 secs]
[GC (Allocation Failure)  18665K->5737K(22528K), 0.0068701 secs]
[GC (Allocation Failure)  18025K->5193K(22528K), 0.0025542 secs]
[GC (Allocation Failure)  17481K->7145K(22528K), 0.0165570 secs]
[GC (Allocation Failure)  19433K->6761K(22528K), 0.0156632 secs]
[GC (Allocation Failure)  19049K->6249K(22528K), 0.0117437 secs]
[GC (Allocation Failure)  18537K->5609K(22528K), 0.0044649 secs]
[GC (Allocation Failure)  17897K->7609K(22528K), 0.0279023 secs]
[GC (Allocation Failure)  19897K->7481K(22528K), 0.0200139 secs]
[GC (Allocation Failure)  19769K->6969K(22528K), 0.0140013 secs]
[GC (Allocation Failure)  19257K->6329K(22528K), 0.0074236 secs]
[GC (Allocation Failure)  18617K->5657K(22528K), 0.0016936 secs]
[GC (Allocation Failure)  17945K->7753K(22528K), 0.0172611 secs]
[GC (Allocation Failure)  20041K->7273K(22528K), 0.0133736 secs]
[GC (Allocation Failure)  19561K->6793K(22528K), 0.0106025 secs]
[GC (Allocation Failure)  19081K->6185K(22528K), 0.0030283 secs]
[GC (Allocation Failure)  18473K->8113K(22528K), 0.0206805 secs]
[GC (Allocation Failure)  20401K->7889K(22528K), 0.0165828 secs]
[GC (Allocation Failure)  20177K->7345K(22528K), 0.0126352 secs]
[GC (Allocation Failure)  19633K->6737K(22528K), 0.0052955 secs]
[GC (Allocation Failure)  19025K->8729K(22528K), 0.0292375 secs]
[GC (Allocation Failure)  21017K->8785K(22528K), 0.0166246 secs]
[GC (Allocation Failure)  21073K->8273K(22528K), 0.0120401 secs]
[GC (Allocation Failure)  20561K->7697K(22528K), 0.0090946 secs]
[GC (Allocation Failure)  19985K->7121K(22528K), 0.0031899 secs]
[GC (Allocation Failure)  19409K->9025K(22528K), 0.0247042 secs]
[GC (Allocation Failure)  21313K->8801K(22528K), 0.0179450 secs]
[GC (Allocation Failure)  21089K->8257K(22528K), 0.0115894 secs]
[GC (Allocation Failure)  20545K->7617K(22528K), 0.0044730 secs]
[GC (Allocation Failure)  19905K->9617K(22528K), 0.0200505 secs]
[Full GC (Ergonomics)  9617K->4029K(22528K), 0.0517207 secs]
[GC (Allocation Failure)  16317K->6013K(22528K), 0.0235715 secs]
[GC (Allocation Failure)  18301K->5501K(22528K), 0.0136301 secs]
[GC (Allocation Failure)  17789K->4861K(22528K), 0.0081983 secs]
[GC (Allocation Failure)  17149K->4349K(22528K), 0.0029289 secs]
[GC (Allocation Failure)  16637K->6285K(22528K), 0.0221316 secs]
[GC (Allocation Failure)  18573K->5901K(22528K), 0.0128920 secs]
[GC (Allocation Failure)  18189K->5357K(22528K), 0.0102718 secs]
[GC (Allocation Failure)  17645K->4781K(22528K), 0.0039568 secs]
[GC (Allocation Failure)  17069K->6733K(22528K), 0.0215290 secs]
[GC (Allocation Failure)  19021K->6573K(22528K), 0.0171641 secs]
[GC (Allocation Failure)  18861K->6093K(22528K), 0.0107808 secs]
[GC (Allocation Failure)  18381K->5421K(22528K), 0.0056761 secs]
[GC (Allocation Failure)  17709K->4813K(22528K), 0.0012733 secs]
[GC (Allocation Failure)  17101K->6837K(22528K), 0.0210554 secs]
[GC (Allocation Failure)  19125K->6325K(22528K), 0.0153357 secs]
[GC (Allocation Failure)  18613K->5813K(22528K), 0.0074796 secs]
[GC (Allocation Failure)  18101K->5269K(22528K), 0.0027664 secs]
[GC (Allocation Failure)  17557K->7181K(22528K), 0.0190031 secs]
[GC (Allocation Failure)  19469K->6957K(22528K), 0.0189122 secs]
[GC (Allocation Failure)  19245K->6381K(22528K), 0.0103102 secs]
[GC (Allocation Failure)  18669K->5837K(22528K), 0.0054493 secs]
[GC (Allocation Failure)  18125K->7813K(22528K), 0.0249685 secs]
[GC (Allocation Failure)  20101K->7813K(22528K), 0.0202906 secs]
[GC (Allocation Failure)  20101K->7237K(22528K), 0.0117642 secs]
[GC (Allocation Failure)  19525K->6693K(22528K), 0.0068165 secs]
[GC (Allocation Failure)  18981K->6117K(22528K), 0.0023177 secs]
[GC (Allocation Failure)  18405K->8069K(22528K), 0.0190404 secs]
[GC (Allocation Failure)  20357K->7749K(22528K), 0.0130533 secs]
[GC (Allocation Failure)  20037K->7237K(22528K), 0.0105912 secs]
[GC (Allocation Failure)  19525K->6629K(22528K), 0.0036175 secs]
[GC (Allocation Failure)  18917K->8589K(22528K), 0.0207234 secs]
[GC (Allocation Failure)  20877K->8525K(22528K), 0.0205588 secs]
[GC (Allocation Failure)  20813K->7981K(22528K), 0.0152497 secs]
[GC (Allocation Failure)  20269K->7437K(22528K), 0.0062022 secs]
[GC (Allocation Failure)  19725K->6861K(22528K), 0.0017687 secs]
[GC (Allocation Failure)  19149K->8765K(22528K), 0.0191322 secs]
[GC (Allocation Failure)  21053K->8349K(22528K), 0.0163451 secs]
[GC (Allocation Failure)  20637K->7869K(22528K), 0.0070757 secs]
[GC (Allocation Failure)  20157K->7261K(22528K), 0.0039723 secs]
[GC (Allocation Failure)  19549K->9181K(22528K), 0.0237171 secs]
[GC (Allocation Failure)  21469K->9053K(22528K), 0.0156036 secs]
[GC (Allocation Failure)  21341K->8477K(22528K), 0.0128829 secs]
[GC (Allocation Failure)  20765K->7901K(22528K), 0.0067421 secs]
[GC (Allocation Failure)  20189K->7293K(22528K), 0.0012439 secs]
[GC (Allocation Failure)  19581K->9293K(22528K), 0.0158450 secs]
[GC (Allocation Failure)  21581K->8781K(22528K), 0.0121976 secs]
[GC (Allocation Failure)  21069K->8237K(22528K), 0.0093137 secs]
[GC (Allocation Failure)  20525K->7629K(22528K), 0.0042520 secs]
[GC (Allocation Failure)  19917K->9645K(22528K), 0.0259360 secs]
[Full GC (Ergonomics)  9645K->3836K(22528K), 0.0475254 secs]
[GC (Allocation Failure)  16124K->5628K(22528K), 0.0218753 secs]
[GC (Allocation Failure)  17916K->5116K(22528K), 0.0126195 secs]
[GC (Allocation Failure)  17404K->4476K(22528K), 0.0047526 secs]
[GC (Allocation Failure)  16764K->6492K(22528K), 0.0241751 secs]
[GC (Allocation Failure)  18780K->6492K(22528K), 0.0227066 secs]
[GC (Allocation Failure)  18780K->5916K(22528K), 0.0114662 secs]
[GC (Allocation Failure)  18204K->5372K(22528K), 0.0081331 secs]
[GC (Allocation Failure)  17660K->4796K(22528K), 0.0024463 secs]
[GC (Allocation Failure)  17084K->6772K(22528K), 0.0198831 secs]
[GC (Allocation Failure)  19060K->6484K(22528K), 0.0169172 secs]
[GC (Allocation Failure)  18772K->5940K(22528K), 0.0112222 secs]
[GC (Allocation Failure)  18228K->5300K(22528K), 0.0044436 secs]
[GC (Allocation Failure)  17588K->7276K(22528K), 0.0231116 secs]
[GC (Allocation Failure)  19564K->7212K(22528K), 0.0158253 secs]
[GC (Allocation Failure)  19500K->6636K(22528K), 0.0156931 secs]
[GC (Allocation Failure)  18924K->6124K(22528K), 0.0068995 secs]
[GC (Allocation Failure)  18412K->5516K(22528K), 0.0021565 secs]
[GC (Allocation Failure)  17804K->7452K(22528K), 0.0212817 secs]
[GC (Allocation Failure)  19740K->7068K(22528K), 0.0178117 secs]
[GC (Allocation Failure)  19356K->6460K(22528K), 0.0101345 secs]
[GC (Allocation Failure)  18748K->5884K(22528K), 0.0047393 secs]
[GC (Allocation Failure)  18172K->7868K(22528K), 0.0242314 secs]
[GC (Allocation Failure)  20156K->7676K(22528K), 0.0192443 secs]
[GC (Allocation Failure)  19964K->7068K(22528K), 0.0125784 secs]
[GC (Allocation Failure)  19356K->6524K(22528K), 0.0062036 secs]
[GC (Allocation Failure)  18812K->5916K(22528K), 0.0014180 secs]
[GC (Allocation Failure)  18204K->7924K(22528K), 0.0220883 secs]
[GC (Allocation Failure)  20212K->7508K(22528K), 0.0136604 secs]
[GC (Allocation Failure)  19796K->6900K(22528K), 0.0082139 secs]
[GC (Allocation Failure)  19188K->6260K(22528K), 0.0034809 secs]
[GC (Allocation Failure)  18548K->8244K(22528K), 0.0247824 secs]
[GC (Allocation Failure)  20532K->7988K(22528K), 0.0190204 secs]
[GC (Allocation Failure)  20276K->7412K(22528K), 0.0117510 secs]
[GC (Allocation Failure)  19700K->6836K(22528K), 0.0057066 secs]
[GC (Allocation Failure)  19124K->8804K(22528K), 0.0244793 secs]
[GC (Allocation Failure)  21092K->8820K(22528K), 0.0175851 secs]
[GC (Allocation Failure)  21108K->8276K(22528K), 0.0124276 secs]
[GC (Allocation Failure)  20564K->7604K(22528K), 0.0068615 secs]
[GC (Allocation Failure)  19892K->7156K(22528K), 0.0022067 secs]
[GC (Allocation Failure)  19444K->9060K(22528K), 0.0171336 secs]
[GC (Allocation Failure)  21348K->8740K(22528K), 0.0156657 secs]
[GC (Allocation Failure)  21028K->8132K(22528K), 0.0098514 secs]
[GC (Allocation Failure)  20420K->7588K(22528K), 0.0038127 secs]
[GC (Allocation Failure)  19876K->9532K(22528K), 0.0254482 secs]
[Full GC (Ergonomics)  9532K->3976K(22528K), 0.0512957 secs]
[GC (Allocation Failure)  16264K->5928K(22528K), 0.0196589 secs]
[GC (Allocation Failure)  18216K->5416K(22528K), 0.0145020 secs]
[GC (Allocation Failure)  17704K->4776K(22528K), 0.0077348 secs]
[GC (Allocation Failure)  17064K->4264K(22528K), 0.0017310 secs]
[GC (Allocation Failure)  16552K->6160K(22528K), 0.0214258 secs]
[GC (Allocation Failure)  18448K->5712K(22528K), 0.0129831 secs]
[GC (Allocation Failure)  18000K->5136K(22528K), 0.0091221 secs]
[GC (Allocation Failure)  17424K->4560K(22528K), 0.0034535 secs]
[GC (Allocation Failure)  16848K->6560K(22528K), 0.0257377 secs]
[GC (Allocation Failure)  18848K->6400K(22528K), 0.0206088 secs]
[GC (Allocation Failure)  18688K->5856K(22528K), 0.0107324 secs]
[GC (Allocation Failure)  18144K->5184K(22528K), 0.0058482 secs]
[GC (Allocation Failure)  17472K->4608K(22528K), 0.0010907 secs]
[GC (Allocation Failure)  16896K->6632K(22528K), 0.0180210 secs]
[GC (Allocation Failure)  18920K->6120K(22528K), 0.0132031 secs]
[GC (Allocation Failure)  18408K->5576K(22528K), 0.0094375 secs]
[GC (Allocation Failure)  17864K->5000K(22528K), 0.0029682 secs]
[GC (Allocation Failure)  17288K->6928K(22528K), 0.0179344 secs]
[GC (Allocation Failure)  19216K->6672K(22528K), 0.0136618 secs]
[GC (Allocation Failure)  18960K->6128K(22528K), 0.0123251 secs]
[GC (Allocation Failure)  18416K->5488K(22528K), 0.0052618 secs]
[GC (Allocation Failure)  17776K->7464K(22528K), 0.0284703 secs]
[GC (Allocation Failure)  19752K->7464K(22528K), 0.0163094 secs]
[GC (Allocation Failure)  19752K->6888K(22528K), 0.0110916 secs]
[GC (Allocation Failure)  19176K->6312K(22528K), 0.0070248 secs]
[GC (Allocation Failure)  18600K->5800K(22528K), 0.0021422 secs]
[GC (Allocation Failure)  18088K->7672K(22528K), 0.0218026 secs]
[GC (Allocation Failure)  19960K->7352K(22528K), 0.0152817 secs]
[GC (Allocation Failure)  19640K->6744K(22528K), 0.0098664 secs]
[GC (Allocation Failure)  19032K->6168K(22528K), 0.0036233 secs]
[GC (Allocation Failure)  18456K->8128K(22528K), 0.0220137 secs]
[GC (Allocation Failure)  20416K->8064K(22528K), 0.0184102 secs]
[GC (Allocation Failure)  20352K->7520K(22528K), 0.0101576 secs]
[GC (Allocation Failure)  19808K->6912K(22528K), 0.0054447 secs]
[GC (Allocation Failure)  19200K->6240K(22528K), 0.0021878 secs]
[GC (Allocation Failure)  18528K->8280K(22528K), 0.0202678 secs]
[GC (Allocation Failure)  20568K->7832K(22528K), 0.0153534 secs]
[GC (Allocation Failure)  20120K->7224K(22528K), 0.0072318 secs]
[GC (Allocation Failure)  19512K->6648K(22528K), 0.0033454 secs]
[GC (Allocation Failure)  18936K->8672K(22528K), 0.0190601 secs]
[GC (Allocation Failure)  20960K->8512K(22528K), 0.0140075 secs]
[GC (Allocation Failure)  20800K->7936K(22528K), 0.0116609 secs]
[GC (Allocation Failure)  20224K->7264K(22528K), 0.0040054 secs]
[GC (Allocation Failure)  19552K->9288K(22528K), 0.0205410 secs]
[GC (Allocation Failure)  21576K->9320K(22528K), 0.0193900 secs]
[GC (Allocation Failure)  21608K->8776K(22528K), 0.0120343 secs]
[GC (Allocation Failure)  21064K->8232K(22528K), 0.0071011 secs]
[GC (Allocation Failure)  20520K->7656K(22528K), 0.0024165 secs]
[GC (Allocation Failure)  19944K->9608K(22528K), 0.0218328 secs]
[Full GC (Ergonomics)  9608K->3783K(22528K), 0.0472238 secs]
[GC (Allocation Failure)  16071K->5575K(22528K), 0.0168813 secs]
[GC (Allocation Failure)  17863K->4967K(22528K), 0.0104299 secs]
[GC (Allocation Failure)  17255K->4423K(22528K), 0.0055500 secs]
[GC (Allocation Failure)  16711K->6375K(22528K), 0.0241760 secs]
[GC (Allocation Failure)  18663K->6375K(22528K), 0.0192623 secs]
[GC (Allocation Failure)  18663K->5799K(22528K), 0.0129813 secs]
[GC (Allocation Failure)  18087K->5191K(22528K), 0.0061561 secs]
[GC (Allocation Failure)  17479K->4647K(22528K), 0.0023818 secs]
[GC (Allocation Failure)  16935K->6567K(22528K), 0.0209941 secs]
[GC (Allocation Failure)  18855K->6247K(22528K), 0.0158669 secs]
[GC (Allocation Failure)  18535K->5575K(22528K), 0.0093718 secs]
[GC (Allocation Failure)  17863K->5031K(22528K), 0.0038292 secs]
[GC (Allocation Failure)  17319K->7039K(22528K), 0.0219235 secs]
[GC (Allocation Failure)  19327K->6943K(22528K), 0.0144869 secs]
[GC (Allocation Failure)  19231K->6303K(22528K), 0.0103463 secs]
[GC (Allocation Failure)  18591K->5759K(22528K), 0.0058646 secs]
[GC (Allocation Failure)  18047K->5119K(22528K), 0.0013263 secs]
[GC (Allocation Failure)  17407K->7167K(22528K), 0.0215103 secs]
[GC (Allocation Failure)  19455K->6655K(22528K), 0.0132499 secs]
[GC (Allocation Failure)  18943K->6143K(22528K), 0.0075806 secs]
[GC (Allocation Failure)  18431K->5535K(22528K), 0.0036307 secs]
[GC (Allocation Failure)  17823K->7535K(22528K), 0.0224714 secs]
[GC (Allocation Failure)  19823K->7343K(22528K), 0.0147194 secs]
[GC (Allocation Failure)  19631K->6767K(22528K), 0.0116957 secs]
[GC (Allocation Failure)  19055K->6191K(22528K), 0.0056419 secs]
[GC (Allocation Failure)  18479K->8183K(22528K), 0.0256684 secs]
[GC (Allocation Failure)  20471K->8199K(22528K), 0.0209556 secs]
[GC (Allocation Failure)  20487K->7719K(22528K), 0.0113871 secs]
[GC (Allocation Failure)  20007K->7111K(22528K), 0.0082193 secs]
[GC (Allocation Failure)  19399K->6535K(22528K), 0.0027130 secs]
[GC (Allocation Failure)  18823K->8471K(22528K), 0.0222626 secs]
[GC (Allocation Failure)  20759K->8215K(22528K), 0.0135409 secs]
[GC (Allocation Failure)  20503K->7543K(22528K), 0.0110188 secs]
[GC (Allocation Failure)  19831K->7031K(22528K), 0.0055467 secs]
[GC (Allocation Failure)  19319K->8999K(22528K), 0.0189997 secs]
[GC (Allocation Failure)  21287K->8871K(22528K), 0.0149742 secs]
[GC (Allocation Failure)  21159K->8359K(22528K), 0.0135298 secs]
[GC (Allocation Failure)  20647K->7751K(22528K), 0.0065334 secs]
[GC (Allocation Failure)  20039K->7271K(22528K), 0.0016843 secs]
[GC (Allocation Failure)  19559K->9159K(22528K), 0.0184014 secs]
[GC (Allocation Failure)  21447K->8743K(22528K), 0.0154535 secs]
[GC (Allocation Failure)  21031K->8231K(22528K), 0.0086132 secs]
[GC (Allocation Failure)  20519K->7655K(22528K), 0.0046909 secs]
[GC (Allocation Failure)  19943K->9583K(22528K), 0.0242592 secs]
[Full GC (Ergonomics)  9583K->3923K(22528K), 0.0495766 secs]
[GC (Allocation Failure)  16211K->5843K(22528K), 0.0235713 secs]
[GC (Allocation Failure)  18131K->5267K(22528K), 0.0129756 secs]
[GC (Allocation Failure)  17555K->4723K(22528K), 0.0069691 secs]
[GC (Allocation Failure)  17011K->4051K(22528K), 0.0012214 secs]
[GC (Allocation Failure)  16339K->6051K(22528K), 0.0182427 secs]
[GC (Allocation Failure)  18339K->5603K(22528K), 0.0158465 secs]
[GC (Allocation Failure)  17891K->5027K(22528K), 0.0084893 secs]
[GC (Allocation Failure)  17315K->4451K(22528K), 0.0033664 secs]
[GC (Allocation Failure)  16739K->6395K(22528K), 0.0233556 secs]
[GC (Allocation Failure)  18683K->6139K(22528K), 0.0137827 secs]
[GC (Allocation Failure)  18427K->5595K(22528K), 0.0101017 secs]
[GC (Allocation Failure)  17883K->5019K(22528K), 0.0048368 secs]
[GC (Allocation Failure)  17307K->6931K(22528K), 0.0208787 secs]
[GC (Allocation Failure)  19219K->6979K(22528K), 0.0204454 secs]
[GC (Allocation Failure)  19267K->6403K(22528K), 0.0118171 secs]
[GC (Allocation Failure)  18691K->5827K(22528K), 0.0082482 secs]
[GC (Allocation Failure)  18115K->5251K(22528K), 0.0024941 secs]
[GC (Allocation Failure)  17539K->7243K(22528K), 0.0247628 secs]
[GC (Allocation Failure)  19531K->6891K(22528K), 0.0113810 secs]
[GC (Allocation Failure)  19179K->6379K(22528K), 0.0080457 secs]
[GC (Allocation Failure)  18667K->5803K(22528K), 0.0041438 secs]
[GC (Allocation Failure)  18091K->7747K(22528K), 0.0248733 secs]
[GC (Allocation Failure)  20035K->7683K(22528K), 0.0162826 secs]
[GC (Allocation Failure)  19971K->7171K(22528K), 0.0095086 secs]
[GC (Allocation Failure)  19459K->6499K(22528K), 0.0067323 secs]
[GC (Allocation Failure)  18787K->5987K(22528K), 0.0016933 secs]
[GC (Allocation Failure)  18275K->7899K(22528K), 0.0172611 secs]
[GC (Allocation Failure)  20187K->7515K(22528K), 0.0156480 secs]
[GC (Allocation Failure)  19803K->6907K(22528K), 0.0098244 secs]
[GC (Allocation Failure)  19195K->6363K(22528K), 0.0041280 secs]
[GC (Allocation Failure)  18651K->8299K(22528K), 0.0220970 secs]
[GC (Allocation Failure)  20587K->8139K(22528K), 0.0164463 secs]
[GC (Allocation Failure)  20427K->7563K(22528K), 0.0101449 secs]
[GC (Allocation Failure)  19851K->6955K(22528K), 0.0064311 secs]
[GC (Allocation Failure)  19243K->6347K(22528K), 0.0012441 secs]
[GC (Allocation Failure)  18635K->8371K(22528K), 0.0190629 secs]
[GC (Allocation Failure)  20659K->7891K(22528K), 0.0130102 secs]
[GC (Allocation Failure)  20179K->7283K(22528K), 0.0084397 secs]
[GC (Allocation Failure)  19571K->6707K(22528K), 0.0035300 secs]
[GC (Allocation Failure)  18995K->8683K(22528K), 0.0259331 secs]
[GC (Allocation Failure)  20971K->8459K(22528K), 0.0200392 secs]
[GC (Allocation Failure)  20747K->7851K(22528K), 0.0134048 secs]
[GC (Allocation Failure)  20139K->7275K(22528K), 0.0051287 secs]
[GC (Allocation Failure)  19563K->9251K(22528K), 0.0216541 secs]
[GC (Allocation Failure)  21539K->9275K(22528K), 0.0153235 secs]
[GC (Allocation Failure)  21563K->8763K(22528K), 0.0100079 secs]
[GC (Allocation Failure)  21051K->8155K(22528K), 0.0066911 secs]
[GC (Allocation Failure)  20443K->7611K(22528K), 0.0023425 secs]
[GC (Allocation Failure)  19899K->9515K(22528K), 0.0214950 secs]
[Full GC (Ergonomics)  9515K->3730K(22528K), 0.0477390 secs]
[GC (Allocation Failure)  16018K->5490K(22528K), 0.0198230 secs]
[GC (Allocation Failure)  17778K->4914K(22528K), 0.0127264 secs]
[GC (Allocation Failure)  17202K->4274K(22528K), 0.0057364 secs]
[GC (Allocation Failure)  16562K->6258K(22528K), 0.0289026 secs]
[GC (Allocation Failure)  18546K->6226K(22528K), 0.0168797 secs]
[GC (Allocation Failure)  18514K->5650K(22528K), 0.0110752 secs]
[GC (Allocation Failure)  17938K->4978K(22528K), 0.0062047 secs]
[GC (Allocation Failure)  17266K->4466K(22528K), 0.0019770 secs]
[GC (Allocation Failure)  16754K->6434K(22528K), 0.0185056 secs]
[GC (Allocation Failure)  18722K->6082K(22528K), 0.0184307 secs]
[GC (Allocation Failure)  18370K->5474K(22528K), 0.0111856 secs]
[GC (Allocation Failure)  17762K->4834K(22528K), 0.0039658 secs]
[GC (Allocation Failure)  17122K->6810K(22528K), 0.0249325 secs]
[GC (Allocation Failure)  19098K->6650K(22528K), 0.0141199 secs]
[GC (Allocation Failure)  18938K->6106K(22528K), 0.0109169 secs]
[GC (Allocation Failure)  18394K->5466K(22528K), 0.0052034 secs]
[GC (Allocation Failure)  17754K->4826K(22528K), 0.0017841 secs]
[GC (Allocation Failure)  17114K->6850K(22528K), 0.0232446 secs]
[GC (Allocation Failure)  19138K->6370K(22528K), 0.0158780 secs]
[GC (Allocation Failure)  18658K->5730K(22528K), 0.0077914 secs]
[GC (Allocation Failure)  18018K->5186K(22528K), 0.0036546 secs]
[GC (Allocation Failure)  17474K->7178K(22528K), 0.0249888 secs]
[GC (Allocation Failure)  19466K->6922K(22528K), 0.0169853 secs]
[GC (Allocation Failure)  19210K->6314K(22528K), 0.0121004 secs]
[GC (Allocation Failure)  18602K->5770K(22528K), 0.0055342 secs]
[GC (Allocation Failure)  18058K->7722K(22528K), 0.0239855 secs]
[GC (Allocation Failure)  20010K->7722K(22528K), 0.0200379 secs]
[GC (Allocation Failure)  20010K->7178K(22528K), 0.0129364 secs]
[GC (Allocation Failure)  19466K->6602K(22528K), 0.0076028 secs]
[GC (Allocation Failure)  18890K->5994K(22528K), 0.0023254 secs]
[GC (Allocation Failure)  18282K->7954K(22528K), 0.0196691 secs]
[GC (Allocation Failure)  20242K->7602K(22528K), 0.0180873 secs]
[GC (Allocation Failure)  19890K->7122K(22528K), 0.0105598 secs]
[GC (Allocation Failure)  19410K->6514K(22528K), 0.0051303 secs]
[GC (Allocation Failure)  18802K->8402K(22528K), 0.0237528 secs]
[GC (Allocation Failure)  20690K->8274K(22528K), 0.0214411 secs]
[GC (Allocation Failure)  20562K->7698K(22528K), 0.0138747 secs]
[GC (Allocation Failure)  19986K->7122K(22528K), 0.0057675 secs]
[GC (Allocation Failure)  19410K->6642K(22528K), 0.0021738 secs]
[GC (Allocation Failure)  18930K->8514K(22528K), 0.0216777 secs]
[GC (Allocation Failure)  20802K->8034K(22528K), 0.0160353 secs]
[GC (Allocation Failure)  20322K->7458K(22528K), 0.0079397 secs]
[GC (Allocation Failure)  19746K->6914K(22528K), 0.0037267 secs]
[GC (Allocation Failure)  19202K->8898K(22528K), 0.0230379 secs]
[GC (Allocation Failure)  21186K->8706K(22528K), 0.0178626 secs]
[GC (Allocation Failure)  20994K->8130K(22528K), 0.0125828 secs]
[GC (Allocation Failure)  20418K->7586K(22528K), 0.0052800 secs]
[GC (Allocation Failure)  19874K->9506K(22528K), 0.0209188 secs]
[Full GC (Ergonomics)  9506K->4116K(22528K), 0.0549540 secs]
[GC (Allocation Failure)  16404K->6164K(22528K), 0.0210293 secs]
[GC (Allocation Failure)  18452K->5620K(22528K), 0.0119006 secs]
[GC (Allocation Failure)  17908K->5076K(22528K), 0.0090718 secs]
[GC (Allocation Failure)  17364K->4500K(22528K), 0.0031870 secs]
[GC (Allocation Failure)  16788K->6460K(22528K), 0.0224075 secs]
[GC (Allocation Failure)  18748K->6236K(22528K), 0.0165153 secs]
[GC (Allocation Failure)  18524K->5628K(22528K), 0.0097820 secs]
[GC (Allocation Failure)  17916K->4988K(22528K), 0.0045772 secs]
[GC (Allocation Failure)  17276K->6996K(22528K), 0.0261040 secs]
[GC (Allocation Failure)  19284K->6964K(22528K), 0.0167417 secs]
[GC (Allocation Failure)  19252K->6356K(22528K), 0.0135561 secs]
[GC (Allocation Failure)  18644K->5812K(22528K), 0.0057524 secs]
[GC (Allocation Failure)  18100K->5300K(22528K), 0.0015246 secs]
[GC (Allocation Failure)  17588K->7212K(22528K), 0.0198636 secs]
[GC (Allocation Failure)  19500K->6828K(22528K), 0.0135511 secs]
[GC (Allocation Failure)  19116K->6220K(22528K), 0.0090416 secs]
[GC (Allocation Failure)  18508K->5676K(22528K), 0.0039953 secs]
[GC (Allocation Failure)  17964K->7660K(22528K), 0.0238396 secs]
[GC (Allocation Failure)  19948K->7500K(22528K), 0.0183952 secs]
[GC (Allocation Failure)  19788K->7020K(22528K), 0.0127732 secs]
[GC (Allocation Failure)  19308K->6380K(22528K), 0.0058856 secs]
[GC (Allocation Failure)  18668K->5836K(22528K), 0.0014679 secs]
[GC (Allocation Failure)  18124K->7772K(22528K), 0.0219185 secs]
[GC (Allocation Failure)  20060K->7292K(22528K), 0.0150509 secs]
[GC (Allocation Failure)  19580K->6684K(22528K), 0.0096620 secs]
[GC (Allocation Failure)  18972K->6172K(22528K), 0.0041252 secs]
[GC (Allocation Failure)  18460K->8164K(22528K), 0.0182443 secs]
[GC (Allocation Failure)  20452K->8004K(22528K), 0.0167730 secs]
[GC (Allocation Failure)  20292K->7332K(22528K), 0.0130367 secs]
[GC (Allocation Failure)  19620K->6788K(22528K), 0.0050406 secs]
[GC (Allocation Failure)  19076K->8772K(22528K), 0.0210560 secs]
[GC (Allocation Failure)  21060K->8780K(22528K), 0.0190555 secs]
[GC (Allocation Failure)  21068K->8268K(22528K), 0.0164782 secs]
[GC (Allocation Failure)  20556K->7692K(22528K), 0.0088120 secs]
[GC (Allocation Failure)  19980K->7148K(22528K), 0.0026263 secs]
[GC (Allocation Failure)  19436K->9028K(22528K), 0.0240053 secs]
[GC (Allocation Failure)  21316K->8740K(22528K), 0.0184604 secs]
[GC (Allocation Failure)  21028K->8196K(22528K), 0.0094451 secs]
[GC (Allocation Failure)  20484K->7556K(22528K), 0.0053100 secs]
[GC (Allocation Failure)  19844K->9532K(22528K), 0.0257500 secs]
[Full GC (Ergonomics)  9532K->4011K(22528K), 0.0537234 secs]
[GC (Allocation Failure)  16299K->6027K(22528K), 0.0252960 secs]
[GC (Allocation Failure)  18315K->5387K(22528K), 0.0141027 secs]
[GC (Allocation Failure)  17675K->4875K(22528K), 0.0074964 secs]
[GC (Allocation Failure)  17163K->4331K(22528K), 0.0017157 secs]
[GC (Allocation Failure)  16619K->6243K(22528K), 0.0216570 secs]
[GC (Allocation Failure)  18531K->5891K(22528K), 0.0169739 secs]
[GC (Allocation Failure)  18179K->5315K(22528K), 0.0091167 secs]
[GC (Allocation Failure)  17603K->4675K(22528K), 0.0041550 secs]
[GC (Allocation Failure)  16963K->6675K(22528K), 0.0199592 secs]
[GC (Allocation Failure)  18963K->6515K(22528K), 0.0179569 secs]
[GC (Allocation Failure)  18803K->5971K(22528K), 0.0125627 secs]
[GC (Allocation Failure)  18259K->5427K(22528K), 0.0059734 secs]
[GC (Allocation Failure)  17715K->4691K(22528K), 0.0014485 secs]
[GC (Allocation Failure)  16979K->6771K(22528K), 0.0196625 secs]
[GC (Allocation Failure)  19059K->6291K(22528K), 0.0147001 secs]
[GC (Allocation Failure)  18579K->5651K(22528K), 0.0080766 secs]
[GC (Allocation Failure)  17939K->5171K(22528K), 0.0034670 secs]
[GC (Allocation Failure)  17459K->7107K(22528K), 0.0243382 secs]
[GC (Allocation Failure)  19395K->6947K(22528K), 0.0178171 secs]
[GC (Allocation Failure)  19235K->6275K(22528K), 0.0121883 secs]
[GC (Allocation Failure)  18563K->5699K(22528K), 0.0048777 secs]
[GC (Allocation Failure)  17987K->7683K(22528K), 0.0228947 secs]
[GC (Allocation Failure)  19971K->7707K(22528K), 0.0161763 secs]
[GC (Allocation Failure)  19995K->7131K(22528K), 0.0136765 secs]
[GC (Allocation Failure)  19419K->6619K(22528K), 0.0076607 secs]
[GC (Allocation Failure)  18907K->6011K(22528K), 0.0030786 secs]
[GC (Allocation Failure)  18299K->7947K(22528K), 0.0235833 secs]
[GC (Allocation Failure)  20235K->7595K(22528K), 0.0161906 secs]
[GC (Allocation Failure)  19883K->7019K(22528K), 0.0116585 secs]
[GC (Allocation Failure)  19307K->6443K(22528K), 0.0048914 secs]
[GC (Allocation Failure)  18731K->8451K(22528K), 0.0294438 secs]
[GC (Allocation Failure)  20739K->8451K(22528K), 0.0158586 secs]
[GC (Allocation Failure)  20739K->7875K(22528K), 0.0114496 secs]
[GC (Allocation Failure)  20163K->7235K(22528K), 0.0068862 secs]
[GC (Allocation Failure)  19523K->6723K(22528K), 0.0020413 secs]
[GC (Allocation Failure)  19011K->8603K(22528K), 0.0187839 secs]
[GC (Allocation Failure)  20891K->8219K(22528K), 0.0140225 secs]
[GC (Allocation Failure)  20507K->7611K(22528K), 0.0102396 secs]
[GC (Allocation Failure)  19899K->7003K(22528K), 0.0037867 secs]
[GC (Allocation Failure)  19291K->9043K(22528K), 0.0265517 secs]
[GC (Allocation Failure)  21331K->8819K(22528K), 0.0209635 secs]
[GC (Allocation Failure)  21107K->8371K(22528K), 0.0144223 secs]
[GC (Allocation Failure)  20659K->7731K(22528K), 0.0058364 secs]
[GC (Allocation Failure)  20019K->7091K(22528K), 0.0011927 secs]
[GC (Allocation Failure)  19379K->9115K(22528K), 0.0193611 secs]
[GC (Allocation Failure)  21403K->8635K(22528K), 0.0149111 secs]
[GC (Allocation Failure)  20923K->8059K(22528K), 0.0103353 secs]
[GC (Allocation Failure)  20347K->7451K(22528K), 0.0036345 secs]
[GC (Allocation Failure)  19739K->9451K(22528K), 0.0272747 secs]
[GC (Allocation Failure)  21739K->9195K(22528K), 0.0203140 secs]
[GC (Allocation Failure)  21483K->8587K(22528K), 0.0117219 secs]
[GC (Allocation Failure)  20875K->8043K(22528K), 0.0052013 secs]
[GC (Allocation Failure)  20331K->10003K(22528K), 0.0211916 secs]
[Full GC (Ergonomics)  10003K->4063K(22528K), 0.0553961 secs]
[GC (Allocation Failure)  16351K->6111K(22528K), 0.0248144 secs]
[GC (Allocation Failure)  18399K->5503K(22528K), 0.0160228 secs]
[GC (Allocation Failure)  17791K->5023K(22528K), 0.0086297 secs]
[GC (Allocation Failure)  17311K->4383K(22528K), 0.0029476 secs]
[GC (Allocation Failure)  16671K->6343K(22528K), 0.0188553 secs]
[GC (Allocation Failure)  18631K->6023K(22528K), 0.0141626 secs]
[GC (Allocation Failure)  18311K->5479K(22528K), 0.0101678 secs]
[GC (Allocation Failure)  17767K->4839K(22528K), 0.0040083 secs]
[GC (Allocation Failure)  17127K->6815K(22528K), 0.0247210 secs]
[GC (Allocation Failure)  19103K->6687K(22528K), 0.0179803 secs]
[GC (Allocation Failure)  18975K->6175K(22528K), 0.0101880 secs]
[GC (Allocation Failure)  18463K->5631K(22528K), 0.0058150 secs]
[GC (Allocation Failure)  17919K->4959K(22528K), 0.0018721 secs]
[GC (Allocation Failure)  17247K->6967K(22528K), 0.0200390 secs]
[GC (Allocation Failure)  19255K->6551K(22528K), 0.0164751 secs]
[GC (Allocation Failure)  18839K->5975K(22528K), 0.0082388 secs]
[GC (Allocation Failure)  18263K->5367K(22528K), 0.0031313 secs]
[GC (Allocation Failure)  17655K->7367K(22528K), 0.0233959 secs]
[GC (Allocation Failure)  19655K->7207K(22528K), 0.0184037 secs]
[GC (Allocation Failure)  19495K->6663K(22528K), 0.0122976 secs]
[GC (Allocation Failure)  18951K->6055K(22528K), 0.0057028 secs]
[GC (Allocation Failure)  18343K->5415K(22528K), 0.0017974 secs]
[GC (Allocation Failure)  17703K->7415K(22528K), 0.0194590 secs]
[GC (Allocation Failure)  19703K->6935K(22528K), 0.0123292 secs]
[GC (Allocation Failure)  19223K->6327K(22528K), 0.0086407 secs]
[GC (Allocation Failure)  18615K->5719K(22528K), 0.0027796 secs]
[GC (Allocation Failure)  18007K->7711K(22528K), 0.0174368 secs]
[GC (Allocation Failure)  19999K->7455K(22528K), 0.0165737 secs]
[GC (Allocation Failure)  19743K->6815K(22528K), 0.0104339 secs]
[GC (Allocation Failure)  19103K->6271K(22528K), 0.0045956 secs]
[GC (Allocation Failure)  18559K->8271K(22528K), 0.0261237 secs]
[GC (Allocation Failure)  20559K->8287K(22528K), 0.0210883 secs]
[GC (Allocation Failure)  20575K->7711K(22528K), 0.0122871 secs]
[GC (Allocation Failure)  19999K->7103K(22528K), 0.0072632 secs]
[GC (Allocation Failure)  19391K->6591K(22528K), 0.0026187 secs]
[GC (Allocation Failure)  18879K->8479K(22528K), 0.0202029 secs]
[GC (Allocation Failure)  20767K->8159K(22528K), 0.0137236 secs]
[GC (Allocation Failure)  20447K->7487K(22528K), 0.0086502 secs]
[GC (Allocation Failure)  19775K->6943K(22528K), 0.0031945 secs]
[GC (Allocation Failure)  19231K->8943K(22528K), 0.0236747 secs]
[GC (Allocation Failure)  21231K->8879K(22528K), 0.0194552 secs]
[GC (Allocation Failure)  21167K->8271K(22528K), 0.0114829 secs]
[GC (Allocation Failure)  20559K->7695K(22528K), 0.0070054 secs]
[GC (Allocation Failure)  19983K->6991K(22528K), 0.0012223 secs]
[GC (Allocation Failure)  19279K->9063K(22528K), 0.0203426 secs]
[GC (Allocation Failure)  21351K->8647K(22528K), 0.0126898 secs]
[GC (Allocation Failure)  20935K->8039K(22528K), 0.0069344 secs]
[GC (Allocation Failure)  20327K->7431K(22528K), 0.0035771 secs]
[GC (Allocation Failure)  19719K->9447K(22528K), 0.0228681 secs]
[GC (Allocation Failure)  21735K->9287K(22528K), 0.0191198 secs]
[GC (Allocation Failure)  21575K->8679K(22528K), 0.0116497 secs]
[GC (Allocation Failure)  20967K->8103K(22528K), 0.0052418 secs]
[GC (Allocation Failure)  20391K->10063K(22528K), 0.0267980 secs]
[Full GC (Ergonomics)  10063K->4116K(22528K), 0.0556268 secs]
[GC (Allocation Failure)  16404K->6188K(22528K), 0.0248439 secs]
[GC (Allocation Failure)  18476K->5676K(22528K), 0.0150983 secs]
[GC (Allocation Failure)  17964K->5100K(22528K), 0.0065858 secs]
[GC (Allocation Failure)  17388K->4492K(22528K), 0.0026699 secs]
[GC (Allocation Failure)  16780K->6492K(22528K), 0.0220175 secs]
[GC (Allocation Failure)  18780K->6204K(22528K), 0.0146694 secs]
[GC (Allocation Failure)  18492K->5628K(22528K), 0.0108142 secs]
[GC (Allocation Failure)  17916K->5052K(22528K), 0.0049990 secs]
[GC (Allocation Failure)  17340K->7052K(22528K), 0.0255685 secs]
[GC (Allocation Failure)  19340K->6988K(22528K), 0.0174110 secs]
[GC (Allocation Failure)  19276K->6444K(22528K), 0.0136458 secs]
[GC (Allocation Failure)  18732K->5868K(22528K), 0.0061866 secs]
[GC (Allocation Failure)  18156K->5324K(22528K), 0.0020185 secs]
[GC (Allocation Failure)  17612K->7268K(22528K), 0.0179310 secs]
[GC (Allocation Failure)  19556K->6948K(22528K), 0.0159848 secs]
[GC (Allocation Failure)  19236K->6308K(22528K), 0.0116117 secs]
[GC (Allocation Failure)  18596K->5700K(22528K), 0.0046458 secs]
[GC (Allocation Failure)  17988K->7700K(22528K), 0.0197643 secs]
[GC (Allocation Failure)  19988K->7572K(22528K), 0.0176475 secs]
[GC (Allocation Failure)  19860K->7028K(22528K), 0.0120295 secs]
[GC (Allocation Failure)  19316K->6484K(22528K), 0.0063682 secs]
[GC (Allocation Failure)  18772K->5812K(22528K), 0.0019273 secs]
[GC (Allocation Failure)  18100K->7796K(22528K), 0.0221336 secs]
[GC (Allocation Failure)  20084K->7348K(22528K), 0.0149266 secs]
[GC (Allocation Failure)  19636K->6740K(22528K), 0.0095385 secs]
[GC (Allocation Failure)  19028K->6196K(22528K), 0.0037584 secs]
[GC (Allocation Failure)  18484K->8140K(22528K), 0.0188985 secs]
[GC (Allocation Failure)  20428K->7948K(22528K), 0.0176903 secs]
[GC (Allocation Failure)  20236K->7340K(22528K), 0.0091788 secs]
[GC (Allocation Failure)  19628K->6828K(22528K), 0.0058150 secs]
[GC (Allocation Failure)  19116K->8740K(22528K), 0.0214590 secs]
[GC (Allocation Failure)  21028K->8748K(22528K), 0.0172361 secs]
[GC (Allocation Failure)  21036K->8236K(22528K), 0.0120291 secs]
[GC (Allocation Failure)  20524K->7596K(22528K), 0.0096264 secs]
[GC (Allocation Failure)  19884K->7052K(22528K), 0.0026660 secs]
[GC (Allocation Failure)  19340K->9036K(22528K), 0.0277418 secs]
[GC (Allocation Failure)  21324K->8684K(22528K), 0.0148771 secs]
[GC (Allocation Failure)  20972K->8172K(22528K), 0.0089555 secs]
[GC (Allocation Failure)  20460K->7628K(22528K), 0.0040243 secs]
[GC (Allocation Failure)  19916K->9532K(22528K), 0.0204370 secs]
[Full GC (Ergonomics)  9532K->4010K(22528K), 0.0530349 secs]
[GC (Allocation Failure)  16298K->6026K(22528K), 0.0230390 secs]
[GC (Allocation Failure)  18314K->5482K(22528K), 0.0158110 secs]
[GC (Allocation Failure)  17770K->4874K(22528K), 0.0077384 secs]
[GC (Allocation Failure)  17162K->4298K(22528K), 0.0022253 secs]
[GC (Allocation Failure)  16586K->6258K(22528K), 0.0172406 secs]
[GC (Allocation Failure)  18546K->5906K(22528K), 0.0185825 secs]
[GC (Allocation Failure)  18194K->5362K(22528K), 0.0081578 secs]
[GC (Allocation Failure)  17650K->4690K(22528K), 0.0036685 secs]
[GC (Allocation Failure)  16978K->6698K(22528K), 0.0235996 secs]
[GC (Allocation Failure)  18986K->6602K(22528K), 0.0191923 secs]
[GC (Allocation Failure)  18890K->5930K(22528K), 0.0110971 secs]
[GC (Allocation Failure)  18218K->5450K(22528K), 0.0061850 secs]
[GC (Allocation Failure)  17738K->4714K(22528K), 0.0016658 secs]
[GC (Allocation Failure)  17002K->6794K(22528K), 0.0159988 secs]
[GC (Allocation Failure)  19082K->6314K(22528K), 0.0133529 secs]
[GC (Allocation Failure)  18602K->5802K(22528K), 0.0077815 secs]
[GC (Allocation Failure)  18090K->5162K(22528K), 0.0029736 secs]
[GC (Allocation Failure)  17450K->7122K(22528K), 0.0218693 secs]
[GC (Allocation Failure)  19410K->6898K(22528K), 0.0134360 secs]
[GC (Allocation Failure)  19186K->6322K(22528K), 0.0097597 secs]
[GC (Allocation Failure)  18610K->5714K(22528K), 0.0050893 secs]
[GC (Allocation Failure)  18002K->7730K(22528K), 0.0235499 secs]
[GC (Allocation Failure)  20018K->7730K(22528K), 0.0193652 secs]
[GC (Allocation Failure)  20018K->7218K(22528K), 0.0122473 secs]
[GC (Allocation Failure)  19506K->6642K(22528K), 0.0068729 secs]
[GC (Allocation Failure)  18930K->6002K(22528K), 0.0024839 secs]
[GC (Allocation Failure)  18290K->8002K(22528K), 0.0208399 secs]
[GC (Allocation Failure)  20290K->7682K(22528K), 0.0171830 secs]
[GC (Allocation Failure)  19970K->7170K(22528K), 0.0111186 secs]
[GC (Allocation Failure)  19458K->6530K(22528K), 0.0054584 secs]
[GC (Allocation Failure)  18818K->8514K(22528K), 0.0256242 secs]
[GC (Allocation Failure)  20802K->8450K(22528K), 0.0141102 secs]
[GC (Allocation Failure)  20738K->7874K(22528K), 0.0109417 secs]
[GC (Allocation Failure)  20162K->7266K(22528K), 0.0059932 secs]
[GC (Allocation Failure)  19554K->6754K(22528K), 0.0029817 secs]
[GC (Allocation Failure)  19042K->8658K(22528K), 0.0155052 secs]
[GC (Allocation Failure)  20946K->8306K(22528K), 0.0182527 secs]
[GC (Allocation Failure)  20594K->7634K(22528K), 0.0085895 secs]
[GC (Allocation Failure)  19922K->7058K(22528K), 0.0039926 secs]
[GC (Allocation Failure)  19346K->9090K(22528K), 0.0258232 secs]
[GC (Allocation Failure)  21378K->8994K(22528K), 0.0187651 secs]
[GC (Allocation Failure)  21282K->8386K(22528K), 0.0097318 secs]
[GC (Allocation Failure)  20674K->7746K(22528K), 0.0060874 secs]
[GC (Allocation Failure)  20034K->7138K(22528K), 0.0009791 secs]
[GC (Allocation Failure)  19426K->9194K(22528K), 0.0184755 secs]
[GC (Allocation Failure)  21482K->8778K(22528K), 0.0117973 secs]
[GC (Allocation Failure)  21066K->8074K(22528K), 0.0076194 secs]
[GC (Allocation Failure)  20362K->7530K(22528K), 0.0027164 secs]
[GC (Allocation Failure)  19818K->9514K(22528K), 0.0236846 secs]
[Full GC (Ergonomics)  9514K->3817K(22528K), 0.0436093 secs]
[GC (Allocation Failure)  16105K->5609K(22528K), 0.0252573 secs]
[GC (Allocation Failure)  17897K->5033K(22528K), 0.0124778 secs]
[GC (Allocation Failure)  17321K->4457K(22528K), 0.0055944 secs]
[GC (Allocation Failure)  16745K->6425K(22528K), 0.0250750 secs]
[GC (Allocation Failure)  18713K->6433K(22528K), 0.0242259 secs]
[GC (Allocation Failure)  18721K->5857K(22528K), 0.0166454 secs]
[GC (Allocation Failure)  18145K->5313K(22528K), 0.0101241 secs]
[GC (Allocation Failure)  17601K->4769K(22528K), 0.0026599 secs]
[GC (Allocation Failure)  17057K->6697K(22528K), 0.0185926 secs]
[GC (Allocation Failure)  18985K->6409K(22528K), 0.0170967 secs]
[GC (Allocation Failure)  18697K->5833K(22528K), 0.0102664 secs]
[GC (Allocation Failure)  18121K->5225K(22528K), 0.0046225 secs]
[GC (Allocation Failure)  17513K->7193K(22528K), 0.0287450 secs]
[GC (Allocation Failure)  19481K->7129K(22528K), 0.0204878 secs]
[GC (Allocation Failure)  19417K->6521K(22528K), 0.0133724 secs]
[GC (Allocation Failure)  18809K->5945K(22528K), 0.0062984 secs]
[GC (Allocation Failure)  18233K->5433K(22528K), 0.0020968 secs]
[GC (Allocation Failure)  17721K->7321K(22528K), 0.0250643 secs]
[GC (Allocation Failure)  19609K->6937K(22528K), 0.0196430 secs]
[GC (Allocation Failure)  19225K->6297K(22528K), 0.0101686 secs]
[GC (Allocation Failure)  18585K->5721K(22528K), 0.0034172 secs]
[GC (Allocation Failure)  18009K->7697K(22528K), 0.0227000 secs]
[GC (Allocation Failure)  19985K->7537K(22528K), 0.0206308 secs]
[GC (Allocation Failure)  19825K->6897K(22528K), 0.0140487 secs]
[GC (Allocation Failure)  19185K->6353K(22528K), 0.0069045 secs]
[GC (Allocation Failure)  18641K->5713K(22528K), 0.0017482 secs]
[GC (Allocation Failure)  18001K->7753K(22528K), 0.0216175 secs]
[GC (Allocation Failure)  20041K->7273K(22528K), 0.0147568 secs]
