[GC (System.gc())  8714K->1880K(61440K), 0.0025067 secs]
[Full GC (System.gc())  1880K->1722K(61440K), 0.0099184 secs]
[GC (Allocation Failure)  26298K->10530K(61440K), 0.0141198 secs]
[GC (Allocation Failure)  35106K->8122K(61440K), 0.0031917 secs]
[GC (Allocation Failure)  32698K->16810K(61440K), 0.0173396 secs]
[GC (Allocation Failure)  41386K->15930K(61440K), 0.0047756 secs]
[GC (Allocation Failure)  40506K->24634K(61440K), 0.0190172 secs]
[GC (Allocation Failure)  49210K->25170K(61440K), 0.0069705 secs]
[GC (Allocation Failure)  49746K->34546K(61440K), 0.0218694 secs]
[Full GC (Ergonomics)  34546K->14844K(61440K), 0.0487474 secs]
[GC (Allocation Failure)  39420K->21044K(61440K), 0.0132373 secs]
[GC (Allocation Failure)  45620K->31956K(61440K), 0.0298476 secs]
[Full GC (Ergonomics)  31956K->16373K(61440K), 0.0567894 secs]
[GC (Allocation Failure)  40949K->24101K(61440K), 0.0171015 secs]
[GC (Allocation Failure)  48677K->20669K(61440K), 0.0015528 secs]
[GC (Allocation Failure)  45245K->29325K(61440K), 0.0186075 secs]
[Full GC (Ergonomics)  29325K->10735K(61440K), 0.0421142 secs]
[GC (Allocation Failure)  35311K->12879K(61440K), 0.0046574 secs]
[GC (Allocation Failure)  37455K->21583K(61440K), 0.0246170 secs]
[GC (Allocation Failure)  46159K->21215K(61440K), 0.0070991 secs]
[GC (Allocation Failure)  45791K->29935K(61440K), 0.0240563 secs]
[Full GC (Ergonomics)  29935K->13799K(61440K), 0.0471855 secs]
[GC (Allocation Failure)  38375K->18935K(61440K), 0.0074706 secs]
[GC (Allocation Failure)  43511K->28799K(61440K), 0.0237846 secs]
[Full GC (Ergonomics)  28799K->15331K(61440K), 0.0485178 secs]
[GC (Allocation Failure)  39907K->21995K(61440K), 0.0133553 secs]
[GC (Allocation Failure)  46571K->33411K(61440K), 0.0282219 secs]
[Full GC (Ergonomics)  33411K->16863K(61440K), 0.0557800 secs]
[GC (Allocation Failure)  41439K->25103K(61440K), 0.0159519 secs]
[Full GC (Ergonomics)  25103K->9693K(61440K), 0.0312001 secs]
[GC (Allocation Failure)  34269K->10781K(61440K), 0.0017679 secs]
[GC (Allocation Failure)  35357K->19485K(61440K), 0.0179779 secs]
[GC (Allocation Failure)  44061K->18037K(61440K), 0.0047553 secs]
[GC (Allocation Failure)  42613K->26781K(61440K), 0.0183560 secs]
[Full GC (Ergonomics)  26781K->12757K(61440K), 0.0401961 secs]
[GC (Allocation Failure)  37333K->16885K(61440K), 0.0083843 secs]
[GC (Allocation Failure)  41461K->25685K(61440K), 0.0239561 secs]
[Full GC (Ergonomics)  25685K->14289K(61440K), 0.0455564 secs]
[GC (Allocation Failure)  38865K->19905K(61440K), 0.0107416 secs]
[GC (Allocation Failure)  44481K->30257K(61440K), 0.0262099 secs]
[Full GC (Ergonomics)  30257K->15821K(61440K), 0.0551773 secs]
[GC (Allocation Failure)  40397K->23005K(61440K), 0.0136082 secs]
[Full GC (Ergonomics)  23005K->8652K(61440K), 0.0283206 secs]
[GC (Allocation Failure)  33228K->24660K(61440K), 0.0298310 secs]
[Full GC (Ergonomics)  24660K->17354K(61440K), 0.0552828 secs]
[Full GC (Ergonomics)  41930K->10184K(61440K), 0.0310988 secs]
[GC (Allocation Failure)  34760K->11784K(61440K), 0.0027612 secs]
[GC (Allocation Failure)  36360K->20464K(61440K), 0.0175616 secs]
[GC (Allocation Failure)  45040K->19536K(61440K), 0.0054759 secs]
[GC (Allocation Failure)  44112K->28272K(61440K), 0.0193226 secs]
[Full GC (Ergonomics)  28272K->13248K(61440K), 0.0434152 secs]
[GC (Allocation Failure)  37824K->17808K(61440K), 0.0075168 secs]
[GC (Allocation Failure)  42384K->27112K(61440K), 0.0231902 secs]
[Full GC (Ergonomics)  27112K->14780K(61440K), 0.0483543 secs]
[GC (Allocation Failure)  39356K->20892K(61440K), 0.0116095 secs]
[GC (Allocation Failure)  45468K->31764K(61440K), 0.0273741 secs]
[Full GC (Ergonomics)  31764K->16312K(61440K), 0.0524573 secs]
[GC (Allocation Failure)  40888K->23984K(61440K), 0.0148948 secs]
[Full GC (Ergonomics)  23984K->9142K(61440K), 0.0282732 secs]
[GC (Allocation Failure)  33718K->9718K(61440K), 0.0022045 secs]
[GC (Allocation Failure)  34294K->18374K(61440K), 0.0137823 secs]
[GC (Allocation Failure)  42950K->16390K(61440K), 0.0038437 secs]
[GC (Allocation Failure)  40966K->25094K(61440K), 0.0180986 secs]
[Full GC (Ergonomics)  25094K->12206K(61440K), 0.0399762 secs]
[GC (Allocation Failure)  36782K->15822K(61440K), 0.0074468 secs]
[GC (Allocation Failure)  40398K->24542K(61440K), 0.0213329 secs]
[Full GC (Ergonomics)  24542K->13738K(61440K), 0.0471324 secs]
[GC (Allocation Failure)  38314K->18794K(61440K), 0.0105395 secs]
[GC (Allocation Failure)  43370K->28586K(61440K), 0.0270184 secs]
[Full GC (Ergonomics)  28586K->15270K(61440K), 0.0507783 secs]
[GC (Allocation Failure)  39846K->21878K(61440K), 0.0106996 secs]
[GC (Allocation Failure)  46454K->33238K(61440K), 0.0276614 secs]
[Full GC (Ergonomics)  33238K->16802K(61440K), 0.0538774 secs]
[GC (Allocation Failure)  41378K->24970K(61440K), 0.0150474 secs]
[Full GC (Ergonomics)  24970K->9632K(61440K), 0.0310502 secs]
[GC (Allocation Failure)  34208K->10656K(61440K), 0.0028819 secs]
[GC (Allocation Failure)  35232K->19368K(61440K), 0.0178309 secs]
[GC (Allocation Failure)  43944K->17880K(61440K), 0.0042352 secs]
[GC (Allocation Failure)  42456K->26552K(61440K), 0.0184421 secs]
[Full GC (Ergonomics)  26552K->12697K(61440K), 0.0391458 secs]
[GC (Allocation Failure)  37273K->16801K(61440K), 0.0074475 secs]
[GC (Allocation Failure)  41377K->25537K(61440K), 0.0232090 secs]
[Full GC (Ergonomics)  25537K->14229K(61440K), 0.0444000 secs]
[GC (Allocation Failure)  38805K->19781K(61440K), 0.0109345 secs]
[GC (Allocation Failure)  44357K->30093K(61440K), 0.0256892 secs]
[Full GC (Ergonomics)  30093K->15761K(61440K), 0.0508573 secs]
[GC (Allocation Failure)  40337K->22881K(61440K), 0.0133627 secs]
[Full GC (Ergonomics)  22881K->8591K(61440K), 0.0267997 secs]
[GC (Allocation Failure)  33167K->24535K(61440K), 0.0305253 secs]
[Full GC (Ergonomics)  24535K->17293K(61440K), 0.0556615 secs]
[Full GC (Ergonomics)  41869K->10123K(61440K), 0.0306437 secs]
[GC (Allocation Failure)  34699K->11627K(61440K), 0.0031870 secs]
[GC (Allocation Failure)  36203K->20355K(61440K), 0.0164054 secs]
[GC (Allocation Failure)  44931K->19323K(61440K), 0.0049203 secs]
[GC (Allocation Failure)  43899K->28067K(61440K), 0.0197174 secs]
[Full GC (Ergonomics)  28067K->13187K(61440K), 0.0409191 secs]
[GC (Allocation Failure)  37763K->17691K(61440K), 0.0074062 secs]
[GC (Allocation Failure)  42267K->26947K(61440K), 0.0240695 secs]
[Full GC (Ergonomics)  26947K->14719K(61440K), 0.0487773 secs]
[GC (Allocation Failure)  39295K->20783K(61440K), 0.0100193 secs]
[GC (Allocation Failure)  45359K->31575K(61440K), 0.0264623 secs]
[Full GC (Ergonomics)  31575K->16251K(61440K), 0.0530149 secs]
[GC (Allocation Failure)  40827K->23875K(61440K), 0.0144739 secs]
[Full GC (Ergonomics)  23875K->9081K(61440K), 0.0296299 secs]
[GC (Allocation Failure)  33657K->9561K(61440K), 0.0010874 secs]
[GC (Allocation Failure)  34137K->18257K(61440K), 0.0160411 secs]
[GC (Allocation Failure)  42833K->16161K(61440K), 0.0034210 secs]
[GC (Allocation Failure)  40737K->24913K(61440K), 0.0176758 secs]
[Full GC (Ergonomics)  24913K->12145K(61440K), 0.0379185 secs]
[GC (Allocation Failure)  36721K->15697K(61440K), 0.0065376 secs]
[GC (Allocation Failure)  40273K->24417K(61440K), 0.0218974 secs]
[Full GC (Ergonomics)  24417K->13677K(61440K), 0.0428647 secs]
[GC (Allocation Failure)  38253K->18677K(61440K), 0.0093495 secs]
[GC (Allocation Failure)  43253K->28413K(61440K), 0.0243103 secs]
[Full GC (Ergonomics)  28413K->15209K(61440K), 0.0488848 secs]
[GC (Allocation Failure)  39785K->21769K(61440K), 0.0121736 secs]
[GC (Allocation Failure)  46345K->33057K(61440K), 0.0278522 secs]
[Full GC (Ergonomics)  33057K->16742K(61440K), 0.0537095 secs]
[GC (Allocation Failure)  41318K->24854K(61440K), 0.0164732 secs]
[Full GC (Ergonomics)  24854K->9572K(61440K), 0.0315456 secs]
[GC (Allocation Failure)  34148K->10532K(61440K), 0.0023355 secs]
[GC (Allocation Failure)  35108K->19244K(61440K), 0.0170585 secs]
[GC (Allocation Failure)  43820K->17660K(61440K), 0.0043454 secs]
[GC (Allocation Failure)  42236K->26380K(61440K), 0.0178840 secs]
[Full GC (Ergonomics)  26380K->12636K(61440K), 0.0396912 secs]
[GC (Allocation Failure)  37212K->16636K(61440K), 0.0073376 secs]
[GC (Allocation Failure)  41212K->25404K(61440K), 0.0226514 secs]
[Full GC (Ergonomics)  25404K->14168K(61440K), 0.0445070 secs]
[GC (Allocation Failure)  38744K->19664K(61440K), 0.0100578 secs]
[GC (Allocation Failure)  44240K->29904K(61440K), 0.0251033 secs]
[Full GC (Ergonomics)  29904K->15700K(61440K), 0.0510493 secs]
[GC (Allocation Failure)  40276K->22764K(61440K), 0.0141429 secs]
[Full GC (Ergonomics)  22764K->8530K(61440K), 0.0285275 secs]
[GC (Allocation Failure)  33106K->24402K(61440K), 0.0322489 secs]
[Full GC (Ergonomics)  24402K->17232K(61440K), 0.0549721 secs]
[Full GC (Ergonomics)  41808K->10062K(61440K), 0.0304564 secs]
[GC (Allocation Failure)  34638K->11534K(61440K), 0.0032701 secs]
[GC (Allocation Failure)  36110K->20222K(61440K), 0.0154902 secs]
[GC (Allocation Failure)  44798K->19126K(61440K), 0.0056150 secs]
[GC (Allocation Failure)  43702K->27878K(61440K), 0.0220553 secs]
[Full GC (Ergonomics)  27878K->13126K(61440K), 0.0441484 secs]
[GC (Allocation Failure)  37702K->17566K(61440K), 0.0091645 secs]
[GC (Allocation Failure)  42142K->26750K(61440K), 0.0274502 secs]
[Full GC (Ergonomics)  26750K->14658K(61440K), 0.0458421 secs]
[GC (Allocation Failure)  39234K->20658K(61440K), 0.0114362 secs]
[GC (Allocation Failure)  45234K->31402K(61440K), 0.0256644 secs]
[Full GC (Ergonomics)  31402K->16190K(61440K), 0.0516334 secs]
[GC (Allocation Failure)  40766K->23742K(61440K), 0.0144240 secs]
[Full GC (Ergonomics)  23742K->9020K(61440K), 0.0295287 secs]
[GC (Allocation Failure)  33596K->9372K(61440K), 0.0016327 secs]
[GC (Allocation Failure)  33948K->18132K(61440K), 0.0159141 secs]
[GC (Allocation Failure)  42708K->16028K(61440K), 0.0026345 secs]
[GC (Allocation Failure)  40604K->24708K(61440K), 0.0149894 secs]
[Full GC (Ergonomics)  24708K->12085K(61440K), 0.0369467 secs]
[GC (Allocation Failure)  36661K->15573K(61440K), 0.0058817 secs]
[GC (Allocation Failure)  40149K->24301K(61440K), 0.0190608 secs]
[Full GC (Ergonomics)  24301K->13617K(61440K), 0.0423279 secs]
[GC (Allocation Failure)  38193K->18561K(61440K), 0.0075290 secs]
[GC (Allocation Failure)  43137K->28241K(61440K), 0.0236015 secs]
[Full GC (Ergonomics)  28241K->15149K(61440K), 0.0482467 secs]
[GC (Allocation Failure)  39725K->21645K(61440K), 0.0113435 secs]
[GC (Allocation Failure)  46221K->32893K(61440K), 0.0268953 secs]
[Full GC (Ergonomics)  32893K->16681K(61440K), 0.0529855 secs]
[GC (Allocation Failure)  41257K->24729K(61440K), 0.0141849 secs]
[Full GC (Ergonomics)  24729K->9511K(61440K), 0.0306689 secs]
[GC (Allocation Failure)  34087K->10407K(61440K), 0.0019212 secs]
[GC (Allocation Failure)  34983K->19119K(61440K), 0.0160560 secs]
[GC (Allocation Failure)  43695K->17463K(61440K), 0.0041647 secs]
[GC (Allocation Failure)  42039K->26191K(61440K), 0.0179959 secs]
[Full GC (Ergonomics)  26191K->12575K(61440K), 0.0391237 secs]
[GC (Allocation Failure)  37151K->16575K(61440K), 0.0070838 secs]
[GC (Allocation Failure)  41151K->25295K(61440K), 0.0217013 secs]
[Full GC (Ergonomics)  25295K->14107K(61440K), 0.0452392 secs]
[GC (Allocation Failure)  38683K->19547K(61440K), 0.0092031 secs]
[GC (Allocation Failure)  44123K->29723K(61440K), 0.0250491 secs]
[Full GC (Ergonomics)  29723K->15639K(61440K), 0.0498288 secs]
[GC (Allocation Failure)  40215K->22631K(61440K), 0.0121240 secs]
[GC (Allocation Failure)  47207K->34359K(61440K), 0.0270200 secs]
[Full GC (Ergonomics)  34359K->17171K(61440K), 0.0559351 secs]
[Full GC (Ergonomics)  41747K->10001K(61440K), 0.0308741 secs]
[GC (Allocation Failure)  34577K->11409K(61440K), 0.0032477 secs]
[GC (Allocation Failure)  35985K->20105K(61440K), 0.0173171 secs]
[GC (Allocation Failure)  44681K->18969K(61440K), 0.0051943 secs]
[GC (Allocation Failure)  43545K->27681K(61440K), 0.0195248 secs]
[Full GC (Ergonomics)  27681K->13065K(61440K), 0.0437855 secs]
[GC (Allocation Failure)  37641K->17441K(61440K), 0.0090600 secs]
[GC (Allocation Failure)  42017K->26561K(61440K), 0.0249484 secs]
[Full GC (Ergonomics)  26561K->14597K(61440K), 0.0511651 secs]
[GC (Allocation Failure)  39173K->20541K(61440K), 0.0125679 secs]
[GC (Allocation Failure)  45117K->31213K(61440K), 0.0321277 secs]
[Full GC (Ergonomics)  31213K->16130K(61440K), 0.0549208 secs]
[GC (Allocation Failure)  40706K->23618K(61440K), 0.0153794 secs]
[Full GC (Ergonomics)  23618K->8960K(61440K), 0.0307118 secs]
[GC (Allocation Failure)  33536K->9280K(61440K), 0.0014071 secs]
[GC (Allocation Failure)  33856K->18000K(61440K), 0.0178490 secs]
[GC (Allocation Failure)  42576K->15808K(61440K), 0.0040854 secs]
[GC (Allocation Failure)  40384K->24520K(61440K), 0.0183022 secs]
[Full GC (Ergonomics)  24520K->12024K(61440K), 0.0371569 secs]
[GC (Allocation Failure)  36600K->15448K(61440K), 0.0061783 secs]
[GC (Allocation Failure)  40024K->24176K(61440K), 0.0215512 secs]
[Full GC (Ergonomics)  24176K->13556K(61440K), 0.0429077 secs]
[GC (Allocation Failure)  38132K->18420K(61440K), 0.0092239 secs]
[GC (Allocation Failure)  42996K->28052K(61440K), 0.0238913 secs]
[Full GC (Ergonomics)  28052K->15088K(61440K), 0.0481598 secs]
[GC (Allocation Failure)  39664K->21520K(61440K), 0.0121694 secs]
[GC (Allocation Failure)  46096K->32688K(61440K), 0.0275715 secs]
[Full GC (Ergonomics)  32688K->16620K(61440K), 0.0539757 secs]
[GC (Allocation Failure)  41196K->24620K(61440K), 0.0160936 secs]
[Full GC (Ergonomics)  24620K->9450K(61440K), 0.0323887 secs]
[GC (Allocation Failure)  34026K->10282K(61440K), 0.0019847 secs]
[GC (Allocation Failure)  34858K->18994K(61440K), 0.0161136 secs]
[GC (Allocation Failure)  43570K->17274K(61440K), 0.0045328 secs]
[GC (Allocation Failure)  41850K->26002K(61440K), 0.0183047 secs]
[Full GC (Ergonomics)  26002K->12514K(61440K), 0.0409759 secs]
[GC (Allocation Failure)  37090K->16482K(61440K), 0.0083680 secs]
[GC (Allocation Failure)  41058K->25170K(61440K), 0.0241612 secs]
[Full GC (Ergonomics)  25170K->14046K(61440K), 0.0442661 secs]
[GC (Allocation Failure)  38622K->19422K(61440K), 0.0104036 secs]
[GC (Allocation Failure)  43998K->29542K(61440K), 0.0243135 secs]
[Full GC (Ergonomics)  29542K->15578K(61440K), 0.0481017 secs]
[GC (Allocation Failure)  40154K->22498K(61440K), 0.0120821 secs]
[GC (Allocation Failure)  47074K->34178K(61440K), 0.0271682 secs]
[Full GC (Ergonomics)  34178K->17110K(61440K), 0.0562762 secs]
[Full GC (Ergonomics)  41686K->9940K(61440K), 0.0304369 secs]
[GC (Allocation Failure)  34516K->11252K(61440K), 0.0030732 secs]
[GC (Allocation Failure)  35828K->19980K(61440K), 0.0176353 secs]
[GC (Allocation Failure)  44556K->18772K(61440K), 0.0056894 secs]
[GC (Allocation Failure)  43348K->27476K(61440K), 0.0198082 secs]
[Full GC (Ergonomics)  27476K->13005K(61440K), 0.0372305 secs]
[GC (Allocation Failure)  37581K->17309K(61440K), 0.0079343 secs]
[GC (Allocation Failure)  41885K->26373K(61440K), 0.0228179 secs]
[Full GC (Ergonomics)  26373K->14537K(61440K), 0.0443027 secs]
[GC (Allocation Failure)  39113K->20401K(61440K), 0.0115203 secs]
[GC (Allocation Failure)  44977K->31009K(61440K), 0.0268530 secs]
[Full GC (Ergonomics)  31009K->16069K(61440K), 0.0531700 secs]
[GC (Allocation Failure)  40645K->23509K(61440K), 0.0149148 secs]
[Full GC (Ergonomics)  23509K->8899K(61440K), 0.0296503 secs]
[GC (Allocation Failure)  33475K->9123K(61440K), 0.0016817 secs]
[GC (Allocation Failure)  33699K->17883K(61440K), 0.0149844 secs]
[GC (Allocation Failure)  42459K->15651K(61440K), 0.0034844 secs]
[GC (Allocation Failure)  40227K->24339K(61440K), 0.0175711 secs]
[Full GC (Ergonomics)  24339K->11963K(61440K), 0.0374072 secs]
[GC (Allocation Failure)  36539K->15355K(61440K), 0.0059441 secs]
[GC (Allocation Failure)  39931K->24059K(61440K), 0.0207230 secs]
[Full GC (Ergonomics)  24059K->13495K(61440K), 0.0429471 secs]
[GC (Allocation Failure)  38071K->18311K(61440K), 0.0095351 secs]
[GC (Allocation Failure)  42887K->27879K(61440K), 0.0243840 secs]
[Full GC (Ergonomics)  27879K->15027K(61440K), 0.0483843 secs]
[GC (Allocation Failure)  39603K->21403K(61440K), 0.0126378 secs]
[GC (Allocation Failure)  45979K->32515K(61440K), 0.0271064 secs]
[Full GC (Ergonomics)  32515K->16559K(61440K), 0.0551327 secs]
[GC (Allocation Failure)  41135K->24487K(61440K), 0.0155591 secs]
[Full GC (Ergonomics)  24487K->9389K(61440K), 0.0316333 secs]
[GC (Allocation Failure)  33965K->10189K(61440K), 0.0021590 secs]
[GC (Allocation Failure)  34765K->18869K(61440K), 0.0161675 secs]
[GC (Allocation Failure)  43445K->17085K(61440K), 0.0042885 secs]
[GC (Allocation Failure)  41661K->25829K(61440K), 0.0183711 secs]
[Full GC (Ergonomics)  25829K->12453K(61440K), 0.0376150 secs]
[GC (Allocation Failure)  37029K->16261K(61440K), 0.0074566 secs]
[GC (Allocation Failure)  40837K->25045K(61440K), 0.0220707 secs]
[Full GC (Ergonomics)  25045K->13985K(61440K), 0.0432259 secs]
[GC (Allocation Failure)  38561K->19305K(61440K), 0.0092245 secs]
[GC (Allocation Failure)  43881K->29345K(61440K), 0.0245958 secs]
[Full GC (Ergonomics)  29345K->15518K(61440K), 0.0516065 secs]
[GC (Allocation Failure)  40094K->22382K(61440K), 0.0136924 secs]
[GC (Allocation Failure)  46958K->33982K(61440K), 0.0283087 secs]
[Full GC (Ergonomics)  33982K->17050K(61440K), 0.0575321 secs]
[Full GC (Ergonomics)  41626K->9880K(61440K), 0.0306325 secs]
[GC (Allocation Failure)  34456K->11192K(61440K), 0.0027564 secs]
[GC (Allocation Failure)  35768K->19856K(61440K), 0.0171057 secs]
[GC (Allocation Failure)  44432K->18592K(61440K), 0.0046707 secs]
[GC (Allocation Failure)  43168K->27304K(61440K), 0.0189964 secs]
[Full GC (Ergonomics)  27304K->12944K(61440K), 0.0405897 secs]
[GC (Allocation Failure)  37520K->17200K(61440K), 0.0080663 secs]
[GC (Allocation Failure)  41776K->26192K(61440K), 0.0232245 secs]
[Full GC (Ergonomics)  26192K->14476K(61440K), 0.0459499 secs]
[GC (Allocation Failure)  39052K->20300K(61440K), 0.0109907 secs]
[GC (Allocation Failure)  44876K->30844K(61440K), 0.0261421 secs]
[Full GC (Ergonomics)  30844K->16008K(61440K), 0.0513770 secs]
[GC (Allocation Failure)  40584K->23384K(61440K), 0.0145428 secs]
[Full GC (Ergonomics)  23384K->8838K(61440K), 0.0278227 secs]
[GC (Allocation Failure)  33414K->9030K(61440K), 0.0010145 secs]
[GC (Allocation Failure)  33606K->17758K(61440K), 0.0146084 secs]
[GC (Allocation Failure)  42334K->15470K(61440K), 0.0035460 secs]
[GC (Allocation Failure)  40046K->24150K(61440K), 0.0182230 secs]
[Full GC (Ergonomics)  24150K->11902K(61440K), 0.0359171 secs]
[GC (Allocation Failure)  36478K->15262K(61440K), 0.0064735 secs]
[GC (Allocation Failure)  39838K->23934K(61440K), 0.0212632 secs]
[Full GC (Ergonomics)  23934K->13434K(61440K), 0.0391076 secs]
[GC (Allocation Failure)  38010K->18186K(61440K), 0.0102765 secs]
[GC (Allocation Failure)  42762K->27682K(61440K), 0.0269265 secs]
[Full GC (Ergonomics)  27682K->14966K(61440K), 0.0531206 secs]
[GC (Allocation Failure)  39542K->21270K(61440K), 0.0127154 secs]
[GC (Allocation Failure)  45846K->32326K(61440K), 0.0271972 secs]
[Full GC (Ergonomics)  32326K->16498K(61440K), 0.0544899 secs]
[GC (Allocation Failure)  41074K->24370K(61440K), 0.0159001 secs]
[Full GC (Ergonomics)  24370K->9328K(61440K), 0.0310130 secs]
[GC (Allocation Failure)  33904K->10064K(61440K), 0.0021713 secs]
[GC (Allocation Failure)  34640K->18752K(61440K), 0.0168027 secs]
[GC (Allocation Failure)  43328K->16952K(61440K), 0.0038450 secs]
[GC (Allocation Failure)  41528K->25656K(61440K), 0.0185387 secs]
[Full GC (Ergonomics)  25656K->12393K(61440K), 0.0387135 secs]
[GC (Allocation Failure)  36969K->16201K(61440K), 0.0070205 secs]
[GC (Allocation Failure)  40777K->24921K(61440K), 0.0219075 secs]
[Full GC (Ergonomics)  24921K->13925K(61440K), 0.0438859 secs]
[GC (Allocation Failure)  38501K->19173K(61440K), 0.0095936 secs]
[GC (Allocation Failure)  43749K->29173K(61440K), 0.0248919 secs]
[Full GC (Ergonomics)  29173K->15457K(61440K), 0.0501970 secs]
[GC (Allocation Failure)  40033K->22265K(61440K), 0.0134853 secs]
[GC (Allocation Failure)  46841K->33801K(61440K), 0.0271853 secs]
[Full GC (Ergonomics)  33801K->16989K(61440K), 0.0559867 secs]
[GC (Allocation Failure)  41565K->25349K(61440K), 0.0171781 secs]
[Full GC (Ergonomics)  25349K->9819K(61440K), 0.0321582 secs]
[GC (Allocation Failure)  34395K->11035K(61440K), 0.0020471 secs]
[GC (Allocation Failure)  35611K->19731K(61440K), 0.0162877 secs]
[GC (Allocation Failure)  44307K->18443K(61440K), 0.0042259 secs]
[GC (Allocation Failure)  43019K->27147K(61440K), 0.0196289 secs]
[Full GC (Ergonomics)  27147K->12883K(61440K), 0.0393669 secs]
[GC (Allocation Failure)  37459K->17075K(61440K), 0.0068689 secs]
[GC (Allocation Failure)  41651K->25995K(61440K), 0.0229988 secs]
[Full GC (Ergonomics)  25995K->14415K(61440K), 0.0459619 secs]
[GC (Allocation Failure)  38991K->20159K(61440K), 0.0099870 secs]
[GC (Allocation Failure)  44735K->30655K(61440K), 0.0272135 secs]
[Full GC (Ergonomics)  30655K->15947K(61440K), 0.0498490 secs]
[GC (Allocation Failure)  40523K->23251K(61440K), 0.0141098 secs]
[Full GC (Ergonomics)  23251K->8777K(61440K), 0.0281028 secs]
[GC (Allocation Failure)  33353K->8905K(61440K), 0.0013893 secs]
[GC (Allocation Failure)  33481K->17633K(61440K), 0.0147879 secs]
[GC (Allocation Failure)  42209K->15297K(61440K), 0.0035844 secs]
[GC (Allocation Failure)  39873K->23977K(61440K), 0.0172731 secs]
[Full GC (Ergonomics)  23977K->11841K(61440K), 0.0369813 secs]
[GC (Allocation Failure)  36417K->15105K(61440K), 0.0058922 secs]
[GC (Allocation Failure)  39681K->23801K(61440K), 0.0211093 secs]
[Full GC (Ergonomics)  23801K->13373K(61440K), 0.0421166 secs]
[GC (Allocation Failure)  37949K->18069K(61440K), 0.0094641 secs]
[GC (Allocation Failure)  42645K->27493K(61440K), 0.0233753 secs]
[Full GC (Ergonomics)  27493K->14906K(61440K), 0.0481546 secs]
[GC (Allocation Failure)  39482K->21138K(61440K), 0.0120311 secs]
[GC (Allocation Failure)  45714K->32130K(61440K), 0.0271098 secs]
[Full GC (Ergonomics)  32130K->16438K(61440K), 0.0538037 secs]
[GC (Allocation Failure)  41014K->24230K(61440K), 0.0156494 secs]
[Full GC (Ergonomics)  24230K->9268K(61440K), 0.0300674 secs]
[GC (Allocation Failure)  33844K->9940K(61440K), 0.0024055 secs]
[GC (Allocation Failure)  34516K->18628K(61440K), 0.0147772 secs]
[GC (Allocation Failure)  43204K->16796K(61440K), 0.0035082 secs]
[GC (Allocation Failure)  41372K->25508K(61440K), 0.0172580 secs]
[Full GC (Ergonomics)  25508K->12332K(61440K), 0.0376876 secs]
[GC (Allocation Failure)  36908K->16108K(61440K), 0.0067260 secs]
[GC (Allocation Failure)  40684K->24804K(61440K), 0.0220251 secs]
[Full GC (Ergonomics)  24804K->13864K(61440K), 0.0440587 secs]
[GC (Allocation Failure)  38440K->19048K(61440K), 0.0098528 secs]
[GC (Allocation Failure)  43624K->28976K(61440K), 0.0240624 secs]
[Full GC (Ergonomics)  28976K->15396K(61440K), 0.0487566 secs]
[GC (Allocation Failure)  39972K->22140K(61440K), 0.0127578 secs]
[GC (Allocation Failure)  46716K->33620K(61440K), 0.0347202 secs]
[Full GC (Ergonomics)  33620K->16928K(61440K), 0.0561155 secs]
[GC (Allocation Failure)  41504K->25224K(61440K), 0.0168708 secs]
[Full GC (Ergonomics)  25224K->9758K(61440K), 0.0295612 secs]
[GC (Allocation Failure)  34334K->10910K(61440K), 0.0027281 secs]
[GC (Allocation Failure)  35486K->19630K(61440K), 0.0171339 secs]
[GC (Allocation Failure)  44206K->18278K(61440K), 0.0047332 secs]
[GC (Allocation Failure)  42854K->26998K(61440K), 0.0188524 secs]
[Full GC (Ergonomics)  26998K->12822K(61440K), 0.0387957 secs]
[GC (Allocation Failure)  37398K->16982K(61440K), 0.0079279 secs]
[GC (Allocation Failure)  41558K->25854K(61440K), 0.0246741 secs]
[Full GC (Ergonomics)  25854K->14354K(61440K), 0.0485797 secs]
[GC (Allocation Failure)  38930K->20042K(61440K), 0.0156061 secs]
[GC (Allocation Failure)  44618K->30466K(61440K), 0.0385801 secs]
[Full GC (Ergonomics)  30466K->15886K(61440K), 0.0789060 secs]
[GC (Allocation Failure)  40462K->23134K(61440K), 0.0213279 secs]
[Full GC (Ergonomics)  23134K->8716K(61440K), 0.0416041 secs]
[GC (Allocation Failure)  33292K->24796K(61440K), 0.0436611 secs]
[Full GC (Ergonomics)  24796K->17418K(61440K), 0.0766758 secs]
[Full GC (Ergonomics)  41994K->10249K(61440K), 0.0477513 secs]
[GC (Allocation Failure)  34825K->11849K(61440K), 0.0053237 secs]
[GC (Allocation Failure)  36425K->20593K(61440K), 0.0305447 secs]
[GC (Allocation Failure)  45169K->19721K(61440K), 0.0092040 secs]
[GC (Allocation Failure)  44297K->28465K(61440K), 0.0318142 secs]
[Full GC (Ergonomics)  28465K->13313K(61440K), 0.0589716 secs]
[GC (Allocation Failure)  37889K->17945K(61440K), 0.0141067 secs]
[GC (Allocation Failure)  42521K->27297K(61440K), 0.0356440 secs]
[Full GC (Ergonomics)  27297K->14845K(61440K), 0.0621016 secs]
[GC (Allocation Failure)  39421K->21029K(61440K), 0.0139493 secs]
[GC (Allocation Failure)  45605K->31949K(61440K), 0.0387949 secs]
[Full GC (Ergonomics)  31949K->16377K(61440K), 0.0689184 secs]
[GC (Allocation Failure)  40953K->24121K(61440K), 0.0198466 secs]
[Full GC (Ergonomics)  24121K->9207K(61440K), 0.0331153 secs]
[GC (Allocation Failure)  33783K->9815K(61440K), 0.0027842 secs]
[GC (Allocation Failure)  34391K->18495K(61440K), 0.0206508 secs]
[GC (Allocation Failure)  43071K->16591K(61440K), 0.0042136 secs]
[GC (Allocation Failure)  41167K->25271K(61440K), 0.0231274 secs]
[Full GC (Ergonomics)  25271K->12271K(61440K), 0.0486218 secs]
[GC (Allocation Failure)  36847K->15919K(61440K), 0.0113202 secs]
[GC (Allocation Failure)  40495K->24671K(61440K), 0.0312672 secs]
[Full GC (Ergonomics)  24671K->13803K(61440K), 0.0603388 secs]
[GC (Allocation Failure)  38379K->18931K(61440K), 0.0130013 secs]
[GC (Allocation Failure)  43507K->28803K(61440K), 0.0321619 secs]
[Full GC (Ergonomics)  28803K->15335K(61440K), 0.0627840 secs]
[GC (Allocation Failure)  39911K->22015K(61440K), 0.0197158 secs]
[GC (Allocation Failure)  46591K->33423K(61440K), 0.0478869 secs]
[Full GC (Ergonomics)  33423K->16867K(61440K), 0.0957064 secs]
[GC (Allocation Failure)  41443K->25115K(61440K), 0.0242585 secs]
[Full GC (Ergonomics)  25115K->9697K(61440K), 0.0384037 secs]
[GC (Allocation Failure)  34273K->10753K(61440K), 0.0031081 secs]
[GC (Allocation Failure)  35329K->19489K(61440K), 0.0221199 secs]
[GC (Allocation Failure)  44065K->18065K(61440K), 0.0056758 secs]
[GC (Allocation Failure)  42641K->26801K(61440K), 0.0268580 secs]
[Full GC (Ergonomics)  26801K->12761K(61440K), 0.0564897 secs]
[GC (Allocation Failure)  37337K->16889K(61440K), 0.0121486 secs]
[GC (Allocation Failure)  41465K->25697K(61440K), 0.0338054 secs]
[Full GC (Ergonomics)  25697K->14294K(61440K), 0.0598583 secs]
[GC (Allocation Failure)  38870K->19926K(61440K), 0.0143895 secs]
[GC (Allocation Failure)  44502K->30302K(61440K), 0.0296517 secs]
[Full GC (Ergonomics)  30302K->15826K(61440K), 0.0542934 secs]
[GC (Allocation Failure)  40402K->23018K(61440K), 0.0148749 secs]
[Full GC (Ergonomics)  23018K->8656K(61440K), 0.0284944 secs]
[GC (Allocation Failure)  33232K->24672K(61440K), 0.0319945 secs]
[Full GC (Ergonomics)  24672K->17358K(61440K), 0.0597244 secs]
[Full GC (Ergonomics)  41934K->10188K(61440K), 0.0339924 secs]
[GC (Allocation Failure)  34764K->11756K(61440K), 0.0028895 secs]
[GC (Allocation Failure)  36332K->20476K(61440K), 0.0224074 secs]
[GC (Allocation Failure)  45052K->19524K(61440K), 0.0059931 secs]
[GC (Allocation Failure)  44100K->28268K(61440K), 0.0239874 secs]
[Full GC (Ergonomics)  28268K->13252K(61440K), 0.0436218 secs]
[GC (Allocation Failure)  37828K->17820K(61440K), 0.0087034 secs]
[GC (Allocation Failure)  42396K->27140K(61440K), 0.0257506 secs]
[Full GC (Ergonomics)  27140K->14784K(61440K), 0.0528209 secs]
[GC (Allocation Failure)  39360K->20904K(61440K), 0.0124984 secs]
[GC (Allocation Failure)  45480K->31768K(61440K), 0.0291449 secs]
[Full GC (Ergonomics)  31768K->16316K(61440K), 0.0574931 secs]
[GC (Allocation Failure)  40892K->23996K(61440K), 0.0140159 secs]
[Full GC (Ergonomics)  23996K->9146K(61440K), 0.0301799 secs]
[GC (Allocation Failure)  33722K->9690K(61440K), 0.0018603 secs]
[GC (Allocation Failure)  34266K->18378K(61440K), 0.0157772 secs]
[GC (Allocation Failure)  42954K->16314K(61440K), 0.0046025 secs]
[GC (Allocation Failure)  40890K->25082K(61440K), 0.0172704 secs]
[Full GC (Ergonomics)  25082K->12210K(61440K), 0.0374660 secs]
[GC (Allocation Failure)  36786K->15826K(61440K), 0.0080075 secs]
[GC (Allocation Failure)  40402K->24554K(61440K), 0.0242551 secs]
[Full GC (Ergonomics)  24554K->13742K(61440K), 0.0448718 secs]
[GC (Allocation Failure)  38318K->18814K(61440K), 0.0128079 secs]
[GC (Allocation Failure)  43390K->28630K(61440K), 0.0346544 secs]
[Full GC (Ergonomics)  28630K->15274K(61440K), 0.0657780 secs]
[GC (Allocation Failure)  39850K->21906K(61440K), 0.0177212 secs]
[GC (Allocation Failure)  46482K->33266K(61440K), 0.0403071 secs]
[Full GC (Ergonomics)  33266K->16806K(61440K), 0.0705547 secs]
[GC (Allocation Failure)  41382K->24982K(61440K), 0.0219131 secs]
[Full GC (Ergonomics)  24982K->9637K(61440K), 0.0397827 secs]
[GC (Allocation Failure)  34213K->10661K(61440K), 0.0025631 secs]
[GC (Allocation Failure)  35237K->19373K(61440K), 0.0175291 secs]
[GC (Allocation Failure)  43949K->17853K(61440K), 0.0040882 secs]
[GC (Allocation Failure)  42429K->26573K(61440K), 0.0194590 secs]
[Full GC (Ergonomics)  26573K->12701K(61440K), 0.0393023 secs]
[GC (Allocation Failure)  37277K->16797K(61440K), 0.0077937 secs]
[GC (Allocation Failure)  41373K->25541K(61440K), 0.0239358 secs]
[Full GC (Ergonomics)  25541K->14233K(61440K), 0.0430549 secs]
[GC (Allocation Failure)  38809K->19793K(61440K), 0.0107029 secs]
[GC (Allocation Failure)  44369K->30105K(61440K), 0.0258899 secs]
[Full GC (Ergonomics)  30105K->15765K(61440K), 0.0620046 secs]
[GC (Allocation Failure)  40341K->22885K(61440K), 0.0167154 secs]
[Full GC (Ergonomics)  22885K->8595K(61440K), 0.0315774 secs]
[GC (Allocation Failure)  33171K->24547K(61440K), 0.0383143 secs]
[Full GC (Ergonomics)  24547K->17297K(61440K), 0.0563995 secs]
[Full GC (Ergonomics)  41873K->10127K(61440K), 0.0311331 secs]
[GC (Allocation Failure)  34703K->11695K(61440K), 0.0031989 secs]
[GC (Allocation Failure)  36271K->20367K(61440K), 0.0166989 secs]
[GC (Allocation Failure)  44943K->19375K(61440K), 0.0061845 secs]
[GC (Allocation Failure)  43951K->28127K(61440K), 0.0257840 secs]
[Full GC (Ergonomics)  28127K->13191K(61440K), 0.0419246 secs]
[GC (Allocation Failure)  37767K->17703K(61440K), 0.0082445 secs]
[GC (Allocation Failure)  42279K->26951K(61440K), 0.0232645 secs]
[Full GC (Ergonomics)  26951K->14723K(61440K), 0.0460005 secs]
[GC (Allocation Failure)  39299K->20787K(61440K), 0.0113871 secs]
[GC (Allocation Failure)  45363K->31595K(61440K), 0.0265907 secs]
[Full GC (Ergonomics)  31595K->16255K(61440K), 0.0521471 secs]
[GC (Allocation Failure)  40831K->23871K(61440K), 0.0158857 secs]
[Full GC (Ergonomics)  23871K->9085K(61440K), 0.0286257 secs]
[GC (Allocation Failure)  33661K->9565K(61440K), 0.0011560 secs]
[GC (Allocation Failure)  34141K->18253K(61440K), 0.0188137 secs]
[GC (Allocation Failure)  42829K->16229K(61440K), 0.0040942 secs]
[GC (Allocation Failure)  40805K->24917K(61440K), 0.0181979 secs]
[Full GC (Ergonomics)  24917K->12149K(61440K), 0.0386063 secs]
[GC (Allocation Failure)  36725K->15733K(61440K), 0.0060235 secs]
[GC (Allocation Failure)  40309K->24429K(61440K), 0.0286310 secs]
[Full GC (Ergonomics)  24429K->13682K(61440K), 0.0547309 secs]
[GC (Allocation Failure)  38258K->18682K(61440K), 0.0110546 secs]
[GC (Allocation Failure)  43258K->28418K(61440K), 0.0270939 secs]
[Full GC (Ergonomics)  28418K->15214K(61440K), 0.0524290 secs]
[GC (Allocation Failure)  39790K->21790K(61440K), 0.0135255 secs]
[GC (Allocation Failure)  46366K->33078K(61440K), 0.0308656 secs]
[Full GC (Ergonomics)  33078K->16746K(61440K), 0.0604077 secs]
[GC (Allocation Failure)  41322K->24850K(61440K), 0.0159541 secs]
[Full GC (Ergonomics)  24850K->9576K(61440K), 0.0319498 secs]
[GC (Allocation Failure)  34152K->10568K(61440K), 0.0023715 secs]
[GC (Allocation Failure)  35144K->19256K(61440K), 0.0167273 secs]
[GC (Allocation Failure)  43832K->17704K(61440K), 0.0047369 secs]
[GC (Allocation Failure)  42280K->26384K(61440K), 0.0193342 secs]
[Full GC (Ergonomics)  26384K->12640K(61440K), 0.0394472 secs]
[GC (Allocation Failure)  37216K->16672K(61440K), 0.0080790 secs]
[GC (Allocation Failure)  41248K->25424K(61440K), 0.0254642 secs]
[Full GC (Ergonomics)  25424K->14172K(61440K), 0.0478950 secs]
