Buffer size: 65536; Object size: 192; Weak refs for all: true
[GC (System.gc())  8475K->1928K(61440K), 0.0022125 secs]
[Full GC (System.gc())  1928K->1728K(61440K), 0.0108639 secs]
[GC (Allocation Failure)  26304K->3072K(61440K), 0.0132267 secs]
[GC (Allocation Failure)  27648K->2280K(61440K), 0.0048668 secs]
[GC (Allocation Failure)  26856K->3544K(61440K), 0.0261711 secs]
[GC (Allocation Failure)  28120K->2680K(61440K), 0.0119711 secs]
[GC (Allocation Failure)  27256K->3960K(61440K), 0.0340221 secs]
[GC (Allocation Failure)  28536K->3128K(61440K), 0.0187867 secs]
[GC (Allocation Failure)  27704K->2264K(61440K), 0.0051127 secs]
[GC (Allocation Failure)  26840K->3512K(61440K), 0.0211667 secs]
[GC (Allocation Failure)  28088K->2648K(61440K), 0.0088182 secs]
[GC (Allocation Failure)  27224K->3928K(61440K), 0.0257022 secs]
[GC (Allocation Failure)  28504K->3128K(61440K), 0.0161030 secs]
[GC (Allocation Failure)  27704K->2264K(61440K), 0.0057277 secs]
[GC (Allocation Failure)  26840K->3512K(61440K), 0.0258216 secs]
[GC (Allocation Failure)  28088K->2680K(61440K), 0.0103805 secs]
[GC (Allocation Failure)  27256K->3960K(61440K), 0.0318822 secs]
[GC (Allocation Failure)  28536K->3160K(61440K), 0.0174294 secs]
[GC (Allocation Failure)  27736K->2296K(61440K), 0.0081206 secs]
[GC (Allocation Failure)  26872K->3480K(61440K), 0.0323598 secs]
[GC (Allocation Failure)  28056K->2776K(61440K), 0.0159955 secs]
[GC (Allocation Failure)  27352K->3928K(61440K), 0.0401403 secs]
[GC (Allocation Failure)  28504K->3064K(61440K), 0.0163658 secs]
[GC (Allocation Failure)  27640K->2232K(61440K), 0.0044614 secs]
[GC (Allocation Failure)  26808K->3512K(61440K), 0.0220150 secs]
[GC (Allocation Failure)  28088K->2648K(61440K), 0.0108599 secs]
[GC (Allocation Failure)  27224K->3928K(61440K), 0.0305670 secs]
[GC (Allocation Failure)  28504K->3160K(61440K), 0.0183775 secs]
[GC (Allocation Failure)  27736K->2328K(61440K), 0.0052102 secs]
[GC (Allocation Failure)  26904K->3544K(61440K), 0.0226285 secs]
[GC (Allocation Failure)  28120K->2712K(61440K), 0.0115821 secs]
[GC (Allocation Failure)  27288K->3928K(61440K), 0.0285360 secs]
[GC (Allocation Failure)  28504K->3064K(61440K), 0.0193717 secs]
[GC (Allocation Failure)  27640K->2296K(61440K), 0.0066025 secs]
[GC (Allocation Failure)  26872K->3480K(61440K), 0.0292883 secs]
[GC (Allocation Failure)  28056K->2680K(61440K), 0.0120656 secs]
[GC (Allocation Failure)  27256K->3928K(61440K), 0.0317209 secs]
[GC (Allocation Failure)  28504K->3096K(61440K), 0.0200179 secs]
[GC (Allocation Failure)  27672K->2296K(61440K), 0.0048741 secs]
[GC (Allocation Failure)  26872K->3512K(61440K), 0.0236336 secs]
[GC (Allocation Failure)  28088K->2712K(61440K), 0.0112726 secs]
[GC (Allocation Failure)  27288K->3896K(61440K), 0.0311326 secs]
[GC (Allocation Failure)  28472K->3096K(61440K), 0.0183267 secs]
[GC (Allocation Failure)  27672K->2264K(61440K), 0.0050946 secs]
[GC (Allocation Failure)  26840K->3544K(61440K), 0.0238246 secs]
[GC (Allocation Failure)  28120K->2680K(61440K), 0.0107444 secs]
[GC (Allocation Failure)  27256K->3896K(61440K), 0.0300766 secs]
[GC (Allocation Failure)  28472K->3096K(61440K), 0.0162428 secs]
[GC (Allocation Failure)  27672K->2296K(61440K), 0.0058559 secs]
[GC (Allocation Failure)  26872K->3512K(61440K), 0.0237097 secs]
[GC (Allocation Failure)  28088K->2680K(61440K), 0.0113720 secs]
[GC (Allocation Failure)  27256K->3960K(61440K), 0.0304468 secs]
[GC (Allocation Failure)  28536K->3096K(61440K), 0.0141522 secs]
[GC (Allocation Failure)  27672K->2264K(61440K), 0.0050845 secs]
[GC (Allocation Failure)  26840K->3512K(61440K), 0.0219253 secs]
[GC (Allocation Failure)  28088K->2712K(61440K), 0.0091793 secs]
[GC (Allocation Failure)  27288K->3864K(61440K), 0.0277784 secs]
[GC (Allocation Failure)  28440K->3064K(61440K), 0.0149517 secs]
[GC (Allocation Failure)  27640K->2264K(61440K), 0.0048732 secs]
[GC (Allocation Failure)  26840K->3480K(61440K), 0.0200775 secs]
[GC (Allocation Failure)  28056K->2648K(61440K), 0.0101203 secs]
[GC (Allocation Failure)  27224K->3928K(61440K), 0.0246587 secs]
[GC (Allocation Failure)  28504K->3096K(61440K), 0.0139499 secs]
[GC (Allocation Failure)  27672K->2264K(61440K), 0.0050684 secs]
[GC (Allocation Failure)  26840K->3512K(61440K), 0.0188791 secs]
[GC (Allocation Failure)  28088K->2712K(61440K), 0.0089521 secs]
[GC (Allocation Failure)  27288K->3864K(61440K), 0.0273805 secs]
[GC (Allocation Failure)  28440K->3128K(61440K), 0.0149531 secs]
[GC (Allocation Failure)  27704K->2296K(61440K), 0.0048661 secs]
[GC (Allocation Failure)  26872K->3544K(61440K), 0.0191173 secs]
[GC (Allocation Failure)  28120K->2744K(61440K), 0.0091433 secs]
[GC (Allocation Failure)  27320K->3864K(61440K), 0.0251544 secs]
[GC (Allocation Failure)  28440K->3096K(61440K), 0.0184177 secs]
[GC (Allocation Failure)  27672K->2264K(61440K), 0.0047898 secs]
[GC (Allocation Failure)  26840K->3544K(61440K), 0.0260636 secs]
[GC (Allocation Failure)  28120K->2712K(61440K), 0.0117472 secs]
[GC (Allocation Failure)  27288K->3896K(61440K), 0.0346446 secs]
[GC (Allocation Failure)  28472K->3128K(61440K), 0.0182640 secs]
[GC (Allocation Failure)  27704K->2296K(61440K), 0.0050967 secs]
[GC (Allocation Failure)  26872K->3448K(61440K), 0.0208517 secs]
[GC (Allocation Failure)  28024K->2680K(61440K), 0.0090638 secs]
[GC (Allocation Failure)  27256K->3896K(61440K), 0.0255596 secs]
[GC (Allocation Failure)  28472K->3096K(61440K), 0.0158134 secs]
[GC (Allocation Failure)  27672K->2232K(61440K), 0.0048777 secs]
[GC (Allocation Failure)  26808K->3512K(61440K), 0.0196560 secs]
[GC (Allocation Failure)  28088K->2680K(61440K), 0.0091744 secs]
[GC (Allocation Failure)  27256K->3896K(61440K), 0.0244651 secs]
[GC (Allocation Failure)  28472K->3096K(61440K), 0.0165815 secs]
[GC (Allocation Failure)  27672K->2264K(61440K), 0.0051277 secs]
[GC (Allocation Failure)  26840K->3512K(61440K), 0.0232666 secs]
[GC (Allocation Failure)  28088K->2744K(61440K), 0.0108425 secs]
[GC (Allocation Failure)  27320K->3960K(61440K), 0.0289546 secs]
[GC (Allocation Failure)  28536K->3128K(61440K), 0.0142771 secs]
[GC (Allocation Failure)  27704K->2232K(61440K), 0.0048167 secs]
[GC (Allocation Failure)  26808K->3480K(61440K), 0.0211757 secs]
[GC (Allocation Failure)  28056K->2648K(61440K), 0.0093689 secs]
[GC (Allocation Failure)  27224K->3896K(61440K), 0.0289672 secs]
[GC (Allocation Failure)  28472K->3096K(61440K), 0.0182187 secs]
[GC (Allocation Failure)  27672K->2264K(61440K), 0.0052526 secs]
[GC (Allocation Failure)  26840K->3512K(61440K), 0.0231320 secs]
[GC (Allocation Failure)  28088K->2744K(61440K), 0.0097067 secs]
[GC (Allocation Failure)  27320K->3928K(61440K), 0.0297073 secs]
[GC (Allocation Failure)  28504K->3160K(61440K), 0.0152326 secs]
[GC (Allocation Failure)  27736K->2264K(61440K), 0.0051185 secs]
[GC (Allocation Failure)  26840K->3480K(61440K), 0.0233426 secs]
[GC (Allocation Failure)  28056K->2712K(61440K), 0.0099885 secs]
[GC (Allocation Failure)  27288K->3928K(61440K), 0.0317889 secs]
[GC (Allocation Failure)  28504K->3032K(61440K), 0.0175663 secs]
[GC (Allocation Failure)  27608K->2296K(61440K), 0.0055810 secs]
[GC (Allocation Failure)  26872K->3480K(61440K), 0.0260023 secs]
[GC (Allocation Failure)  28056K->2680K(61440K), 0.0115362 secs]
[GC (Allocation Failure)  27256K->3928K(61440K), 0.0346518 secs]
[GC (Allocation Failure)  28504K->3064K(61440K), 0.0204100 secs]
[GC (Allocation Failure)  27640K->2264K(61440K), 0.0064861 secs]
[GC (Allocation Failure)  26840K->3512K(61440K), 0.0234121 secs]
[GC (Allocation Failure)  28088K->2680K(61440K), 0.0130398 secs]
[GC (Allocation Failure)  27256K->3896K(61440K), 0.0335378 secs]
[GC (Allocation Failure)  28472K->3128K(61440K), 0.0184164 secs]
[GC (Allocation Failure)  27704K->2264K(61440K), 0.0045629 secs]
[GC (Allocation Failure)  26840K->3544K(61440K), 0.0221152 secs]
[GC (Allocation Failure)  28120K->2680K(61440K), 0.0096178 secs]
[GC (Allocation Failure)  27256K->3896K(61440K), 0.0285204 secs]
[GC (Allocation Failure)  28472K->3096K(61440K), 0.0152882 secs]
[GC (Allocation Failure)  27672K->2264K(61440K), 0.0047101 secs]
[GC (Allocation Failure)  26840K->3480K(61440K), 0.0232794 secs]
[GC (Allocation Failure)  28056K->2680K(61440K), 0.0104931 secs]
[GC (Allocation Failure)  27256K->3896K(61440K), 0.0317397 secs]
[GC (Allocation Failure)  28472K->3064K(61440K), 0.0157427 secs]
[GC (Allocation Failure)  27640K->2232K(61440K), 0.0052330 secs]
[GC (Allocation Failure)  26808K->3480K(61440K), 0.0227453 secs]
[GC (Allocation Failure)  28056K->2648K(61440K), 0.0099465 secs]
[GC (Allocation Failure)  27224K->3928K(61440K), 0.0283407 secs]
[GC (Allocation Failure)  28504K->3096K(61440K), 0.0165143 secs]
[GC (Allocation Failure)  27672K->2264K(61440K), 0.0048560 secs]
[GC (Allocation Failure)  26840K->3576K(61440K), 0.0219902 secs]
[GC (Allocation Failure)  28152K->2680K(61440K), 0.0101673 secs]
[GC (Allocation Failure)  27256K->3928K(61440K), 0.0246425 secs]
[GC (Allocation Failure)  28504K->3096K(61440K), 0.0169410 secs]
[GC (Allocation Failure)  27672K->2264K(61440K), 0.0047757 secs]
[GC (Allocation Failure)  26840K->3512K(61440K), 0.0244729 secs]
[GC (Allocation Failure)  28088K->2680K(61440K), 0.0101657 secs]
[GC (Allocation Failure)  27256K->3928K(61440K), 0.0310843 secs]
[GC (Allocation Failure)  28504K->3096K(61440K), 0.0172020 secs]
[GC (Allocation Failure)  27672K->2296K(61440K), 0.0046852 secs]
[GC (Allocation Failure)  26872K->3544K(61440K), 0.0205046 secs]
[GC (Allocation Failure)  28120K->2712K(61440K), 0.0093791 secs]
[GC (Allocation Failure)  27288K->3896K(61440K), 0.0299065 secs]
[GC (Allocation Failure)  28472K->3096K(61440K), 0.0165288 secs]
[GC (Allocation Failure)  27672K->2296K(61440K), 0.0047043 secs]
[GC (Allocation Failure)  26872K->3512K(61440K), 0.0231219 secs]
[GC (Allocation Failure)  28088K->2712K(61440K), 0.0092254 secs]
[GC (Allocation Failure)  27288K->3928K(61440K), 0.0290945 secs]
[GC (Allocation Failure)  28504K->3064K(61440K), 0.0166722 secs]
[GC (Allocation Failure)  27640K->2264K(61440K), 0.0045333 secs]
[GC (Allocation Failure)  26840K->3480K(61440K), 0.0199464 secs]
[GC (Allocation Failure)  28056K->2744K(61440K), 0.0094678 secs]
[GC (Allocation Failure)  27320K->3896K(61440K), 0.0298704 secs]
[GC (Allocation Failure)  28472K->3096K(61440K), 0.0175623 secs]
[GC (Allocation Failure)  27672K->2264K(61440K), 0.0047489 secs]
[GC (Allocation Failure)  26840K->3480K(61440K), 0.0235729 secs]
[GC (Allocation Failure)  28056K->2616K(61440K), 0.0109329 secs]
[GC (Allocation Failure)  27192K->3832K(61440K), 0.0315057 secs]
[GC (Allocation Failure)  28408K->3096K(61440K), 0.0169255 secs]
[GC (Allocation Failure)  27672K->2264K(61440K), 0.0049324 secs]
[GC (Allocation Failure)  26840K->3512K(61440K), 0.0224692 secs]
[GC (Allocation Failure)  28088K->2712K(61440K), 0.0115176 secs]
[GC (Allocation Failure)  27288K->3928K(61440K), 0.0300050 secs]
[GC (Allocation Failure)  28504K->3064K(61440K), 0.0146599 secs]
[GC (Allocation Failure)  27640K->2264K(61440K), 0.0057316 secs]
[GC (Allocation Failure)  26840K->3544K(61440K), 0.0250161 secs]
[GC (Allocation Failure)  28120K->2680K(61440K), 0.0109619 secs]
[GC (Allocation Failure)  27256K->3960K(61440K), 0.0314547 secs]
[GC (Allocation Failure)  28536K->3032K(61440K), 0.0176120 secs]
[GC (Allocation Failure)  27608K->2264K(61440K), 0.0049234 secs]
[GC (Allocation Failure)  26840K->3512K(61440K), 0.0206110 secs]
[GC (Allocation Failure)  28088K->2744K(61440K), 0.0096174 secs]
[GC (Allocation Failure)  27320K->3896K(61440K), 0.0260854 secs]
[GC (Allocation Failure)  28472K->3096K(61440K), 0.0177114 secs]
[GC (Allocation Failure)  27672K->2264K(61440K), 0.0052657 secs]
[GC (Allocation Failure)  26840K->3448K(61440K), 0.0239148 secs]
[GC (Allocation Failure)  28024K->2680K(61440K), 0.0111078 secs]
[GC (Allocation Failure)  27256K->3960K(61440K), 0.0238812 secs]
[GC (Allocation Failure)  28536K->3128K(61440K), 0.0127963 secs]
[GC (Allocation Failure)  27704K->2296K(61440K), 0.0046541 secs]
[GC (Allocation Failure)  26872K->3544K(61440K), 0.0181294 secs]
[GC (Allocation Failure)  28120K->2680K(61440K), 0.0088614 secs]
[GC (Allocation Failure)  27256K->3896K(61440K), 0.0245352 secs]
[GC (Allocation Failure)  28472K->3064K(61440K), 0.0119344 secs]
[GC (Allocation Failure)  27640K->2264K(61440K), 0.0044152 secs]
[GC (Allocation Failure)  26840K->3480K(61440K), 0.0207078 secs]
[GC (Allocation Failure)  28056K->2680K(61440K), 0.0082062 secs]
[GC (Allocation Failure)  27256K->3896K(61440K), 0.0254679 secs]
[GC (Allocation Failure)  28472K->3096K(61440K), 0.0140238 secs]
[GC (Allocation Failure)  27672K->2296K(61440K), 0.0045694 secs]
[GC (Allocation Failure)  26872K->3480K(61440K), 0.0186567 secs]
[GC (Allocation Failure)  28056K->2648K(61440K), 0.0099978 secs]
[GC (Allocation Failure)  27224K->3928K(61440K), 0.0294891 secs]
[GC (Allocation Failure)  28504K->3064K(61440K), 0.0172317 secs]
[GC (Allocation Failure)  27640K->2264K(61440K), 0.0047010 secs]
[GC (Allocation Failure)  26840K->3512K(61440K), 0.0209319 secs]
[GC (Allocation Failure)  28088K->2744K(61440K), 0.0099398 secs]
[GC (Allocation Failure)  27320K->3896K(61440K), 0.0272478 secs]
[GC (Allocation Failure)  28472K->3064K(61440K), 0.0171456 secs]
[GC (Allocation Failure)  27640K->2264K(61440K), 0.0045554 secs]
[GC (Allocation Failure)  26840K->3480K(61440K), 0.0222684 secs]
[GC (Allocation Failure)  28056K->2712K(61440K), 0.0101799 secs]
[GC (Allocation Failure)  27288K->3864K(61440K), 0.0282080 secs]
[GC (Allocation Failure)  28440K->3032K(61440K), 0.0167141 secs]
[GC (Allocation Failure)  27608K->2264K(61440K), 0.0045554 secs]
[GC (Allocation Failure)  26840K->3416K(61440K), 0.0208833 secs]
[GC (Allocation Failure)  27992K->2680K(61440K), 0.0123907 secs]
[GC (Allocation Failure)  27256K->3896K(61440K), 0.0351147 secs]
[GC (Allocation Failure)  28472K->3096K(61440K), 0.0180014 secs]
[GC (Allocation Failure)  27672K->2264K(61440K), 0.0049717 secs]
[GC (Allocation Failure)  26840K->3416K(61440K), 0.0200584 secs]
[GC (Allocation Failure)  27992K->2680K(61440K), 0.0100839 secs]
[GC (Allocation Failure)  27256K->3896K(61440K), 0.0266352 secs]
[GC (Allocation Failure)  28472K->3032K(61440K), 0.0193910 secs]
[GC (Allocation Failure)  27608K->2232K(61440K), 0.0045840 secs]
[GC (Allocation Failure)  26808K->3512K(61440K), 0.0194197 secs]
[GC (Allocation Failure)  28088K->2616K(61440K), 0.0084377 secs]
[GC (Allocation Failure)  27192K->3896K(61440K), 0.0253169 secs]
[GC (Allocation Failure)  28472K->3096K(61440K), 0.0161602 secs]
[GC (Allocation Failure)  27672K->2296K(61440K), 0.0044041 secs]
[GC (Allocation Failure)  26872K->3480K(61440K), 0.0196287 secs]
[GC (Allocation Failure)  28056K->2616K(61440K), 0.0086779 secs]
[GC (Allocation Failure)  27192K->3864K(61440K), 0.0272674 secs]
[GC (Allocation Failure)  28440K->3096K(61440K), 0.0173306 secs]
[GC (Allocation Failure)  27672K->2232K(61440K), 0.0048374 secs]
[GC (Allocation Failure)  26808K->3544K(61440K), 0.0201996 secs]
[GC (Allocation Failure)  28120K->2648K(61440K), 0.0094272 secs]
[GC (Allocation Failure)  27224K->3896K(61440K), 0.0293993 secs]
[GC (Allocation Failure)  28472K->3064K(61440K), 0.0160558 secs]
[GC (Allocation Failure)  27640K->2264K(61440K), 0.0054989 secs]
[GC (Allocation Failure)  26840K->3480K(61440K), 0.0230412 secs]
[GC (Allocation Failure)  28056K->2680K(61440K), 0.0105620 secs]
[GC (Allocation Failure)  27256K->3896K(61440K), 0.0305359 secs]
[GC (Allocation Failure)  28472K->3064K(61440K), 0.0178942 secs]
[GC (Allocation Failure)  27640K->2200K(61440K), 0.0049599 secs]
[GC (Allocation Failure)  26776K->3480K(61440K), 0.0242877 secs]
[GC (Allocation Failure)  28056K->2680K(61440K), 0.0102316 secs]
[GC (Allocation Failure)  27256K->3928K(61440K), 0.0313196 secs]
[GC (Allocation Failure)  28504K->3000K(61440K), 0.0170828 secs]
[GC (Allocation Failure)  27576K->2264K(61440K), 0.0050246 secs]
[GC (Allocation Failure)  26840K->3512K(61440K), 0.0198526 secs]
[GC (Allocation Failure)  28088K->2616K(61440K), 0.0085858 secs]
[GC (Allocation Failure)  27192K->3928K(61440K), 0.0253050 secs]
[GC (Allocation Failure)  28504K->3096K(61440K), 0.0142227 secs]
[GC (Allocation Failure)  27672K->2232K(61440K), 0.0047711 secs]
[GC (Allocation Failure)  26808K->3480K(61440K), 0.0198483 secs]
[GC (Allocation Failure)  28056K->2712K(61440K), 0.0090980 secs]
[GC (Allocation Failure)  27288K->3896K(61440K), 0.0246635 secs]
[GC (Allocation Failure)  28472K->3064K(61440K), 0.0177273 secs]
[GC (Allocation Failure)  27640K->2264K(61440K), 0.0047299 secs]
[GC (Allocation Failure)  26840K->3480K(61440K), 0.0199464 secs]
[GC (Allocation Failure)  28056K->2616K(61440K), 0.0109106 secs]
[GC (Allocation Failure)  27192K->3928K(61440K), 0.0300045 secs]
[GC (Allocation Failure)  28504K->3096K(61440K), 0.0153364 secs]
[GC (Allocation Failure)  27672K->2264K(61440K), 0.0047695 secs]
[GC (Allocation Failure)  26840K->3512K(61440K), 0.0192913 secs]
[GC (Allocation Failure)  28088K->2680K(61440K), 0.0100918 secs]
[GC (Allocation Failure)  27256K->3896K(61440K), 0.0253721 secs]
[GC (Allocation Failure)  28472K->3096K(61440K), 0.0139398 secs]
[GC (Allocation Failure)  27672K->2232K(61440K), 0.0051999 secs]
[GC (Allocation Failure)  26808K->3512K(61440K), 0.0203188 secs]
[GC (Allocation Failure)  28088K->2648K(61440K), 0.0091934 secs]
[GC (Allocation Failure)  27224K->3896K(61440K), 0.0247987 secs]
[GC (Allocation Failure)  28472K->3096K(61440K), 0.0160329 secs]
[GC (Allocation Failure)  27672K->2296K(61440K), 0.0044041 secs]
[GC (Allocation Failure)  26872K->3480K(61440K), 0.0230610 secs]
[GC (Allocation Failure)  28056K->2648K(61440K), 0.0101630 secs]
[GC (Allocation Failure)  27224K->3864K(61440K), 0.0241522 secs]
[GC (Allocation Failure)  28440K->3064K(61440K), 0.0143469 secs]
[GC (Allocation Failure)  27640K->2296K(61440K), 0.0044237 secs]
[GC (Allocation Failure)  26872K->3480K(61440K), 0.0179254 secs]
[GC (Allocation Failure)  28056K->2648K(61440K), 0.0083943 secs]
[GC (Allocation Failure)  27224K->3960K(61440K), 0.0240263 secs]
[GC (Allocation Failure)  28536K->3064K(61440K), 0.0131962 secs]
[GC (Allocation Failure)  27640K->2200K(61440K), 0.0042081 secs]
[GC (Allocation Failure)  26776K->3480K(61440K), 0.0183826 secs]
[GC (Allocation Failure)  28056K->2648K(61440K), 0.0085763 secs]
[GC (Allocation Failure)  27224K->3960K(61440K), 0.0247161 secs]
[GC (Allocation Failure)  28536K->3064K(61440K), 0.0130161 secs]
[GC (Allocation Failure)  27640K->2200K(61440K), 0.0042153 secs]
[GC (Allocation Failure)  26776K->3512K(61440K), 0.0186288 secs]
[GC (Allocation Failure)  28088K->2648K(61440K), 0.0089987 secs]
[GC (Allocation Failure)  27224K->3896K(61440K), 0.0280511 secs]
[GC (Allocation Failure)  28472K->3064K(61440K), 0.0163756 secs]
[GC (Allocation Failure)  27640K->2232K(61440K), 0.0045252 secs]
[GC (Allocation Failure)  26808K->3512K(61440K), 0.0207732 secs]
[GC (Allocation Failure)  28088K->2680K(61440K), 0.0095934 secs]
[GC (Allocation Failure)  27256K->3864K(61440K), 0.0282859 secs]
[GC (Allocation Failure)  28440K->3064K(61440K), 0.0154493 secs]
[GC (Allocation Failure)  27640K->2264K(61440K), 0.0041660 secs]
[GC (Allocation Failure)  26840K->3480K(61440K), 0.0190691 secs]
[GC (Allocation Failure)  28056K->2648K(61440K), 0.0086704 secs]
[GC (Allocation Failure)  27224K->3928K(61440K), 0.0256196 secs]
[GC (Allocation Failure)  28504K->3064K(61440K), 0.0144233 secs]
[GC (Allocation Failure)  27640K->2296K(61440K), 0.0046507 secs]
[GC (Allocation Failure)  26872K->3480K(61440K), 0.0188883 secs]
[GC (Allocation Failure)  28056K->2680K(61440K), 0.0106067 secs]
[GC (Allocation Failure)  27256K->3896K(61440K), 0.0258278 secs]
[GC (Allocation Failure)  28472K->3032K(61440K), 0.0163153 secs]
[GC (Allocation Failure)  27608K->2296K(61440K), 0.0047727 secs]
[GC (Allocation Failure)  26872K->3512K(61440K), 0.0234371 secs]
[GC (Allocation Failure)  28088K->2680K(61440K), 0.0103655 secs]
[GC (Allocation Failure)  27256K->3896K(61440K), 0.0277844 secs]
[GC (Allocation Failure)  28472K->3032K(61440K), 0.0147215 secs]
[GC (Allocation Failure)  27608K->2232K(61440K), 0.0043148 secs]
[GC (Allocation Failure)  26808K->3512K(61440K), 0.0188127 secs]
[GC (Allocation Failure)  28088K->2680K(61440K), 0.0107650 secs]
[GC (Allocation Failure)  27256K->3896K(61440K), 0.0306290 secs]
[GC (Allocation Failure)  28472K->3032K(61440K), 0.0184369 secs]
[GC (Allocation Failure)  27608K->2200K(61440K), 0.0046482 secs]
[GC (Allocation Failure)  26776K->3512K(61440K), 0.0234127 secs]
[GC (Allocation Failure)  28088K->2712K(61440K), 0.0094805 secs]
[GC (Allocation Failure)  27288K->3928K(61440K), 0.0283447 secs]
[GC (Allocation Failure)  28504K->3064K(61440K), 0.0153249 secs]
[GC (Allocation Failure)  27640K->2200K(61440K), 0.0054094 secs]
[GC (Allocation Failure)  26776K->3512K(61440K), 0.0220837 secs]
[GC (Allocation Failure)  28088K->2680K(61440K), 0.0099458 secs]
[GC (Allocation Failure)  27256K->3896K(61440K), 0.0274013 secs]
[GC (Allocation Failure)  28472K->3064K(61440K), 0.0138936 secs]
[GC (Allocation Failure)  27640K->2232K(61440K), 0.0039129 secs]
[GC (Allocation Failure)  26808K->3480K(61440K), 0.0195657 secs]
[GC (Allocation Failure)  28056K->2648K(61440K), 0.0103946 secs]
[GC (Allocation Failure)  27224K->3928K(61440K), 0.0289481 secs]
[GC (Allocation Failure)  28504K->3096K(61440K), 0.0120185 secs]
[GC (Allocation Failure)  27672K->2264K(61440K), 0.0044672 secs]
[GC (Allocation Failure)  26840K->3544K(61440K), 0.0234678 secs]
[GC (Allocation Failure)  28120K->2616K(61440K), 0.0108850 secs]
[GC (Allocation Failure)  27192K->3928K(61440K), 0.0309608 secs]
[GC (Allocation Failure)  28504K->3096K(61440K), 0.0175728 secs]
[GC (Allocation Failure)  27672K->2200K(61440K), 0.0046879 secs]
[GC (Allocation Failure)  26776K->3512K(61440K), 0.0223919 secs]
[GC (Allocation Failure)  28088K->2680K(61440K), 0.0104092 secs]
[GC (Allocation Failure)  27256K->3896K(61440K), 0.0329203 secs]
[GC (Allocation Failure)  28472K->3064K(61440K), 0.0150147 secs]
[GC (Allocation Failure)  27640K->2232K(61440K), 0.0049057 secs]
[GC (Allocation Failure)  26808K->3448K(61440K), 0.0254177 secs]
[GC (Allocation Failure)  28024K->2680K(61440K), 0.0105447 secs]
[GC (Allocation Failure)  27256K->3896K(61440K), 0.0298444 secs]
[GC (Allocation Failure)  28472K->3064K(61440K), 0.0162688 secs]
[GC (Allocation Failure)  27640K->2264K(61440K), 0.0045765 secs]
[GC (Allocation Failure)  26840K->3448K(61440K), 0.0233961 secs]
[GC (Allocation Failure)  28024K->2712K(61440K), 0.0108078 secs]
[GC (Allocation Failure)  27288K->3896K(61440K), 0.0305505 secs]
[GC (Allocation Failure)  28472K->3000K(61440K), 0.0166628 secs]
[GC (Allocation Failure)  27576K->2264K(61440K), 0.0046867 secs]
[GC (Allocation Failure)  26840K->3512K(61440K), 0.0215657 secs]
[GC (Allocation Failure)  28088K->2616K(61440K), 0.0087356 secs]
[GC (Allocation Failure)  27192K->3928K(61440K), 0.0269134 secs]
[GC (Allocation Failure)  28504K->3064K(61440K), 0.0142241 secs]
[GC (Allocation Failure)  27640K->2264K(61440K), 0.0042073 secs]
[GC (Allocation Failure)  26840K->3448K(61440K), 0.0201482 secs]
[GC (Allocation Failure)  28024K->2680K(61440K), 0.0090316 secs]
[GC (Allocation Failure)  27256K->3896K(61440K), 0.0274825 secs]
[GC (Allocation Failure)  28472K->3032K(61440K), 0.0127666 secs]
[GC (Allocation Failure)  27608K->2264K(61440K), 0.0043226 secs]
[GC (Allocation Failure)  26840K->3480K(61440K), 0.0227055 secs]
[GC (Allocation Failure)  28056K->2648K(61440K), 0.0091493 secs]
[GC (Allocation Failure)  27224K->3896K(61440K), 0.0275627 secs]
[GC (Allocation Failure)  28472K->3096K(61440K), 0.0144930 secs]
[GC (Allocation Failure)  27672K->2232K(61440K), 0.0044628 secs]
[GC (Allocation Failure)  26808K->3480K(61440K), 0.0211355 secs]
[GC (Allocation Failure)  28056K->2680K(61440K), 0.0098513 secs]
[GC (Allocation Failure)  27256K->3864K(61440K), 0.0272851 secs]
[GC (Allocation Failure)  28440K->3032K(61440K), 0.0163858 secs]
[GC (Allocation Failure)  27608K->2232K(61440K), 0.0048131 secs]
[GC (Allocation Failure)  26808K->3480K(61440K), 0.0210966 secs]
[GC (Allocation Failure)  28056K->2648K(61440K), 0.0099973 secs]
[GC (Allocation Failure)  27224K->3864K(61440K), 0.0278911 secs]
[GC (Allocation Failure)  28440K->3128K(61440K), 0.0166116 secs]
[GC (Allocation Failure)  27704K->2200K(61440K), 0.0046544 secs]
[GC (Allocation Failure)  26776K->3448K(61440K), 0.0219176 secs]
[GC (Allocation Failure)  28024K->2648K(61440K), 0.0092515 secs]
[GC (Allocation Failure)  27224K->3864K(61440K), 0.0280405 secs]
[GC (Allocation Failure)  28440K->3064K(61440K), 0.0136203 secs]
[GC (Allocation Failure)  27640K->2264K(61440K), 0.0047430 secs]
[GC (Allocation Failure)  26840K->3480K(61440K), 0.0217372 secs]
[GC (Allocation Failure)  28056K->2616K(61440K), 0.0099384 secs]
[GC (Allocation Failure)  27192K->3864K(61440K), 0.0247138 secs]
[GC (Allocation Failure)  28440K->3032K(61440K), 0.0152891 secs]
[GC (Allocation Failure)  27608K->2232K(61440K), 0.0042055 secs]
[GC (Allocation Failure)  26808K->3448K(61440K), 0.0195396 secs]
[GC (Allocation Failure)  28024K->2616K(61440K), 0.0095026 secs]
[GC (Allocation Failure)  27192K->3928K(61440K), 0.0286395 secs]
[GC (Allocation Failure)  28504K->3064K(61440K), 0.0149270 secs]
[GC (Allocation Failure)  27640K->2232K(61440K), 0.0039726 secs]
[GC (Allocation Failure)  26808K->3512K(61440K), 0.0209397 secs]
[GC (Allocation Failure)  28088K->2648K(61440K), 0.0093103 secs]
[GC (Allocation Failure)  27224K->3832K(61440K), 0.0275157 secs]
[GC (Allocation Failure)  28408K->3064K(61440K), 0.0169956 secs]
[GC (Allocation Failure)  27640K->2168K(61440K), 0.0048121 secs]
[GC (Allocation Failure)  26744K->3448K(61440K), 0.0231385 secs]
[GC (Allocation Failure)  28024K->2648K(61440K), 0.0104750 secs]
[GC (Allocation Failure)  27224K->3832K(61440K), 0.0292932 secs]
[GC (Allocation Failure)  28408K->3064K(61440K), 0.0161759 secs]
[GC (Allocation Failure)  27640K->2200K(61440K), 0.0040850 secs]
[GC (Allocation Failure)  26776K->3544K(61440K), 0.0225893 secs]
[GC (Allocation Failure)  28120K->2648K(61440K), 0.0099988 secs]
[GC (Allocation Failure)  27224K->3896K(61440K), 0.0252355 secs]
[GC (Allocation Failure)  28472K->3096K(61440K), 0.0146192 secs]
[GC (Allocation Failure)  27672K->2200K(61440K), 0.0040213 secs]
[GC (Allocation Failure)  26776K->3480K(61440K), 0.0191966 secs]
[GC (Allocation Failure)  28056K->2680K(61440K), 0.0105089 secs]
[GC (Allocation Failure)  27256K->3864K(61440K), 0.0281700 secs]
[GC (Allocation Failure)  28440K->3032K(61440K), 0.0154769 secs]
[GC (Allocation Failure)  27608K->2232K(61440K), 0.0040819 secs]
[GC (Allocation Failure)  26808K->3416K(61440K), 0.0202453 secs]
[GC (Allocation Failure)  27992K->2680K(61440K), 0.0085737 secs]
[GC (Allocation Failure)  27256K->3896K(61440K), 0.0263585 secs]
[GC (Allocation Failure)  28472K->3096K(61440K), 0.0136298 secs]
[GC (Allocation Failure)  27672K->2232K(61440K), 0.0037677 secs]
[GC (Allocation Failure)  26808K->3480K(61440K), 0.0197795 secs]
[GC (Allocation Failure)  28056K->2680K(61440K), 0.0087700 secs]
[GC (Allocation Failure)  27256K->3864K(61440K), 0.0258949 secs]
[GC (Allocation Failure)  28440K->3000K(61440K), 0.0142352 secs]
[GC (Allocation Failure)  27576K->2264K(61440K), 0.0043828 secs]
[GC (Allocation Failure)  26840K->3448K(61440K), 0.0192371 secs]
[GC (Allocation Failure)  28024K->2680K(61440K), 0.0090253 secs]
[GC (Allocation Failure)  27256K->3896K(61440K), 0.0278697 secs]
[GC (Allocation Failure)  28472K->3064K(61440K), 0.0143687 secs]
[GC (Allocation Failure)  27640K->2264K(61440K), 0.0045401 secs]
[GC (Allocation Failure)  26840K->3480K(61440K), 0.0230220 secs]
[GC (Allocation Failure)  28056K->2712K(61440K), 0.0104474 secs]
[GC (Allocation Failure)  27288K->3928K(61440K), 0.0293419 secs]
[GC (Allocation Failure)  28504K->3096K(61440K), 0.0163775 secs]
[GC (Allocation Failure)  27672K->2264K(61440K), 0.0051673 secs]
[GC (Allocation Failure)  26840K->3512K(61440K), 0.0213727 secs]
[GC (Allocation Failure)  28088K->2616K(61440K), 0.0100063 secs]
[GC (Allocation Failure)  27192K->3896K(61440K), 0.0275826 secs]
[GC (Allocation Failure)  28472K->3064K(61440K), 0.0156018 secs]
[GC (Allocation Failure)  27640K->2200K(61440K), 0.0047810 secs]
[GC (Allocation Failure)  26776K->3448K(61440K), 0.0217959 secs]
[GC (Allocation Failure)  28024K->2680K(61440K), 0.0094334 secs]
[GC (Allocation Failure)  27256K->3896K(61440K), 0.0270196 secs]
[GC (Allocation Failure)  28472K->3000K(61440K), 0.0149837 secs]
[GC (Allocation Failure)  27576K->2232K(61440K), 0.0045874 secs]
[GC (Allocation Failure)  26808K->3480K(61440K), 0.0225563 secs]
[GC (Allocation Failure)  28056K->2648K(61440K), 0.0087608 secs]
[GC (Allocation Failure)  27224K->3864K(61440K), 0.0280036 secs]
[GC (Allocation Failure)  28440K->3032K(61440K), 0.0166325 secs]
[GC (Allocation Failure)  27608K->2168K(61440K), 0.0047408 secs]
[GC (Allocation Failure)  26744K->3480K(61440K), 0.0181347 secs]
[GC (Allocation Failure)  28056K->2616K(61440K), 0.0091757 secs]
[GC (Allocation Failure)  27192K->3928K(61440K), 0.0271667 secs]
[GC (Allocation Failure)  28504K->3064K(61440K), 0.0146952 secs]
[GC (Allocation Failure)  27640K->2232K(61440K), 0.0041867 secs]
[GC (Allocation Failure)  26808K->3512K(61440K), 0.0200613 secs]
[GC (Allocation Failure)  28088K->2680K(61440K), 0.0097658 secs]
[GC (Allocation Failure)  27256K->3896K(61440K), 0.0289722 secs]
[GC (Allocation Failure)  28472K->3096K(61440K), 0.0162360 secs]
[GC (Allocation Failure)  27672K->2200K(61440K), 0.0043831 secs]
[GC (Allocation Failure)  26776K->3512K(61440K), 0.0224413 secs]
[GC (Allocation Failure)  28088K->2616K(61440K), 0.0100522 secs]
[GC (Allocation Failure)  27192K->3896K(61440K), 0.0274015 secs]
[GC (Allocation Failure)  28472K->3032K(61440K), 0.0162835 secs]
[GC (Allocation Failure)  27608K->2264K(61440K), 0.0048169 secs]
[GC (Allocation Failure)  26840K->3544K(61440K), 0.0187978 secs]
[GC (Allocation Failure)  28120K->2616K(61440K), 0.0096078 secs]
[GC (Allocation Failure)  27192K->3928K(61440K), 0.0289901 secs]
[GC (Allocation Failure)  28504K->3000K(61440K), 0.0168718 secs]
[GC (Allocation Failure)  27576K->2232K(61440K), 0.0050275 secs]
[GC (Allocation Failure)  26808K->3416K(61440K), 0.0192236 secs]
[GC (Allocation Failure)  27992K->2648K(61440K), 0.0095430 secs]
[GC (Allocation Failure)  27224K->3800K(61440K), 0.0277237 secs]
[GC (Allocation Failure)  28376K->3000K(61440K), 0.0153917 secs]
[GC (Allocation Failure)  27576K->2232K(61440K), 0.0058732 secs]
[GC (Allocation Failure)  26808K->3416K(61440K), 0.0286870 secs]
[GC (Allocation Failure)  27992K->2616K(61440K), 0.0089353 secs]
[GC (Allocation Failure)  27192K->3896K(61440K), 0.0278581 secs]
[GC (Allocation Failure)  28472K->3064K(61440K), 0.0164708 secs]
[GC (Allocation Failure)  27640K->2200K(61440K), 0.0044712 secs]
[GC (Allocation Failure)  26776K->3448K(61440K), 0.0185308 secs]
[GC (Allocation Failure)  28024K->2648K(61440K), 0.0085100 secs]
[GC (Allocation Failure)  27224K->3928K(61440K), 0.0241561 secs]
[GC (Allocation Failure)  28504K->3064K(61440K), 0.0165312 secs]
[GC (Allocation Failure)  27640K->2168K(61440K), 0.0045785 secs]
[GC (Allocation Failure)  26744K->3480K(61440K), 0.0220013 secs]
[GC (Allocation Failure)  28056K->2648K(61440K), 0.0103919 secs]
[GC (Allocation Failure)  27224K->3864K(61440K), 0.0271245 secs]
[GC (Allocation Failure)  28440K->3064K(61440K), 0.0163026 secs]
[GC (Allocation Failure)  27640K->2168K(61440K), 0.0040852 secs]
[GC (Allocation Failure)  26744K->3416K(61440K), 0.0223784 secs]
[GC (Allocation Failure)  27992K->2648K(61440K), 0.0096495 secs]
[GC (Allocation Failure)  27224K->3832K(61440K), 0.0280773 secs]
[GC (Allocation Failure)  28408K->3064K(61440K), 0.0144876 secs]
[GC (Allocation Failure)  27640K->2200K(61440K), 0.0047030 secs]
[GC (Allocation Failure)  26776K->3448K(61440K), 0.0208218 secs]
[GC (Allocation Failure)  28024K->2680K(61440K), 0.0085897 secs]
[GC (Allocation Failure)  27256K->3896K(61440K), 0.0243230 secs]
[GC (Allocation Failure)  28472K->3064K(61440K), 0.0173876 secs]
[GC (Allocation Failure)  27640K->2232K(61440K), 0.0045578 secs]
[GC (Allocation Failure)  26808K->3480K(61440K), 0.0218456 secs]
[GC (Allocation Failure)  28056K->2584K(61440K), 0.0098672 secs]
[GC (Allocation Failure)  27160K->3864K(61440K), 0.0274834 secs]
[GC (Allocation Failure)  28440K->3032K(61440K), 0.0161120 secs]
[GC (Allocation Failure)  27608K->2232K(61440K), 0.0048068 secs]
[GC (Allocation Failure)  26808K->3448K(61440K), 0.0221738 secs]
[GC (Allocation Failure)  28024K->2648K(61440K), 0.0090772 secs]
[GC (Allocation Failure)  27224K->3928K(61440K), 0.0282391 secs]
[GC (Allocation Failure)  28504K->3032K(61440K), 0.0152215 secs]
[GC (Allocation Failure)  27608K->2232K(61440K), 0.0047793 secs]
[GC (Allocation Failure)  26808K->3480K(61440K), 0.0235882 secs]
[GC (Allocation Failure)  28056K->2648K(61440K), 0.0117257 secs]
[GC (Allocation Failure)  27224K->3864K(61440K), 0.0356698 secs]
[GC (Allocation Failure)  28440K->3096K(61440K), 0.0189140 secs]
[GC (Allocation Failure)  27672K->2168K(61440K), 0.0046564 secs]
[GC (Allocation Failure)  26744K->3480K(61440K), 0.0219764 secs]
[GC (Allocation Failure)  28056K->2648K(61440K), 0.0098294 secs]
[GC (Allocation Failure)  27224K->3928K(61440K), 0.0262087 secs]
[GC (Allocation Failure)  28504K->3064K(61440K), 0.0144316 secs]
[GC (Allocation Failure)  27640K->2200K(61440K), 0.0041733 secs]
[GC (Allocation Failure)  26776K->3512K(61440K), 0.0200650 secs]
[GC (Allocation Failure)  28088K->2616K(61440K), 0.0092362 secs]
[GC (Allocation Failure)  27192K->3928K(61440K), 0.0257202 secs]
[GC (Allocation Failure)  28504K->3064K(61440K), 0.0142597 secs]
[GC (Allocation Failure)  27640K->2232K(61440K), 0.0040979 secs]
[GC (Allocation Failure)  26808K->3448K(61440K), 0.0216885 secs]
[GC (Allocation Failure)  28024K->2616K(61440K), 0.0084253 secs]
[GC (Allocation Failure)  27192K->3864K(61440K), 0.0244841 secs]
[GC (Allocation Failure)  28440K->3064K(61440K), 0.0138142 secs]
[GC (Allocation Failure)  27640K->2232K(61440K), 0.0045616 secs]
[GC (Allocation Failure)  26808K->3480K(61440K), 0.0211855 secs]
[GC (Allocation Failure)  28056K->2616K(61440K), 0.0086040 secs]
[GC (Allocation Failure)  27192K->3864K(61440K), 0.0301376 secs]
[GC (Allocation Failure)  28440K->3064K(61440K), 0.0158099 secs]
[GC (Allocation Failure)  27640K->2232K(61440K), 0.0051468 secs]
[GC (Allocation Failure)  26808K->3448K(61440K), 0.0244760 secs]
[GC (Allocation Failure)  28024K->2648K(61440K), 0.0093094 secs]
[GC (Allocation Failure)  27224K->3864K(61440K), 0.0284543 secs]
[GC (Allocation Failure)  28440K->3064K(61440K), 0.0161745 secs]
[GC (Allocation Failure)  27640K->2168K(61440K), 0.0046248 secs]
[GC (Allocation Failure)  26744K->3448K(61440K), 0.0211151 secs]
[GC (Allocation Failure)  28024K->2616K(61440K), 0.0093025 secs]
[GC (Allocation Failure)  27192K->3864K(61440K), 0.0289643 secs]
[GC (Allocation Failure)  28440K->3064K(61440K), 0.0162970 secs]
[GC (Allocation Failure)  27640K->2168K(61440K), 0.0045920 secs]
[GC (Allocation Failure)  26744K->3480K(61440K), 0.0214769 secs]
[GC (Allocation Failure)  28056K->2584K(61440K), 0.0096065 secs]
[GC (Allocation Failure)  27160K->3928K(61440K), 0.0234428 secs]
[GC (Allocation Failure)  28504K->3064K(61440K), 0.0127086 secs]
[GC (Allocation Failure)  27640K->2200K(61440K), 0.0036600 secs]
[GC (Allocation Failure)  26776K->3480K(61440K), 0.0207652 secs]
[GC (Allocation Failure)  28056K->2680K(61440K), 0.0095922 secs]
[GC (Allocation Failure)  27256K->3832K(61440K), 0.0289230 secs]
[GC (Allocation Failure)  28408K->3064K(61440K), 0.0174646 secs]
[GC (Allocation Failure)  27640K->2200K(61440K), 0.0049740 secs]
[GC (Allocation Failure)  26776K->3448K(61440K), 0.0229586 secs]
[GC (Allocation Failure)  28024K->2680K(61440K), 0.0102375 secs]
[GC (Allocation Failure)  27256K->3896K(61440K), 0.0294680 secs]
[GC (Allocation Failure)  28472K->3064K(61440K), 0.0161651 secs]
[GC (Allocation Failure)  27640K->2232K(61440K), 0.0044735 secs]
[GC (Allocation Failure)  26808K->3448K(61440K), 0.0223683 secs]
[GC (Allocation Failure)  28024K->2648K(61440K), 0.0088704 secs]
[GC (Allocation Failure)  27224K->3928K(61440K), 0.0248895 secs]
[GC (Allocation Failure)  28504K->3000K(61440K), 0.0163859 secs]
[GC (Allocation Failure)  27576K->2168K(61440K), 0.0048771 secs]
[GC (Allocation Failure)  26744K->3512K(61440K), 0.0242017 secs]
[GC (Allocation Failure)  28088K->2584K(61440K), 0.0102261 secs]
[GC (Allocation Failure)  27160K->3864K(61440K), 0.0304538 secs]
[GC (Allocation Failure)  28440K->3032K(61440K), 0.0175852 secs]
[GC (Allocation Failure)  27608K->2264K(61440K), 0.0053900 secs]
[GC (Allocation Failure)  26840K->3448K(61440K), 0.0273823 secs]
[GC (Allocation Failure)  28024K->2616K(61440K), 0.0114744 secs]
[GC (Allocation Failure)  27192K->3864K(61440K), 0.0351792 secs]
[GC (Allocation Failure)  28440K->3064K(61440K), 0.0176661 secs]
[GC (Allocation Failure)  27640K->2232K(61440K), 0.0055787 secs]
[GC (Allocation Failure)  26808K->3448K(61440K), 0.0265365 secs]
[GC (Allocation Failure)  28024K->2648K(61440K), 0.0093406 secs]
[GC (Allocation Failure)  27224K->3800K(61440K), 0.0331020 secs]
[GC (Allocation Failure)  28376K->3064K(61440K), 0.0200268 secs]
[GC (Allocation Failure)  27640K->2232K(61440K), 0.0051974 secs]
[GC (Allocation Failure)  26808K->3480K(61440K), 0.0259470 secs]
[GC (Allocation Failure)  28056K->2680K(61440K), 0.0128776 secs]
[GC (Allocation Failure)  27256K->3896K(61440K), 0.0376384 secs]
[GC (Allocation Failure)  28472K->3064K(61440K), 0.0188051 secs]
[GC (Allocation Failure)  27640K->2200K(61440K), 0.0051525 secs]
[GC (Allocation Failure)  26776K->3480K(61440K), 0.0263745 secs]
[GC (Allocation Failure)  28056K->2680K(61440K), 0.0125288 secs]
[GC (Allocation Failure)  27256K->3864K(61440K), 0.0311757 secs]
[GC (Allocation Failure)  28440K->3064K(61440K), 0.0165704 secs]
[GC (Allocation Failure)  27640K->2168K(61440K), 0.0045087 secs]
[GC (Allocation Failure)  26744K->3448K(61440K), 0.0228775 secs]
[GC (Allocation Failure)  28024K->2616K(61440K), 0.0091826 secs]
[GC (Allocation Failure)  27192K->3864K(61440K), 0.0286504 secs]
[GC (Allocation Failure)  28440K->3064K(61440K), 0.0159498 secs]
[GC (Allocation Failure)  27640K->2168K(61440K), 0.0044483 secs]
[GC (Allocation Failure)  26744K->3448K(61440K), 0.0182745 secs]
[GC (Allocation Failure)  28024K->2616K(61440K), 0.0086777 secs]
[GC (Allocation Failure)  27192K->3928K(61440K), 0.0230356 secs]
[GC (Allocation Failure)  28504K->2968K(61440K), 0.0136841 secs]
[GC (Allocation Failure)  27544K->2200K(61440K), 0.0043604 secs]
[GC (Allocation Failure)  26776K->3448K(61440K), 0.0219988 secs]
[GC (Allocation Failure)  28024K->2616K(61440K), 0.0091747 secs]
[GC (Allocation Failure)  27192K->3896K(61440K), 0.0291064 secs]
[GC (Allocation Failure)  28472K->3032K(61440K), 0.0173028 secs]
[GC (Allocation Failure)  27608K->2232K(61440K), 0.0048463 secs]
[GC (Allocation Failure)  26808K->3480K(61440K), 0.0229134 secs]
[GC (Allocation Failure)  28056K->2648K(61440K), 0.0090362 secs]
[GC (Allocation Failure)  27224K->3864K(61440K), 0.0258949 secs]
[GC (Allocation Failure)  28440K->3032K(61440K), 0.0151740 secs]
[GC (Allocation Failure)  27608K->2168K(61440K), 0.0045888 secs]
[GC (Allocation Failure)  26744K->3448K(61440K), 0.0233958 secs]
[GC (Allocation Failure)  28024K->2584K(61440K), 0.0104191 secs]
[GC (Allocation Failure)  27160K->3864K(61440K), 0.0301257 secs]
[GC (Allocation Failure)  28440K->3032K(61440K), 0.0128635 secs]
[GC (Allocation Failure)  27608K->2200K(61440K), 0.0034699 secs]
[GC (Allocation Failure)  26776K->3448K(61440K), 0.0176283 secs]
[GC (Allocation Failure)  28024K->2648K(61440K), 0.0080797 secs]
[GC (Allocation Failure)  27224K->3896K(61440K), 0.0234984 secs]
[GC (Allocation Failure)  28472K->3064K(61440K), 0.0127176 secs]
[GC (Allocation Failure)  27640K->2232K(61440K), 0.0041355 secs]
[GC (Allocation Failure)  26808K->3384K(61440K), 0.0186383 secs]
[GC (Allocation Failure)  27960K->2584K(61440K), 0.0102335 secs]
[GC (Allocation Failure)  27160K->3896K(61440K), 0.0291981 secs]
[GC (Allocation Failure)  28472K->3064K(61440K), 0.0172889 secs]
[GC (Allocation Failure)  27640K->2232K(61440K), 0.0043981 secs]
[GC (Allocation Failure)  26808K->3448K(61440K), 0.0232309 secs]
[GC (Allocation Failure)  28024K->2616K(61440K), 0.0097079 secs]
[GC (Allocation Failure)  27192K->3896K(61440K), 0.0292215 secs]
[GC (Allocation Failure)  28472K->3000K(61440K), 0.0127457 secs]
[GC (Allocation Failure)  27576K->2232K(61440K), 0.0036018 secs]
[GC (Allocation Failure)  26808K->3480K(61440K), 0.0181712 secs]
[GC (Allocation Failure)  28056K->2584K(61440K), 0.0085879 secs]
[GC (Allocation Failure)  27160K->3864K(61440K), 0.0258173 secs]
[GC (Allocation Failure)  28440K->3032K(61440K), 0.0130734 secs]
[GC (Allocation Failure)  27608K->2232K(61440K), 0.0042815 secs]
[GC (Allocation Failure)  26808K->3448K(61440K), 0.0187156 secs]
[GC (Allocation Failure)  28024K->2680K(61440K), 0.0083772 secs]
[GC (Allocation Failure)  27256K->3864K(61440K), 0.0239793 secs]
[GC (Allocation Failure)  28440K->3032K(61440K), 0.0148738 secs]
[GC (Allocation Failure)  27608K->2168K(61440K), 0.0042351 secs]
[GC (Allocation Failure)  26744K->3448K(61440K), 0.0218237 secs]
[GC (Allocation Failure)  28024K->2616K(61440K), 0.0099617 secs]
[GC (Allocation Failure)  27192K->3832K(61440K), 0.0246909 secs]
[GC (Allocation Failure)  28408K->3064K(61440K), 0.0137754 secs]
[GC (Allocation Failure)  27640K->2200K(61440K), 0.0041391 secs]
[GC (Allocation Failure)  26776K->3384K(61440K), 0.0189991 secs]
[GC (Allocation Failure)  27960K->2584K(61440K), 0.0081134 secs]
[GC (Allocation Failure)  27160K->3832K(61440K), 0.0246623 secs]
[GC (Allocation Failure)  28408K->3032K(61440K), 0.0144043 secs]
[GC (Allocation Failure)  27608K->2200K(61440K), 0.0038486 secs]
[GC (Allocation Failure)  26776K->3448K(61440K), 0.0183979 secs]
[GC (Allocation Failure)  28024K->2616K(61440K), 0.0086225 secs]
[GC (Allocation Failure)  27192K->3800K(61440K), 0.0247540 secs]
[GC (Allocation Failure)  28376K->3064K(61440K), 0.0142899 secs]
[GC (Allocation Failure)  27640K->2232K(61440K), 0.0037715 secs]
[GC (Allocation Failure)  26808K->3448K(61440K), 0.0185342 secs]
[GC (Allocation Failure)  28024K->2584K(61440K), 0.0083628 secs]
[GC (Allocation Failure)  27160K->3800K(61440K), 0.0247942 secs]
[GC (Allocation Failure)  28376K->3032K(61440K), 0.0154797 secs]
[GC (Allocation Failure)  27608K->2200K(61440K), 0.0050626 secs]
[GC (Allocation Failure)  26776K->3384K(61440K), 0.0238126 secs]
[GC (Allocation Failure)  27960K->2648K(61440K), 0.0099493 secs]
[GC (Allocation Failure)  27224K->3832K(61440K), 0.0299762 secs]
[GC (Allocation Failure)  28408K->3000K(61440K), 0.0160922 secs]
[GC (Allocation Failure)  27576K->2200K(61440K), 0.0045776 secs]
[GC (Allocation Failure)  26776K->3416K(61440K), 0.0227862 secs]
[GC (Allocation Failure)  27992K->2680K(61440K), 0.0094255 secs]
[GC (Allocation Failure)  27256K->3864K(61440K), 0.0300127 secs]
[GC (Allocation Failure)  28440K->3000K(61440K), 0.0170185 secs]
[GC (Allocation Failure)  27576K->2168K(61440K), 0.0042664 secs]
[GC (Allocation Failure)  26744K->3480K(61440K), 0.0225706 secs]
[GC (Allocation Failure)  28056K->2616K(61440K), 0.0093348 secs]
[GC (Allocation Failure)  27192K->3864K(61440K), 0.0271731 secs]
[GC (Allocation Failure)  28440K->3000K(61440K), 0.0157854 secs]
[GC (Allocation Failure)  27576K->2136K(61440K), 0.0044523 secs]
[GC (Allocation Failure)  26712K->3448K(61440K), 0.0215948 secs]
[GC (Allocation Failure)  28024K->2648K(61440K), 0.0093371 secs]
[GC (Allocation Failure)  27224K->3896K(61440K), 0.0282484 secs]
[GC (Allocation Failure)  28472K->3064K(61440K), 0.0161864 secs]
[GC (Allocation Failure)  27640K->2168K(61440K), 0.0046995 secs]
[GC (Allocation Failure)  26744K->3448K(61440K), 0.0219125 secs]
