Buffer size: 65536; Object size: 192; Weak refs for all: false
[GC (System.gc())  8150K->1864K(22528K), 0.0026281 secs]
[Full GC (System.gc())  1864K->1728K(22528K), 0.0101283 secs]
[GC (Allocation Failure)  14016K->3584K(22528K), 0.0177114 secs]
[GC (Allocation Failure)  15872K->3048K(22528K), 0.0136830 secs]
[GC (Allocation Failure)  15336K->2640K(22528K), 0.0092488 secs]
[GC (Allocation Failure)  14928K->2256K(22528K), 0.0054976 secs]
[GC (Allocation Failure)  14544K->3984K(22528K), 0.0240522 secs]
[GC (Allocation Failure)  16272K->3952K(22528K), 0.0172309 secs]
[GC (Allocation Failure)  16240K->3536K(22528K), 0.0171907 secs]
[GC (Allocation Failure)  15824K->3152K(22528K), 0.0088746 secs]
[GC (Allocation Failure)  15440K->2736K(22528K), 0.0047489 secs]
[GC (Allocation Failure)  15024K->4384K(22528K), 0.0274839 secs]
[GC (Allocation Failure)  16672K->4352K(22528K), 0.0243974 secs]
[GC (Allocation Failure)  16640K->4000K(22528K), 0.0170178 secs]
[GC (Allocation Failure)  16288K->3584K(22528K), 0.0096775 secs]
[GC (Allocation Failure)  15872K->3136K(22528K), 0.0049542 secs]
[GC (Allocation Failure)  15424K->4864K(22528K), 0.0212797 secs]
[GC (Allocation Failure)  17152K->4736K(22528K), 0.0177466 secs]
[GC (Allocation Failure)  17024K->4352K(22528K), 0.0171429 secs]
[GC (Allocation Failure)  16640K->3968K(22528K), 0.0096974 secs]
[GC (Allocation Failure)  16256K->3552K(22528K), 0.0043023 secs]
[GC (Allocation Failure)  15840K->5280K(22528K), 0.0193597 secs]
[GC (Allocation Failure)  17568K->5184K(22528K), 0.0200593 secs]
[GC (Allocation Failure)  17472K->4768K(22528K), 0.0141313 secs]
[GC (Allocation Failure)  17056K->4384K(22528K), 0.0095886 secs]
[GC (Allocation Failure)  16672K->3968K(22528K), 0.0046980 secs]
[GC (Allocation Failure)  16256K->5600K(22528K), 0.0271084 secs]
[GC (Allocation Failure)  17888K->5632K(22528K), 0.0230994 secs]
[GC (Allocation Failure)  17920K->5216K(22528K), 0.0135343 secs]
[GC (Allocation Failure)  17504K->4768K(22528K), 0.0090547 secs]
[GC (Allocation Failure)  17056K->4320K(22528K), 0.0049661 secs]
[GC (Allocation Failure)  16608K->6144K(22528K), 0.0252314 secs]
[GC (Allocation Failure)  18432K->6080K(22528K), 0.0207658 secs]
[GC (Allocation Failure)  18368K->5568K(22528K), 0.0168880 secs]
[GC (Allocation Failure)  17856K->5184K(22528K), 0.0086897 secs]
[GC (Allocation Failure)  17472K->4768K(22528K), 0.0047228 secs]
[GC (Allocation Failure)  17056K->6432K(22528K), 0.0240523 secs]
[GC (Allocation Failure)  18720K->6464K(22528K), 0.0202563 secs]
[GC (Allocation Failure)  18752K->5984K(22528K), 0.0154921 secs]
[GC (Allocation Failure)  18272K->5632K(22528K), 0.0093082 secs]
[GC (Allocation Failure)  17920K->5184K(22528K), 0.0050575 secs]
[GC (Allocation Failure)  17472K->6888K(22528K), 0.0218185 secs]
[GC (Allocation Failure)  19176K->6792K(22528K), 0.0223975 secs]
[GC (Allocation Failure)  19080K->6408K(22528K), 0.0175170 secs]
[GC (Allocation Failure)  18696K->6024K(22528K), 0.0109742 secs]
[GC (Allocation Failure)  18312K->5544K(22528K), 0.0046252 secs]
[GC (Allocation Failure)  17832K->7208K(22528K), 0.0208191 secs]
[GC (Allocation Failure)  19496K->7208K(22528K), 0.0218036 secs]
[GC (Allocation Failure)  19496K->6824K(22528K), 0.0171996 secs]
[GC (Allocation Failure)  19112K->6376K(22528K), 0.0074957 secs]
[GC (Allocation Failure)  18664K->5960K(22528K), 0.0047250 secs]
[GC (Allocation Failure)  18248K->7656K(22528K), 0.0202843 secs]
[GC (Allocation Failure)  19944K->7624K(22528K), 0.0243368 secs]
[GC (Allocation Failure)  19912K->7176K(22528K), 0.0122650 secs]
[GC (Allocation Failure)  19464K->6696K(22528K), 0.0089063 secs]
[GC (Allocation Failure)  18984K->6312K(22528K), 0.0043181 secs]
[GC (Allocation Failure)  18600K->7968K(22528K), 0.0220823 secs]
[GC (Allocation Failure)  20256K->7936K(22528K), 0.0223646 secs]
[GC (Allocation Failure)  20224K->7584K(22528K), 0.0135376 secs]
[GC (Allocation Failure)  19872K->7072K(22528K), 0.0082861 secs]
[GC (Allocation Failure)  19360K->6720K(22528K), 0.0038433 secs]
[GC (Allocation Failure)  19008K->8344K(22528K), 0.0281372 secs]
[GC (Allocation Failure)  20632K->8280K(22528K), 0.0240949 secs]
[GC (Allocation Failure)  20568K->7960K(22528K), 0.0157657 secs]
[GC (Allocation Failure)  20248K->7544K(22528K), 0.0106649 secs]
[GC (Allocation Failure)  19832K->7096K(22528K), 0.0047443 secs]
[GC (Allocation Failure)  19384K->8816K(22528K), 0.0187857 secs]
[GC (Allocation Failure)  21104K->8656K(22528K), 0.0150098 secs]
[GC (Allocation Failure)  20944K->8304K(22528K), 0.0138105 secs]
[GC (Allocation Failure)  20592K->7888K(22528K), 0.0099066 secs]
[GC (Allocation Failure)  20176K->7440K(22528K), 0.0053231 secs]
[GC (Allocation Failure)  19728K->9080K(22528K), 0.0293222 secs]
[GC (Allocation Failure)  21368K->9048K(22528K), 0.0238859 secs]
[GC (Allocation Failure)  21336K->8664K(22528K), 0.0165129 secs]
[GC (Allocation Failure)  20952K->8184K(22528K), 0.0095319 secs]
[GC (Allocation Failure)  20472K->7768K(22528K), 0.0049519 secs]
[GC (Allocation Failure)  20056K->9464K(22528K), 0.0256559 secs]
[Full GC (Ergonomics)  9464K->3535K(22528K), 0.0516251 secs]
[GC (Allocation Failure)  15823K->5231K(22528K), 0.0283169 secs]
[GC (Allocation Failure)  17519K->4783K(22528K), 0.0190207 secs]
[GC (Allocation Failure)  17071K->4399K(22528K), 0.0108174 secs]
[GC (Allocation Failure)  16687K->3983K(22528K), 0.0048452 secs]
[GC (Allocation Failure)  16271K->5655K(22528K), 0.0308233 secs]
[GC (Allocation Failure)  17943K->5527K(22528K), 0.0162911 secs]
[GC (Allocation Failure)  17815K->5143K(22528K), 0.0163411 secs]
[GC (Allocation Failure)  17431K->4759K(22528K), 0.0106183 secs]
[GC (Allocation Failure)  17047K->4311K(22528K), 0.0044735 secs]
[GC (Allocation Failure)  16599K->6039K(22528K), 0.0291168 secs]
[GC (Allocation Failure)  18327K->5943K(22528K), 0.0225289 secs]
[GC (Allocation Failure)  18231K->5431K(22528K), 0.0137132 secs]
[GC (Allocation Failure)  17719K->5111K(22528K), 0.0094478 secs]
[GC (Allocation Failure)  17399K->4695K(22528K), 0.0041176 secs]
[GC (Allocation Failure)  16983K->6351K(22528K), 0.0287855 secs]
[GC (Allocation Failure)  18639K->6255K(22528K), 0.0236037 secs]
[GC (Allocation Failure)  18543K->5839K(22528K), 0.0149504 secs]
[GC (Allocation Failure)  18127K->5423K(22528K), 0.0107801 secs]
[GC (Allocation Failure)  17711K->5007K(22528K), 0.0040569 secs]
[GC (Allocation Failure)  17295K->6687K(22528K), 0.0252147 secs]
[GC (Allocation Failure)  18975K->6559K(22528K), 0.0166961 secs]
[GC (Allocation Failure)  18847K->6239K(22528K), 0.0145476 secs]
[GC (Allocation Failure)  18527K->5791K(22528K), 0.0081737 secs]
[GC (Allocation Failure)  18079K->5311K(22528K), 0.0041091 secs]
[GC (Allocation Failure)  17599K->7007K(22528K), 0.0226962 secs]
[GC (Allocation Failure)  19295K->6943K(22528K), 0.0187731 secs]
[GC (Allocation Failure)  19231K->6527K(22528K), 0.0125377 secs]
[GC (Allocation Failure)  18815K->6111K(22528K), 0.0089320 secs]
[GC (Allocation Failure)  18399K->5631K(22528K), 0.0041056 secs]
[GC (Allocation Failure)  17919K->7303K(22528K), 0.0211204 secs]
[GC (Allocation Failure)  19591K->7239K(22528K), 0.0200668 secs]
[GC (Allocation Failure)  19527K->6823K(22528K), 0.0125055 secs]
[GC (Allocation Failure)  19111K->6439K(22528K), 0.0080587 secs]
[GC (Allocation Failure)  18727K->5959K(22528K), 0.0034469 secs]
[GC (Allocation Failure)  18247K->7679K(22528K), 0.0191205 secs]
[GC (Allocation Failure)  19967K->7583K(22528K), 0.0189671 secs]
[GC (Allocation Failure)  19871K->7135K(22528K), 0.0125791 secs]
[GC (Allocation Failure)  19423K->6719K(22528K), 0.0086773 secs]
[GC (Allocation Failure)  19007K->6271K(22528K), 0.0039522 secs]
[GC (Allocation Failure)  18559K->8031K(22528K), 0.0234354 secs]
[GC (Allocation Failure)  20319K->7839K(22528K), 0.0195413 secs]
[GC (Allocation Failure)  20127K->7423K(22528K), 0.0149801 secs]
[GC (Allocation Failure)  19711K->7039K(22528K), 0.0081619 secs]
[GC (Allocation Failure)  19327K->6623K(22528K), 0.0028843 secs]
[GC (Allocation Failure)  18911K->8311K(22528K), 0.0258624 secs]
[GC (Allocation Failure)  20599K->8151K(22528K), 0.0195383 secs]
[GC (Allocation Failure)  20439K->7767K(22528K), 0.0135783 secs]
[GC (Allocation Failure)  20055K->7383K(22528K), 0.0077756 secs]
[GC (Allocation Failure)  19671K->6935K(22528K), 0.0035956 secs]
[GC (Allocation Failure)  19223K->8591K(22528K), 0.0238505 secs]
[GC (Allocation Failure)  20879K->8463K(22528K), 0.0189988 secs]
[GC (Allocation Failure)  20751K->8047K(22528K), 0.0115649 secs]
[GC (Allocation Failure)  20335K->7663K(22528K), 0.0072495 secs]
[GC (Allocation Failure)  19951K->7183K(22528K), 0.0035170 secs]
[GC (Allocation Failure)  19471K->8895K(22528K), 0.0232460 secs]
[GC (Allocation Failure)  21183K->8799K(22528K), 0.0193989 secs]
[GC (Allocation Failure)  21087K->8287K(22528K), 0.0131835 secs]
[GC (Allocation Failure)  20575K->7903K(22528K), 0.0085268 secs]
[GC (Allocation Failure)  20191K->7519K(22528K), 0.0036627 secs]
[GC (Allocation Failure)  19807K->9175K(22528K), 0.0227237 secs]
[Full GC (Ergonomics)  9175K->3465K(22528K), 0.0498525 secs]
[GC (Allocation Failure)  15753K->5065K(22528K), 0.0208257 secs]
[GC (Allocation Failure)  17353K->4713K(22528K), 0.0132596 secs]
[GC (Allocation Failure)  17001K->4297K(22528K), 0.0093209 secs]
[GC (Allocation Failure)  16585K->3817K(22528K), 0.0033902 secs]
[GC (Allocation Failure)  16105K->5545K(22528K), 0.0247610 secs]
[GC (Allocation Failure)  17833K->5321K(22528K), 0.0160294 secs]
[GC (Allocation Failure)  17609K->5001K(22528K), 0.0120298 secs]
[GC (Allocation Failure)  17289K->4521K(22528K), 0.0078863 secs]
[GC (Allocation Failure)  16809K->4105K(22528K), 0.0038755 secs]
[GC (Allocation Failure)  16393K->5737K(22528K), 0.0199334 secs]
[GC (Allocation Failure)  18025K->5609K(22528K), 0.0214156 secs]
[GC (Allocation Failure)  17897K->5257K(22528K), 0.0127585 secs]
[GC (Allocation Failure)  17545K->4777K(22528K), 0.0080518 secs]
[GC (Allocation Failure)  17065K->4489K(22528K), 0.0029270 secs]
[GC (Allocation Failure)  16777K->6081K(22528K), 0.0255942 secs]
[GC (Allocation Failure)  18369K->5889K(22528K), 0.0152533 secs]
[GC (Allocation Failure)  18177K->5537K(22528K), 0.0142633 secs]
[GC (Allocation Failure)  17825K->5057K(22528K), 0.0093722 secs]
[GC (Allocation Failure)  17345K->4705K(22528K), 0.0032273 secs]
[GC (Allocation Failure)  16993K->6385K(22528K), 0.0244056 secs]
[GC (Allocation Failure)  18673K->6193K(22528K), 0.0192196 secs]
[GC (Allocation Failure)  18481K->5745K(22528K), 0.0117505 secs]
[GC (Allocation Failure)  18033K->5361K(22528K), 0.0074379 secs]
[GC (Allocation Failure)  17649K->4977K(22528K), 0.0033392 secs]
[GC (Allocation Failure)  17265K->6681K(22528K), 0.0229422 secs]
[GC (Allocation Failure)  18969K->6425K(22528K), 0.0212417 secs]
[GC (Allocation Failure)  18713K->6041K(22528K), 0.0137208 secs]
[GC (Allocation Failure)  18329K->5689K(22528K), 0.0075026 secs]
[GC (Allocation Failure)  17977K->5209K(22528K), 0.0032548 secs]
[GC (Allocation Failure)  17497K->6841K(22528K), 0.0211782 secs]
[GC (Allocation Failure)  19129K->6713K(22528K), 0.0212765 secs]
[GC (Allocation Failure)  19001K->6297K(22528K), 0.0127543 secs]
[GC (Allocation Failure)  18585K->5849K(22528K), 0.0082630 secs]
[GC (Allocation Failure)  18137K->5497K(22528K), 0.0028026 secs]
[GC (Allocation Failure)  17785K->7129K(22528K), 0.0189446 secs]
[GC (Allocation Failure)  19417K->6969K(22528K), 0.0204058 secs]
[GC (Allocation Failure)  19257K->6585K(22528K), 0.0132079 secs]
[GC (Allocation Failure)  18873K->6169K(22528K), 0.0070473 secs]
[GC (Allocation Failure)  18457K->5721K(22528K), 0.0035845 secs]
[GC (Allocation Failure)  18009K->7377K(22528K), 0.0210341 secs]
[GC (Allocation Failure)  19665K->7153K(22528K), 0.0166279 secs]
[GC (Allocation Failure)  19441K->6801K(22528K), 0.0142247 secs]
[GC (Allocation Failure)  19089K->6385K(22528K), 0.0076097 secs]
[GC (Allocation Failure)  18673K->6001K(22528K), 0.0031189 secs]
[GC (Allocation Failure)  18289K->7657K(22528K), 0.0181653 secs]
[GC (Allocation Failure)  19945K->7465K(22528K), 0.0197519 secs]
[GC (Allocation Failure)  19753K->6953K(22528K), 0.0142903 secs]
[GC (Allocation Failure)  19241K->6633K(22528K), 0.0085984 secs]
[GC (Allocation Failure)  18921K->6185K(22528K), 0.0035821 secs]
[GC (Allocation Failure)  18473K->7889K(22528K), 0.0243561 secs]
[GC (Allocation Failure)  20177K->7601K(22528K), 0.0182707 secs]
[GC (Allocation Failure)  19889K->7281K(22528K), 0.0130385 secs]
[GC (Allocation Failure)  19569K->6801K(22528K), 0.0076922 secs]
[GC (Allocation Failure)  19089K->6417K(22528K), 0.0041588 secs]
[GC (Allocation Failure)  18705K->8049K(22528K), 0.0251147 secs]
[GC (Allocation Failure)  20337K->7889K(22528K), 0.0185653 secs]
[GC (Allocation Failure)  20177K->7473K(22528K), 0.0119237 secs]
[GC (Allocation Failure)  19761K->7057K(22528K), 0.0068885 secs]
[GC (Allocation Failure)  19345K->6673K(22528K), 0.0027683 secs]
[GC (Allocation Failure)  18961K->8305K(22528K), 0.0226105 secs]
[GC (Allocation Failure)  20593K->8049K(22528K), 0.0155396 secs]
[GC (Allocation Failure)  20337K->7761K(22528K), 0.0117357 secs]
[GC (Allocation Failure)  20049K->7281K(22528K), 0.0074548 secs]
[GC (Allocation Failure)  19569K->6865K(22528K), 0.0029400 secs]
[GC (Allocation Failure)  19153K->8457K(22528K), 0.0199229 secs]
[GC (Allocation Failure)  20745K->8265K(22528K), 0.0186569 secs]
[GC (Allocation Failure)  20553K->7849K(22528K), 0.0131216 secs]
[GC (Allocation Failure)  20137K->7497K(22528K), 0.0078387 secs]
[GC (Allocation Failure)  19785K->7113K(22528K), 0.0022721 secs]
[GC (Allocation Failure)  19401K->8737K(22528K), 0.0227620 secs]
[GC (Allocation Failure)  21025K->8481K(22528K), 0.0182437 secs]
[GC (Allocation Failure)  20769K->8129K(22528K), 0.0133249 secs]
[GC (Allocation Failure)  20417K->7681K(22528K), 0.0070268 secs]
[GC (Allocation Failure)  19969K->7329K(22528K), 0.0022006 secs]
[GC (Allocation Failure)  19617K->8977K(22528K), 0.0221891 secs]
[GC (Allocation Failure)  21265K->8689K(22528K), 0.0170056 secs]
[GC (Allocation Failure)  20977K->8273K(22528K), 0.0128128 secs]
[GC (Allocation Failure)  20561K->7889K(22528K), 0.0068776 secs]
[GC (Allocation Failure)  20177K->7537K(22528K), 0.0018063 secs]
[GC (Allocation Failure)  19825K->9153K(22528K), 0.0234130 secs]
[GC (Allocation Failure)  21441K->8929K(22528K), 0.0184174 secs]
[GC (Allocation Failure)  21217K->8481K(22528K), 0.0124506 secs]
[GC (Allocation Failure)  20769K->8129K(22528K), 0.0077437 secs]
[GC (Allocation Failure)  20417K->7745K(22528K), 0.0026680 secs]
[GC (Allocation Failure)  20033K->9313K(22528K), 0.0182520 secs]
[GC (Allocation Failure)  21601K->9089K(22528K), 0.0154325 secs]
[GC (Allocation Failure)  21377K->8673K(22528K), 0.0133157 secs]
[GC (Allocation Failure)  20961K->8257K(22528K), 0.0053620 secs]
[GC (Allocation Failure)  20545K->7873K(22528K), 0.0022009 secs]
[GC (Allocation Failure)  20161K->9633K(22528K), 0.0209011 secs]
[Full GC (Ergonomics)  9633K->3365K(22528K), 0.0452739 secs]
[GC (Allocation Failure)  15653K->4901K(22528K), 0.0189464 secs]
[GC (Allocation Failure)  17189K->4453K(22528K), 0.0129164 secs]
[GC (Allocation Failure)  16741K->4069K(22528K), 0.0083341 secs]
[GC (Allocation Failure)  16357K->3685K(22528K), 0.0026232 secs]
[GC (Allocation Failure)  15973K->5373K(22528K), 0.0204409 secs]
[GC (Allocation Failure)  17661K->5053K(22528K), 0.0148027 secs]
[GC (Allocation Failure)  17341K->4701K(22528K), 0.0115839 secs]
[GC (Allocation Failure)  16989K->4221K(22528K), 0.0058681 secs]
[GC (Allocation Failure)  16509K->3869K(22528K), 0.0023501 secs]
[GC (Allocation Failure)  16157K->5557K(22528K), 0.0221466 secs]
[GC (Allocation Failure)  17845K->5269K(22528K), 0.0145279 secs]
[GC (Allocation Failure)  17557K->4821K(22528K), 0.0135474 secs]
[GC (Allocation Failure)  17109K->4373K(22528K), 0.0078162 secs]
[GC (Allocation Failure)  16661K->4053K(22528K), 0.0029323 secs]
[GC (Allocation Failure)  16341K->5725K(22528K), 0.0208897 secs]
[GC (Allocation Failure)  18013K->5437K(22528K), 0.0138591 secs]
[GC (Allocation Failure)  17725K->5085K(22528K), 0.0128496 secs]
[GC (Allocation Failure)  17373K->4541K(22528K), 0.0051221 secs]
[GC (Allocation Failure)  16829K->4189K(22528K), 0.0027810 secs]
[GC (Allocation Failure)  16477K->5805K(22528K), 0.0210806 secs]
[GC (Allocation Failure)  18093K->5517K(22528K), 0.0166789 secs]
[GC (Allocation Failure)  17805K->5133K(22528K), 0.0105732 secs]
[GC (Allocation Failure)  17421K->4717K(22528K), 0.0069964 secs]
[GC (Allocation Failure)  17005K->4429K(22528K), 0.0017947 secs]
[GC (Allocation Failure)  16717K->6029K(22528K), 0.0166804 secs]
[GC (Allocation Failure)  18317K->5741K(22528K), 0.0180114 secs]
[GC (Allocation Failure)  18029K->5261K(22528K), 0.0122957 secs]
[GC (Allocation Failure)  17549K->4813K(22528K), 0.0060395 secs]
[GC (Allocation Failure)  17101K->4557K(22528K), 0.0020773 secs]
[GC (Allocation Failure)  16845K->6157K(22528K), 0.0224434 secs]
[GC (Allocation Failure)  18445K->5869K(22528K), 0.0181731 secs]
[GC (Allocation Failure)  18157K->5421K(22528K), 0.0122983 secs]
[GC (Allocation Failure)  17709K->5101K(22528K), 0.0062306 secs]
[GC (Allocation Failure)  17389K->4717K(22528K), 0.0020575 secs]
[GC (Allocation Failure)  17005K->6277K(22528K), 0.0233857 secs]
[GC (Allocation Failure)  18565K->6021K(22528K), 0.0183413 secs]
[GC (Allocation Failure)  18309K->5573K(22528K), 0.0094172 secs]
[GC (Allocation Failure)  17861K->5253K(22528K), 0.0068986 secs]
[GC (Allocation Failure)  17541K->4837K(22528K), 0.0010294 secs]
[GC (Allocation Failure)  17125K->6525K(22528K), 0.0211680 secs]
[GC (Allocation Failure)  18813K->6205K(22528K), 0.0174668 secs]
[GC (Allocation Failure)  18493K->5725K(22528K), 0.0106388 secs]
[GC (Allocation Failure)  18013K->5309K(22528K), 0.0054978 secs]
[GC (Allocation Failure)  17597K->5021K(22528K), 0.0014781 secs]
[GC (Allocation Failure)  17309K->6533K(22528K), 0.0169251 secs]
[GC (Allocation Failure)  18821K->6277K(22528K), 0.0160447 secs]
[GC (Allocation Failure)  18565K->5893K(22528K), 0.0110619 secs]
[GC (Allocation Failure)  18181K->5477K(22528K), 0.0064379 secs]
[GC (Allocation Failure)  17765K->5125K(22528K), 0.0022704 secs]
[GC (Allocation Failure)  17413K->6757K(22528K), 0.0224798 secs]
[GC (Allocation Failure)  19045K->6405K(22528K), 0.0194197 secs]
[GC (Allocation Failure)  18693K->6053K(22528K), 0.0113371 secs]
[GC (Allocation Failure)  18341K->5541K(22528K), 0.0065628 secs]
[GC (Allocation Failure)  17829K->5285K(22528K), 0.0015681 secs]
[GC (Allocation Failure)  17573K->6885K(22528K), 0.0235339 secs]
[GC (Allocation Failure)  19173K->6565K(22528K), 0.0147941 secs]
[GC (Allocation Failure)  18853K->6117K(22528K), 0.0115261 secs]
[GC (Allocation Failure)  18405K->5701K(22528K), 0.0065777 secs]
[GC (Allocation Failure)  17989K->5349K(22528K), 0.0010923 secs]
[GC (Allocation Failure)  17637K->6973K(22528K), 0.0215667 secs]
[GC (Allocation Failure)  19261K->6621K(22528K), 0.0139678 secs]
[GC (Allocation Failure)  18909K->6333K(22528K), 0.0135214 secs]
[GC (Allocation Failure)  18621K->5789K(22528K), 0.0060612 secs]
[GC (Allocation Failure)  18077K->5469K(22528K), 0.0014219 secs]
[GC (Allocation Failure)  17757K->7061K(22528K), 0.0191967 secs]
[GC (Allocation Failure)  19349K->6773K(22528K), 0.0153726 secs]
[GC (Allocation Failure)  19061K->6421K(22528K), 0.0099079 secs]
[GC (Allocation Failure)  18709K->5909K(22528K), 0.0063869 secs]
[GC (Allocation Failure)  18197K->5621K(22528K), 0.0012921 secs]
[GC (Allocation Failure)  17909K->7141K(22528K), 0.0182705 secs]
[GC (Allocation Failure)  19429K->6917K(22528K), 0.0197746 secs]
[GC (Allocation Failure)  19205K->6437K(22528K), 0.0102669 secs]
[GC (Allocation Failure)  18725K->6085K(22528K), 0.0069516 secs]
[GC (Allocation Failure)  18373K->5733K(22528K), 0.0014065 secs]
[GC (Allocation Failure)  18021K->7309K(22528K), 0.0168134 secs]
[GC (Allocation Failure)  19597K->6989K(22528K), 0.0155701 secs]
[GC (Allocation Failure)  19277K->6573K(22528K), 0.0097572 secs]
[GC (Allocation Failure)  18861K->6157K(22528K), 0.0053725 secs]
[GC (Allocation Failure)  18445K->5741K(22528K), 0.0020966 secs]
[GC (Allocation Failure)  18029K->7437K(22528K), 0.0217686 secs]
[GC (Allocation Failure)  19725K->7117K(22528K), 0.0182085 secs]
[GC (Allocation Failure)  19405K->6669K(22528K), 0.0124164 secs]
[GC (Allocation Failure)  18957K->6189K(22528K), 0.0051714 secs]
[GC (Allocation Failure)  18477K->5741K(22528K), 0.0016962 secs]
[GC (Allocation Failure)  18029K->7541K(22528K), 0.0231500 secs]
[GC (Allocation Failure)  19829K->7157K(22528K), 0.0175023 secs]
[GC (Allocation Failure)  19445K->6709K(22528K), 0.0113242 secs]
[GC (Allocation Failure)  18997K->6325K(22528K), 0.0060152 secs]
[GC (Allocation Failure)  18613K->5877K(22528K), 0.0011671 secs]
[GC (Allocation Failure)  18165K->7557K(22528K), 0.0213217 secs]
[GC (Allocation Failure)  19845K->7301K(22528K), 0.0129723 secs]
[GC (Allocation Failure)  19589K->6789K(22528K), 0.0110393 secs]
[GC (Allocation Failure)  19077K->6373K(22528K), 0.0060247 secs]
[GC (Allocation Failure)  18661K->6053K(22528K), 0.0011766 secs]
[GC (Allocation Failure)  18341K->7709K(22528K), 0.0218753 secs]
[GC (Allocation Failure)  19997K->7293K(22528K), 0.0189462 secs]
[GC (Allocation Failure)  19581K->6909K(22528K), 0.0101586 secs]
[GC (Allocation Failure)  19197K->6493K(22528K), 0.0060523 secs]
[GC (Allocation Failure)  18781K->6141K(22528K), 0.0010243 secs]
[GC (Allocation Failure)  18429K->7749K(22528K), 0.0239044 secs]
[GC (Allocation Failure)  20037K->7365K(22528K), 0.0172749 secs]
[GC (Allocation Failure)  19653K->6981K(22528K), 0.0093029 secs]
[GC (Allocation Failure)  19269K->6565K(22528K), 0.0056233 secs]
[GC (Allocation Failure)  18853K->6117K(22528K), 0.0011319 secs]
[GC (Allocation Failure)  18405K->7853K(22528K), 0.0219636 secs]
[GC (Allocation Failure)  20141K->7437K(22528K), 0.0180469 secs]
[GC (Allocation Failure)  19725K->7053K(22528K), 0.0118201 secs]
[GC (Allocation Failure)  19341K->6637K(22528K), 0.0060355 secs]
[GC (Allocation Failure)  18925K->6189K(22528K), 0.0017422 secs]
[GC (Allocation Failure)  18477K->7901K(22528K), 0.0225483 secs]
[GC (Allocation Failure)  20189K->7549K(22528K), 0.0182472 secs]
[GC (Allocation Failure)  19837K->7101K(22528K), 0.0097719 secs]
[GC (Allocation Failure)  19389K->6685K(22528K), 0.0059188 secs]
[GC (Allocation Failure)  18973K->6237K(22528K), 0.0015929 secs]
[GC (Allocation Failure)  18525K->8005K(22528K), 0.0219232 secs]
[GC (Allocation Failure)  20293K->7621K(22528K), 0.0138746 secs]
[GC (Allocation Failure)  19909K->7141K(22528K), 0.0115230 secs]
[GC (Allocation Failure)  19429K->6757K(22528K), 0.0058771 secs]
[GC (Allocation Failure)  19045K->6245K(22528K), 0.0017174 secs]
[GC (Allocation Failure)  18533K->8061K(22528K), 0.0221757 secs]
[GC (Allocation Failure)  20349K->7613K(22528K), 0.0140331 secs]
[GC (Allocation Failure)  19901K->7197K(22528K), 0.0094719 secs]
[GC (Allocation Failure)  19485K->6845K(22528K), 0.0061021 secs]
[GC (Allocation Failure)  19133K->6365K(22528K), 0.0014111 secs]
[GC (Allocation Failure)  18653K->8077K(22528K), 0.0230137 secs]
[GC (Allocation Failure)  20365K->7725K(22528K), 0.0144176 secs]
[GC (Allocation Failure)  20013K->7277K(22528K), 0.0105772 secs]
[GC (Allocation Failure)  19565K->6861K(22528K), 0.0057627 secs]
[GC (Allocation Failure)  19149K->6381K(22528K), 0.0015379 secs]
[GC (Allocation Failure)  18669K->8101K(22528K), 0.0220240 secs]
[GC (Allocation Failure)  20389K->7717K(22528K), 0.0143828 secs]
[GC (Allocation Failure)  20005K->7365K(22528K), 0.0096435 secs]
[GC (Allocation Failure)  19653K->6853K(22528K), 0.0051392 secs]
[GC (Allocation Failure)  19141K->6405K(22528K), 0.0016699 secs]
[GC (Allocation Failure)  18693K->8157K(22528K), 0.0202424 secs]
[GC (Allocation Failure)  20445K->7805K(22528K), 0.0132791 secs]
[GC (Allocation Failure)  20093K->7357K(22528K), 0.0102325 secs]
[GC (Allocation Failure)  19645K->6941K(22528K), 0.0049941 secs]
[GC (Allocation Failure)  19229K->6461K(22528K), 0.0016952 secs]
[GC (Allocation Failure)  18749K->8205K(22528K), 0.0238090 secs]
[GC (Allocation Failure)  20493K->7789K(22528K), 0.0135843 secs]
[GC (Allocation Failure)  20077K->7309K(22528K), 0.0083550 secs]
[GC (Allocation Failure)  19597K->6989K(22528K), 0.0045569 secs]
[GC (Allocation Failure)  19277K->6445K(22528K), 0.0014505 secs]
[GC (Allocation Failure)  18733K->8213K(22528K), 0.0222306 secs]
[GC (Allocation Failure)  20501K->7829K(22528K), 0.0138570 secs]
[GC (Allocation Failure)  20117K->7349K(22528K), 0.0119518 secs]
[GC (Allocation Failure)  19637K->6933K(22528K), 0.0051274 secs]
[GC (Allocation Failure)  19221K->8661K(22528K), 0.0205039 secs]
[GC (Allocation Failure)  20949K->8661K(22528K), 0.0205174 secs]
[GC (Allocation Failure)  20949K->8213K(22528K), 0.0122910 secs]
[GC (Allocation Failure)  20501K->7829K(22528K), 0.0102485 secs]
[GC (Allocation Failure)  20117K->7381K(22528K), 0.0045464 secs]
[GC (Allocation Failure)  19669K->9021K(22528K), 0.0201674 secs]
[GC (Allocation Failure)  21309K->9085K(22528K), 0.0200931 secs]
[GC (Allocation Failure)  21373K->8637K(22528K), 0.0163726 secs]
[GC (Allocation Failure)  20925K->8189K(22528K), 0.0097758 secs]
[GC (Allocation Failure)  20477K->7805K(22528K), 0.0046394 secs]
[GC (Allocation Failure)  20093K->9477K(22528K), 0.0233086 secs]
[Full GC (Ergonomics)  9477K->3597K(22528K), 0.0520434 secs]
[GC (Allocation Failure)  15885K->5389K(22528K), 0.0250050 secs]
[GC (Allocation Failure)  17677K->4941K(22528K), 0.0203987 secs]
[GC (Allocation Failure)  17229K->4525K(22528K), 0.0126847 secs]
[GC (Allocation Failure)  16813K->4109K(22528K), 0.0054474 secs]
[GC (Allocation Failure)  16397K->5805K(22528K), 0.0293925 secs]
[GC (Allocation Failure)  18093K->5709K(22528K), 0.0229149 secs]
[GC (Allocation Failure)  17997K->5389K(22528K), 0.0192159 secs]
[GC (Allocation Failure)  17677K->4941K(22528K), 0.0102244 secs]
[GC (Allocation Failure)  17229K->4525K(22528K), 0.0044297 secs]
[GC (Allocation Failure)  16813K->6149K(22528K), 0.0218477 secs]
[GC (Allocation Failure)  18437K->6149K(22528K), 0.0181134 secs]
[GC (Allocation Failure)  18437K->5797K(22528K), 0.0167063 secs]
[GC (Allocation Failure)  18085K->5317K(22528K), 0.0109207 secs]
[GC (Allocation Failure)  17605K->4933K(22528K), 0.0051679 secs]
[GC (Allocation Failure)  17221K->6693K(22528K), 0.0238126 secs]
[GC (Allocation Failure)  18981K->6565K(22528K), 0.0204454 secs]
[GC (Allocation Failure)  18853K->6181K(22528K), 0.0146013 secs]
[GC (Allocation Failure)  18469K->5733K(22528K), 0.0107540 secs]
[GC (Allocation Failure)  18021K->5349K(22528K), 0.0043246 secs]
[GC (Allocation Failure)  17637K->7037K(22528K), 0.0217201 secs]
[GC (Allocation Failure)  19325K->7005K(22528K), 0.0209061 secs]
[GC (Allocation Failure)  19293K->6589K(22528K), 0.0132841 secs]
[GC (Allocation Failure)  18877K->6173K(22528K), 0.0097408 secs]
[GC (Allocation Failure)  18461K->5693K(22528K), 0.0051569 secs]
[GC (Allocation Failure)  17981K->7429K(22528K), 0.0252691 secs]
[GC (Allocation Failure)  19717K->7301K(22528K), 0.0246422 secs]
[GC (Allocation Failure)  19589K->6949K(22528K), 0.0151969 secs]
[GC (Allocation Failure)  19237K->6533K(22528K), 0.0101759 secs]
[GC (Allocation Failure)  18821K->6117K(22528K), 0.0044182 secs]
[GC (Allocation Failure)  18405K->7789K(22528K), 0.0255529 secs]
[GC (Allocation Failure)  20077K->7789K(22528K), 0.0211743 secs]
[GC (Allocation Failure)  20077K->7373K(22528K), 0.0158374 secs]
[GC (Allocation Failure)  19661K->6957K(22528K), 0.0082503 secs]
[GC (Allocation Failure)  19245K->6509K(22528K), 0.0043928 secs]
[GC (Allocation Failure)  18797K->8205K(22528K), 0.0255728 secs]
[GC (Allocation Failure)  20493K->8173K(22528K), 0.0203325 secs]
[GC (Allocation Failure)  20461K->7661K(22528K), 0.0148315 secs]
[GC (Allocation Failure)  19949K->7373K(22528K), 0.0100100 secs]
[GC (Allocation Failure)  19661K->6893K(22528K), 0.0038299 secs]
[GC (Allocation Failure)  19181K->8621K(22528K), 0.0255127 secs]
[GC (Allocation Failure)  20909K->8557K(22528K), 0.0204148 secs]
[GC (Allocation Failure)  20845K->8077K(22528K), 0.0163523 secs]
[GC (Allocation Failure)  20365K->7693K(22528K), 0.0087324 secs]
[GC (Allocation Failure)  19981K->7245K(22528K), 0.0036458 secs]
[GC (Allocation Failure)  19533K->8965K(22528K), 0.0242968 secs]
[GC (Allocation Failure)  21253K->8869K(22528K), 0.0203727 secs]
[GC (Allocation Failure)  21157K->8453K(22528K), 0.0117473 secs]
[GC (Allocation Failure)  20741K->8069K(22528K), 0.0100060 secs]
[GC (Allocation Failure)  20357K->7621K(22528K), 0.0041802 secs]
[GC (Allocation Failure)  19909K->9357K(22528K), 0.0249218 secs]
[Full GC (Ergonomics)  9357K->3542K(22528K), 0.0517649 secs]
[GC (Allocation Failure)  15830K->5238K(22528K), 0.0248482 secs]
[GC (Allocation Failure)  17526K->4854K(22528K), 0.0167232 secs]
[GC (Allocation Failure)  17142K->4438K(22528K), 0.0089105 secs]
[GC (Allocation Failure)  16726K->3990K(22528K), 0.0040528 secs]
[GC (Allocation Failure)  16278K->5654K(22528K), 0.0254948 secs]
[GC (Allocation Failure)  17942K->5622K(22528K), 0.0225308 secs]
[GC (Allocation Failure)  17910K->5206K(22528K), 0.0172844 secs]
[GC (Allocation Failure)  17494K->4758K(22528K), 0.0106758 secs]
[GC (Allocation Failure)  17046K->4342K(22528K), 0.0041956 secs]
[GC (Allocation Failure)  16630K->5982K(22528K), 0.0231587 secs]
[GC (Allocation Failure)  18270K->5886K(22528K), 0.0183816 secs]
[GC (Allocation Failure)  18174K->5502K(22528K), 0.0162166 secs]
[GC (Allocation Failure)  17790K->5086K(22528K), 0.0098819 secs]
[GC (Allocation Failure)  17374K->4702K(22528K), 0.0039485 secs]
[GC (Allocation Failure)  16990K->6398K(22528K), 0.0256367 secs]
[GC (Allocation Failure)  18686K->6270K(22528K), 0.0227854 secs]
[GC (Allocation Failure)  18558K->5886K(22528K), 0.0164046 secs]
[GC (Allocation Failure)  18174K->5406K(22528K), 0.0082110 secs]
[GC (Allocation Failure)  17694K->5054K(22528K), 0.0043128 secs]
[GC (Allocation Failure)  17342K->6742K(22528K), 0.0209449 secs]
[GC (Allocation Failure)  19030K->6614K(22528K), 0.0165357 secs]
[GC (Allocation Failure)  18902K->6230K(22528K), 0.0118345 secs]
[GC (Allocation Failure)  18518K->5846K(22528K), 0.0092965 secs]
[GC (Allocation Failure)  18134K->5398K(22528K), 0.0034354 secs]
[GC (Allocation Failure)  17686K->7110K(22528K), 0.0250541 secs]
[GC (Allocation Failure)  19398K->6982K(22528K), 0.0203433 secs]
[GC (Allocation Failure)  19270K->6534K(22528K), 0.0123688 secs]
[GC (Allocation Failure)  18822K->6118K(22528K), 0.0088498 secs]
[GC (Allocation Failure)  18406K->5734K(22528K), 0.0040501 secs]
[GC (Allocation Failure)  18022K->7382K(22528K), 0.0243430 secs]
[GC (Allocation Failure)  19670K->7254K(22528K), 0.0211604 secs]
[GC (Allocation Failure)  19542K->6838K(22528K), 0.0138911 secs]
[GC (Allocation Failure)  19126K->6422K(22528K), 0.0098421 secs]
[GC (Allocation Failure)  18710K->6006K(22528K), 0.0046973 secs]
[GC (Allocation Failure)  18294K->7686K(22528K), 0.0208841 secs]
[GC (Allocation Failure)  19974K->7654K(22528K), 0.0188699 secs]
[GC (Allocation Failure)  19942K->7206K(22528K), 0.0119058 secs]
[GC (Allocation Failure)  19494K->6822K(22528K), 0.0080378 secs]
[GC (Allocation Failure)  19110K->6374K(22528K), 0.0038406 secs]
[GC (Allocation Failure)  18662K->8070K(22528K), 0.0193672 secs]
[GC (Allocation Failure)  20358K->7942K(22528K), 0.0196866 secs]
[GC (Allocation Failure)  20230K->7526K(22528K), 0.0166566 secs]
[GC (Allocation Failure)  19814K->7110K(22528K), 0.0093424 secs]
[GC (Allocation Failure)  19398K->6694K(22528K), 0.0043670 secs]
[GC (Allocation Failure)  18982K->8318K(22528K), 0.0249545 secs]
[GC (Allocation Failure)  20606K->8158K(22528K), 0.0161606 secs]
[GC (Allocation Failure)  20446K->7806K(22528K), 0.0149586 secs]
[GC (Allocation Failure)  20094K->7422K(22528K), 0.0083277 secs]
[GC (Allocation Failure)  19710K->7006K(22528K), 0.0036029 secs]
[GC (Allocation Failure)  19294K->8622K(22528K), 0.0233950 secs]
[GC (Allocation Failure)  20910K->8590K(22528K), 0.0200973 secs]
[GC (Allocation Failure)  20878K->8206K(22528K), 0.0128018 secs]
[GC (Allocation Failure)  20494K->7726K(22528K), 0.0080283 secs]
[GC (Allocation Failure)  20014K->7310K(22528K), 0.0031667 secs]
[GC (Allocation Failure)  19598K->8958K(22528K), 0.0230059 secs]
[GC (Allocation Failure)  21246K->8862K(22528K), 0.0190992 secs]
[GC (Allocation Failure)  21150K->8446K(22528K), 0.0116882 secs]
[GC (Allocation Failure)  20734K->7998K(22528K), 0.0076006 secs]
[GC (Allocation Failure)  20286K->7582K(22528K), 0.0034934 secs]
[GC (Allocation Failure)  19870K->9230K(22528K), 0.0203100 secs]
[Full GC (Ergonomics)  9230K->3475K(22528K), 0.0485017 secs]
[GC (Allocation Failure)  15763K->5075K(22528K), 0.0264876 secs]
[GC (Allocation Failure)  17363K->4691K(22528K), 0.0145274 secs]
[GC (Allocation Failure)  16979K->4307K(22528K), 0.0071193 secs]
[GC (Allocation Failure)  16595K->3859K(22528K), 0.0035619 secs]
[GC (Allocation Failure)  16147K->5563K(22528K), 0.0267299 secs]
[GC (Allocation Failure)  17851K->5403K(22528K), 0.0202362 secs]
[GC (Allocation Failure)  17691K->5051K(22528K), 0.0117336 secs]
[GC (Allocation Failure)  17339K->4603K(22528K), 0.0084638 secs]
[GC (Allocation Failure)  16891K->4155K(22528K), 0.0027347 secs]
[GC (Allocation Failure)  16443K->5843K(22528K), 0.0268420 secs]
[GC (Allocation Failure)  18131K->5587K(22528K), 0.0164032 secs]
[GC (Allocation Failure)  17875K->5331K(22528K), 0.0116019 secs]
[GC (Allocation Failure)  17619K->4819K(22528K), 0.0072258 secs]
[GC (Allocation Failure)  17107K->4435K(22528K), 0.0031162 secs]
[GC (Allocation Failure)  16723K->6035K(22528K), 0.0238914 secs]
[GC (Allocation Failure)  18323K->5971K(22528K), 0.0188713 secs]
[GC (Allocation Failure)  18259K->5523K(22528K), 0.0145307 secs]
[GC (Allocation Failure)  17811K->5107K(22528K), 0.0073443 secs]
[GC (Allocation Failure)  17395K->4723K(22528K), 0.0028190 secs]
[GC (Allocation Failure)  17011K->6411K(22528K), 0.0252550 secs]
[GC (Allocation Failure)  18699K->6251K(22528K), 0.0203580 secs]
[GC (Allocation Failure)  18539K->5803K(22528K), 0.0149389 secs]
[GC (Allocation Failure)  18091K->5419K(22528K), 0.0072810 secs]
[GC (Allocation Failure)  17707K->5035K(22528K), 0.0030497 secs]
[GC (Allocation Failure)  17323K->6651K(22528K), 0.0238751 secs]
[GC (Allocation Failure)  18939K->6523K(22528K), 0.0195983 secs]
[GC (Allocation Failure)  18811K->6043K(22528K), 0.0128816 secs]
[GC (Allocation Failure)  18331K->5691K(22528K), 0.0074181 secs]
[GC (Allocation Failure)  17979K->5275K(22528K), 0.0030791 secs]
[GC (Allocation Failure)  17563K->6883K(22528K), 0.0231269 secs]
[GC (Allocation Failure)  19171K->6755K(22528K), 0.0155792 secs]
[GC (Allocation Failure)  19043K->6339K(22528K), 0.0124262 secs]
[GC (Allocation Failure)  18627K->5955K(22528K), 0.0077915 secs]
[GC (Allocation Failure)  18243K->5507K(22528K), 0.0032023 secs]
[GC (Allocation Failure)  17795K->7179K(22528K), 0.0241582 secs]
[GC (Allocation Failure)  19467K->6987K(22528K), 0.0194968 secs]
[GC (Allocation Failure)  19275K->6635K(22528K), 0.0105444 secs]
[GC (Allocation Failure)  18923K->6187K(22528K), 0.0068388 secs]
[GC (Allocation Failure)  18475K->5771K(22528K), 0.0030131 secs]
[GC (Allocation Failure)  18059K->7419K(22528K), 0.0184899 secs]
[GC (Allocation Failure)  19707K->7259K(22528K), 0.0152097 secs]
[GC (Allocation Failure)  19547K->6779K(22528K), 0.0138654 secs]
[GC (Allocation Failure)  19067K->6395K(22528K), 0.0077885 secs]
[GC (Allocation Failure)  18683K->6043K(22528K), 0.0032193 secs]
[GC (Allocation Failure)  18331K->7699K(22528K), 0.0255474 secs]
[GC (Allocation Failure)  19987K->7507K(22528K), 0.0138743 secs]
[GC (Allocation Failure)  19795K->7123K(22528K), 0.0150054 secs]
[GC (Allocation Failure)  19411K->6707K(22528K), 0.0061608 secs]
[GC (Allocation Failure)  18995K->6291K(22528K), 0.0032417 secs]
[GC (Allocation Failure)  18579K->7979K(22528K), 0.0241363 secs]
[GC (Allocation Failure)  20267K->7723K(22528K), 0.0159343 secs]
[GC (Allocation Failure)  20011K->7371K(22528K), 0.0128671 secs]
[GC (Allocation Failure)  19659K->6955K(22528K), 0.0074631 secs]
[GC (Allocation Failure)  19243K->6539K(22528K), 0.0029816 secs]
[GC (Allocation Failure)  18827K->8251K(22528K), 0.0241309 secs]
[GC (Allocation Failure)  20539K->7963K(22528K), 0.0189554 secs]
[GC (Allocation Failure)  20251K->7547K(22528K), 0.0130417 secs]
[GC (Allocation Failure)  19835K->7195K(22528K), 0.0072845 secs]
[GC (Allocation Failure)  19483K->6779K(22528K), 0.0034808 secs]
[GC (Allocation Failure)  19067K->8387K(22528K), 0.0245124 secs]
[GC (Allocation Failure)  20675K->8163K(22528K), 0.0198576 secs]
[GC (Allocation Failure)  20451K->7779K(22528K), 0.0155777 secs]
[GC (Allocation Failure)  20067K->7363K(22528K), 0.0078358 secs]
[GC (Allocation Failure)  19651K->7043K(22528K), 0.0023034 secs]
[GC (Allocation Failure)  19331K->8707K(22528K), 0.0266161 secs]
[GC (Allocation Failure)  20995K->8419K(22528K), 0.0213720 secs]
[GC (Allocation Failure)  20707K->7971K(22528K), 0.0171103 secs]
[GC (Allocation Failure)  20259K->7619K(22528K), 0.0095115 secs]
[GC (Allocation Failure)  19907K->7203K(22528K), 0.0037013 secs]
[GC (Allocation Failure)  19491K->8931K(22528K), 0.0244016 secs]
[GC (Allocation Failure)  21219K->8707K(22528K), 0.0227515 secs]
[GC (Allocation Failure)  20995K->8195K(22528K), 0.0149214 secs]
[GC (Allocation Failure)  20483K->7811K(22528K), 0.0074951 secs]
[GC (Allocation Failure)  20099K->7427K(22528K), 0.0028816 secs]
[GC (Allocation Failure)  19715K->9123K(22528K), 0.0259508 secs]
[GC (Allocation Failure)  21411K->8931K(22528K), 0.0182850 secs]
[GC (Allocation Failure)  21219K->8451K(22528K), 0.0116775 secs]
[GC (Allocation Failure)  20739K->8003K(22528K), 0.0075430 secs]
[GC (Allocation Failure)  20291K->7651K(22528K), 0.0031008 secs]
[GC (Allocation Failure)  19939K->9267K(22528K), 0.0223457 secs]
[GC (Allocation Failure)  21555K->9075K(22528K), 0.0170183 secs]
[GC (Allocation Failure)  21363K->8627K(22528K), 0.0131619 secs]
[GC (Allocation Failure)  20915K->8275K(22528K), 0.0068486 secs]
[GC (Allocation Failure)  20563K->7891K(22528K), 0.0028306 secs]
[GC (Allocation Failure)  20179K->9499K(22528K), 0.0202434 secs]
[Full GC (Ergonomics)  9499K->3380K(22528K), 0.0466609 secs]
[GC (Allocation Failure)  15668K->4884K(22528K), 0.0207211 secs]
[GC (Allocation Failure)  17172K->4500K(22528K), 0.0149585 secs]
[GC (Allocation Failure)  16788K->4116K(22528K), 0.0059762 secs]
[GC (Allocation Failure)  16404K->3700K(22528K), 0.0025795 secs]
[GC (Allocation Failure)  15988K->5348K(22528K), 0.0234074 secs]
[GC (Allocation Failure)  17636K->5156K(22528K), 0.0195757 secs]
[GC (Allocation Failure)  17444K->4740K(22528K), 0.0122727 secs]
[GC (Allocation Failure)  17028K->4324K(22528K), 0.0071583 secs]
[GC (Allocation Failure)  16612K->3908K(22528K), 0.0027831 secs]
[GC (Allocation Failure)  16196K->5540K(22528K), 0.0218846 secs]
[GC (Allocation Failure)  17828K->5348K(22528K), 0.0173933 secs]
[GC (Allocation Failure)  17636K->4868K(22528K), 0.0124278 secs]
[GC (Allocation Failure)  17156K->4516K(22528K), 0.0065417 secs]
[GC (Allocation Failure)  16804K->4068K(22528K), 0.0012466 secs]
[GC (Allocation Failure)  16356K->5692K(22528K), 0.0218044 secs]
[GC (Allocation Failure)  17980K->5468K(22528K), 0.0180268 secs]
[GC (Allocation Failure)  17756K->5020K(22528K), 0.0100002 secs]
[GC (Allocation Failure)  17308K->4636K(22528K), 0.0049324 secs]
[GC (Allocation Failure)  16924K->4284K(22528K), 0.0021873 secs]
[GC (Allocation Failure)  16572K->5924K(22528K), 0.0231555 secs]
[GC (Allocation Failure)  18212K->5700K(22528K), 0.0178543 secs]
[GC (Allocation Failure)  17988K->5220K(22528K), 0.0130012 secs]
[GC (Allocation Failure)  17508K->4868K(22528K), 0.0070306 secs]
[GC (Allocation Failure)  17156K->4484K(22528K), 0.0020609 secs]
[GC (Allocation Failure)  16772K->6044K(22528K), 0.0232641 secs]
[GC (Allocation Failure)  18332K->5820K(22528K), 0.0171055 secs]
[GC (Allocation Failure)  18108K->5404K(22528K), 0.0125995 secs]
[GC (Allocation Failure)  17692K->5020K(22528K), 0.0058387 secs]
[GC (Allocation Failure)  17308K->4668K(22528K), 0.0025979 secs]
[GC (Allocation Failure)  16956K->6244K(22528K), 0.0169230 secs]
[GC (Allocation Failure)  18532K->6020K(22528K), 0.0184655 secs]
[GC (Allocation Failure)  18308K->5604K(22528K), 0.0125851 secs]
[GC (Allocation Failure)  17892K->5156K(22528K), 0.0055005 secs]
[GC (Allocation Failure)  17444K->4804K(22528K), 0.0027579 secs]
[GC (Allocation Failure)  17092K->6404K(22528K), 0.0239566 secs]
[GC (Allocation Failure)  18692K->6116K(22528K), 0.0188917 secs]
[GC (Allocation Failure)  18404K->5700K(22528K), 0.0102949 secs]
[GC (Allocation Failure)  17988K->5316K(22528K), 0.0067391 secs]
[GC (Allocation Failure)  17604K->4964K(22528K), 0.0023071 secs]
[GC (Allocation Failure)  17252K->6588K(22528K), 0.0216505 secs]
[GC (Allocation Failure)  18876K->6268K(22528K), 0.0163562 secs]
[GC (Allocation Failure)  18556K->5884K(22528K), 0.0111931 secs]
[GC (Allocation Failure)  18172K->5500K(22528K), 0.0069412 secs]
[GC (Allocation Failure)  17788K->5116K(22528K), 0.0021146 secs]
[GC (Allocation Failure)  17404K->6780K(22528K), 0.0213594 secs]
[GC (Allocation Failure)  19068K->6460K(22528K), 0.0190213 secs]
[GC (Allocation Failure)  18748K->6012K(22528K), 0.0134919 secs]
[GC (Allocation Failure)  18300K->5628K(22528K), 0.0062754 secs]
[GC (Allocation Failure)  17916K->5308K(22528K), 0.0025651 secs]
[GC (Allocation Failure)  17596K->6900K(22528K), 0.0169487 secs]
[GC (Allocation Failure)  19188K->6612K(22528K), 0.0162265 secs]
[GC (Allocation Failure)  18900K->6196K(22528K), 0.0115537 secs]
[GC (Allocation Failure)  18484K->5780K(22528K), 0.0061796 secs]
[GC (Allocation Failure)  18068K->5428K(22528K), 0.0020855 secs]
[GC (Allocation Failure)  17716K->7036K(22528K), 0.0226328 secs]
[GC (Allocation Failure)  19324K->6748K(22528K), 0.0174878 secs]
[GC (Allocation Failure)  19036K->6364K(22528K), 0.0123269 secs]
[GC (Allocation Failure)  18652K->5884K(22528K), 0.0063606 secs]
[GC (Allocation Failure)  18172K->5596K(22528K), 0.0019413 secs]
[GC (Allocation Failure)  17884K->7212K(22528K), 0.0209783 secs]
[GC (Allocation Failure)  19500K->6828K(22528K), 0.0174293 secs]
[GC (Allocation Failure)  19116K->6476K(22528K), 0.0129902 secs]
[GC (Allocation Failure)  18764K->6028K(22528K), 0.0056534 secs]
[GC (Allocation Failure)  18316K->5740K(22528K), 0.0020018 secs]
[GC (Allocation Failure)  18028K->7316K(22528K), 0.0231912 secs]
[GC (Allocation Failure)  19604K->7028K(22528K), 0.0152113 secs]
[GC (Allocation Failure)  19316K->6580K(22528K), 0.0119245 secs]
[GC (Allocation Failure)  18868K->6132K(22528K), 0.0072166 secs]
[GC (Allocation Failure)  18420K->5780K(22528K), 0.0016447 secs]
[GC (Allocation Failure)  18068K->7404K(22528K), 0.0182367 secs]
[GC (Allocation Failure)  19692K->7180K(22528K), 0.0144687 secs]
[GC (Allocation Failure)  19468K->6700K(22528K), 0.0119939 secs]
[GC (Allocation Failure)  18988K->6284K(22528K), 0.0071255 secs]
[GC (Allocation Failure)  18572K->5868K(22528K), 0.0017263 secs]
[GC (Allocation Failure)  18156K->7588K(22528K), 0.0258755 secs]
[GC (Allocation Failure)  19876K->7268K(22528K), 0.0179431 secs]
[GC (Allocation Failure)  19556K->6884K(22528K), 0.0094751 secs]
[GC (Allocation Failure)  19172K->6436K(22528K), 0.0046968 secs]
[GC (Allocation Failure)  18724K->5924K(22528K), 0.0011974 secs]
[GC (Allocation Failure)  18212K->7668K(22528K), 0.0216151 secs]
[GC (Allocation Failure)  19956K->7380K(22528K), 0.0179359 secs]
[GC (Allocation Failure)  19668K->6932K(22528K), 0.0116216 secs]
[GC (Allocation Failure)  19220K->6548K(22528K), 0.0050710 secs]
[GC (Allocation Failure)  18836K->6196K(22528K), 0.0018805 secs]
[GC (Allocation Failure)  18484K->7772K(22528K), 0.0174163 secs]
[GC (Allocation Failure)  20060K->7452K(22528K), 0.0139361 secs]
[GC (Allocation Failure)  19740K->7036K(22528K), 0.0110271 secs]
[GC (Allocation Failure)  19324K->6652K(22528K), 0.0047786 secs]
[GC (Allocation Failure)  18940K->6300K(22528K), 0.0012133 secs]
[GC (Allocation Failure)  18588K->7876K(22528K), 0.0204072 secs]
[GC (Allocation Failure)  20164K->7556K(22528K), 0.0129957 secs]
[GC (Allocation Failure)  19844K->7108K(22528K), 0.0091813 secs]
[GC (Allocation Failure)  19396K->6660K(22528K), 0.0050013 secs]
[GC (Allocation Failure)  18948K->6276K(22528K), 0.0012727 secs]
[GC (Allocation Failure)  18564K->7980K(22528K), 0.0216246 secs]
[GC (Allocation Failure)  20268K->7660K(22528K), 0.0148302 secs]
[GC (Allocation Failure)  19948K->7244K(22528K), 0.0124626 secs]
[GC (Allocation Failure)  19532K->6796K(22528K), 0.0062756 secs]
[GC (Allocation Failure)  19084K->6348K(22528K), 0.0010114 secs]
[GC (Allocation Failure)  18636K->8108K(22528K), 0.0200758 secs]
[GC (Allocation Failure)  20396K->7724K(22528K), 0.0197711 secs]
[GC (Allocation Failure)  20012K->7340K(22528K), 0.0127544 secs]
[GC (Allocation Failure)  19628K->6956K(22528K), 0.0068027 secs]
[GC (Allocation Failure)  19244K->6380K(22528K), 0.0011638 secs]
[GC (Allocation Failure)  18668K->8196K(22528K), 0.0198108 secs]
[GC (Allocation Failure)  20484K->7844K(22528K), 0.0139277 secs]
[GC (Allocation Failure)  20132K->7460K(22528K), 0.0116093 secs]
[GC (Allocation Failure)  19748K->6980K(22528K), 0.0058490 secs]
[GC (Allocation Failure)  19268K->6500K(22528K), 0.0014590 secs]
[GC (Allocation Failure)  18788K->8180K(22528K), 0.0225484 secs]
[GC (Allocation Failure)  20468K->7924K(22528K), 0.0172622 secs]
[GC (Allocation Failure)  20212K->7476K(22528K), 0.0112202 secs]
[GC (Allocation Failure)  19764K->7060K(22528K), 0.0057493 secs]
[GC (Allocation Failure)  19348K->6612K(22528K), 0.0011995 secs]
[GC (Allocation Failure)  18900K->8348K(22528K), 0.0257164 secs]
[GC (Allocation Failure)  20636K->7932K(22528K), 0.0176898 secs]
[GC (Allocation Failure)  20220K->7548K(22528K), 0.0105511 secs]
[GC (Allocation Failure)  19836K->7132K(22528K), 0.0055408 secs]
[GC (Allocation Failure)  19420K->6748K(22528K), 0.0011335 secs]
[GC (Allocation Failure)  19036K->8380K(22528K), 0.0196952 secs]
[GC (Allocation Failure)  20668K->8060K(22528K), 0.0142965 secs]
[GC (Allocation Failure)  20348K->7580K(22528K), 0.0099625 secs]
[GC (Allocation Failure)  19868K->7292K(22528K), 0.0051519 secs]
[GC (Allocation Failure)  19580K->6684K(22528K), 0.0011770 secs]
[GC (Allocation Failure)  18972K->8412K(22528K), 0.0184232 secs]
[GC (Allocation Failure)  20700K->8060K(22528K), 0.0138274 secs]
[GC (Allocation Failure)  20348K->7708K(22528K), 0.0119514 secs]
[GC (Allocation Failure)  19996K->7228K(22528K), 0.0056264 secs]
[GC (Allocation Failure)  19516K->6780K(22528K), 0.0013412 secs]
[GC (Allocation Failure)  19068K->8412K(22528K), 0.0168059 secs]
[GC (Allocation Failure)  20700K->8188K(22528K), 0.0146635 secs]
[GC (Allocation Failure)  20476K->7708K(22528K), 0.0098313 secs]
[GC (Allocation Failure)  19996K->7324K(22528K), 0.0053012 secs]
[GC (Allocation Failure)  19612K->6844K(22528K), 0.0015488 secs]
[GC (Allocation Failure)  19132K->8540K(22528K), 0.0162653 secs]
[GC (Allocation Failure)  20828K->8156K(22528K), 0.0169042 secs]
[GC (Allocation Failure)  20444K->7836K(22528K), 0.0112894 secs]
[GC (Allocation Failure)  20124K->7388K(22528K), 0.0056294 secs]
[GC (Allocation Failure)  19676K->6876K(22528K), 0.0015854 secs]
[GC (Allocation Failure)  19164K->8692K(22528K), 0.0180550 secs]
[GC (Allocation Failure)  20980K->8276K(22528K), 0.0171003 secs]
[GC (Allocation Failure)  20564K->7860K(22528K), 0.0092565 secs]
[GC (Allocation Failure)  20148K->7380K(22528K), 0.0057417 secs]
[GC (Allocation Failure)  19668K->6900K(22528K), 0.0016333 secs]
[GC (Allocation Failure)  19188K->8636K(22528K), 0.0240061 secs]
[GC (Allocation Failure)  20924K->8252K(22528K), 0.0174806 secs]
[GC (Allocation Failure)  20540K->7868K(22528K), 0.0108771 secs]
[GC (Allocation Failure)  20156K->7420K(22528K), 0.0054469 secs]
[GC (Allocation Failure)  19708K->7068K(22528K), 0.0009675 secs]
[GC (Allocation Failure)  19356K->8788K(22528K), 0.0182861 secs]
[GC (Allocation Failure)  21076K->8340K(22528K), 0.0155825 secs]
[GC (Allocation Failure)  20628K->7924K(22528K), 0.0102565 secs]
[GC (Allocation Failure)  20212K->7476K(22528K), 0.0050694 secs]
[GC (Allocation Failure)  19764K->7028K(22528K), 0.0012348 secs]
[GC (Allocation Failure)  19316K->8764K(22528K), 0.0190142 secs]
[GC (Allocation Failure)  21052K->8380K(22528K), 0.0151354 secs]
[GC (Allocation Failure)  20668K->7932K(22528K), 0.0104938 secs]
[GC (Allocation Failure)  20220K->7452K(22528K), 0.0048593 secs]
[GC (Allocation Failure)  19740K->9212K(22528K), 0.0228772 secs]
[GC (Allocation Failure)  21500K->9180K(22528K), 0.0210907 secs]
[GC (Allocation Failure)  21468K->8828K(22528K), 0.0129744 secs]
[GC (Allocation Failure)  21116K->8380K(22528K), 0.0088922 secs]
[GC (Allocation Failure)  20668K->7900K(22528K), 0.0053082 secs]
[GC (Allocation Failure)  20188K->9684K(22528K), 0.0251518 secs]
[Full GC (Ergonomics)  9684K->3608K(22528K), 0.0497572 secs]
[GC (Allocation Failure)  15896K->5368K(22528K), 0.0253162 secs]
[GC (Allocation Failure)  17656K->4952K(22528K), 0.0162314 secs]
[GC (Allocation Failure)  17240K->4536K(22528K), 0.0084150 secs]
[GC (Allocation Failure)  16824K->4120K(22528K), 0.0050065 secs]
[GC (Allocation Failure)  16408K->5816K(22528K), 0.0260506 secs]
[GC (Allocation Failure)  18104K->5816K(22528K), 0.0213350 secs]
[GC (Allocation Failure)  18104K->5400K(22528K), 0.0156235 secs]
[GC (Allocation Failure)  17688K->4952K(22528K), 0.0093768 secs]
[GC (Allocation Failure)  17240K->4536K(22528K), 0.0046781 secs]
[GC (Allocation Failure)  16824K->6208K(22528K), 0.0187551 secs]
[GC (Allocation Failure)  18496K->6208K(22528K), 0.0150803 secs]
[GC (Allocation Failure)  18496K->5792K(22528K), 0.0146487 secs]
[GC (Allocation Failure)  18080K->5408K(22528K), 0.0099952 secs]
[GC (Allocation Failure)  17696K->4928K(22528K), 0.0049249 secs]
[GC (Allocation Failure)  17216K->6624K(22528K), 0.0232170 secs]
[GC (Allocation Failure)  18912K->6592K(22528K), 0.0230677 secs]
[GC (Allocation Failure)  18880K->6240K(22528K), 0.0127547 secs]
[GC (Allocation Failure)  18528K->5728K(22528K), 0.0097687 secs]
[GC (Allocation Failure)  18016K->5376K(22528K), 0.0054656 secs]
[GC (Allocation Failure)  17664K->7048K(22528K), 0.0271523 secs]
[GC (Allocation Failure)  19336K->7048K(22528K), 0.0172264 secs]
[GC (Allocation Failure)  19336K->6600K(22528K), 0.0122108 secs]
[GC (Allocation Failure)  18888K->6216K(22528K), 0.0106512 secs]
[GC (Allocation Failure)  18504K->5800K(22528K), 0.0050180 secs]
[GC (Allocation Failure)  18088K->7480K(22528K), 0.0205101 secs]
[GC (Allocation Failure)  19768K->7448K(22528K), 0.0207825 secs]
[GC (Allocation Failure)  19736K->6968K(22528K), 0.0149582 secs]
[GC (Allocation Failure)  19256K->6584K(22528K), 0.0088714 secs]
[GC (Allocation Failure)  18872K->6168K(22528K), 0.0044686 secs]
[GC (Allocation Failure)  18456K->7912K(22528K), 0.0255724 secs]
[GC (Allocation Failure)  20200K->7816K(22528K), 0.0175785 secs]
[GC (Allocation Failure)  20104K->7336K(22528K), 0.0142640 secs]
[GC (Allocation Failure)  19624K->7016K(22528K), 0.0089038 secs]
[GC (Allocation Failure)  19304K->6568K(22528K), 0.0048753 secs]
[GC (Allocation Failure)  18856K->8272K(22528K), 0.0229380 secs]
[GC (Allocation Failure)  20560K->8144K(22528K), 0.0171427 secs]
[GC (Allocation Failure)  20432K->7824K(22528K), 0.0152680 secs]
[GC (Allocation Failure)  20112K->7408K(22528K), 0.0087472 secs]
[GC (Allocation Failure)  19696K->6896K(22528K), 0.0044875 secs]
[GC (Allocation Failure)  19184K->8664K(22528K), 0.0202677 secs]
[GC (Allocation Failure)  20952K->8600K(22528K), 0.0216901 secs]
[GC (Allocation Failure)  20888K->8216K(22528K), 0.0124750 secs]
[GC (Allocation Failure)  20504K->7800K(22528K), 0.0112542 secs]
[GC (Allocation Failure)  20088K->7384K(22528K), 0.0049030 secs]
[GC (Allocation Failure)  19672K->9080K(22528K), 0.0203409 secs]
[GC (Allocation Failure)  21368K->8952K(22528K), 0.0155515 secs]
[GC (Allocation Failure)  21240K->8600K(22528K), 0.0118368 secs]
[GC (Allocation Failure)  20888K->8088K(22528K), 0.0082798 secs]
[GC (Allocation Failure)  20376K->7736K(22528K), 0.0046385 secs]
[GC (Allocation Failure)  20024K->9456K(22528K), 0.0196664 secs]
[Full GC (Ergonomics)  9456K->3552K(22528K), 0.0524143 secs]
[GC (Allocation Failure)  15840K->5216K(22528K), 0.0218212 secs]
[GC (Allocation Failure)  17504K->4800K(22528K), 0.0140926 secs]
[GC (Allocation Failure)  17088K->4448K(22528K), 0.0092821 secs]
[GC (Allocation Failure)  16736K->4000K(22528K), 0.0042927 secs]
[GC (Allocation Failure)  16288K->5696K(22528K), 0.0202610 secs]
[GC (Allocation Failure)  17984K->5664K(22528K), 0.0224587 secs]
[GC (Allocation Failure)  17952K->5184K(22528K), 0.0155081 secs]
[GC (Allocation Failure)  17472K->4768K(22528K), 0.0105513 secs]
[GC (Allocation Failure)  17056K->4416K(22528K), 0.0049877 secs]
[GC (Allocation Failure)  16704K->6064K(22528K), 0.0238879 secs]
[GC (Allocation Failure)  18352K->6000K(22528K), 0.0192873 secs]
[GC (Allocation Failure)  18288K->5552K(22528K), 0.0125601 secs]
[GC (Allocation Failure)  17840K->5200K(22528K), 0.0081691 secs]
[GC (Allocation Failure)  17488K->4720K(22528K), 0.0044015 secs]
[GC (Allocation Failure)  17008K->6480K(22528K), 0.0245125 secs]
[GC (Allocation Failure)  18768K->6384K(22528K), 0.0210409 secs]
[GC (Allocation Failure)  18672K->5936K(22528K), 0.0144501 secs]
[GC (Allocation Failure)  18224K->5488K(22528K), 0.0090585 secs]
[GC (Allocation Failure)  17776K->5104K(22528K), 0.0046866 secs]
[GC (Allocation Failure)  17392K->6832K(22528K), 0.0262959 secs]
[GC (Allocation Failure)  19120K->6704K(22528K), 0.0174016 secs]
[GC (Allocation Failure)  18992K->6256K(22528K), 0.0148542 secs]
[GC (Allocation Failure)  18544K->5808K(22528K), 0.0089295 secs]
[GC (Allocation Failure)  18096K->5424K(22528K), 0.0043032 secs]
[GC (Allocation Failure)  17712K->7080K(22528K), 0.0206249 secs]
[GC (Allocation Failure)  19368K->7048K(22528K), 0.0236748 secs]
[GC (Allocation Failure)  19336K->6568K(22528K), 0.0186591 secs]
[GC (Allocation Failure)  18856K->6216K(22528K), 0.0096249 secs]
[GC (Allocation Failure)  18504K->5736K(22528K), 0.0045510 secs]
[GC (Allocation Failure)  18024K->7456K(22528K), 0.0283422 secs]
[GC (Allocation Failure)  19744K->7392K(22528K), 0.0160246 secs]
[GC (Allocation Failure)  19680K->6976K(22528K), 0.0127147 secs]
[GC (Allocation Failure)  19264K->6496K(22528K), 0.0081744 secs]
[GC (Allocation Failure)  18784K->6112K(22528K), 0.0045026 secs]
[GC (Allocation Failure)  18400K->7832K(22528K), 0.0208320 secs]
[GC (Allocation Failure)  20120K->7736K(22528K), 0.0204763 secs]
[GC (Allocation Failure)  20024K->7288K(22528K), 0.0123124 secs]
[GC (Allocation Failure)  19576K->6872K(22528K), 0.0097270 secs]
[GC (Allocation Failure)  19160K->6424K(22528K), 0.0047465 secs]
[GC (Allocation Failure)  18712K->8128K(22528K), 0.0196936 secs]
[GC (Allocation Failure)  20416K->8064K(22528K), 0.0200802 secs]
[GC (Allocation Failure)  20352K->7616K(22528K), 0.0125118 secs]
[GC (Allocation Failure)  19904K->7264K(22528K), 0.0092730 secs]
[GC (Allocation Failure)  19552K->6816K(22528K), 0.0043370 secs]
[GC (Allocation Failure)  19104K->8496K(22528K), 0.0249078 secs]
[GC (Allocation Failure)  20784K->8368K(22528K), 0.0197373 secs]
[GC (Allocation Failure)  20656K->7984K(22528K), 0.0162731 secs]
[GC (Allocation Failure)  20272K->7568K(22528K), 0.0080910 secs]
[GC (Allocation Failure)  19856K->7152K(22528K), 0.0045624 secs]
[GC (Allocation Failure)  19440K->8776K(22528K), 0.0274440 secs]
[GC (Allocation Failure)  21064K->8648K(22528K), 0.0211436 secs]
[GC (Allocation Failure)  20936K->8232K(22528K), 0.0120192 secs]
[GC (Allocation Failure)  20520K->7880K(22528K), 0.0082777 secs]
[GC (Allocation Failure)  20168K->7400K(22528K), 0.0042367 secs]
[GC (Allocation Failure)  19688K->9160K(22528K), 0.0244707 secs]
[GC (Allocation Failure)  21448K->8968K(22528K), 0.0211247 secs]
[GC (Allocation Failure)  21256K->8520K(22528K), 0.0152644 secs]
[GC (Allocation Failure)  20808K->8200K(22528K), 0.0078643 secs]
[GC (Allocation Failure)  20488K->7720K(22528K), 0.0039338 secs]
[GC (Allocation Failure)  20008K->9408K(22528K), 0.0205286 secs]
[Full GC (Ergonomics)  9408K->3485K(22528K), 0.0510391 secs]
[GC (Allocation Failure)  15773K->5117K(22528K), 0.0228818 secs]
[GC (Allocation Failure)  17405K->4733K(22528K), 0.0159310 secs]
[GC (Allocation Failure)  17021K->4285K(22528K), 0.0084839 secs]
[GC (Allocation Failure)  16573K->3901K(22528K), 0.0039142 secs]
[GC (Allocation Failure)  16189K->5629K(22528K), 0.0193900 secs]
[GC (Allocation Failure)  17917K->5405K(22528K), 0.0181372 secs]
[GC (Allocation Failure)  17693K->5085K(22528K), 0.0115977 secs]
[GC (Allocation Failure)  17373K->4605K(22528K), 0.0091423 secs]
[GC (Allocation Failure)  16893K->4189K(22528K), 0.0029704 secs]
[GC (Allocation Failure)  16477K->5869K(22528K), 0.0177723 secs]
[GC (Allocation Failure)  18157K->5773K(22528K), 0.0219500 secs]
[GC (Allocation Failure)  18061K->5421K(22528K), 0.0105098 secs]
[GC (Allocation Failure)  17709K->4941K(22528K), 0.0091203 secs]
[GC (Allocation Failure)  17229K->4525K(22528K), 0.0035600 secs]
[GC (Allocation Failure)  16813K->6181K(22528K), 0.0256363 secs]
[GC (Allocation Failure)  18469K->6021K(22528K), 0.0196036 secs]
[GC (Allocation Failure)  18309K->5605K(22528K), 0.0130034 secs]
