Buffer size: 65536; Object size: 192; Weak refs for all: true
[GC (System.gc())  8149K->1944K(22528K), 0.0022052 secs]
[Full GC (System.gc())  1944K->1728K(22528K), 0.0100050 secs]
[GC (Allocation Failure)  14016K->3424K(22528K), 0.0215990 secs]
[GC (Allocation Failure)  15712K->3928K(22528K), 0.0162618 secs]
[GC (Allocation Failure)  16216K->3536K(22528K), 0.0119524 secs]
[GC (Allocation Failure)  15824K->3112K(22528K), 0.0066439 secs]
[GC (Allocation Failure)  15400K->4800K(22528K), 0.0315698 secs]
[GC (Allocation Failure)  17088K->4864K(22528K), 0.0234333 secs]
[GC (Allocation Failure)  17152K->4416K(22528K), 0.0175750 secs]
[GC (Allocation Failure)  16704K->4032K(22528K), 0.0113586 secs]
[GC (Allocation Failure)  16320K->3552K(22528K), 0.0057766 secs]
[GC (Allocation Failure)  15840K->5264K(22528K), 0.0297853 secs]
[GC (Allocation Failure)  17552K->5264K(22528K), 0.0234621 secs]
[GC (Allocation Failure)  17552K->4848K(22528K), 0.0178206 secs]
[GC (Allocation Failure)  17136K->4400K(22528K), 0.0127128 secs]
[GC (Allocation Failure)  16688K->3984K(22528K), 0.0058045 secs]
[GC (Allocation Failure)  16272K->5664K(22528K), 0.0278751 secs]
[GC (Allocation Failure)  17952K->5632K(22528K), 0.0250731 secs]
[GC (Allocation Failure)  17920K->5248K(22528K), 0.0179759 secs]
[GC (Allocation Failure)  17536K->4832K(22528K), 0.0118319 secs]
[GC (Allocation Failure)  17120K->4416K(22528K), 0.0057679 secs]
[GC (Allocation Failure)  16704K->6056K(22528K), 0.0286201 secs]
[GC (Allocation Failure)  18344K->6120K(22528K), 0.0219268 secs]
[GC (Allocation Failure)  18408K->5704K(22528K), 0.0179499 secs]
[GC (Allocation Failure)  17992K->5224K(22528K), 0.0104985 secs]
[GC (Allocation Failure)  17512K->4840K(22528K), 0.0049905 secs]
[GC (Allocation Failure)  17128K->6472K(22528K), 0.0275451 secs]
[GC (Allocation Failure)  18760K->6472K(22528K), 0.0225796 secs]
[GC (Allocation Failure)  18760K->6088K(22528K), 0.0156331 secs]
[GC (Allocation Failure)  18376K->5640K(22528K), 0.0106502 secs]
[GC (Allocation Failure)  17928K->5224K(22528K), 0.0051777 secs]
[GC (Allocation Failure)  17512K->6880K(22528K), 0.0229705 secs]
[GC (Allocation Failure)  19168K->6944K(22528K), 0.0224694 secs]
[GC (Allocation Failure)  19232K->6528K(22528K), 0.0167434 secs]
[GC (Allocation Failure)  18816K->6048K(22528K), 0.0101351 secs]
[GC (Allocation Failure)  18336K->5632K(22528K), 0.0053801 secs]
[GC (Allocation Failure)  17920K->7352K(22528K), 0.0273838 secs]
[GC (Allocation Failure)  19640K->7288K(22528K), 0.0233822 secs]
[GC (Allocation Failure)  19576K->6872K(22528K), 0.0202844 secs]
[GC (Allocation Failure)  19160K->6424K(22528K), 0.0120983 secs]
[GC (Allocation Failure)  18712K->6072K(22528K), 0.0058602 secs]
[GC (Allocation Failure)  18360K->7744K(22528K), 0.0316206 secs]
[GC (Allocation Failure)  20032K->7680K(22528K), 0.0238257 secs]
[GC (Allocation Failure)  19968K->7296K(22528K), 0.0178398 secs]
[GC (Allocation Failure)  19584K->6848K(22528K), 0.0116567 secs]
[GC (Allocation Failure)  19136K->6400K(22528K), 0.0052922 secs]
[GC (Allocation Failure)  18688K->8104K(22528K), 0.0305996 secs]
[GC (Allocation Failure)  20392K->8072K(22528K), 0.0248310 secs]
[GC (Allocation Failure)  20360K->7592K(22528K), 0.0181444 secs]
[GC (Allocation Failure)  19880K->7240K(22528K), 0.0104498 secs]
[GC (Allocation Failure)  19528K->6792K(22528K), 0.0051122 secs]
[GC (Allocation Failure)  19080K->8456K(22528K), 0.0271441 secs]
[GC (Allocation Failure)  20744K->8424K(22528K), 0.0206464 secs]
[GC (Allocation Failure)  20712K->7976K(22528K), 0.0152628 secs]
[GC (Allocation Failure)  20264K->7592K(22528K), 0.0099379 secs]
[GC (Allocation Failure)  19880K->7144K(22528K), 0.0052392 secs]
[GC (Allocation Failure)  19432K->8896K(22528K), 0.0287885 secs]
[GC (Allocation Failure)  21184K->8800K(22528K), 0.0223196 secs]
[GC (Allocation Failure)  21088K->8384K(22528K), 0.0155741 secs]
[GC (Allocation Failure)  20672K->7968K(22528K), 0.0103651 secs]
[GC (Allocation Failure)  20256K->7584K(22528K), 0.0048758 secs]
[GC (Allocation Failure)  19872K->9224K(22528K), 0.0310810 secs]
[Full GC (Ergonomics)  9224K->3553K(22528K), 0.0235106 secs]
[GC (Allocation Failure)  15841K->5281K(22528K), 0.0253916 secs]
[GC (Allocation Failure)  17569K->4897K(22528K), 0.0169478 secs]
[GC (Allocation Failure)  17185K->4481K(22528K), 0.0104695 secs]
[GC (Allocation Failure)  16769K->3969K(22528K), 0.0048115 secs]
[GC (Allocation Failure)  16257K->5737K(22528K), 0.0281345 secs]
[GC (Allocation Failure)  18025K->5577K(22528K), 0.0205110 secs]
[GC (Allocation Failure)  17865K->5225K(22528K), 0.0136253 secs]
[GC (Allocation Failure)  17513K->4809K(22528K), 0.0091386 secs]
[GC (Allocation Failure)  17097K->4361K(22528K), 0.0042695 secs]
[GC (Allocation Failure)  16649K->6073K(22528K), 0.0259313 secs]
[GC (Allocation Failure)  18361K->6009K(22528K), 0.0216560 secs]
[GC (Allocation Failure)  18297K->5529K(22528K), 0.0153968 secs]
[GC (Allocation Failure)  17817K->5177K(22528K), 0.0089405 secs]
[GC (Allocation Failure)  17465K->4761K(22528K), 0.0048527 secs]
[GC (Allocation Failure)  17049K->6393K(22528K), 0.0265771 secs]
[GC (Allocation Failure)  18681K->6329K(22528K), 0.0210304 secs]
[GC (Allocation Failure)  18617K->5945K(22528K), 0.0149258 secs]
[GC (Allocation Failure)  18233K->5529K(22528K), 0.0091400 secs]
[GC (Allocation Failure)  17817K->5113K(22528K), 0.0039756 secs]
[GC (Allocation Failure)  17401K->6745K(22528K), 0.0271888 secs]
[GC (Allocation Failure)  19033K->6713K(22528K), 0.0225088 secs]
[GC (Allocation Failure)  19001K->6297K(22528K), 0.0167436 secs]
[GC (Allocation Failure)  18585K->5785K(22528K), 0.0096630 secs]
[GC (Allocation Failure)  18073K->5401K(22528K), 0.0048897 secs]
[GC (Allocation Failure)  17689K->7065K(22528K), 0.0264053 secs]
[GC (Allocation Failure)  19353K->7001K(22528K), 0.0216158 secs]
[GC (Allocation Failure)  19289K->6649K(22528K), 0.0147883 secs]
[GC (Allocation Failure)  18937K->6201K(22528K), 0.0096481 secs]
[GC (Allocation Failure)  18489K->5785K(22528K), 0.0042929 secs]
[GC (Allocation Failure)  18073K->7505K(22528K), 0.0254676 secs]
[GC (Allocation Failure)  19793K->7313K(22528K), 0.0209497 secs]
[GC (Allocation Failure)  19601K->6993K(22528K), 0.0148414 secs]
[GC (Allocation Failure)  19281K->6577K(22528K), 0.0090764 secs]
[GC (Allocation Failure)  18865K->6097K(22528K), 0.0038567 secs]
[GC (Allocation Failure)  18385K->7841K(22528K), 0.0261080 secs]
[GC (Allocation Failure)  20129K->7649K(22528K), 0.0207624 secs]
[GC (Allocation Failure)  19937K->7265K(22528K), 0.0143525 secs]
[GC (Allocation Failure)  19553K->6913K(22528K), 0.0090419 secs]
[GC (Allocation Failure)  19201K->6465K(22528K), 0.0045962 secs]
[GC (Allocation Failure)  18753K->8073K(22528K), 0.0249864 secs]
[GC (Allocation Failure)  20361K->8073K(22528K), 0.0184059 secs]
[GC (Allocation Failure)  20361K->7593K(22528K), 0.0141482 secs]
[GC (Allocation Failure)  19881K->7145K(22528K), 0.0090131 secs]
[GC (Allocation Failure)  19433K->6729K(22528K), 0.0038794 secs]
[GC (Allocation Failure)  19017K->8489K(22528K), 0.0239865 secs]
[GC (Allocation Failure)  20777K->8361K(22528K), 0.0215496 secs]
[GC (Allocation Failure)  20649K->7945K(22528K), 0.0142773 secs]
[GC (Allocation Failure)  20233K->7497K(22528K), 0.0093806 secs]
[GC (Allocation Failure)  19785K->7049K(22528K), 0.0035004 secs]
[GC (Allocation Failure)  19337K->8737K(22528K), 0.0238514 secs]
[GC (Allocation Failure)  21025K->8673K(22528K), 0.0196667 secs]
[GC (Allocation Failure)  20961K->8225K(22528K), 0.0153650 secs]
[GC (Allocation Failure)  20513K->7809K(22528K), 0.0088371 secs]
[GC (Allocation Failure)  20097K->7361K(22528K), 0.0044295 secs]
[GC (Allocation Failure)  19649K->9121K(22528K), 0.0241520 secs]
[GC (Allocation Failure)  21409K->8961K(22528K), 0.0203324 secs]
[GC (Allocation Failure)  21249K->8545K(22528K), 0.0139955 secs]
[GC (Allocation Failure)  20833K->8065K(22528K), 0.0086823 secs]
[GC (Allocation Failure)  20353K->7713K(22528K), 0.0033073 secs]
[GC (Allocation Failure)  20001K->9297K(22528K), 0.0231340 secs]
[Full GC (Ergonomics)  9297K->3483K(22528K), 0.0232490 secs]
[GC (Allocation Failure)  15771K->5083K(22528K), 0.0223734 secs]
[GC (Allocation Failure)  17371K->4731K(22528K), 0.0134023 secs]
[GC (Allocation Failure)  17019K->4315K(22528K), 0.0078549 secs]
[GC (Allocation Failure)  16603K->3931K(22528K), 0.0037148 secs]
[GC (Allocation Failure)  16219K->5483K(22528K), 0.0240811 secs]
[GC (Allocation Failure)  17771K->5451K(22528K), 0.0198257 secs]
[GC (Allocation Failure)  17739K->5003K(22528K), 0.0139657 secs]
[GC (Allocation Failure)  17291K->4555K(22528K), 0.0083428 secs]
[GC (Allocation Failure)  16843K->4171K(22528K), 0.0036912 secs]
[GC (Allocation Failure)  16459K->5851K(22528K), 0.0247818 secs]
[GC (Allocation Failure)  18139K->5691K(22528K), 0.0194474 secs]
[GC (Allocation Failure)  17979K->5307K(22528K), 0.0153513 secs]
[GC (Allocation Failure)  17595K->4923K(22528K), 0.0094837 secs]
[GC (Allocation Failure)  17211K->4475K(22528K), 0.0042318 secs]
[GC (Allocation Failure)  16763K->6203K(22528K), 0.0279284 secs]
[GC (Allocation Failure)  18491K->5947K(22528K), 0.0229128 secs]
[GC (Allocation Failure)  18235K->5563K(22528K), 0.0170389 secs]
[GC (Allocation Failure)  17851K->5179K(22528K), 0.0106015 secs]
[GC (Allocation Failure)  17467K->4731K(22528K), 0.0041885 secs]
[GC (Allocation Failure)  17019K->6435K(22528K), 0.0286075 secs]
[GC (Allocation Failure)  18723K->6339K(22528K), 0.0205793 secs]
[GC (Allocation Failure)  18627K->5923K(22528K), 0.0145231 secs]
[GC (Allocation Failure)  18211K->5443K(22528K), 0.0087966 secs]
[GC (Allocation Failure)  17731K->5059K(22528K), 0.0035782 secs]
[GC (Allocation Failure)  17347K->6715K(22528K), 0.0273949 secs]
[GC (Allocation Failure)  19003K->6587K(22528K), 0.0235886 secs]
[GC (Allocation Failure)  18875K->6171K(22528K), 0.0161585 secs]
[GC (Allocation Failure)  18459K->5723K(22528K), 0.0096167 secs]
[GC (Allocation Failure)  18011K->5307K(22528K), 0.0038543 secs]
[GC (Allocation Failure)  17595K->6955K(22528K), 0.0267582 secs]
[GC (Allocation Failure)  19243K->6827K(22528K), 0.0216858 secs]
[GC (Allocation Failure)  19115K->6411K(22528K), 0.0166232 secs]
[GC (Allocation Failure)  18699K->6027K(22528K), 0.0101459 secs]
[GC (Allocation Failure)  18315K->5611K(22528K), 0.0037838 secs]
[GC (Allocation Failure)  17899K->7219K(22528K), 0.0270376 secs]
[GC (Allocation Failure)  19507K->7091K(22528K), 0.0203455 secs]
[GC (Allocation Failure)  19379K->6675K(22528K), 0.0153371 secs]
[GC (Allocation Failure)  18963K->6291K(22528K), 0.0084377 secs]
[GC (Allocation Failure)  18579K->5843K(22528K), 0.0036443 secs]
[GC (Allocation Failure)  18131K->7547K(22528K), 0.0251067 secs]
[GC (Allocation Failure)  19835K->7355K(22528K), 0.0201093 secs]
[GC (Allocation Failure)  19643K->6907K(22528K), 0.0137502 secs]
[GC (Allocation Failure)  19195K->6555K(22528K), 0.0082825 secs]
[GC (Allocation Failure)  18843K->6107K(22528K), 0.0031382 secs]
[GC (Allocation Failure)  18395K->7835K(22528K), 0.0240533 secs]
[GC (Allocation Failure)  20123K->7611K(22528K), 0.0198907 secs]
[GC (Allocation Failure)  19899K->7131K(22528K), 0.0152287 secs]
[GC (Allocation Failure)  19419K->6779K(22528K), 0.0088681 secs]
[GC (Allocation Failure)  19067K->6363K(22528K), 0.0029817 secs]
[GC (Allocation Failure)  18651K->8059K(22528K), 0.0273483 secs]
[GC (Allocation Failure)  20347K->7867K(22528K), 0.0213149 secs]
[GC (Allocation Failure)  20155K->7483K(22528K), 0.0125066 secs]
[GC (Allocation Failure)  19771K->7035K(22528K), 0.0074445 secs]
[GC (Allocation Failure)  19323K->6619K(22528K), 0.0032581 secs]
[GC (Allocation Failure)  18907K->8275K(22528K), 0.0230457 secs]
[GC (Allocation Failure)  20563K->8083K(22528K), 0.0227806 secs]
[GC (Allocation Failure)  20371K->7699K(22528K), 0.0155188 secs]
[GC (Allocation Failure)  19987K->7315K(22528K), 0.0091021 secs]
[GC (Allocation Failure)  19603K->6835K(22528K), 0.0032693 secs]
[GC (Allocation Failure)  19123K->8619K(22528K), 0.0251497 secs]
[GC (Allocation Failure)  20907K->8331K(22528K), 0.0194380 secs]
[GC (Allocation Failure)  20619K->7947K(22528K), 0.0175911 secs]
[GC (Allocation Failure)  20235K->7531K(22528K), 0.0098164 secs]
[GC (Allocation Failure)  19819K->7115K(22528K), 0.0037316 secs]
[GC (Allocation Failure)  19403K->8795K(22528K), 0.0222358 secs]
[GC (Allocation Failure)  21083K->8603K(22528K), 0.0187627 secs]
[GC (Allocation Failure)  20891K->8123K(22528K), 0.0145356 secs]
[GC (Allocation Failure)  20411K->7675K(22528K), 0.0092448 secs]
[GC (Allocation Failure)  19963K->7323K(22528K), 0.0032630 secs]
[GC (Allocation Failure)  19611K->8971K(22528K), 0.0354806 secs]
[GC (Allocation Failure)  21259K->8811K(22528K), 0.0260044 secs]
[GC (Allocation Failure)  21099K->8395K(22528K), 0.0181321 secs]
[GC (Allocation Failure)  20683K->7979K(22528K), 0.0098704 secs]
[GC (Allocation Failure)  20267K->7563K(22528K), 0.0033527 secs]
[GC (Allocation Failure)  19851K->9195K(22528K), 0.0241942 secs]
[GC (Allocation Failure)  21483K->9035K(22528K), 0.0200669 secs]
[GC (Allocation Failure)  21323K->8555K(22528K), 0.0143254 secs]
[GC (Allocation Failure)  20843K->8139K(22528K), 0.0081733 secs]
[GC (Allocation Failure)  20427K->7787K(22528K), 0.0031726 secs]
[GC (Allocation Failure)  20075K->9443K(22528K), 0.0244233 secs]
[Full GC (Ergonomics)  9443K->3394K(22528K), 0.0220376 secs]
[GC (Allocation Failure)  15682K->4930K(22528K), 0.0237526 secs]
[GC (Allocation Failure)  17218K->4578K(22528K), 0.0163119 secs]
[GC (Allocation Failure)  16866K->4130K(22528K), 0.0109740 secs]
[GC (Allocation Failure)  16418K->3714K(22528K), 0.0035638 secs]
[GC (Allocation Failure)  16002K->5370K(22528K), 0.0254870 secs]
[GC (Allocation Failure)  17658K->5178K(22528K), 0.0204245 secs]
[GC (Allocation Failure)  17466K->4730K(22528K), 0.0144928 secs]
[GC (Allocation Failure)  17018K->4314K(22528K), 0.0079927 secs]
[GC (Allocation Failure)  16602K->3962K(22528K), 0.0027490 secs]
[GC (Allocation Failure)  16250K->5642K(22528K), 0.0278314 secs]
[GC (Allocation Failure)  17930K->5322K(22528K), 0.0218175 secs]
[GC (Allocation Failure)  17610K->4874K(22528K), 0.0150660 secs]
[GC (Allocation Failure)  17162K->4586K(22528K), 0.0076857 secs]
[GC (Allocation Failure)  16874K->4138K(22528K), 0.0023943 secs]
[GC (Allocation Failure)  16426K->5786K(22528K), 0.0244527 secs]
[GC (Allocation Failure)  18074K->5530K(22528K), 0.0174953 secs]
[GC (Allocation Failure)  17818K->5082K(22528K), 0.0123117 secs]
[GC (Allocation Failure)  17370K->4762K(22528K), 0.0072596 secs]
[GC (Allocation Failure)  17050K->4346K(22528K), 0.0026444 secs]
[GC (Allocation Failure)  16634K->5954K(22528K), 0.0268881 secs]
[GC (Allocation Failure)  18242K->5698K(22528K), 0.0187150 secs]
[GC (Allocation Failure)  17986K->5378K(22528K), 0.0117443 secs]
[GC (Allocation Failure)  17666K->4866K(22528K), 0.0072432 secs]
[GC (Allocation Failure)  17154K->4546K(22528K), 0.0023911 secs]
[GC (Allocation Failure)  16834K->6178K(22528K), 0.0216102 secs]
[GC (Allocation Failure)  18466K->5954K(22528K), 0.0177472 secs]
[GC (Allocation Failure)  18242K->5506K(22528K), 0.0126534 secs]
[GC (Allocation Failure)  17794K->5090K(22528K), 0.0086718 secs]
[GC (Allocation Failure)  17378K->4706K(22528K), 0.0028043 secs]
[GC (Allocation Failure)  16994K->6338K(22528K), 0.0225866 secs]
[GC (Allocation Failure)  18626K->6082K(22528K), 0.0192762 secs]
[GC (Allocation Failure)  18370K->5698K(22528K), 0.0144353 secs]
[GC (Allocation Failure)  17986K->5346K(22528K), 0.0079253 secs]
[GC (Allocation Failure)  17634K->4898K(22528K), 0.0031978 secs]
[GC (Allocation Failure)  17186K->6586K(22528K), 0.0230714 secs]
[GC (Allocation Failure)  18874K->6330K(22528K), 0.0170584 secs]
[GC (Allocation Failure)  18618K->5882K(22528K), 0.0131518 secs]
[GC (Allocation Failure)  18170K->5466K(22528K), 0.0076715 secs]
[GC (Allocation Failure)  17754K->5082K(22528K), 0.0022594 secs]
[GC (Allocation Failure)  17370K->6730K(22528K), 0.0231867 secs]
[GC (Allocation Failure)  19018K->6442K(22528K), 0.0199430 secs]
[GC (Allocation Failure)  18730K->6090K(22528K), 0.0137194 secs]
[GC (Allocation Failure)  18378K->5674K(22528K), 0.0066155 secs]
[GC (Allocation Failure)  17962K->5258K(22528K), 0.0030372 secs]
[GC (Allocation Failure)  17546K->6906K(22528K), 0.0258372 secs]
[GC (Allocation Failure)  19194K->6650K(22528K), 0.0187876 secs]
[GC (Allocation Failure)  18938K->6266K(22528K), 0.0118662 secs]
[GC (Allocation Failure)  18554K->5786K(22528K), 0.0067545 secs]
[GC (Allocation Failure)  18074K->5466K(22528K), 0.0021809 secs]
[GC (Allocation Failure)  17754K->7082K(22528K), 0.0221203 secs]
[GC (Allocation Failure)  19370K->6826K(22528K), 0.0180364 secs]
[GC (Allocation Failure)  19114K->6346K(22528K), 0.0128249 secs]
[GC (Allocation Failure)  18634K->5930K(22528K), 0.0073812 secs]
[GC (Allocation Failure)  18218K->5610K(22528K), 0.0022975 secs]
[GC (Allocation Failure)  17898K->7306K(22528K), 0.0242958 secs]
[GC (Allocation Failure)  19594K->6922K(22528K), 0.0176884 secs]
[GC (Allocation Failure)  19210K->6602K(22528K), 0.0110236 secs]
[GC (Allocation Failure)  18890K->6090K(22528K), 0.0063547 secs]
[GC (Allocation Failure)  18378K->5802K(22528K), 0.0025221 secs]
[GC (Allocation Failure)  18090K->7362K(22528K), 0.0260401 secs]
[GC (Allocation Failure)  19650K->7106K(22528K), 0.0188188 secs]
[GC (Allocation Failure)  19394K->6690K(22528K), 0.0133670 secs]
[GC (Allocation Failure)  18978K->6242K(22528K), 0.0067522 secs]
[GC (Allocation Failure)  18530K->5922K(22528K), 0.0022889 secs]
[GC (Allocation Failure)  18210K->7506K(22528K), 0.0208086 secs]
[GC (Allocation Failure)  19794K->7250K(22528K), 0.0165936 secs]
[GC (Allocation Failure)  19538K->6930K(22528K), 0.0114924 secs]
[GC (Allocation Failure)  19218K->6418K(22528K), 0.0055608 secs]
[GC (Allocation Failure)  18706K->6098K(22528K), 0.0022746 secs]
[GC (Allocation Failure)  18386K->7642K(22528K), 0.0231372 secs]
[GC (Allocation Failure)  19930K->7450K(22528K), 0.0188545 secs]
[GC (Allocation Failure)  19738K->6970K(22528K), 0.0131234 secs]
[GC (Allocation Failure)  19258K->6522K(22528K), 0.0071563 secs]
[GC (Allocation Failure)  18810K->6202K(22528K), 0.0020693 secs]
[GC (Allocation Failure)  18490K->7858K(22528K), 0.0242835 secs]
[GC (Allocation Failure)  20146K->7506K(22528K), 0.0167795 secs]
[GC (Allocation Failure)  19794K->7090K(22528K), 0.0111723 secs]
[GC (Allocation Failure)  19378K->6674K(22528K), 0.0066905 secs]
[GC (Allocation Failure)  18962K->6322K(22528K), 0.0023046 secs]
[GC (Allocation Failure)  18610K->7930K(22528K), 0.0242713 secs]
[GC (Allocation Failure)  20218K->7642K(22528K), 0.0177473 secs]
[GC (Allocation Failure)  19930K->7258K(22528K), 0.0107958 secs]
[GC (Allocation Failure)  19546K->6778K(22528K), 0.0059733 secs]
[GC (Allocation Failure)  19066K->6490K(22528K), 0.0014105 secs]
[GC (Allocation Failure)  18778K->8042K(22528K), 0.0199608 secs]
[GC (Allocation Failure)  20330K->7690K(22528K), 0.0165237 secs]
[GC (Allocation Failure)  19978K->7338K(22528K), 0.0118286 secs]
[GC (Allocation Failure)  19626K->6858K(22528K), 0.0064335 secs]
[GC (Allocation Failure)  19146K->6570K(22528K), 0.0014739 secs]
[GC (Allocation Failure)  18858K->8218K(22528K), 0.0260578 secs]
[GC (Allocation Failure)  20506K->7866K(22528K), 0.0201211 secs]
[GC (Allocation Failure)  20154K->7418K(22528K), 0.0132007 secs]
[GC (Allocation Failure)  19706K->6970K(22528K), 0.0070326 secs]
[GC (Allocation Failure)  19258K->6682K(22528K), 0.0019368 secs]
[GC (Allocation Failure)  18970K->8306K(22528K), 0.0231366 secs]
[GC (Allocation Failure)  20594K->7890K(22528K), 0.0164310 secs]
[GC (Allocation Failure)  20178K->7570K(22528K), 0.0107482 secs]
[GC (Allocation Failure)  19858K->7058K(22528K), 0.0060557 secs]
[GC (Allocation Failure)  19346K->6802K(22528K), 0.0018672 secs]
[GC (Allocation Failure)  19090K->8442K(22528K), 0.0209428 secs]
[GC (Allocation Failure)  20730K->8026K(22528K), 0.0157808 secs]
[GC (Allocation Failure)  20314K->7706K(22528K), 0.0103426 secs]
[GC (Allocation Failure)  19994K->7226K(22528K), 0.0056586 secs]
[GC (Allocation Failure)  19514K->6778K(22528K), 0.0015798 secs]
[GC (Allocation Failure)  19066K->8426K(22528K), 0.0256816 secs]
[GC (Allocation Failure)  20714K->8170K(22528K), 0.0201484 secs]
[GC (Allocation Failure)  20458K->7786K(22528K), 0.0131196 secs]
[GC (Allocation Failure)  20074K->7306K(22528K), 0.0071590 secs]
[GC (Allocation Failure)  19594K->7018K(22528K), 0.0019528 secs]
[GC (Allocation Failure)  19306K->8650K(22528K), 0.0199539 secs]
[GC (Allocation Failure)  20938K->8298K(22528K), 0.0167913 secs]
[GC (Allocation Failure)  20586K->7786K(22528K), 0.0117879 secs]
[GC (Allocation Failure)  20074K->7370K(22528K), 0.0068367 secs]
[GC (Allocation Failure)  19658K->7082K(22528K), 0.0018519 secs]
[GC (Allocation Failure)  19370K->8722K(22528K), 0.0263960 secs]
[GC (Allocation Failure)  21010K->8370K(22528K), 0.0206501 secs]
[GC (Allocation Failure)  20658K->7922K(22528K), 0.0120453 secs]
[GC (Allocation Failure)  20210K->7602K(22528K), 0.0059134 secs]
[GC (Allocation Failure)  19890K->7186K(22528K), 0.0017220 secs]
[GC (Allocation Failure)  19474K->8802K(22528K), 0.0237786 secs]
[GC (Allocation Failure)  21090K->8450K(22528K), 0.0191908 secs]
[GC (Allocation Failure)  20738K->8002K(22528K), 0.0120516 secs]
[GC (Allocation Failure)  20290K->7618K(22528K), 0.0058884 secs]
[GC (Allocation Failure)  19906K->7170K(22528K), 0.0014821 secs]
[GC (Allocation Failure)  19458K->8874K(22528K), 0.0232964 secs]
[GC (Allocation Failure)  21162K->8490K(22528K), 0.0182357 secs]
[GC (Allocation Failure)  20778K->8042K(22528K), 0.0116960 secs]
[GC (Allocation Failure)  20330K->7690K(22528K), 0.0060547 secs]
[GC (Allocation Failure)  19978K->7338K(22528K), 0.0011181 secs]
[GC (Allocation Failure)  19626K->8978K(22528K), 0.0197876 secs]
[GC (Allocation Failure)  21266K->8562K(22528K), 0.0152463 secs]
[GC (Allocation Failure)  20850K->8082K(22528K), 0.0105665 secs]
[GC (Allocation Failure)  20370K->7698K(22528K), 0.0051124 secs]
[GC (Allocation Failure)  19986K->7250K(22528K), 0.0015613 secs]
[GC (Allocation Failure)  19538K->8946K(22528K), 0.0207748 secs]
[GC (Allocation Failure)  21234K->8562K(22528K), 0.0168915 secs]
[GC (Allocation Failure)  20850K->8274K(22528K), 0.0113574 secs]
[GC (Allocation Failure)  20562K->7762K(22528K), 0.0064010 secs]
[GC (Allocation Failure)  20050K->7346K(22528K), 0.0014450 secs]
[GC (Allocation Failure)  19634K->9050K(22528K), 0.0237553 secs]
[GC (Allocation Failure)  21338K->8666K(22528K), 0.0177409 secs]
[GC (Allocation Failure)  20954K->8218K(22528K), 0.0124886 secs]
[GC (Allocation Failure)  20506K->7866K(22528K), 0.0055451 secs]
[GC (Allocation Failure)  20154K->7450K(22528K), 0.0010542 secs]
[GC (Allocation Failure)  19738K->9122K(22528K), 0.0214333 secs]
[GC (Allocation Failure)  21410K->8706K(22528K), 0.0149399 secs]
[GC (Allocation Failure)  20994K->8322K(22528K), 0.0103029 secs]
[GC (Allocation Failure)  20610K->7906K(22528K), 0.0056533 secs]
[GC (Allocation Failure)  20194K->7426K(22528K), 0.0013102 secs]
[GC (Allocation Failure)  19714K->9218K(22528K), 0.0230018 secs]
[GC (Allocation Failure)  21506K->8738K(22528K), 0.0164855 secs]
[GC (Allocation Failure)  21026K->8354K(22528K), 0.0107034 secs]
[GC (Allocation Failure)  20642K->7970K(22528K), 0.0053042 secs]
[GC (Allocation Failure)  20258K->7522K(22528K), 0.0015626 secs]
[GC (Allocation Failure)  19810K->9274K(22528K), 0.0242919 secs]
[GC (Allocation Failure)  21562K->8922K(22528K), 0.0177351 secs]
[GC (Allocation Failure)  21210K->8442K(22528K), 0.0115962 secs]
[GC (Allocation Failure)  20730K->8026K(22528K), 0.0060178 secs]
[GC (Allocation Failure)  20314K->7546K(22528K), 0.0012690 secs]
[GC (Allocation Failure)  19834K->9322K(22528K), 0.0206630 secs]
[GC (Allocation Failure)  21610K->8874K(22528K), 0.0158882 secs]
[GC (Allocation Failure)  21162K->8458K(22528K), 0.0110780 secs]
[GC (Allocation Failure)  20746K->8042K(22528K), 0.0056968 secs]
[GC (Allocation Failure)  20330K->7562K(22528K), 0.0015366 secs]
[GC (Allocation Failure)  19850K->9250K(22528K), 0.0212059 secs]
[GC (Allocation Failure)  21538K->8930K(22528K), 0.0175537 secs]
[GC (Allocation Failure)  21218K->8514K(22528K), 0.0110939 secs]
[GC (Allocation Failure)  20802K->8098K(22528K), 0.0054637 secs]
[GC (Allocation Failure)  20386K->7618K(22528K), 0.0015762 secs]
[GC (Allocation Failure)  19906K->9322K(22528K), 0.0220732 secs]
[GC (Allocation Failure)  21610K->8906K(22528K), 0.0168735 secs]
[GC (Allocation Failure)  21194K->8490K(22528K), 0.0114056 secs]
[GC (Allocation Failure)  20778K->8106K(22528K), 0.0052575 secs]
[GC (Allocation Failure)  20394K->9722K(22528K), 0.0280339 secs]
[Full GC (Ergonomics)  9722K->3610K(22528K), 0.0231866 secs]
[GC (Allocation Failure)  15898K->5402K(22528K), 0.0255286 secs]
[GC (Allocation Failure)  17690K->4922K(22528K), 0.0164378 secs]
[GC (Allocation Failure)  17210K->4538K(22528K), 0.0110607 secs]
[GC (Allocation Failure)  16826K->4058K(22528K), 0.0050343 secs]
[GC (Allocation Failure)  16346K->5834K(22528K), 0.0257083 secs]
[GC (Allocation Failure)  18122K->5770K(22528K), 0.0193016 secs]
[GC (Allocation Failure)  18058K->5386K(22528K), 0.0153210 secs]
[GC (Allocation Failure)  17674K->4938K(22528K), 0.0100213 secs]
[GC (Allocation Failure)  17226K->4522K(22528K), 0.0053367 secs]
[GC (Allocation Failure)  16810K->6274K(22528K), 0.0246419 secs]
[GC (Allocation Failure)  18562K->6242K(22528K), 0.0209246 secs]
[GC (Allocation Failure)  18530K->5826K(22528K), 0.0167725 secs]
[GC (Allocation Failure)  18114K->5442K(22528K), 0.0103429 secs]
[GC (Allocation Failure)  17730K->4930K(22528K), 0.0060003 secs]
[GC (Allocation Failure)  17218K->6666K(22528K), 0.0255748 secs]
[GC (Allocation Failure)  18954K->6698K(22528K), 0.0217871 secs]
[GC (Allocation Failure)  18986K->6218K(22528K), 0.0159155 secs]
[GC (Allocation Failure)  18506K->5802K(22528K), 0.0100874 secs]
[GC (Allocation Failure)  18090K->5418K(22528K), 0.0044932 secs]
[GC (Allocation Failure)  17706K->7146K(22528K), 0.0228442 secs]
[GC (Allocation Failure)  19434K->7082K(22528K), 0.0201705 secs]
[GC (Allocation Failure)  19370K->6634K(22528K), 0.0145398 secs]
[GC (Allocation Failure)  18922K->6250K(22528K), 0.0101292 secs]
[GC (Allocation Failure)  18538K->5770K(22528K), 0.0049427 secs]
[GC (Allocation Failure)  18058K->7514K(22528K), 0.0265735 secs]
[GC (Allocation Failure)  19802K->7450K(22528K), 0.0232814 secs]
[GC (Allocation Failure)  19738K->7098K(22528K), 0.0169117 secs]
[GC (Allocation Failure)  19386K->6650K(22528K), 0.0098274 secs]
[GC (Allocation Failure)  18938K->6234K(22528K), 0.0057562 secs]
[GC (Allocation Failure)  18522K->7914K(22528K), 0.0261324 secs]
[GC (Allocation Failure)  20202K->7850K(22528K), 0.0210606 secs]
[GC (Allocation Failure)  20138K->7370K(22528K), 0.0153784 secs]
[GC (Allocation Failure)  19658K->7114K(22528K), 0.0092641 secs]
[GC (Allocation Failure)  19402K->6602K(22528K), 0.0046664 secs]
[GC (Allocation Failure)  18890K->8314K(22528K), 0.0301942 secs]
[GC (Allocation Failure)  20602K->8250K(22528K), 0.0241713 secs]
[GC (Allocation Failure)  20538K->7834K(22528K), 0.0171219 secs]
[GC (Allocation Failure)  20122K->7386K(22528K), 0.0101744 secs]
[GC (Allocation Failure)  19674K->7034K(22528K), 0.0047026 secs]
[GC (Allocation Failure)  19322K->8674K(22528K), 0.0234589 secs]
[GC (Allocation Failure)  20962K->8578K(22528K), 0.0214053 secs]
[GC (Allocation Failure)  20866K->8226K(22528K), 0.0162355 secs]
[GC (Allocation Failure)  20514K->7810K(22528K), 0.0107770 secs]
[GC (Allocation Failure)  20098K->7426K(22528K), 0.0055022 secs]
[GC (Allocation Failure)  19714K->9066K(22528K), 0.0334796 secs]
[GC (Allocation Failure)  21354K->8970K(22528K), 0.0258081 secs]
[GC (Allocation Failure)  21258K->8650K(22528K), 0.0179288 secs]
[GC (Allocation Failure)  20938K->8202K(22528K), 0.0100951 secs]
[GC (Allocation Failure)  20490K->7786K(22528K), 0.0044928 secs]
[GC (Allocation Failure)  20074K->9442K(22528K), 0.0301183 secs]
[Full GC (Ergonomics)  9442K->3554K(22528K), 0.0205218 secs]
[GC (Allocation Failure)  15842K->5282K(22528K), 0.0279169 secs]
[GC (Allocation Failure)  17570K->4898K(22528K), 0.0185777 secs]
[GC (Allocation Failure)  17186K->4418K(22528K), 0.0118905 secs]
[GC (Allocation Failure)  16706K->4002K(22528K), 0.0048716 secs]
[GC (Allocation Failure)  16290K->5698K(22528K), 0.0257094 secs]
[GC (Allocation Failure)  17986K->5602K(22528K), 0.0248591 secs]
[GC (Allocation Failure)  17890K->5186K(22528K), 0.0179048 secs]
[GC (Allocation Failure)  17474K->4770K(22528K), 0.0108191 secs]
[GC (Allocation Failure)  17058K->4386K(22528K), 0.0043468 secs]
[GC (Allocation Failure)  16674K->6106K(22528K), 0.0297532 secs]
[GC (Allocation Failure)  18394K->6010K(22528K), 0.0251774 secs]
[GC (Allocation Failure)  18298K->5594K(22528K), 0.0169693 secs]
[GC (Allocation Failure)  17882K->5178K(22528K), 0.0101471 secs]
[GC (Allocation Failure)  17466K->4762K(22528K), 0.0043013 secs]
[GC (Allocation Failure)  17050K->6466K(22528K), 0.0264199 secs]
[GC (Allocation Failure)  18754K->6370K(22528K), 0.0221234 secs]
[GC (Allocation Failure)  18658K->5922K(22528K), 0.0150466 secs]
[GC (Allocation Failure)  18210K->5506K(22528K), 0.0094569 secs]
[GC (Allocation Failure)  17794K->5122K(22528K), 0.0042435 secs]
[GC (Allocation Failure)  17410K->6730K(22528K), 0.0249586 secs]
[GC (Allocation Failure)  19018K->6698K(22528K), 0.0202873 secs]
[GC (Allocation Failure)  18986K->6314K(22528K), 0.0145378 secs]
[GC (Allocation Failure)  18602K->5898K(22528K), 0.0087657 secs]
[GC (Allocation Failure)  18186K->5450K(22528K), 0.0043969 secs]
[GC (Allocation Failure)  17738K->7186K(22528K), 0.0265388 secs]
[GC (Allocation Failure)  19474K->7122K(22528K), 0.0218235 secs]
[GC (Allocation Failure)  19410K->6706K(22528K), 0.0154108 secs]
[GC (Allocation Failure)  18994K->6258K(22528K), 0.0096364 secs]
[GC (Allocation Failure)  18546K->5810K(22528K), 0.0041369 secs]
[GC (Allocation Failure)  18098K->7466K(22528K), 0.0258601 secs]
[GC (Allocation Failure)  19754K->7434K(22528K), 0.0208144 secs]
[GC (Allocation Failure)  19722K->7018K(22528K), 0.0153749 secs]
[GC (Allocation Failure)  19306K->6634K(22528K), 0.0097176 secs]
[GC (Allocation Failure)  18922K->6122K(22528K), 0.0041439 secs]
[GC (Allocation Failure)  18410K->7850K(22528K), 0.0256045 secs]
[GC (Allocation Failure)  20138K->7786K(22528K), 0.0228140 secs]
[GC (Allocation Failure)  20074K->7338K(22528K), 0.0168388 secs]
[GC (Allocation Failure)  19626K->6922K(22528K), 0.0103310 secs]
[GC (Allocation Failure)  19210K->6506K(22528K), 0.0040068 secs]
[GC (Allocation Failure)  18794K->8258K(22528K), 0.0284780 secs]
[GC (Allocation Failure)  20546K->8130K(22528K), 0.0186064 secs]
[GC (Allocation Failure)  20418K->7650K(22528K), 0.0148095 secs]
[GC (Allocation Failure)  19938K->7266K(22528K), 0.0106787 secs]
[GC (Allocation Failure)  19554K->6882K(22528K), 0.0043457 secs]
[GC (Allocation Failure)  19170K->8562K(22528K), 0.0298605 secs]
[GC (Allocation Failure)  20850K->8402K(22528K), 0.0255928 secs]
[GC (Allocation Failure)  20690K->8050K(22528K), 0.0199083 secs]
[GC (Allocation Failure)  20338K->7602K(22528K), 0.0105772 secs]
[GC (Allocation Failure)  19890K->7186K(22528K), 0.0042599 secs]
[GC (Allocation Failure)  19474K->8818K(22528K), 0.0284065 secs]
[GC (Allocation Failure)  21106K->8786K(22528K), 0.0265203 secs]
[GC (Allocation Failure)  21074K->8306K(22528K), 0.0172618 secs]
[GC (Allocation Failure)  20594K->7954K(22528K), 0.0100239 secs]
[GC (Allocation Failure)  20242K->7474K(22528K), 0.0048495 secs]
[GC (Allocation Failure)  19762K->9138K(22528K), 0.0342914 secs]
[Full GC (Ergonomics)  9138K->3493K(22528K), 0.0223410 secs]
[GC (Allocation Failure)  15781K->5189K(22528K), 0.0249867 secs]
[GC (Allocation Failure)  17477K->4773K(22528K), 0.0141681 secs]
[GC (Allocation Failure)  17061K->4325K(22528K), 0.0080876 secs]
[GC (Allocation Failure)  16613K->3909K(22528K), 0.0037764 secs]
[GC (Allocation Failure)  16197K->5533K(22528K), 0.0288463 secs]
[GC (Allocation Failure)  17821K->5405K(22528K), 0.0218979 secs]
[GC (Allocation Failure)  17693K->4989K(22528K), 0.0156940 secs]
[GC (Allocation Failure)  17277K->4637K(22528K), 0.0094675 secs]
[GC (Allocation Failure)  16925K->4221K(22528K), 0.0042575 secs]
[GC (Allocation Failure)  16509K->5845K(22528K), 0.0276119 secs]
[GC (Allocation Failure)  18133K->5749K(22528K), 0.0215096 secs]
[GC (Allocation Failure)  18037K->5365K(22528K), 0.0139269 secs]
[GC (Allocation Failure)  17653K->4981K(22528K), 0.0087499 secs]
[GC (Allocation Failure)  17269K->4533K(22528K), 0.0034568 secs]
[GC (Allocation Failure)  16821K->6269K(22528K), 0.0244332 secs]
[GC (Allocation Failure)  18557K->6013K(22528K), 0.0191506 secs]
[GC (Allocation Failure)  18301K->5661K(22528K), 0.0134433 secs]
[GC (Allocation Failure)  17949K->5245K(22528K), 0.0075652 secs]
[GC (Allocation Failure)  17533K->4797K(22528K), 0.0030983 secs]
[GC (Allocation Failure)  17085K->6397K(22528K), 0.0270665 secs]
[GC (Allocation Failure)  18685K->6301K(22528K), 0.0222968 secs]
[GC (Allocation Failure)  18589K->5821K(22528K), 0.0149385 secs]
[GC (Allocation Failure)  18109K->5533K(22528K), 0.0105174 secs]
[GC (Allocation Failure)  17821K->5053K(22528K), 0.0046071 secs]
[GC (Allocation Failure)  17341K->6765K(22528K), 0.0289841 secs]
[GC (Allocation Failure)  19053K->6605K(22528K), 0.0242128 secs]
[GC (Allocation Failure)  18893K->6253K(22528K), 0.0163507 secs]
[GC (Allocation Failure)  18541K->5837K(22528K), 0.0091655 secs]
[GC (Allocation Failure)  18125K->5357K(22528K), 0.0041143 secs]
[GC (Allocation Failure)  17645K->7021K(22528K), 0.0277664 secs]
[GC (Allocation Failure)  19309K->6893K(22528K), 0.0240896 secs]
[GC (Allocation Failure)  19181K->6541K(22528K), 0.0153019 secs]
[GC (Allocation Failure)  18829K->6093K(22528K), 0.0095469 secs]
[GC (Allocation Failure)  18381K->5645K(22528K), 0.0038072 secs]
[GC (Allocation Failure)  17933K->7341K(22528K), 0.0269407 secs]
[GC (Allocation Failure)  19629K->7181K(22528K), 0.0222960 secs]
[GC (Allocation Failure)  19469K->6765K(22528K), 0.0148756 secs]
[GC (Allocation Failure)  19053K->6381K(22528K), 0.0086020 secs]
[GC (Allocation Failure)  18669K->5933K(22528K), 0.0033983 secs]
[GC (Allocation Failure)  18221K->7605K(22528K), 0.0287230 secs]
[GC (Allocation Failure)  19893K->7477K(22528K), 0.0215727 secs]
[GC (Allocation Failure)  19765K->7029K(22528K), 0.0151000 secs]
[GC (Allocation Failure)  19317K->6581K(22528K), 0.0080957 secs]
[GC (Allocation Failure)  18869K->6165K(22528K), 0.0041197 secs]
[GC (Allocation Failure)  18453K->7869K(22528K), 0.0224938 secs]
[GC (Allocation Failure)  20157K->7645K(22528K), 0.0158501 secs]
[GC (Allocation Failure)  19933K->7325K(22528K), 0.0112721 secs]
[GC (Allocation Failure)  19613K->6877K(22528K), 0.0064078 secs]
[GC (Allocation Failure)  19165K->6429K(22528K), 0.0031073 secs]
[GC (Allocation Failure)  18717K->8085K(22528K), 0.0276563 secs]
[GC (Allocation Failure)  20373K->7989K(22528K), 0.0225363 secs]
[GC (Allocation Failure)  20277K->7509K(22528K), 0.0163648 secs]
[GC (Allocation Failure)  19797K->7125K(22528K), 0.0084457 secs]
[GC (Allocation Failure)  19413K->6741K(22528K), 0.0035590 secs]
[GC (Allocation Failure)  19029K->8429K(22528K), 0.0222700 secs]
[GC (Allocation Failure)  20717K->8237K(22528K), 0.0202448 secs]
[GC (Allocation Failure)  20525K->7757K(22528K), 0.0135472 secs]
[GC (Allocation Failure)  20045K->7373K(22528K), 0.0091580 secs]
[GC (Allocation Failure)  19661K->6957K(22528K), 0.0036140 secs]
[GC (Allocation Failure)  19245K->8645K(22528K), 0.0228703 secs]
[GC (Allocation Failure)  20933K->8485K(22528K), 0.0185351 secs]
[GC (Allocation Failure)  20773K->8101K(22528K), 0.0141235 secs]
[GC (Allocation Failure)  20389K->7621K(22528K), 0.0075059 secs]
[GC (Allocation Failure)  19909K->7205K(22528K), 0.0040096 secs]
[GC (Allocation Failure)  19493K->8837K(22528K), 0.0239730 secs]
[GC (Allocation Failure)  21125K->8677K(22528K), 0.0191735 secs]
[GC (Allocation Failure)  20965K->8261K(22528K), 0.0125342 secs]
[GC (Allocation Failure)  20549K->7909K(22528K), 0.0074659 secs]
[GC (Allocation Failure)  20197K->7461K(22528K), 0.0027563 secs]
[GC (Allocation Failure)  19749K->9117K(22528K), 0.0223570 secs]
[GC (Allocation Failure)  21405K->8925K(22528K), 0.0173504 secs]
[GC (Allocation Failure)  21213K->8541K(22528K), 0.0126049 secs]
[GC (Allocation Failure)  20829K->8093K(22528K), 0.0065265 secs]
[GC (Allocation Failure)  20381K->7709K(22528K), 0.0034462 secs]
[GC (Allocation Failure)  19997K->9381K(22528K), 0.0253450 secs]
[Full GC (Ergonomics)  9381K->3409K(22528K), 0.0220629 secs]
[GC (Allocation Failure)  15697K->5009K(22528K), 0.0200708 secs]
[GC (Allocation Failure)  17297K->4593K(22528K), 0.0128638 secs]
[GC (Allocation Failure)  16881K->4113K(22528K), 0.0079882 secs]
[GC (Allocation Failure)  16401K->3729K(22528K), 0.0032089 secs]
[GC (Allocation Failure)  16017K->5393K(22528K), 0.0243218 secs]
[GC (Allocation Failure)  17681K->5169K(22528K), 0.0174930 secs]
[GC (Allocation Failure)  17457K->4785K(22528K), 0.0121209 secs]
[GC (Allocation Failure)  17073K->4401K(22528K), 0.0075452 secs]
[GC (Allocation Failure)  16689K->3953K(22528K), 0.0028732 secs]
[GC (Allocation Failure)  16241K->5649K(22528K), 0.0249086 secs]
[GC (Allocation Failure)  17937K->5393K(22528K), 0.0204719 secs]
[GC (Allocation Failure)  17681K->4977K(22528K), 0.0127166 secs]
[GC (Allocation Failure)  17265K->4593K(22528K), 0.0076620 secs]
[GC (Allocation Failure)  16881K->4177K(22528K), 0.0024697 secs]
[GC (Allocation Failure)  16465K->5801K(22528K), 0.0223388 secs]
[GC (Allocation Failure)  18089K->5609K(22528K), 0.0160739 secs]
[GC (Allocation Failure)  17897K->5225K(22528K), 0.0120645 secs]
[GC (Allocation Failure)  17513K->4809K(22528K), 0.0063306 secs]
[GC (Allocation Failure)  17097K->4425K(22528K), 0.0021439 secs]
[GC (Allocation Failure)  16713K->6017K(22528K), 0.0269761 secs]
[GC (Allocation Failure)  18305K->5793K(22528K), 0.0226300 secs]
[GC (Allocation Failure)  18081K->5441K(22528K), 0.0141102 secs]
[GC (Allocation Failure)  17729K->4993K(22528K), 0.0076579 secs]
[GC (Allocation Failure)  17281K->4609K(22528K), 0.0033630 secs]
[GC (Allocation Failure)  16897K->6249K(22528K), 0.0219670 secs]
[GC (Allocation Failure)  18537K->6089K(22528K), 0.0207553 secs]
[GC (Allocation Failure)  18377K->5609K(22528K), 0.0124049 secs]
[GC (Allocation Failure)  17897K->5289K(22528K), 0.0069579 secs]
[GC (Allocation Failure)  17577K->4841K(22528K), 0.0023090 secs]
[GC (Allocation Failure)  17129K->6481K(22528K), 0.0258658 secs]
[GC (Allocation Failure)  18769K->6225K(22528K), 0.0204261 secs]
[GC (Allocation Failure)  18513K->5809K(22528K), 0.0128953 secs]
[GC (Allocation Failure)  18097K->5425K(22528K), 0.0082301 secs]
[GC (Allocation Failure)  17713K->5009K(22528K), 0.0024782 secs]
[GC (Allocation Failure)  17297K->6673K(22528K), 0.0266505 secs]
[GC (Allocation Failure)  18961K->6353K(22528K), 0.0219015 secs]
[GC (Allocation Failure)  18641K->6033K(22528K), 0.0143927 secs]
[GC (Allocation Failure)  18321K->5585K(22528K), 0.0089677 secs]
[GC (Allocation Failure)  17873K->5169K(22528K), 0.0029580 secs]
[GC (Allocation Failure)  17457K->6833K(22528K), 0.0278911 secs]
[GC (Allocation Failure)  19121K->6577K(22528K), 0.0215692 secs]
[GC (Allocation Failure)  18865K->6225K(22528K), 0.0143394 secs]
[GC (Allocation Failure)  18513K->5777K(22528K), 0.0074984 secs]
[GC (Allocation Failure)  18065K->5361K(22528K), 0.0028059 secs]
[GC (Allocation Failure)  17649K->6985K(22528K), 0.0275132 secs]
[GC (Allocation Failure)  19273K->6793K(22528K), 0.0220975 secs]
[GC (Allocation Failure)  19081K->6377K(22528K), 0.0141537 secs]
[GC (Allocation Failure)  18665K->5961K(22528K), 0.0078696 secs]
[GC (Allocation Failure)  18249K->5545K(22528K), 0.0029949 secs]
[GC (Allocation Failure)  17833K->7193K(22528K), 0.0253827 secs]
[GC (Allocation Failure)  19481K->6905K(22528K), 0.0202284 secs]
[GC (Allocation Failure)  19193K->6553K(22528K), 0.0129612 secs]
[GC (Allocation Failure)  18841K->6105K(22528K), 0.0081216 secs]
[GC (Allocation Failure)  18393K->5721K(22528K), 0.0026142 secs]
[GC (Allocation Failure)  18009K->7401K(22528K), 0.0253145 secs]
[GC (Allocation Failure)  19689K->7081K(22528K), 0.0209531 secs]
[GC (Allocation Failure)  19369K->6729K(22528K), 0.0140019 secs]
[GC (Allocation Failure)  19017K->6313K(22528K), 0.0082361 secs]
[GC (Allocation Failure)  18601K->5929K(22528K), 0.0025645 secs]
[GC (Allocation Failure)  18217K->7545K(22528K), 0.0264160 secs]
[GC (Allocation Failure)  19833K->7289K(22528K), 0.0213018 secs]
[GC (Allocation Failure)  19577K->6873K(22528K), 0.0150467 secs]
[GC (Allocation Failure)  19161K->6457K(22528K), 0.0074347 secs]
[GC (Allocation Failure)  18745K->6073K(22528K), 0.0027728 secs]
[GC (Allocation Failure)  18361K->7673K(22528K), 0.0257913 secs]
[GC (Allocation Failure)  19961K->7481K(22528K), 0.0202550 secs]
[GC (Allocation Failure)  19769K->7033K(22528K), 0.0130057 secs]
[GC (Allocation Failure)  19321K->6649K(22528K), 0.0075274 secs]
[GC (Allocation Failure)  18937K->6233K(22528K), 0.0027367 secs]
[GC (Allocation Failure)  18521K->7841K(22528K), 0.0268691 secs]
[GC (Allocation Failure)  20129K->7553K(22528K), 0.0210105 secs]
[GC (Allocation Failure)  19841K->7169K(22528K), 0.0135675 secs]
[GC (Allocation Failure)  19457K->6753K(22528K), 0.0072433 secs]
[GC (Allocation Failure)  19041K->6401K(22528K), 0.0022783 secs]
[GC (Allocation Failure)  18689K->7993K(22528K), 0.0260036 secs]
[GC (Allocation Failure)  20281K->7737K(22528K), 0.0205647 secs]
[GC (Allocation Failure)  20025K->7289K(22528K), 0.0115055 secs]
[GC (Allocation Failure)  19577K->6873K(22528K), 0.0060419 secs]
[GC (Allocation Failure)  19161K->6585K(22528K), 0.0015586 secs]
[GC (Allocation Failure)  18873K->8177K(22528K), 0.0248108 secs]
[GC (Allocation Failure)  20465K->7921K(22528K), 0.0189610 secs]
[GC (Allocation Failure)  20209K->7409K(22528K), 0.0129393 secs]
[GC (Allocation Failure)  19697K->6993K(22528K), 0.0072701 secs]
[GC (Allocation Failure)  19281K->6705K(22528K), 0.0019676 secs]
[GC (Allocation Failure)  18993K->8289K(22528K), 0.0246948 secs]
[GC (Allocation Failure)  20577K->8033K(22528K), 0.0229573 secs]
[GC (Allocation Failure)  20321K->7649K(22528K), 0.0151474 secs]
[GC (Allocation Failure)  19937K->7169K(22528K), 0.0070345 secs]
[GC (Allocation Failure)  19457K->6849K(22528K), 0.0024458 secs]
[GC (Allocation Failure)  19137K->8449K(22528K), 0.0213813 secs]
[GC (Allocation Failure)  20737K->8097K(22528K), 0.0194502 secs]
[GC (Allocation Failure)  20385K->7745K(22528K), 0.0116566 secs]
[GC (Allocation Failure)  20033K->7361K(22528K), 0.0067028 secs]
[GC (Allocation Failure)  19649K->6977K(22528K), 0.0017355 secs]
[GC (Allocation Failure)  19265K->8537K(22528K), 0.0274978 secs]
[GC (Allocation Failure)  20825K->8249K(22528K), 0.0199319 secs]
[GC (Allocation Failure)  20537K->7833K(22528K), 0.0136620 secs]
[GC (Allocation Failure)  20121K->7417K(22528K), 0.0064740 secs]
[GC (Allocation Failure)  19705K->7097K(22528K), 0.0020595 secs]
[GC (Allocation Failure)  19385K->8657K(22528K), 0.0209426 secs]
[GC (Allocation Failure)  20945K->8337K(22528K), 0.0179101 secs]
[GC (Allocation Failure)  20625K->7953K(22528K), 0.0107485 secs]
[GC (Allocation Failure)  20241K->7505K(22528K), 0.0067380 secs]
[GC (Allocation Failure)  19793K->7217K(22528K), 0.0018832 secs]
[GC (Allocation Failure)  19505K->8793K(22528K), 0.0236934 secs]
[GC (Allocation Failure)  21081K->8441K(22528K), 0.0155748 secs]
[GC (Allocation Failure)  20729K->8025K(22528K), 0.0105245 secs]
[GC (Allocation Failure)  20313K->7641K(22528K), 0.0059532 secs]
[GC (Allocation Failure)  19929K->7321K(22528K), 0.0018363 secs]
[GC (Allocation Failure)  19609K->8913K(22528K), 0.0246462 secs]
[GC (Allocation Failure)  21201K->8593K(22528K), 0.0166130 secs]
[GC (Allocation Failure)  20881K->8177K(22528K), 0.0136306 secs]
[GC (Allocation Failure)  20465K->7697K(22528K), 0.0072823 secs]
[GC (Allocation Failure)  19985K->7441K(22528K), 0.0014023 secs]
[GC (Allocation Failure)  19729K->8985K(22528K), 0.0221728 secs]
[GC (Allocation Failure)  21273K->8697K(22528K), 0.0174099 secs]
[GC (Allocation Failure)  20985K->8217K(22528K), 0.0104652 secs]
[GC (Allocation Failure)  20505K->7833K(22528K), 0.0051370 secs]
[GC (Allocation Failure)  20121K->7481K(22528K), 0.0014466 secs]
[GC (Allocation Failure)  19769K->9129K(22528K), 0.0231232 secs]
[GC (Allocation Failure)  21417K->8713K(22528K), 0.0194996 secs]
[GC (Allocation Failure)  21001K->8425K(22528K), 0.0134217 secs]
[GC (Allocation Failure)  20713K->7945K(22528K), 0.0072457 secs]
[GC (Allocation Failure)  20233K->7657K(22528K), 0.0014732 secs]
[GC (Allocation Failure)  19945K->9161K(22528K), 0.0213448 secs]
[GC (Allocation Failure)  21449K->8873K(22528K), 0.0174720 secs]
[GC (Allocation Failure)  21161K->8553K(22528K), 0.0116491 secs]
[GC (Allocation Failure)  20841K->8073K(22528K), 0.0061947 secs]
[GC (Allocation Failure)  20361K->7657K(22528K), 0.0014418 secs]
[GC (Allocation Failure)  19945K->9321K(22528K), 0.0213844 secs]
[GC (Allocation Failure)  21609K->8937K(22528K), 0.0172923 secs]
[GC (Allocation Failure)  21225K->8617K(22528K), 0.0116930 secs]
[GC (Allocation Failure)  20905K->8137K(22528K), 0.0054771 secs]
[GC (Allocation Failure)  20425K->7753K(22528K), 0.0012344 secs]
[GC (Allocation Failure)  20041K->9369K(22528K), 0.0198635 secs]
[GC (Allocation Failure)  21657K->9017K(22528K), 0.0153029 secs]
[GC (Allocation Failure)  21305K->8697K(22528K), 0.0115071 secs]
[GC (Allocation Failure)  20985K->8185K(22528K), 0.0063355 secs]
[GC (Allocation Failure)  20473K->7769K(22528K), 0.0018561 secs]
[GC (Allocation Failure)  20057K->9513K(22528K), 0.0210624 secs]
[GC (Allocation Failure)  21801K->9161K(22528K), 0.0176467 secs]
[GC (Allocation Failure)  21449K->8745K(22528K), 0.0124186 secs]
[GC (Allocation Failure)  21033K->8265K(22528K), 0.0060122 secs]
[GC (Allocation Failure)  20553K->7913K(22528K), 0.0021348 secs]
[GC (Allocation Failure)  20201K->9609K(22528K), 0.0201589 secs]
[GC (Allocation Failure)  21897K->9161K(22528K), 0.0150921 secs]
[GC (Allocation Failure)  21449K->8745K(22528K), 0.0103456 secs]
[GC (Allocation Failure)  21033K->8361K(22528K), 0.0062694 secs]
[GC (Allocation Failure)  20649K->8041K(22528K), 0.0018534 secs]
[GC (Allocation Failure)  20329K->9641K(22528K), 0.0191843 secs]
[GC (Allocation Failure)  21929K->9257K(22528K), 0.0139577 secs]
[GC (Allocation Failure)  21545K->8809K(22528K), 0.0112479 secs]
[GC (Allocation Failure)  21097K->8457K(22528K), 0.0055356 secs]
[GC (Allocation Failure)  20745K->7945K(22528K), 0.0014799 secs]
[GC (Allocation Failure)  20233K->9697K(22528K), 0.0217223 secs]
[GC (Allocation Failure)  21985K->9249K(22528K), 0.0155255 secs]
[GC (Allocation Failure)  21537K->8865K(22528K), 0.0099986 secs]
[GC (Allocation Failure)  21153K->8481K(22528K), 0.0051475 secs]
[GC (Allocation Failure)  20769K->7969K(22528K), 0.0011055 secs]
[GC (Allocation Failure)  20257K->9729K(22528K), 0.0232341 secs]
[Full GC (Ergonomics)  9729K->3231K(22528K), 0.0199887 secs]
[GC (Allocation Failure)  15519K->4639K(22528K), 0.0233208 secs]
[GC (Allocation Failure)  16927K->4191K(22528K), 0.0139953 secs]
[GC (Allocation Failure)  16479K->3775K(22528K), 0.0061427 secs]
[GC (Allocation Failure)  16063K->3327K(22528K), 0.0015269 secs]
[GC (Allocation Failure)  15615K->5031K(22528K), 0.0223641 secs]
[GC (Allocation Failure)  17319K->4647K(22528K), 0.0148145 secs]
[GC (Allocation Failure)  16935K->4231K(22528K), 0.0100028 secs]
[GC (Allocation Failure)  16519K->3815K(22528K), 0.0062286 secs]
[GC (Allocation Failure)  16103K->3367K(22528K), 0.0008504 secs]
[GC (Allocation Failure)  15655K->5143K(22528K), 0.0208853 secs]
[GC (Allocation Failure)  17431K->4695K(22528K), 0.0177067 secs]
[GC (Allocation Failure)  16983K->4215K(22528K), 0.0121795 secs]
[GC (Allocation Failure)  16503K->3895K(22528K), 0.0062714 secs]
[GC (Allocation Failure)  16183K->3415K(22528K), 0.0018328 secs]
[GC (Allocation Failure)  15703K->5119K(22528K), 0.0209158 secs]
[GC (Allocation Failure)  17407K->4767K(22528K), 0.0167833 secs]
[GC (Allocation Failure)  17055K->4319K(22528K), 0.0104477 secs]
[GC (Allocation Failure)  16607K->3903K(22528K), 0.0054862 secs]
[GC (Allocation Failure)  16191K->3423K(22528K), 0.0014801 secs]
[GC (Allocation Failure)  15711K->5143K(22528K), 0.0251234 secs]
[GC (Allocation Failure)  17431K->4727K(22528K), 0.0156847 secs]
[GC (Allocation Failure)  17015K->4311K(22528K), 0.0106562 secs]
[GC (Allocation Failure)  16599K->3895K(22528K), 0.0053341 secs]
[GC (Allocation Failure)  16183K->3415K(22528K), 0.0013709 secs]
[GC (Allocation Failure)  15703K->5183K(22528K), 0.0213746 secs]
[GC (Allocation Failure)  17471K->4767K(22528K), 0.0138256 secs]
[GC (Allocation Failure)  17055K->4319K(22528K), 0.0089355 secs]
[GC (Allocation Failure)  16607K->3903K(22528K), 0.0045555 secs]
[GC (Allocation Failure)  16191K->5559K(22528K), 0.0262627 secs]
[GC (Allocation Failure)  17847K->5527K(22528K), 0.0205502 secs]
[GC (Allocation Failure)  17815K->5207K(22528K), 0.0137463 secs]
[GC (Allocation Failure)  17495K->4759K(22528K), 0.0090972 secs]
[GC (Allocation Failure)  17047K->4375K(22528K), 0.0049760 secs]
[GC (Allocation Failure)  16663K->5991K(22528K), 0.0247949 secs]
[GC (Allocation Failure)  18279K->5991K(22528K), 0.0191655 secs]
[GC (Allocation Failure)  18279K->5639K(22528K), 0.0134085 secs]
[GC (Allocation Failure)  17927K->5191K(22528K), 0.0098709 secs]
[GC (Allocation Failure)  17479K->4775K(22528K), 0.0052996 secs]
[GC (Allocation Failure)  17063K->6503K(22528K), 0.0258640 secs]
[GC (Allocation Failure)  18791K->6439K(22528K), 0.0189008 secs]
[GC (Allocation Failure)  18727K->5991K(22528K), 0.0161676 secs]
[GC (Allocation Failure)  18279K->5575K(22528K), 0.0091193 secs]
[GC (Allocation Failure)  17863K->5191K(22528K), 0.0049686 secs]
[GC (Allocation Failure)  17479K->6831K(22528K), 0.0285267 secs]
[GC (Allocation Failure)  19119K->6831K(22528K), 0.0249219 secs]
[GC (Allocation Failure)  19119K->6447K(22528K), 0.0190324 secs]
[GC (Allocation Failure)  18735K->6063K(22528K), 0.0116565 secs]
[GC (Allocation Failure)  18351K->5615K(22528K), 0.0062931 secs]
[GC (Allocation Failure)  17903K->7279K(22528K), 0.0357515 secs]
[GC (Allocation Failure)  19567K->7279K(22528K), 0.0265429 secs]
[GC (Allocation Failure)  19567K->6799K(22528K), 0.0185323 secs]
[GC (Allocation Failure)  19087K->6415K(22528K), 0.0115739 secs]
[GC (Allocation Failure)  18703K->6031K(22528K), 0.0051058 secs]
[GC (Allocation Failure)  18319K->7711K(22528K), 0.0353676 secs]
[GC (Allocation Failure)  19999K->7647K(22528K), 0.0297933 secs]
[GC (Allocation Failure)  19935K->7231K(22528K), 0.0209643 secs]
[GC (Allocation Failure)  19519K->6879K(22528K), 0.0112614 secs]
[GC (Allocation Failure)  19167K->6399K(22528K), 0.0051997 secs]
[GC (Allocation Failure)  18687K->8079K(22528K), 0.0245741 secs]
[GC (Allocation Failure)  20367K->8079K(22528K), 0.0202140 secs]
[GC (Allocation Failure)  20367K->7631K(22528K), 0.0153154 secs]
[GC (Allocation Failure)  19919K->7183K(22528K), 0.0089923 secs]
[GC (Allocation Failure)  19471K->6767K(22528K), 0.0048194 secs]
[GC (Allocation Failure)  19055K->8431K(22528K), 0.0289143 secs]
[GC (Allocation Failure)  20719K->8463K(22528K), 0.0220958 secs]
[GC (Allocation Failure)  20751K->8015K(22528K), 0.0178456 secs]
[GC (Allocation Failure)  20303K->7567K(22528K), 0.0116483 secs]
[GC (Allocation Failure)  19855K->7183K(22528K), 0.0043314 secs]
[GC (Allocation Failure)  19471K->8823K(22528K), 0.0213754 secs]
[GC (Allocation Failure)  21111K->8791K(22528K), 0.0209655 secs]
[GC (Allocation Failure)  21079K->8407K(22528K), 0.0149811 secs]
[GC (Allocation Failure)  20695K->7959K(22528K), 0.0097612 secs]
[GC (Allocation Failure)  20247K->7575K(22528K), 0.0045339 secs]
[GC (Allocation Failure)  19863K->9207K(22528K), 0.0253016 secs]
[Full GC (Ergonomics)  9207K->3559K(22528K), 0.0230255 secs]
[GC (Allocation Failure)  15847K->5255K(22528K), 0.0272073 secs]
[GC (Allocation Failure)  17543K->4871K(22528K), 0.0174678 secs]
[GC (Allocation Failure)  17159K->4455K(22528K), 0.0108130 secs]
[GC (Allocation Failure)  16743K->4039K(22528K), 0.0047897 secs]
[GC (Allocation Failure)  16327K->5695K(22528K), 0.0239763 secs]
[GC (Allocation Failure)  17983K->5663K(22528K), 0.0200059 secs]
[GC (Allocation Failure)  17951K->5279K(22528K), 0.0169414 secs]
[GC (Allocation Failure)  17567K->4831K(22528K), 0.0101869 secs]
[GC (Allocation Failure)  17119K->4447K(22528K), 0.0048696 secs]
[GC (Allocation Failure)  16735K->6071K(22528K), 0.0299153 secs]
[GC (Allocation Failure)  18359K->5975K(22528K), 0.0246440 secs]
[GC (Allocation Failure)  18263K->5623K(22528K), 0.0133189 secs]
[GC (Allocation Failure)  17911K->5111K(22528K), 0.0088342 secs]
[GC (Allocation Failure)  17399K->4823K(22528K), 0.0033750 secs]
[GC (Allocation Failure)  17111K->6439K(22528K), 0.0259251 secs]
[GC (Allocation Failure)  18727K->6343K(22528K), 0.0271313 secs]
[GC (Allocation Failure)  18631K->5927K(22528K), 0.0175467 secs]
[GC (Allocation Failure)  18215K->5607K(22528K), 0.0102370 secs]
[GC (Allocation Failure)  17895K->5191K(22528K), 0.0050013 secs]
[GC (Allocation Failure)  17479K->6871K(22528K), 0.0248775 secs]
[GC (Allocation Failure)  19159K->6679K(22528K), 0.0204157 secs]
[GC (Allocation Failure)  18967K->6359K(22528K), 0.0157694 secs]
[GC (Allocation Failure)  18647K->5943K(22528K), 0.0095456 secs]
[GC (Allocation Failure)  18231K->5527K(22528K), 0.0047441 secs]
[GC (Allocation Failure)  17815K->7135K(22528K), 0.0266163 secs]
[GC (Allocation Failure)  19423K->7135K(22528K), 0.0218820 secs]
[GC (Allocation Failure)  19423K->6719K(22528K), 0.0156763 secs]
[GC (Allocation Failure)  19007K->6303K(22528K), 0.0096230 secs]
[GC (Allocation Failure)  18591K->5855K(22528K), 0.0046775 secs]
[GC (Allocation Failure)  18143K->7551K(22528K), 0.0286130 secs]
[GC (Allocation Failure)  19839K->7455K(22528K), 0.0201626 secs]
[GC (Allocation Failure)  19743K->7039K(22528K), 0.0166623 secs]
[GC (Allocation Failure)  19327K->6655K(22528K), 0.0092891 secs]
[GC (Allocation Failure)  18943K->6175K(22528K), 0.0042710 secs]
[GC (Allocation Failure)  18463K->7831K(22528K), 0.0254154 secs]
[GC (Allocation Failure)  20119K->7767K(22528K), 0.0209057 secs]
